09-01 00:02:54.594 I/ActivityManager(  435): Start proc 1784:com.android.bluetooth/1002 for service com.android.bluetooth/.btservice.AdapterService
09-01 00:02:54.676 I/chatty  ( 1784): uid=1002(bluetooth) com.android.bluetooth expire 36 lines
09-01 00:02:54.717 I/chatty  ( 1784): uid=1002(bluetooth) com.android.bluetooth expire 12 lines
09-01 00:02:54.718 I/chatty  ( 1784): uid=1002(bluetooth) com.android.bluetooth expire 27 lines
09-01 00:02:54.719 I/chatty  ( 1784): uid=1002(bluetooth) com.android.bluetooth expire 1 line
09-01 00:02:54.719 I/chatty  ( 1784): uid=1002(bluetooth) com.android.bluetooth expire 1 line
09-01 00:02:54.721 I/chatty  ( 1784): uid=1002(bluetooth) com.android.bluetooth expire 3 lines
09-01 00:02:54.725 D/BluetoothManagerService(  435): Bluetooth Adapter name changed to AOSP on navi_ref
09-01 00:02:54.725 D/BluetoothManagerService(  435): Stored Bluetooth name: AOSP on navi_ref
09-01 00:02:54.729 D/BluetoothManagerService(  435): BluetoothServiceConnection: com.android.bluetooth.btservice.AdapterService
09-01 00:02:54.729 D/BluetoothManagerService(  435): MESSAGE_BLUETOOTH_SERVICE_CONNECTED: 1
09-01 00:02:54.730 I/chatty  ( 1784): uid=1002(bluetooth) com.android.bluetooth expire 3 lines
09-01 00:02:54.731 D/BluetoothManagerService(  435): Broadcasting onBluetoothServiceUp() to 4 receivers.
09-01 00:02:54.731 D/BluetoothAdapter(  435): onBluetoothServiceUp: android.bluetooth.IBluetooth$Stub$Proxy@baa383f
09-01 00:02:54.732 D/BluetoothAdapter(  635): onBluetoothServiceUp: android.bluetooth.IBluetooth$Stub$Proxy@8a25b10
09-01 00:02:54.732 D/BluetoothAdapter(  547): onBluetoothServiceUp: android.bluetooth.IBluetooth$Stub$Proxy@32edeaf
09-01 00:02:54.733 D/BluetoothManagerService(  435): MESSAGE_BLUETOOTH_STATE_CHANGE: OFF > BLE_TURNING_ON
09-01 00:02:54.733 D/BluetoothManagerService(  435): Sending BLE State Change: OFF > BLE_TURNING_ON
09-01 00:02:54.735 I/chatty  ( 1784): uid=1002(bluetooth) com.android.bluetooth expire 1 line
09-01 00:02:54.752 I/chatty  ( 1784): uid=1002(bluetooth) com.android.bluetooth expire 7 lines
09-01 00:02:54.754 I/chatty  ( 1784): uid=1002(bluetooth) com.android.bluetooth expire 12 lines
09-01 00:02:55.408 I/chatty  ( 1784): uid=1002(bluetooth) com.android.bluetooth expire 1 line
09-01 00:03:02.753 I/chatty  ( 1784): uid=1002(bluetooth) com.android.bluetooth expire 3 lines
09-01 00:03:02.754 I/chatty  ( 1784): uid=1002(bluetooth) com.android.bluetooth expire 21 lines
09-01 00:03:02.756 I/chatty  ( 1784): uid=1002(bluetooth) com.android.bluetooth expire 2 lines
09-01 00:03:03.433 D/BluetoothManagerService(  435): BluetoothServiceConnection, disconnected: com.android.bluetooth.btservice.AdapterService
09-01 00:03:03.433 I/ActivityManager(  435): Process com.android.bluetooth (pid 1784) has died
09-01 00:03:03.433 E/BluetoothManagerService(  435): MESSAGE_BLUETOOTH_SERVICE_DISCONNECTED(1)
09-01 00:03:03.433 D/ActivityManager(  435): cleanUpApplicationRecord -- 1784
09-01 00:03:03.434 D/BluetoothManagerService(  435): Broadcasting onBluetoothServiceDown() to 3 receivers.
09-01 00:03:03.434 W/ActivityManager(  435): Scheduling restart of crashed service com.android.bluetooth/.btservice.AdapterService in 1000ms
09-01 00:03:03.434 D/BluetoothAdapter(  435): onBluetoothServiceDown: android.bluetooth.IBluetooth$Stub$Proxy@baa383f
09-01 00:03:03.434 W/ActivityManager(  435): Scheduling restart of crashed service com.android.bluetooth/.gatt.GattService in 11000ms
09-01 00:03:03.434 D/BluetoothAdapter(  547): onBluetoothServiceDown: android.bluetooth.IBluetooth$Stub$Proxy@32edeaf
09-01 00:03:03.434 D/BluetoothAdapter(  635): onBluetoothServiceDown: android.bluetooth.IBluetooth$Stub$Proxy@8a25b10
09-01 00:03:03.634 D/BluetoothManagerService(  435): MESSAGE_RESTART_BLUETOOTH_SERVICE
09-01 00:03:03.645 I/ActivityManager(  435): Start proc 1814:com.android.bluetooth/1002 for service com.android.bluetooth/.btservice.AdapterService
09-01 00:03:03.727 I/chatty  ( 1814): uid=1002(bluetooth) com.android.bluetooth expire 36 lines
09-01 00:03:03.768 I/chatty  ( 1814): uid=1002(bluetooth) com.android.bluetooth expire 12 lines
09-01 00:03:03.769 I/chatty  ( 1814): uid=1002(bluetooth) com.android.bluetooth expire 39 lines
09-01 00:03:03.770 I/chatty  ( 1814): uid=1002(bluetooth) com.android.bluetooth expire 4 lines
09-01 00:03:03.771 I/chatty  ( 1814): uid=1002(bluetooth) com.android.bluetooth expire 1 line
09-01 00:03:03.772 I/chatty  ( 1814): uid=1002(bluetooth) com.android.bluetooth expire 3 lines
09-01 00:03:03.776 D/BluetoothManagerService(  435): Bluetooth Adapter name changed to AOSP on navi_ref
09-01 00:03:03.776 D/BluetoothManagerService(  435): Stored Bluetooth name: AOSP on navi_ref
09-01 00:03:03.780 D/BluetoothManagerService(  435): BluetoothServiceConnection: com.android.bluetooth.btservice.AdapterService
09-01 00:03:03.780 D/BluetoothManagerService(  435): MESSAGE_BLUETOOTH_SERVICE_CONNECTED: 1
09-01 00:03:03.781 I/chatty  ( 1814): uid=1002(bluetooth) com.android.bluetooth expire 2 lines
09-01 00:03:03.782 D/BluetoothManagerService(  435): Broadcasting onBluetoothServiceUp() to 4 receivers.
09-01 00:03:03.783 D/BluetoothAdapter(  435): onBluetoothServiceUp: android.bluetooth.IBluetooth$Stub$Proxy@fba4c10
09-01 00:03:03.783 D/BluetoothAdapter(  547): onBluetoothServiceUp: android.bluetooth.IBluetooth$Stub$Proxy@d2852bc
09-01 00:03:03.783 D/BluetoothAdapter(  635): onBluetoothServiceUp: android.bluetooth.IBluetooth$Stub$Proxy@33fd609
09-01 00:03:03.784 I/chatty  ( 1814): uid=1002(bluetooth) com.android.bluetooth expire 1 line
09-01 00:03:03.785 D/BluetoothManagerService(  435): MESSAGE_BLUETOOTH_STATE_CHANGE: OFF > BLE_TURNING_ON
09-01 00:03:03.785 D/BluetoothManagerService(  435): Sending BLE State Change: OFF > BLE_TURNING_ON
09-01 00:03:03.787 I/chatty  ( 1814): uid=1002(bluetooth) com.android.bluetooth expire 1 line
09-01 00:03:03.803 I/chatty  ( 1814): uid=1002(bluetooth) com.android.bluetooth expire 7 lines
09-01 00:03:04.460 I/chatty  ( 1814): uid=1002(bluetooth) com.android.bluetooth expire 1 line
09-01 00:03:11.806 I/chatty  ( 1814): uid=1002(bluetooth) com.android.bluetooth expire 21 lines
09-01 00:03:11.808 I/chatty  ( 1814): uid=1002(bluetooth) com.android.bluetooth expire 2 lines
09-01 00:03:12.485 I/ActivityManager(  435): Process com.android.bluetooth (pid 1814) has died
09-01 00:03:12.485 D/ActivityManager(  435): cleanUpApplicationRecord -- 1814
09-01 00:03:12.485 D/BluetoothManagerService(  435): BluetoothServiceConnection, disconnected: com.android.bluetooth.btservice.AdapterService
09-01 00:03:12.485 W/ActivityManager(  435): Scheduling restart of crashed service com.android.bluetooth/.btservice.AdapterService in 1000ms
09-01 00:03:12.486 W/ActivityManager(  435): Scheduling restart of crashed service com.android.bluetooth/.gatt.GattService in 11000ms
09-01 00:03:12.486 E/BluetoothManagerService(  435): MESSAGE_BLUETOOTH_SERVICE_DISCONNECTED(1)
09-01 00:03:12.486 D/BluetoothManagerService(  435): Broadcasting onBluetoothServiceDown() to 4 receivers.
09-01 00:03:12.486 D/BluetoothAdapter(  435): onBluetoothServiceDown: android.bluetooth.IBluetooth$Stub$Proxy@fba4c10
09-01 00:03:12.488 E/BluetoothManagerService(  435): Unable to call onBluetoothServiceDown() on callback #3
09-01 00:03:12.488 E/BluetoothManagerService(  435): android.os.DeadObjectException
09-01 00:03:12.488 E/BluetoothManagerService(  435): 	at android.os.BinderProxy.transactNative(Native Method)
09-01 00:03:12.488 E/BluetoothManagerService(  435): 	at android.os.BinderProxy.transact(Binder.java:615)
09-01 00:03:12.488 E/BluetoothManagerService(  435): 	at android.bluetooth.IBluetoothManagerCallback$Stub$Proxy.onBluetoothServiceDown(IBluetoothManagerCallback.java:105)
09-01 00:03:12.488 E/BluetoothManagerService(  435): 	at com.android.server.BluetoothManagerService.sendBluetoothServiceDownCallback(BluetoothManagerService.java:1129)
09-01 00:03:12.488 E/BluetoothManagerService(  435): 	at com.android.server.BluetoothManagerService.-wrap12(BluetoothManagerService.java)
09-01 00:03:12.488 E/BluetoothManagerService(  435): 	at com.android.server.BluetoothManagerService$BluetoothHandler.handleMessage(BluetoothManagerService.java:1530)
09-01 00:03:12.488 E/BluetoothManagerService(  435): 	at android.os.Handler.dispatchMessage(Handler.java:102)
09-01 00:03:12.488 E/BluetoothManagerService(  435): 	at android.os.Looper.loop(Looper.java:154)
09-01 00:03:12.488 E/BluetoothManagerService(  435): 	at android.os.HandlerThread.run(HandlerThread.java:61)
09-01 00:03:12.488 E/BluetoothManagerService(  435): 	at com.android.server.ServiceThread.run(ServiceThread.java:46)
09-01 00:03:12.488 D/BluetoothAdapter(  635): onBluetoothServiceDown: android.bluetooth.IBluetooth$Stub$Proxy@33fd609
09-01 00:03:12.488 D/BluetoothAdapter(  547): onBluetoothServiceDown: android.bluetooth.IBluetooth$Stub$Proxy@d2852bc
09-01 00:03:12.685 D/BluetoothManagerService(  435): MESSAGE_RESTART_BLUETOOTH_SERVICE
09-01 00:03:12.697 I/ActivityManager(  435): Start proc 1844:com.android.bluetooth/1002 for service com.android.bluetooth/.btservice.AdapterService
09-01 00:03:12.781 I/chatty  ( 1844): uid=1002(bluetooth) com.android.bluetooth expire 36 lines
09-01 00:03:12.822 I/chatty  ( 1844): uid=1002(bluetooth) com.android.bluetooth expire 12 lines
09-01 00:03:12.822 I/chatty  ( 1844): uid=1002(bluetooth) com.android.bluetooth expire 22 lines
09-01 00:03:12.824 I/chatty  ( 1844): uid=1002(bluetooth) com.android.bluetooth expire 1 line
09-01 00:03:12.824 I/chatty  ( 1844): uid=1002(bluetooth) com.android.bluetooth expire 1 line
09-01 00:03:12.825 I/chatty  ( 1844): uid=1002(bluetooth) com.android.bluetooth expire 3 lines
09-01 00:03:12.830 D/BluetoothManagerService(  435): Bluetooth Adapter name changed to AOSP on navi_ref
09-01 00:03:12.830 D/BluetoothManagerService(  435): Stored Bluetooth name: AOSP on navi_ref
09-01 00:03:12.834 D/BluetoothManagerService(  435): BluetoothServiceConnection: com.android.bluetooth.btservice.AdapterService
09-01 00:03:12.834 D/BluetoothManagerService(  435): MESSAGE_BLUETOOTH_SERVICE_CONNECTED: 1
09-01 00:03:12.835 I/chatty  ( 1844): uid=1002(bluetooth) com.android.bluetooth expire 3 lines
09-01 00:03:12.836 D/BluetoothManagerService(  435): Broadcasting onBluetoothServiceUp() to 4 receivers.
09-01 00:03:12.837 D/BluetoothAdapter(  435): onBluetoothServiceUp: android.bluetooth.IBluetooth$Stub$Proxy@59c0072
09-01 00:03:12.837 D/BluetoothAdapter(  547): onBluetoothServiceUp: android.bluetooth.IBluetooth$Stub$Proxy@cc8b245
09-01 00:03:12.837 D/BluetoothAdapter(  635): onBluetoothServiceUp: android.bluetooth.IBluetooth$Stub$Proxy@95b100e
09-01 00:03:12.838 D/BluetoothManagerService(  435): MESSAGE_BLUETOOTH_STATE_CHANGE: OFF > BLE_TURNING_ON
09-01 00:03:12.838 D/BluetoothManagerService(  435): Sending BLE State Change: OFF > BLE_TURNING_ON
09-01 00:03:12.841 I/chatty  ( 1844): uid=1002(bluetooth) com.android.bluetooth expire 1 line
09-01 00:03:12.856 I/chatty  ( 1844): uid=1002(bluetooth) com.android.bluetooth expire 17 lines
09-01 00:03:12.857 I/chatty  ( 1844): uid=1002(bluetooth) com.android.bluetooth expire 7 lines
09-01 00:03:13.513 I/chatty  ( 1844): uid=1002(bluetooth) com.android.bluetooth expire 1 line
09-01 00:03:20.859 I/chatty  ( 1844): uid=1002(bluetooth) com.android.bluetooth expire 3 lines
09-01 00:03:20.859 I/chatty  ( 1844): uid=1002(bluetooth) com.android.bluetooth expire 21 lines
09-01 00:03:20.862 I/chatty  ( 1844): uid=1002(bluetooth) com.android.bluetooth expire 2 lines
09-01 00:03:21.538 I/ActivityManager(  435): Process com.android.bluetooth (pid 1844) has died
09-01 00:03:21.538 D/ActivityManager(  435): cleanUpApplicationRecord -- 1844
09-01 00:03:21.538 W/ActivityManager(  435): Scheduling restart of crashed service com.android.bluetooth/.btservice.AdapterService in 1000ms
09-01 00:03:21.538 W/ActivityManager(  435): Scheduling restart of crashed service com.android.bluetooth/.gatt.GattService in 11000ms
09-01 00:03:21.539 D/BluetoothManagerService(  435): BluetoothServiceConnection, disconnected: com.android.bluetooth.btservice.AdapterService
09-01 00:03:21.539 E/BluetoothManagerService(  435): MESSAGE_BLUETOOTH_SERVICE_DISCONNECTED(1)
09-01 00:03:21.539 D/BluetoothManagerService(  435): Broadcasting onBluetoothServiceDown() to 3 receivers.
09-01 00:03:21.539 D/BluetoothAdapter(  435): onBluetoothServiceDown: android.bluetooth.IBluetooth$Stub$Proxy@59c0072
09-01 00:03:21.540 D/BluetoothAdapter(  635): onBluetoothServiceDown: android.bluetooth.IBluetooth$Stub$Proxy@95b100e
09-01 00:03:21.540 D/BluetoothAdapter(  547): onBluetoothServiceDown: android.bluetooth.IBluetooth$Stub$Proxy@cc8b245
09-01 00:03:21.739 D/BluetoothManagerService(  435): MESSAGE_RESTART_BLUETOOTH_SERVICE
09-01 00:03:21.751 I/ActivityManager(  435): Start proc 1875:com.android.bluetooth/1002 for service com.android.bluetooth/.btservice.AdapterService
09-01 00:03:21.833 I/chatty  ( 1875): uid=1002(bluetooth) com.android.bluetooth expire 36 lines
09-01 00:03:21.874 I/chatty  ( 1875): uid=1002(bluetooth) com.android.bluetooth expire 12 lines
09-01 00:03:21.875 I/chatty  ( 1875): uid=1002(bluetooth) com.android.bluetooth expire 39 lines
09-01 00:03:21.876 I/chatty  ( 1875): uid=1002(bluetooth) com.android.bluetooth expire 4 lines
09-01 00:03:21.877 I/chatty  ( 1875): uid=1002(bluetooth) com.android.bluetooth expire 1 line
09-01 00:03:21.878 I/chatty  ( 1875): uid=1002(bluetooth) com.android.bluetooth expire 3 lines
09-01 00:03:21.882 D/BluetoothManagerService(  435): Bluetooth Adapter name changed to AOSP on navi_ref
09-01 00:03:21.882 D/BluetoothManagerService(  435): Stored Bluetooth name: AOSP on navi_ref
09-01 00:03:21.886 D/BluetoothManagerService(  435): BluetoothServiceConnection: com.android.bluetooth.btservice.AdapterService
09-01 00:03:21.886 D/BluetoothManagerService(  435): MESSAGE_BLUETOOTH_SERVICE_CONNECTED: 1
09-01 00:03:21.887 I/chatty  ( 1875): uid=1002(bluetooth) com.android.bluetooth expire 2 lines
09-01 00:03:21.889 D/BluetoothManagerService(  435): Broadcasting onBluetoothServiceUp() to 4 receivers.
09-01 00:03:21.889 D/BluetoothAdapter(  435): onBluetoothServiceUp: android.bluetooth.IBluetooth$Stub$Proxy@b925a04
09-01 00:03:21.889 D/BluetoothAdapter(  547): onBluetoothServiceUp: android.bluetooth.IBluetooth$Stub$Proxy@e231d9a
09-01 00:03:21.889 D/BluetoothAdapter(  635): onBluetoothServiceUp: android.bluetooth.IBluetooth$Stub$Proxy@37e4a2f
09-01 00:03:21.890 I/chatty  ( 1875): uid=1002(bluetooth) com.android.bluetooth expire 1 line
09-01 00:03:21.891 D/BluetoothManagerService(  435): MESSAGE_BLUETOOTH_STATE_CHANGE: OFF > BLE_TURNING_ON
09-01 00:03:21.891 D/BluetoothManagerService(  435): Sending BLE State Change: OFF > BLE_TURNING_ON
09-01 00:03:21.894 I/chatty  ( 1875): uid=1002(bluetooth) com.android.bluetooth expire 1 line
09-01 00:03:21.909 I/chatty  ( 1875): uid=1002(bluetooth) com.android.bluetooth expire 7 lines
09-01 00:03:22.566 I/chatty  ( 1875): uid=1002(bluetooth) com.android.bluetooth expire 1 line
09-01 00:03:29.912 I/chatty  ( 1875): uid=1002(bluetooth) com.android.bluetooth expire 21 lines
09-01 00:03:29.914 I/chatty  ( 1875): uid=1002(bluetooth) com.android.bluetooth expire 2 lines
09-01 00:03:30.590 I/ActivityManager(  435): Process com.android.bluetooth (pid 1875) has died
09-01 00:03:30.590 D/ActivityManager(  435): cleanUpApplicationRecord -- 1875
09-01 00:03:30.590 D/BluetoothManagerService(  435): BluetoothServiceConnection, disconnected: com.android.bluetooth.btservice.AdapterService
09-01 00:03:30.590 W/ActivityManager(  435): Scheduling restart of crashed service com.android.bluetooth/.btservice.AdapterService in 1000ms
09-01 00:03:30.590 W/ActivityManager(  435): Scheduling restart of crashed service com.android.bluetooth/.gatt.GattService in 10999ms
09-01 00:03:30.591 E/BluetoothManagerService(  435): MESSAGE_BLUETOOTH_SERVICE_DISCONNECTED(1)
09-01 00:03:30.591 D/BluetoothManagerService(  435): Broadcasting onBluetoothServiceDown() to 3 receivers.
09-01 00:03:30.591 D/BluetoothAdapter(  435): onBluetoothServiceDown: android.bluetooth.IBluetooth$Stub$Proxy@b925a04
09-01 00:03:30.592 D/BluetoothAdapter(  635): onBluetoothServiceDown: android.bluetooth.IBluetooth$Stub$Proxy@37e4a2f
09-01 00:03:30.592 D/BluetoothAdapter(  547): onBluetoothServiceDown: android.bluetooth.IBluetooth$Stub$Proxy@e231d9a
09-01 00:03:30.791 D/BluetoothManagerService(  435): MESSAGE_RESTART_BLUETOOTH_SERVICE
09-01 00:03:30.802 I/ActivityManager(  435): Start proc 1905:com.android.bluetooth/1002 for service com.android.bluetooth/.btservice.AdapterService
09-01 00:03:30.885 I/chatty  ( 1905): uid=1002(bluetooth) com.android.bluetooth expire 35 lines
09-01 00:03:30.926 I/chatty  ( 1905): uid=1002(bluetooth) com.android.bluetooth expire 10 lines
09-01 00:03:30.926 I/chatty  ( 1905): uid=1002(bluetooth) com.android.bluetooth expire 20 lines
09-01 00:03:30.928 I/chatty  ( 1905): uid=1002(bluetooth) com.android.bluetooth expire 1 line
09-01 00:03:30.928 I/chatty  ( 1905): uid=1002(bluetooth) com.android.bluetooth expire 1 line
09-01 00:03:30.929 I/chatty  ( 1905): uid=1002(bluetooth) com.android.bluetooth expire 3 lines
09-01 00:03:30.933 D/BluetoothManagerService(  435): Bluetooth Adapter name changed to AOSP on navi_ref
09-01 00:03:30.933 D/BluetoothManagerService(  435): Stored Bluetooth name: AOSP on navi_ref
09-01 00:03:30.939 D/BluetoothManagerService(  435): BluetoothServiceConnection: com.android.bluetooth.btservice.AdapterService
09-01 00:03:30.939 D/BluetoothManagerService(  435): MESSAGE_BLUETOOTH_SERVICE_CONNECTED: 1
09-01 00:03:30.940 I/chatty  ( 1905): uid=1002(bluetooth) com.android.bluetooth expire 2 lines
09-01 00:03:30.941 D/BluetoothManagerService(  435): Broadcasting onBluetoothServiceUp() to 4 receivers.
09-01 00:03:30.941 D/BluetoothAdapter(  435): onBluetoothServiceUp: android.bluetooth.IBluetooth$Stub$Proxy@5092d21
09-01 00:03:30.942 D/BluetoothAdapter(  547): onBluetoothServiceUp: android.bluetooth.IBluetooth$Stub$Proxy@714b6cb
09-01 00:03:30.942 D/BluetoothAdapter(  635): onBluetoothServiceUp: android.bluetooth.IBluetooth$Stub$Proxy@6ba183c
09-01 00:03:30.942 I/chatty  ( 1905): uid=1002(bluetooth) com.android.bluetooth expire 1 line
09-01 00:03:30.943 D/BluetoothManagerService(  435): MESSAGE_BLUETOOTH_STATE_CHANGE: OFF > BLE_TURNING_ON
09-01 00:03:30.943 D/BluetoothManagerService(  435): Sending BLE State Change: OFF > BLE_TURNING_ON
09-01 00:03:30.946 I/chatty  ( 1905): uid=1002(bluetooth) com.android.bluetooth expire 1 line
09-01 00:03:30.960 I/chatty  ( 1905): uid=1002(bluetooth) com.android.bluetooth expire 1 line
09-01 00:03:30.960 I/chatty  ( 1905): uid=1002(bluetooth) com.android.bluetooth expire 2 lines
09-01 00:03:30.961 I/chatty  ( 1905): uid=1002(bluetooth) com.android.bluetooth expire 19 lines
09-01 00:03:30.962 I/chatty  ( 1905): uid=1002(bluetooth) com.android.bluetooth expire 7 lines
09-01 00:03:31.618 I/chatty  ( 1905): uid=1002(bluetooth) com.android.bluetooth expire 1 line
09-01 00:03:38.963 I/chatty  ( 1905): uid=1002(bluetooth) com.android.bluetooth expire 3 lines
09-01 00:03:38.964 I/chatty  ( 1905): uid=1002(bluetooth) com.android.bluetooth expire 21 lines
09-01 00:03:38.966 I/chatty  ( 1905): uid=1002(bluetooth) com.android.bluetooth expire 2 lines
09-01 00:03:39.643 D/BluetoothManagerService(  435): BluetoothServiceConnection, disconnected: com.android.bluetooth.btservice.AdapterService
09-01 00:03:39.644 I/ActivityManager(  435): Process com.android.bluetooth (pid 1905) has died
09-01 00:03:39.644 D/ActivityManager(  435): cleanUpApplicationRecord -- 1905
09-01 00:03:39.644 W/ActivityManager(  435): Scheduling restart of crashed service com.android.bluetooth/.btservice.AdapterService in 1000ms
09-01 00:03:39.644 W/ActivityManager(  435): Scheduling restart of crashed service com.android.bluetooth/.gatt.GattService in 10999ms
09-01 00:03:39.645 E/BluetoothManagerService(  435): MESSAGE_BLUETOOTH_SERVICE_DISCONNECTED(1)
09-01 00:03:39.645 D/BluetoothManagerService(  435): Broadcasting onBluetoothServiceDown() to 3 receivers.
09-01 00:03:39.645 D/BluetoothAdapter(  435): onBluetoothServiceDown: android.bluetooth.IBluetooth$Stub$Proxy@5092d21
09-01 00:03:39.646 D/BluetoothAdapter(  547): onBluetoothServiceDown: android.bluetooth.IBluetooth$Stub$Proxy@714b6cb
09-01 00:03:39.646 D/BluetoothAdapter(  635): onBluetoothServiceDown: android.bluetooth.IBluetooth$Stub$Proxy@6ba183c
09-01 00:03:39.846 D/BluetoothManagerService(  435): MESSAGE_RESTART_BLUETOOTH_SERVICE
09-01 00:03:39.858 I/ActivityManager(  435): Start proc 1935:com.android.bluetooth/1002 for service com.android.bluetooth/.btservice.AdapterService
09-01 00:03:39.942 I/chatty  ( 1935): uid=1002(bluetooth) com.android.bluetooth expire 36 lines
09-01 00:03:39.983 I/chatty  ( 1935): uid=1002(bluetooth) com.android.bluetooth expire 12 lines
09-01 00:03:39.984 I/chatty  ( 1935): uid=1002(bluetooth) com.android.bluetooth expire 39 lines
09-01 00:03:39.985 I/chatty  ( 1935): uid=1002(bluetooth) com.android.bluetooth expire 4 lines
09-01 00:03:39.986 I/chatty  ( 1935): uid=1002(bluetooth) com.android.bluetooth expire 1 line
09-01 00:03:39.987 I/chatty  ( 1935): uid=1002(bluetooth) com.android.bluetooth expire 3 lines
09-01 00:03:39.991 D/BluetoothManagerService(  435): Bluetooth Adapter name changed to AOSP on navi_ref
09-01 00:03:39.991 D/BluetoothManagerService(  435): Stored Bluetooth name: AOSP on navi_ref
09-01 00:03:39.995 D/BluetoothManagerService(  435): BluetoothServiceConnection: com.android.bluetooth.btservice.AdapterService
09-01 00:03:39.995 D/BluetoothManagerService(  435): MESSAGE_BLUETOOTH_SERVICE_CONNECTED: 1
09-01 00:03:39.996 I/chatty  ( 1935): uid=1002(bluetooth) com.android.bluetooth expire 2 lines
09-01 00:03:39.997 D/BluetoothManagerService(  435): Broadcasting onBluetoothServiceUp() to 4 receivers.
09-01 00:03:39.997 D/BluetoothAdapter(  435): onBluetoothServiceUp: android.bluetooth.IBluetooth$Stub$Proxy@e80572a
09-01 00:03:39.998 D/BluetoothAdapter(  547): onBluetoothServiceUp: android.bluetooth.IBluetooth$Stub$Proxy@f85dea8
09-01 00:03:39.998 D/BluetoothAdapter(  635): onBluetoothServiceUp: android.bluetooth.IBluetooth$Stub$Proxy@b06c9c5
09-01 00:03:39.998 I/chatty  ( 1935): uid=1002(bluetooth) com.android.bluetooth expire 1 line
09-01 00:03:39.999 D/BluetoothManagerService(  435): MESSAGE_BLUETOOTH_STATE_CHANGE: OFF > BLE_TURNING_ON
09-01 00:03:39.999 D/BluetoothManagerService(  435): Sending BLE State Change: OFF > BLE_TURNING_ON
09-01 00:03:40.003 I/chatty  ( 1935): uid=1002(bluetooth) com.android.bluetooth expire 1 line
09-01 00:03:40.018 I/chatty  ( 1935): uid=1002(bluetooth) com.android.bluetooth expire 7 lines
09-01 00:03:40.674 I/chatty  ( 1935): uid=1002(bluetooth) com.android.bluetooth expire 1 line
09-01 00:03:48.020 I/chatty  ( 1935): uid=1002(bluetooth) com.android.bluetooth expire 21 lines
09-01 00:03:48.022 I/chatty  ( 1935): uid=1002(bluetooth) com.android.bluetooth expire 2 lines
09-01 00:03:48.699 D/BluetoothManagerService(  435): BluetoothServiceConnection, disconnected: com.android.bluetooth.btservice.AdapterService
09-01 00:03:48.699 E/BluetoothManagerService(  435): MESSAGE_BLUETOOTH_SERVICE_DISCONNECTED(1)
09-01 00:03:48.699 D/BluetoothManagerService(  435): Broadcasting onBluetoothServiceDown() to 3 receivers.
09-01 00:03:48.699 I/ActivityManager(  435): Process com.android.bluetooth (pid 1935) has died
09-01 00:03:48.699 D/ActivityManager(  435): cleanUpApplicationRecord -- 1935
09-01 00:03:48.699 D/BluetoothAdapter(  435): onBluetoothServiceDown: android.bluetooth.IBluetooth$Stub$Proxy@e80572a
09-01 00:03:48.700 W/ActivityManager(  435): Scheduling restart of crashed service com.android.bluetooth/.btservice.AdapterService in 1000ms
09-01 00:03:48.700 W/ActivityManager(  435): Scheduling restart of crashed service com.android.bluetooth/.gatt.GattService in 11000ms
09-01 00:03:48.700 D/BluetoothAdapter(  547): onBluetoothServiceDown: android.bluetooth.IBluetooth$Stub$Proxy@f85dea8
09-01 00:03:48.700 D/BluetoothAdapter(  635): onBluetoothServiceDown: android.bluetooth.IBluetooth$Stub$Proxy@b06c9c5
09-01 00:03:48.899 D/BluetoothManagerService(  435): MESSAGE_RESTART_BLUETOOTH_SERVICE
09-01 00:03:48.917 I/ActivityManager(  435): Start proc 1965:com.android.bluetooth/1002 for service com.android.bluetooth/.btservice.AdapterService
09-01 00:03:48.992 I/chatty  ( 1965): uid=1002(bluetooth) com.android.bluetooth expire 30 lines
09-01 00:03:49.032 I/chatty  ( 1965): uid=1002(bluetooth) com.android.bluetooth expire 10 lines
09-01 00:03:49.033 I/chatty  ( 1965): uid=1002(bluetooth) com.android.bluetooth expire 20 lines
09-01 00:03:49.034 I/chatty  ( 1965): uid=1002(bluetooth) com.android.bluetooth expire 1 line
09-01 00:03:49.035 I/chatty  ( 1965): uid=1002(bluetooth) com.android.bluetooth expire 1 line
09-01 00:03:49.036 I/chatty  ( 1965): uid=1002(bluetooth) com.android.bluetooth expire 3 lines
09-01 00:03:49.040 D/BluetoothManagerService(  435): Bluetooth Adapter name changed to AOSP on navi_ref
09-01 00:03:49.040 D/BluetoothManagerService(  435): Stored Bluetooth name: AOSP on navi_ref
09-01 00:03:49.044 D/BluetoothManagerService(  435): BluetoothServiceConnection: com.android.bluetooth.btservice.AdapterService
09-01 00:03:49.044 D/BluetoothManagerService(  435): MESSAGE_BLUETOOTH_SERVICE_CONNECTED: 1
09-01 00:03:49.045 I/chatty  ( 1965): uid=1002(bluetooth) com.android.bluetooth expire 2 lines
09-01 00:03:49.046 D/BluetoothManagerService(  435): Broadcasting onBluetoothServiceUp() to 4 receivers.
09-01 00:03:49.047 D/BluetoothAdapter(  435): onBluetoothServiceUp: android.bluetooth.IBluetooth$Stub$Proxy@377a2ef
09-01 00:03:49.047 D/BluetoothAdapter(  547): onBluetoothServiceUp: android.bluetooth.IBluetooth$Stub$Proxy@3c72dc1
09-01 00:03:49.047 D/BluetoothAdapter(  635): onBluetoothServiceUp: android.bluetooth.IBluetooth$Stub$Proxy@6bc1f1a
09-01 00:03:49.047 I/chatty  ( 1965): uid=1002(bluetooth) com.android.bluetooth expire 1 line
09-01 00:03:49.048 D/BluetoothManagerService(  435): MESSAGE_BLUETOOTH_STATE_CHANGE: OFF > BLE_TURNING_ON
09-01 00:03:49.048 D/BluetoothManagerService(  435): Sending BLE State Change: OFF > BLE_TURNING_ON
09-01 00:03:49.051 I/chatty  ( 1965): uid=1002(bluetooth) com.android.bluetooth expire 1 line
09-01 00:03:49.064 I/chatty  ( 1965): uid=1002(bluetooth) com.android.bluetooth expire 6 lines
09-01 00:03:49.065 I/chatty  ( 1965): uid=1002(bluetooth) com.android.bluetooth expire 2 lines
09-01 00:03:49.066 I/chatty  ( 1965): uid=1002(bluetooth) com.android.bluetooth expire 19 lines
09-01 00:03:49.067 I/chatty  ( 1965): uid=1002(bluetooth) com.android.bluetooth expire 7 lines
09-01 00:03:49.723 I/chatty  ( 1965): uid=1002(bluetooth) com.android.bluetooth expire 1 line
09-01 00:03:57.068 I/chatty  ( 1965): uid=1002(bluetooth) com.android.bluetooth expire 3 lines
09-01 00:03:57.069 I/chatty  ( 1965): uid=1002(bluetooth) com.android.bluetooth expire 21 lines
09-01 00:03:57.072 I/chatty  ( 1965): uid=1002(bluetooth) com.android.bluetooth expire 2 lines
09-01 00:03:57.748 D/BluetoothManagerService(  435): BluetoothServiceConnection, disconnected: com.android.bluetooth.btservice.AdapterService
09-01 00:03:57.748 E/BluetoothManagerService(  435): MESSAGE_BLUETOOTH_SERVICE_DISCONNECTED(1)
09-01 00:03:57.748 D/BluetoothManagerService(  435): Broadcasting onBluetoothServiceDown() to 3 receivers.
09-01 00:03:57.749 D/BluetoothAdapter(  435): onBluetoothServiceDown: android.bluetooth.IBluetooth$Stub$Proxy@377a2ef
09-01 00:03:57.749 D/BluetoothAdapter(  547): onBluetoothServiceDown: android.bluetooth.IBluetooth$Stub$Proxy@3c72dc1
09-01 00:03:57.749 D/BluetoothAdapter(  635): onBluetoothServiceDown: android.bluetooth.IBluetooth$Stub$Proxy@6bc1f1a
09-01 00:03:57.749 I/ActivityManager(  435): Process com.android.bluetooth (pid 1965) has died
09-01 00:03:57.749 D/ActivityManager(  435): cleanUpApplicationRecord -- 1965
09-01 00:03:57.750 W/ActivityManager(  435): Scheduling restart of crashed service com.android.bluetooth/.btservice.AdapterService in 1000ms
09-01 00:03:57.750 W/ActivityManager(  435): Scheduling restart of crashed service com.android.bluetooth/.gatt.GattService in 11000ms
09-01 00:03:57.949 D/BluetoothManagerService(  435): MESSAGE_RESTART_BLUETOOTH_SERVICE
09-01 00:03:57.961 I/ActivityManager(  435): Start proc 2013:com.android.bluetooth/1002 for service com.android.bluetooth/.btservice.AdapterService
09-01 00:03:58.045 I/chatty  ( 2013): uid=1002(bluetooth) com.android.bluetooth expire 36 lines
09-01 00:03:58.086 I/chatty  ( 2013): uid=1002(bluetooth) com.android.bluetooth expire 12 lines
09-01 00:03:58.087 I/chatty  ( 2013): uid=1002(bluetooth) com.android.bluetooth expire 39 lines
09-01 00:03:58.089 I/chatty  ( 2013): uid=1002(bluetooth) com.android.bluetooth expire 4 lines
09-01 00:03:58.089 I/chatty  ( 2013): uid=1002(bluetooth) com.android.bluetooth expire 1 line
09-01 00:03:58.090 I/chatty  ( 2013): uid=1002(bluetooth) com.android.bluetooth expire 3 lines
09-01 00:03:58.094 D/BluetoothManagerService(  435): Bluetooth Adapter name changed to AOSP on navi_ref
09-01 00:03:58.095 D/BluetoothManagerService(  435): Stored Bluetooth name: AOSP on navi_ref
09-01 00:03:58.098 D/BluetoothManagerService(  435): BluetoothServiceConnection: com.android.bluetooth.btservice.AdapterService
09-01 00:03:58.099 D/BluetoothManagerService(  435): MESSAGE_BLUETOOTH_SERVICE_CONNECTED: 1
09-01 00:03:58.099 I/chatty  ( 2013): uid=1002(bluetooth) com.android.bluetooth expire 2 lines
09-01 00:03:58.101 D/BluetoothManagerService(  435): Broadcasting onBluetoothServiceUp() to 4 receivers.
09-01 00:03:58.101 D/BluetoothAdapter(  435): onBluetoothServiceUp: android.bluetooth.IBluetooth$Stub$Proxy@791c600
09-01 00:03:58.101 D/BluetoothAdapter(  547): onBluetoothServiceUp: android.bluetooth.IBluetooth$Stub$Proxy@57966
09-01 00:03:58.101 D/BluetoothAdapter(  635): onBluetoothServiceUp: android.bluetooth.IBluetooth$Stub$Proxy@7af5a4b
09-01 00:03:58.103 I/chatty  ( 2013): uid=1002(bluetooth) com.android.bluetooth expire 1 line
09-01 00:03:58.104 D/BluetoothManagerService(  435): MESSAGE_BLUETOOTH_STATE_CHANGE: OFF > BLE_TURNING_ON
09-01 00:03:58.104 D/BluetoothManagerService(  435): Sending BLE State Change: OFF > BLE_TURNING_ON
09-01 00:03:58.106 I/chatty  ( 2013): uid=1002(bluetooth) com.android.bluetooth expire 1 line
09-01 00:03:58.122 I/chatty  ( 2013): uid=1002(bluetooth) com.android.bluetooth expire 7 lines
09-01 00:03:58.778 I/chatty  ( 2013): uid=1002(bluetooth) com.android.bluetooth expire 1 line
09-01 00:04:06.125 I/chatty  ( 2013): uid=1002(bluetooth) com.android.bluetooth expire 21 lines
09-01 00:04:06.127 I/chatty  ( 2013): uid=1002(bluetooth) com.android.bluetooth expire 2 lines
09-01 00:04:06.803 I/ActivityManager(  435): Process com.android.bluetooth (pid 2013) has died
09-01 00:04:06.803 D/ActivityManager(  435): cleanUpApplicationRecord -- 2013
09-01 00:04:06.804 W/ActivityManager(  435): Scheduling restart of crashed service com.android.bluetooth/.btservice.AdapterService in 1000ms
09-01 00:04:06.804 W/ActivityManager(  435): Scheduling restart of crashed service com.android.bluetooth/.gatt.GattService in 11000ms
09-01 00:04:06.805 D/BluetoothManagerService(  435): BluetoothServiceConnection, disconnected: com.android.bluetooth.btservice.AdapterService
09-01 00:04:06.806 E/BluetoothManagerService(  435): MESSAGE_BLUETOOTH_SERVICE_DISCONNECTED(1)
09-01 00:04:06.806 D/BluetoothManagerService(  435): Broadcasting onBluetoothServiceDown() to 3 receivers.
09-01 00:04:06.806 D/BluetoothAdapter(  435): onBluetoothServiceDown: android.bluetooth.IBluetooth$Stub$Proxy@791c600
09-01 00:04:06.806 D/BluetoothAdapter(  547): onBluetoothServiceDown: android.bluetooth.IBluetooth$Stub$Proxy@57966
09-01 00:04:06.806 D/BluetoothAdapter(  635): onBluetoothServiceDown: android.bluetooth.IBluetooth$Stub$Proxy@7af5a4b
09-01 00:04:07.006 D/BluetoothManagerService(  435): MESSAGE_RESTART_BLUETOOTH_SERVICE
09-01 00:04:07.018 I/ActivityManager(  435): Start proc 2043:com.android.bluetooth/1002 for service com.android.bluetooth/.btservice.AdapterService
09-01 00:04:07.125 I/chatty  ( 2043): uid=1002(bluetooth) com.android.bluetooth expire 25 lines
09-01 00:04:07.166 I/chatty  ( 2043): uid=1002(bluetooth) com.android.bluetooth expire 10 lines
09-01 00:04:07.167 I/chatty  ( 2043): uid=1002(bluetooth) com.android.bluetooth expire 20 lines
09-01 00:04:07.168 I/chatty  ( 2043): uid=1002(bluetooth) com.android.bluetooth expire 1 line
09-01 00:04:07.169 I/chatty  ( 2043): uid=1002(bluetooth) com.android.bluetooth expire 1 line
09-01 00:04:07.170 I/chatty  ( 2043): uid=1002(bluetooth) com.android.bluetooth expire 3 lines
09-01 00:04:07.174 D/BluetoothManagerService(  435): Bluetooth Adapter name changed to AOSP on navi_ref
09-01 00:04:07.175 D/BluetoothManagerService(  435): Stored Bluetooth name: AOSP on navi_ref
09-01 00:04:07.179 D/BluetoothManagerService(  435): BluetoothServiceConnection: com.android.bluetooth.btservice.AdapterService
09-01 00:04:07.179 D/BluetoothManagerService(  435): MESSAGE_BLUETOOTH_SERVICE_CONNECTED: 1
09-01 00:04:07.180 I/chatty  ( 2043): uid=1002(bluetooth) com.android.bluetooth expire 2 lines
09-01 00:04:07.181 D/BluetoothManagerService(  435): Broadcasting onBluetoothServiceUp() to 4 receivers.
09-01 00:04:07.181 D/BluetoothAdapter(  435): onBluetoothServiceUp: android.bluetooth.IBluetooth$Stub$Proxy@91f9dad
09-01 00:04:07.182 D/BluetoothAdapter(  547): onBluetoothServiceUp: android.bluetooth.IBluetooth$Stub$Proxy@835f4a7
09-01 00:04:07.182 D/BluetoothAdapter(  635): onBluetoothServiceUp: android.bluetooth.IBluetooth$Stub$Proxy@42e7c28
09-01 00:04:07.182 I/chatty  ( 2043): uid=1002(bluetooth) com.android.bluetooth expire 1 line
09-01 00:04:07.184 D/BluetoothManagerService(  435): MESSAGE_BLUETOOTH_STATE_CHANGE: OFF > BLE_TURNING_ON
09-01 00:04:07.184 D/BluetoothManagerService(  435): Sending BLE State Change: OFF > BLE_TURNING_ON
09-01 00:04:07.190 I/chatty  ( 2043): uid=1002(bluetooth) com.android.bluetooth expire 1 line
09-01 00:04:07.195 I/chatty  ( 2043): uid=1002(bluetooth) com.android.bluetooth expire 11 lines
09-01 00:04:07.200 I/chatty  ( 2043): uid=1002(bluetooth) com.android.bluetooth expire 2 lines
09-01 00:04:07.201 I/chatty  ( 2043): uid=1002(bluetooth) com.android.bluetooth expire 19 lines
09-01 00:04:07.202 I/chatty  ( 2043): uid=1002(bluetooth) com.android.bluetooth expire 7 lines
09-01 00:04:07.858 I/chatty  ( 2043): uid=1002(bluetooth) com.android.bluetooth expire 1 line
09-01 00:04:15.204 I/chatty  ( 2043): uid=1002(bluetooth) com.android.bluetooth expire 3 lines
09-01 00:04:15.205 I/chatty  ( 2043): uid=1002(bluetooth) com.android.bluetooth expire 21 lines
09-01 00:04:15.207 I/chatty  ( 2043): uid=1002(bluetooth) com.android.bluetooth expire 2 lines
09-01 00:04:15.884 I/ActivityManager(  435): Process com.android.bluetooth (pid 2043) has died
09-01 00:04:15.884 D/ActivityManager(  435): cleanUpApplicationRecord -- 2043
09-01 00:04:15.884 W/ActivityManager(  435): Scheduling restart of crashed service com.android.bluetooth/.btservice.AdapterService in 1000ms
09-01 00:04:15.884 W/ActivityManager(  435): Scheduling restart of crashed service com.android.bluetooth/.gatt.GattService in 11000ms
09-01 00:04:15.885 D/BluetoothManagerService(  435): BluetoothServiceConnection, disconnected: com.android.bluetooth.btservice.AdapterService
09-01 00:04:15.885 E/BluetoothManagerService(  435): MESSAGE_BLUETOOTH_SERVICE_DISCONNECTED(1)
09-01 00:04:15.885 D/BluetoothManagerService(  435): Broadcasting onBluetoothServiceDown() to 3 receivers.
09-01 00:04:15.885 D/BluetoothAdapter(  435): onBluetoothServiceDown: android.bluetooth.IBluetooth$Stub$Proxy@91f9dad
09-01 00:04:15.886 D/BluetoothAdapter(  547): onBluetoothServiceDown: android.bluetooth.IBluetooth$Stub$Proxy@835f4a7
09-01 00:04:15.886 D/BluetoothAdapter(  635): onBluetoothServiceDown: android.bluetooth.IBluetooth$Stub$Proxy@42e7c28
09-01 00:04:16.086 D/BluetoothManagerService(  435): MESSAGE_RESTART_BLUETOOTH_SERVICE
09-01 00:04:16.098 I/ActivityManager(  435): Start proc 2082:com.android.bluetooth/1002 for service com.android.bluetooth/.btservice.AdapterService
09-01 00:04:16.179 I/chatty  ( 2082): uid=1002(bluetooth) com.android.bluetooth expire 36 lines
09-01 00:04:16.220 I/chatty  ( 2082): uid=1002(bluetooth) com.android.bluetooth expire 12 lines
09-01 00:04:16.220 I/chatty  ( 2082): uid=1002(bluetooth) com.android.bluetooth expire 39 lines
09-01 00:04:16.222 I/chatty  ( 2082): uid=1002(bluetooth) com.android.bluetooth expire 4 lines
09-01 00:04:16.222 I/chatty  ( 2082): uid=1002(bluetooth) com.android.bluetooth expire 1 line
09-01 00:04:16.223 I/chatty  ( 2082): uid=1002(bluetooth) com.android.bluetooth expire 3 lines
09-01 00:04:16.228 D/BluetoothManagerService(  435): Bluetooth Adapter name changed to AOSP on navi_ref
09-01 00:04:16.228 D/BluetoothManagerService(  435): Stored Bluetooth name: AOSP on navi_ref
09-01 00:04:16.232 D/BluetoothManagerService(  435): BluetoothServiceConnection: com.android.bluetooth.btservice.AdapterService
09-01 00:04:16.232 D/BluetoothManagerService(  435): MESSAGE_BLUETOOTH_SERVICE_CONNECTED: 1
09-01 00:04:16.233 I/chatty  ( 2082): uid=1002(bluetooth) com.android.bluetooth expire 2 lines
09-01 00:04:16.234 D/BluetoothManagerService(  435): Broadcasting onBluetoothServiceUp() to 4 receivers.
09-01 00:04:16.235 D/BluetoothAdapter(  435): onBluetoothServiceUp: android.bluetooth.IBluetooth$Stub$Proxy@47dd806
09-01 00:04:16.235 D/BluetoothAdapter(  547): onBluetoothServiceUp: android.bluetooth.IBluetooth$Stub$Proxy@fae3d54
09-01 00:04:16.235 D/BluetoothAdapter(  635): onBluetoothServiceUp: android.bluetooth.IBluetooth$Stub$Proxy@8f3d41
09-01 00:04:16.236 I/chatty  ( 2082): uid=1002(bluetooth) com.android.bluetooth expire 1 line
09-01 00:04:16.237 D/BluetoothManagerService(  435): MESSAGE_BLUETOOTH_STATE_CHANGE: OFF > BLE_TURNING_ON
09-01 00:04:16.237 D/BluetoothManagerService(  435): Sending BLE State Change: OFF > BLE_TURNING_ON
09-01 00:04:16.239 I/chatty  ( 2082): uid=1002(bluetooth) com.android.bluetooth expire 1 line
09-01 00:04:16.256 I/chatty  ( 2082): uid=1002(bluetooth) com.android.bluetooth expire 7 lines
09-01 00:04:16.912 I/chatty  ( 2082): uid=1002(bluetooth) com.android.bluetooth expire 1 line
09-01 00:04:24.258 I/chatty  ( 2082): uid=1002(bluetooth) com.android.bluetooth expire 21 lines
09-01 00:04:24.260 I/chatty  ( 2082): uid=1002(bluetooth) com.android.bluetooth expire 2 lines
09-01 00:04:24.937 D/BluetoothManagerService(  435): BluetoothServiceConnection, disconnected: com.android.bluetooth.btservice.AdapterService
09-01 00:04:24.937 I/ActivityManager(  435): Process com.android.bluetooth (pid 2082) has died
09-01 00:04:24.937 D/ActivityManager(  435): cleanUpApplicationRecord -- 2082
09-01 00:04:24.937 E/BluetoothManagerService(  435): MESSAGE_BLUETOOTH_SERVICE_DISCONNECTED(1)
09-01 00:04:24.937 W/ActivityManager(  435): Scheduling restart of crashed service com.android.bluetooth/.btservice.AdapterService in 1000ms
09-01 00:04:24.937 D/BluetoothManagerService(  435): Broadcasting onBluetoothServiceDown() to 3 receivers.
09-01 00:04:24.937 W/ActivityManager(  435): Scheduling restart of crashed service com.android.bluetooth/.gatt.GattService in 11000ms
09-01 00:04:24.938 D/BluetoothAdapter(  435): onBluetoothServiceDown: android.bluetooth.IBluetooth$Stub$Proxy@47dd806
09-01 00:04:24.938 D/BluetoothAdapter(  547): onBluetoothServiceDown: android.bluetooth.IBluetooth$Stub$Proxy@fae3d54
09-01 00:04:24.938 D/BluetoothAdapter(  635): onBluetoothServiceDown: android.bluetooth.IBluetooth$Stub$Proxy@8f3d41
09-01 00:04:25.138 D/BluetoothManagerService(  435): MESSAGE_RESTART_BLUETOOTH_SERVICE
09-01 00:04:25.150 I/ActivityManager(  435): Start proc 2113:com.android.bluetooth/1002 for service com.android.bluetooth/.btservice.AdapterService
09-01 00:04:25.233 I/chatty  ( 2113): uid=1002(bluetooth) com.android.bluetooth expire 20 lines
09-01 00:04:25.274 I/chatty  ( 2113): uid=1002(bluetooth) com.android.bluetooth expire 10 lines
09-01 00:04:25.274 I/chatty  ( 2113): uid=1002(bluetooth) com.android.bluetooth expire 20 lines
09-01 00:04:25.276 I/chatty  ( 2113): uid=1002(bluetooth) com.android.bluetooth expire 1 line
09-01 00:04:25.276 I/chatty  ( 2113): uid=1002(bluetooth) com.android.bluetooth expire 1 line
09-01 00:04:25.277 I/chatty  ( 2113): uid=1002(bluetooth) com.android.bluetooth expire 3 lines
09-01 00:04:25.282 D/BluetoothManagerService(  435): Bluetooth Adapter name changed to AOSP on navi_ref
09-01 00:04:25.282 D/BluetoothManagerService(  435): Stored Bluetooth name: AOSP on navi_ref
09-01 00:04:25.286 D/BluetoothManagerService(  435): BluetoothServiceConnection: com.android.bluetooth.btservice.AdapterService
09-01 00:04:25.286 D/BluetoothManagerService(  435): MESSAGE_BLUETOOTH_SERVICE_CONNECTED: 1
09-01 00:04:25.288 I/chatty  ( 2113): uid=1002(bluetooth) com.android.bluetooth expire 2 lines
09-01 00:04:25.289 D/BluetoothManagerService(  435): Broadcasting onBluetoothServiceUp() to 4 receivers.
09-01 00:04:25.289 D/BluetoothAdapter(  435): onBluetoothServiceUp: android.bluetooth.IBluetooth$Stub$Proxy@6ae3f78
09-01 00:04:25.290 D/BluetoothAdapter(  547): onBluetoothServiceUp: android.bluetooth.IBluetooth$Stub$Proxy@6d7e4fd
09-01 00:04:25.290 D/BluetoothAdapter(  635): onBluetoothServiceUp: android.bluetooth.IBluetooth$Stub$Proxy@2ed12e6
09-01 00:04:25.290 I/chatty  ( 2113): uid=1002(bluetooth) com.android.bluetooth expire 1 line
09-01 00:04:25.291 D/BluetoothManagerService(  435): MESSAGE_BLUETOOTH_STATE_CHANGE: OFF > BLE_TURNING_ON
09-01 00:04:25.291 D/BluetoothManagerService(  435): Sending BLE State Change: OFF > BLE_TURNING_ON
09-01 00:04:25.294 I/chatty  ( 2113): uid=1002(bluetooth) com.android.bluetooth expire 1 line
09-01 00:04:25.300 I/chatty  ( 2113): uid=1002(bluetooth) com.android.bluetooth expire 16 lines
09-01 00:04:25.308 I/chatty  ( 2113): uid=1002(bluetooth) com.android.bluetooth expire 2 lines
09-01 00:04:25.309 I/chatty  ( 2113): uid=1002(bluetooth) com.android.bluetooth expire 19 lines
09-01 00:04:25.309 I/chatty  ( 2113): uid=1002(bluetooth) com.android.bluetooth expire 7 lines
09-01 00:04:25.966 I/chatty  ( 2113): uid=1002(bluetooth) com.android.bluetooth expire 1 line
09-01 00:04:33.311 I/chatty  ( 2113): uid=1002(bluetooth) com.android.bluetooth expire 3 lines
09-01 00:04:33.312 I/chatty  ( 2113): uid=1002(bluetooth) com.android.bluetooth expire 21 lines
09-01 00:04:33.314 I/chatty  ( 2113): uid=1002(bluetooth) com.android.bluetooth expire 2 lines
09-01 00:04:33.991 I/ActivityManager(  435): Process com.android.bluetooth (pid 2113) has died
09-01 00:04:33.991 D/BluetoothManagerService(  435): BluetoothServiceConnection, disconnected: com.android.bluetooth.btservice.AdapterService
09-01 00:04:33.991 D/ActivityManager(  435): cleanUpApplicationRecord -- 2113
09-01 00:04:33.992 E/BluetoothManagerService(  435): MESSAGE_BLUETOOTH_SERVICE_DISCONNECTED(1)
09-01 00:04:33.992 W/ActivityManager(  435): Scheduling restart of crashed service com.android.bluetooth/.gatt.GattService in 1000ms
09-01 00:04:33.992 D/BluetoothManagerService(  435): Broadcasting onBluetoothServiceDown() to 3 receivers.
09-01 00:04:33.992 W/ActivityManager(  435): Scheduling restart of crashed service com.android.bluetooth/.btservice.AdapterService in 1000ms
09-01 00:04:33.992 D/BluetoothAdapter(  435): onBluetoothServiceDown: android.bluetooth.IBluetooth$Stub$Proxy@6ae3f78
09-01 00:04:33.992 D/BluetoothAdapter(  635): onBluetoothServiceDown: android.bluetooth.IBluetooth$Stub$Proxy@2ed12e6
09-01 00:04:33.993 D/BluetoothAdapter(  547): onBluetoothServiceDown: android.bluetooth.IBluetooth$Stub$Proxy@6d7e4fd
09-01 00:04:34.191 D/BluetoothManagerService(  435): MESSAGE_RESTART_BLUETOOTH_SERVICE
09-01 00:04:34.203 I/ActivityManager(  435): Start proc 2144:com.android.bluetooth/1002 for service com.android.bluetooth/.btservice.AdapterService
09-01 00:04:34.287 I/chatty  ( 2144): uid=1002(bluetooth) com.android.bluetooth expire 36 lines
09-01 00:04:34.328 I/chatty  ( 2144): uid=1002(bluetooth) com.android.bluetooth expire 12 lines
09-01 00:04:34.328 I/chatty  ( 2144): uid=1002(bluetooth) com.android.bluetooth expire 39 lines
09-01 00:04:34.330 I/chatty  ( 2144): uid=1002(bluetooth) com.android.bluetooth expire 4 lines
09-01 00:04:34.330 I/chatty  ( 2144): uid=1002(bluetooth) com.android.bluetooth expire 1 line
09-01 00:04:34.331 I/chatty  ( 2144): uid=1002(bluetooth) com.android.bluetooth expire 3 lines
09-01 00:04:34.336 D/BluetoothManagerService(  435): Bluetooth Adapter name changed to AOSP on navi_ref
09-01 00:04:34.336 D/BluetoothManagerService(  435): Stored Bluetooth name: AOSP on navi_ref
09-01 00:04:34.340 D/BluetoothManagerService(  435): BluetoothServiceConnection: com.android.bluetooth.btservice.AdapterService
09-01 00:04:34.340 D/BluetoothManagerService(  435): MESSAGE_BLUETOOTH_SERVICE_CONNECTED: 1
09-01 00:04:34.341 I/chatty  ( 2144): uid=1002(bluetooth) com.android.bluetooth expire 2 lines
09-01 00:04:34.342 D/BluetoothManagerService(  435): Broadcasting onBluetoothServiceUp() to 4 receivers.
09-01 00:04:34.343 D/BluetoothAdapter(  435): onBluetoothServiceUp: android.bluetooth.IBluetooth$Stub$Proxy@7cbea45
09-01 00:04:34.343 D/BluetoothAdapter(  547): onBluetoothServiceUp: android.bluetooth.IBluetooth$Stub$Proxy@a5fc5f2
09-01 00:04:34.343 D/BluetoothAdapter(  635): onBluetoothServiceUp: android.bluetooth.IBluetooth$Stub$Proxy@e975027
09-01 00:04:34.344 I/chatty  ( 2144): uid=1002(bluetooth) com.android.bluetooth expire 1 line
09-01 00:04:34.345 D/BluetoothManagerService(  435): MESSAGE_BLUETOOTH_STATE_CHANGE: OFF > BLE_TURNING_ON
09-01 00:04:34.345 D/BluetoothManagerService(  435): Sending BLE State Change: OFF > BLE_TURNING_ON
09-01 00:04:34.348 I/chatty  ( 2144): uid=1002(bluetooth) com.android.bluetooth expire 1 line
09-01 00:04:34.364 I/chatty  ( 2144): uid=1002(bluetooth) com.android.bluetooth expire 7 lines
09-01 00:04:35.020 I/chatty  ( 2144): uid=1002(bluetooth) com.android.bluetooth expire 1 line
09-01 00:04:42.366 I/chatty  ( 2144): uid=1002(bluetooth) com.android.bluetooth expire 21 lines
09-01 00:04:42.368 I/chatty  ( 2144): uid=1002(bluetooth) com.android.bluetooth expire 2 lines
09-01 00:04:43.045 I/ActivityManager(  435): Process com.android.bluetooth (pid 2144) has died
09-01 00:04:43.045 D/ActivityManager(  435): cleanUpApplicationRecord -- 2144
09-01 00:04:43.045 W/ActivityManager(  435): Scheduling restart of crashed service com.android.bluetooth/.btservice.AdapterService in 1000ms
09-01 00:04:43.045 W/ActivityManager(  435): Scheduling restart of crashed service com.android.bluetooth/.gatt.GattService in 10999ms
09-01 00:04:43.046 D/BluetoothManagerService(  435): BluetoothServiceConnection, disconnected: com.android.bluetooth.btservice.AdapterService
09-01 00:04:43.047 E/BluetoothManagerService(  435): MESSAGE_BLUETOOTH_SERVICE_DISCONNECTED(1)
09-01 00:04:43.047 D/BluetoothManagerService(  435): Broadcasting onBluetoothServiceDown() to 3 receivers.
09-01 00:04:43.047 D/BluetoothAdapter(  435): onBluetoothServiceDown: android.bluetooth.IBluetooth$Stub$Proxy@7cbea45
09-01 00:04:43.047 D/BluetoothAdapter(  635): onBluetoothServiceDown: android.bluetooth.IBluetooth$Stub$Proxy@e975027
09-01 00:04:43.047 D/BluetoothAdapter(  547): onBluetoothServiceDown: android.bluetooth.IBluetooth$Stub$Proxy@a5fc5f2
09-01 00:04:43.247 D/BluetoothManagerService(  435): MESSAGE_RESTART_BLUETOOTH_SERVICE
09-01 00:04:43.258 I/ActivityManager(  435): Start proc 2174:com.android.bluetooth/1002 for service com.android.bluetooth/.btservice.AdapterService
09-01 00:04:43.342 I/chatty  ( 2174): uid=1002(bluetooth) com.android.bluetooth expire 18 lines
09-01 00:04:43.383 I/chatty  ( 2174): uid=1002(bluetooth) com.android.bluetooth expire 8 lines
09-01 00:04:43.383 I/chatty  ( 2174): uid=1002(bluetooth) com.android.bluetooth expire 20 lines
09-01 00:04:43.385 I/chatty  ( 2174): uid=1002(bluetooth) com.android.bluetooth expire 1 line
09-01 00:04:43.385 I/chatty  ( 2174): uid=1002(bluetooth) com.android.bluetooth expire 1 line
09-01 00:04:43.386 I/chatty  ( 2174): uid=1002(bluetooth) com.android.bluetooth expire 3 lines
09-01 00:04:43.391 D/BluetoothManagerService(  435): Bluetooth Adapter name changed to AOSP on navi_ref
09-01 00:04:43.391 D/BluetoothManagerService(  435): Stored Bluetooth name: AOSP on navi_ref
09-01 00:04:43.394 D/BluetoothManagerService(  435): BluetoothServiceConnection: com.android.bluetooth.btservice.AdapterService
09-01 00:04:43.395 D/BluetoothManagerService(  435): MESSAGE_BLUETOOTH_SERVICE_CONNECTED: 1
09-01 00:04:43.396 I/chatty  ( 2174): uid=1002(bluetooth) com.android.bluetooth expire 2 lines
09-01 00:04:43.398 D/BluetoothManagerService(  435): Broadcasting onBluetoothServiceUp() to 4 receivers.
09-01 00:04:43.398 D/BluetoothAdapter(  435): onBluetoothServiceUp: android.bluetooth.IBluetooth$Stub$Proxy@a57a73e
09-01 00:04:43.398 D/BluetoothAdapter(  635): onBluetoothServiceUp: android.bluetooth.IBluetooth$Stub$Proxy@60332d4
09-01 00:04:43.398 D/BluetoothAdapter(  547): onBluetoothServiceUp: android.bluetooth.IBluetooth$Stub$Proxy@4433443
09-01 00:04:43.399 I/chatty  ( 2174): uid=1002(bluetooth) com.android.bluetooth expire 1 line
09-01 00:04:43.400 D/BluetoothManagerService(  435): MESSAGE_BLUETOOTH_STATE_CHANGE: OFF > BLE_TURNING_ON
09-01 00:04:43.400 D/BluetoothManagerService(  435): Sending BLE State Change: OFF > BLE_TURNING_ON
09-01 00:04:43.402 I/chatty  ( 2174): uid=1002(bluetooth) com.android.bluetooth expire 1 line
09-01 00:04:43.402 I/chatty  ( 2174): uid=1002(bluetooth) com.android.bluetooth expire 4 lines
09-01 00:04:43.406 I/chatty  ( 2174): uid=1002(bluetooth) com.android.bluetooth expire 18 lines
09-01 00:04:43.417 I/chatty  ( 2174): uid=1002(bluetooth) com.android.bluetooth expire 19 lines
09-01 00:04:43.418 I/chatty  ( 2174): uid=1002(bluetooth) com.android.bluetooth expire 7 lines
