09-01 00:04:44.074 I/chatty  ( 2174): uid=1002(bluetooth) com.android.bluetooth expire 1 line
09-01 00:04:51.420 I/chatty  ( 2174): uid=1002(bluetooth) com.android.bluetooth expire 3 lines
09-01 00:04:51.421 I/chatty  ( 2174): uid=1002(bluetooth) com.android.bluetooth expire 21 lines
09-01 00:04:51.423 I/chatty  ( 2174): uid=1002(bluetooth) com.android.bluetooth expire 2 lines
09-01 00:04:52.098 I/ActivityManager(  435): Process com.android.bluetooth (pid 2174) has died
09-01 00:04:52.098 D/BluetoothManagerService(  435): BluetoothServiceConnection, disconnected: com.android.bluetooth.btservice.AdapterService
09-01 00:04:52.098 D/ActivityManager(  435): cleanUpApplicationRecord -- 2174
09-01 00:04:52.098 E/BluetoothManagerService(  435): MESSAGE_BLUETOOTH_SERVICE_DISCONNECTED(1)
09-01 00:04:52.098 W/ActivityManager(  435): Scheduling restart of crashed service com.android.bluetooth/.btservice.AdapterService in 1000ms
09-01 00:04:52.098 D/BluetoothManagerService(  435): Broadcasting onBluetoothServiceDown() to 3 receivers.
09-01 00:04:52.098 W/ActivityManager(  435): Scheduling restart of crashed service com.android.bluetooth/.gatt.GattService in 11000ms
09-01 00:04:52.098 D/BluetoothAdapter(  435): onBluetoothServiceDown: android.bluetooth.IBluetooth$Stub$Proxy@a57a73e
09-01 00:04:52.099 D/BluetoothAdapter(  547): onBluetoothServiceDown: android.bluetooth.IBluetooth$Stub$Proxy@4433443
09-01 00:04:52.100 D/BluetoothAdapter(  635): onBluetoothServiceDown: android.bluetooth.IBluetooth$Stub$Proxy@60332d4
09-01 00:04:52.299 D/BluetoothManagerService(  435): MESSAGE_RESTART_BLUETOOTH_SERVICE
09-01 00:04:52.317 I/ActivityManager(  435): Start proc 2204:com.android.bluetooth/1002 for service com.android.bluetooth/.btservice.AdapterService
09-01 00:04:52.393 I/chatty  ( 2204): uid=1002(bluetooth) com.android.bluetooth expire 36 lines
09-01 00:04:52.434 I/chatty  ( 2204): uid=1002(bluetooth) com.android.bluetooth expire 12 lines
09-01 00:04:52.434 I/chatty  ( 2204): uid=1002(bluetooth) com.android.bluetooth expire 39 lines
09-01 00:04:52.436 I/chatty  ( 2204): uid=1002(bluetooth) com.android.bluetooth expire 4 lines
09-01 00:04:52.436 I/chatty  ( 2204): uid=1002(bluetooth) com.android.bluetooth expire 1 line
09-01 00:04:52.437 I/chatty  ( 2204): uid=1002(bluetooth) com.android.bluetooth expire 3 lines
09-01 00:04:52.442 D/BluetoothManagerService(  435): Bluetooth Adapter name changed to AOSP on navi_ref
09-01 00:04:52.442 D/BluetoothManagerService(  435): Stored Bluetooth name: AOSP on navi_ref
09-01 00:04:52.445 D/BluetoothManagerService(  435): BluetoothServiceConnection: com.android.bluetooth.btservice.AdapterService
09-01 00:04:52.446 D/BluetoothManagerService(  435): MESSAGE_BLUETOOTH_SERVICE_CONNECTED: 1
09-01 00:04:52.446 I/chatty  ( 2204): uid=1002(bluetooth) com.android.bluetooth expire 2 lines
09-01 00:04:52.448 D/BluetoothManagerService(  435): Broadcasting onBluetoothServiceUp() to 4 receivers.
09-01 00:04:52.448 D/BluetoothAdapter(  435): onBluetoothServiceUp: android.bluetooth.IBluetooth$Stub$Proxy@980ac33
09-01 00:04:52.448 D/BluetoothAdapter(  635): onBluetoothServiceUp: android.bluetooth.IBluetooth$Stub$Proxy@cd16c7d
09-01 00:04:52.448 D/BluetoothAdapter(  547): onBluetoothServiceUp: android.bluetooth.IBluetooth$Stub$Proxy@95bdac0
09-01 00:04:52.449 I/chatty  ( 2204): uid=1002(bluetooth) com.android.bluetooth expire 1 line
09-01 00:04:52.450 D/BluetoothManagerService(  435): MESSAGE_BLUETOOTH_STATE_CHANGE: OFF > BLE_TURNING_ON
09-01 00:04:52.450 D/BluetoothManagerService(  435): Sending BLE State Change: OFF > BLE_TURNING_ON
09-01 00:04:52.453 I/chatty  ( 2204): uid=1002(bluetooth) com.android.bluetooth expire 1 line
09-01 00:04:52.469 I/chatty  ( 2204): uid=1002(bluetooth) com.android.bluetooth expire 7 lines
09-01 00:04:53.125 I/chatty  ( 2204): uid=1002(bluetooth) com.android.bluetooth expire 1 line
09-01 00:05:00.471 I/chatty  ( 2204): uid=1002(bluetooth) com.android.bluetooth expire 21 lines
09-01 00:05:00.473 I/chatty  ( 2204): uid=1002(bluetooth) com.android.bluetooth expire 2 lines
09-01 00:05:01.149 I/ActivityManager(  435): Process com.android.bluetooth (pid 2204) has died
09-01 00:05:01.149 D/ActivityManager(  435): cleanUpApplicationRecord -- 2204
09-01 00:05:01.150 W/ActivityManager(  435): Scheduling restart of crashed service com.android.bluetooth/.btservice.AdapterService in 1000ms
09-01 00:05:01.150 W/ActivityManager(  435): Scheduling restart of crashed service com.android.bluetooth/.gatt.GattService in 11000ms
09-01 00:05:01.151 D/BluetoothManagerService(  435): BluetoothServiceConnection, disconnected: com.android.bluetooth.btservice.AdapterService
09-01 00:05:01.152 E/BluetoothManagerService(  435): MESSAGE_BLUETOOTH_SERVICE_DISCONNECTED(1)
09-01 00:05:01.152 D/BluetoothManagerService(  435): Broadcasting onBluetoothServiceDown() to 3 receivers.
09-01 00:05:01.152 D/BluetoothAdapter(  435): onBluetoothServiceDown: android.bluetooth.IBluetooth$Stub$Proxy@980ac33
09-01 00:05:01.152 D/BluetoothAdapter(  635): onBluetoothServiceDown: android.bluetooth.IBluetooth$Stub$Proxy@cd16c7d
09-01 00:05:01.152 D/BluetoothAdapter(  547): onBluetoothServiceDown: android.bluetooth.IBluetooth$Stub$Proxy@95bdac0
09-01 00:05:01.352 D/BluetoothManagerService(  435): MESSAGE_RESTART_BLUETOOTH_SERVICE
09-01 00:05:01.364 I/ActivityManager(  435): Start proc 2234:com.android.bluetooth/1002 for service com.android.bluetooth/.btservice.AdapterService
09-01 00:05:01.449 I/chatty  ( 2234): uid=1002(bluetooth) com.android.bluetooth expire 18 lines
09-01 00:05:01.490 I/chatty  ( 2234): uid=1002(bluetooth) com.android.bluetooth expire 3 lines
09-01 00:05:01.491 I/chatty  ( 2234): uid=1002(bluetooth) com.android.bluetooth expire 20 lines
09-01 00:05:01.493 I/chatty  ( 2234): uid=1002(bluetooth) com.android.bluetooth expire 1 line
09-01 00:05:01.493 I/chatty  ( 2234): uid=1002(bluetooth) com.android.bluetooth expire 1 line
09-01 00:05:01.494 I/chatty  ( 2234): uid=1002(bluetooth) com.android.bluetooth expire 3 lines
09-01 00:05:01.499 D/BluetoothManagerService(  435): Bluetooth Adapter name changed to AOSP on navi_ref
09-01 00:05:01.499 D/BluetoothManagerService(  435): Stored Bluetooth name: AOSP on navi_ref
09-01 00:05:01.503 D/BluetoothManagerService(  435): BluetoothServiceConnection: com.android.bluetooth.btservice.AdapterService
09-01 00:05:01.503 D/BluetoothManagerService(  435): MESSAGE_BLUETOOTH_SERVICE_CONNECTED: 1
09-01 00:05:01.504 I/chatty  ( 2234): uid=1002(bluetooth) com.android.bluetooth expire 2 lines
09-01 00:05:01.505 D/BluetoothManagerService(  435): Broadcasting onBluetoothServiceUp() to 4 receivers.
09-01 00:05:01.505 D/BluetoothAdapter(  435): onBluetoothServiceUp: android.bluetooth.IBluetooth$Stub$Proxy@ff0db4
09-01 00:05:01.505 D/BluetoothAdapter(  635): onBluetoothServiceUp: android.bluetooth.IBluetooth$Stub$Proxy@9e77772
09-01 00:05:01.505 D/BluetoothAdapter(  547): onBluetoothServiceUp: android.bluetooth.IBluetooth$Stub$Proxy@942d3f9
09-01 00:05:01.506 I/chatty  ( 2234): uid=1002(bluetooth) com.android.bluetooth expire 1 line
09-01 00:05:01.507 I/chatty  ( 2234): uid=1002(bluetooth) com.android.bluetooth expire 9 lines
09-01 00:05:01.509 D/BluetoothManagerService(  435): MESSAGE_BLUETOOTH_STATE_CHANGE: OFF > BLE_TURNING_ON
09-01 00:05:01.509 D/BluetoothManagerService(  435): Sending BLE State Change: OFF > BLE_TURNING_ON
09-01 00:05:01.510 I/chatty  ( 2234): uid=1002(bluetooth) com.android.bluetooth expire 1 line
09-01 00:05:01.513 I/chatty  ( 2234): uid=1002(bluetooth) com.android.bluetooth expire 18 lines
09-01 00:05:01.524 I/chatty  ( 2234): uid=1002(bluetooth) com.android.bluetooth expire 19 lines
09-01 00:05:01.525 I/chatty  ( 2234): uid=1002(bluetooth) com.android.bluetooth expire 7 lines
09-01 00:05:02.181 I/chatty  ( 2234): uid=1002(bluetooth) com.android.bluetooth expire 1 line
09-01 00:05:09.527 I/chatty  ( 2234): uid=1002(bluetooth) com.android.bluetooth expire 3 lines
09-01 00:05:09.528 I/chatty  ( 2234): uid=1002(bluetooth) com.android.bluetooth expire 21 lines
09-01 00:05:09.530 I/chatty  ( 2234): uid=1002(bluetooth) com.android.bluetooth expire 2 lines
09-01 00:05:10.206 I/ActivityManager(  435): Process com.android.bluetooth (pid 2234) has died
09-01 00:05:10.206 D/BluetoothManagerService(  435): BluetoothServiceConnection, disconnected: com.android.bluetooth.btservice.AdapterService
09-01 00:05:10.206 D/ActivityManager(  435): cleanUpApplicationRecord -- 2234
09-01 00:05:10.207 W/ActivityManager(  435): Scheduling restart of crashed service com.android.bluetooth/.gatt.GattService in 1000ms
09-01 00:05:10.207 W/ActivityManager(  435): Scheduling restart of crashed service com.android.bluetooth/.btservice.AdapterService in 1000ms
09-01 00:05:10.207 E/BluetoothManagerService(  435): MESSAGE_BLUETOOTH_SERVICE_DISCONNECTED(1)
09-01 00:05:10.207 D/BluetoothManagerService(  435): Broadcasting onBluetoothServiceDown() to 3 receivers.
09-01 00:05:10.208 D/BluetoothAdapter(  435): onBluetoothServiceDown: android.bluetooth.IBluetooth$Stub$Proxy@ff0db4
09-01 00:05:10.208 D/BluetoothAdapter(  547): onBluetoothServiceDown: android.bluetooth.IBluetooth$Stub$Proxy@942d3f9
09-01 00:05:10.208 D/BluetoothAdapter(  635): onBluetoothServiceDown: android.bluetooth.IBluetooth$Stub$Proxy@9e77772
09-01 00:05:10.407 D/BluetoothManagerService(  435): MESSAGE_RESTART_BLUETOOTH_SERVICE
09-01 00:05:10.419 I/ActivityManager(  435): Start proc 2264:com.android.bluetooth/1002 for service com.android.bluetooth/.btservice.AdapterService
09-01 00:05:10.502 I/chatty  ( 2264): uid=1002(bluetooth) com.android.bluetooth expire 36 lines
09-01 00:05:10.543 I/chatty  ( 2264): uid=1002(bluetooth) com.android.bluetooth expire 12 lines
09-01 00:05:10.543 I/chatty  ( 2264): uid=1002(bluetooth) com.android.bluetooth expire 39 lines
09-01 00:05:10.545 I/chatty  ( 2264): uid=1002(bluetooth) com.android.bluetooth expire 4 lines
09-01 00:05:10.545 I/chatty  ( 2264): uid=1002(bluetooth) com.android.bluetooth expire 1 line
09-01 00:05:10.547 I/chatty  ( 2264): uid=1002(bluetooth) com.android.bluetooth expire 3 lines
09-01 00:05:10.551 D/BluetoothManagerService(  435): Bluetooth Adapter name changed to AOSP on navi_ref
09-01 00:05:10.552 D/BluetoothManagerService(  435): Stored Bluetooth name: AOSP on navi_ref
09-01 00:05:10.555 D/BluetoothManagerService(  435): BluetoothServiceConnection: com.android.bluetooth.btservice.AdapterService
09-01 00:05:10.555 D/BluetoothManagerService(  435): MESSAGE_BLUETOOTH_SERVICE_CONNECTED: 1
09-01 00:05:10.556 I/chatty  ( 2264): uid=1002(bluetooth) com.android.bluetooth expire 2 lines
09-01 00:05:10.558 D/BluetoothManagerService(  435): Broadcasting onBluetoothServiceUp() to 4 receivers.
09-01 00:05:10.558 D/BluetoothAdapter(  635): onBluetoothServiceUp: android.bluetooth.IBluetooth$Stub$Proxy@21ec7c3
09-01 00:05:10.558 D/BluetoothAdapter(  435): onBluetoothServiceUp: android.bluetooth.IBluetooth$Stub$Proxy@de4ac11
09-01 00:05:10.558 D/BluetoothAdapter(  547): onBluetoothServiceUp: android.bluetooth.IBluetooth$Stub$Proxy@9a04f3e
09-01 00:05:10.559 I/chatty  ( 2264): uid=1002(bluetooth) com.android.bluetooth expire 1 line
09-01 00:05:10.560 D/BluetoothManagerService(  435): MESSAGE_BLUETOOTH_STATE_CHANGE: OFF > BLE_TURNING_ON
09-01 00:05:10.560 D/BluetoothManagerService(  435): Sending BLE State Change: OFF > BLE_TURNING_ON
09-01 00:05:10.562 I/chatty  ( 2264): uid=1002(bluetooth) com.android.bluetooth expire 1 line
09-01 00:05:10.578 I/chatty  ( 2264): uid=1002(bluetooth) com.android.bluetooth expire 7 lines
09-01 00:05:11.234 I/chatty  ( 2264): uid=1002(bluetooth) com.android.bluetooth expire 1 line
09-01 00:05:18.580 I/chatty  ( 2264): uid=1002(bluetooth) com.android.bluetooth expire 21 lines
09-01 00:05:18.583 I/chatty  ( 2264): uid=1002(bluetooth) com.android.bluetooth expire 2 lines
09-01 00:05:19.259 I/ActivityManager(  435): Process com.android.bluetooth (pid 2264) has died
09-01 00:05:19.259 D/ActivityManager(  435): cleanUpApplicationRecord -- 2264
09-01 00:05:19.259 W/ActivityManager(  435): Scheduling restart of crashed service com.android.bluetooth/.gatt.GattService in 1000ms
09-01 00:05:19.259 W/ActivityManager(  435): Scheduling restart of crashed service com.android.bluetooth/.btservice.AdapterService in 1000ms
09-01 00:05:19.261 D/BluetoothManagerService(  435): BluetoothServiceConnection, disconnected: com.android.bluetooth.btservice.AdapterService
09-01 00:05:19.261 E/BluetoothManagerService(  435): MESSAGE_BLUETOOTH_SERVICE_DISCONNECTED(1)
09-01 00:05:19.261 D/BluetoothManagerService(  435): Broadcasting onBluetoothServiceDown() to 3 receivers.
09-01 00:05:19.261 D/BluetoothAdapter(  435): onBluetoothServiceDown: android.bluetooth.IBluetooth$Stub$Proxy@de4ac11
09-01 00:05:19.261 D/BluetoothAdapter(  635): onBluetoothServiceDown: android.bluetooth.IBluetooth$Stub$Proxy@21ec7c3
09-01 00:05:19.261 D/BluetoothAdapter(  547): onBluetoothServiceDown: android.bluetooth.IBluetooth$Stub$Proxy@9a04f3e
09-01 00:05:19.460 D/BluetoothManagerService(  435): MESSAGE_RESTART_BLUETOOTH_SERVICE
09-01 00:05:19.479 I/ActivityManager(  435): Start proc 2294:com.android.bluetooth/1002 for service com.android.bluetooth/.btservice.AdapterService
09-01 00:05:19.555 I/chatty  ( 2294): uid=1002(bluetooth) com.android.bluetooth expire 18 lines
09-01 00:05:19.596 I/chatty  ( 2294): uid=1002(bluetooth) com.android.bluetooth expire 1 line
09-01 00:05:19.597 I/chatty  ( 2294): uid=1002(bluetooth) com.android.bluetooth expire 20 lines
09-01 00:05:19.599 I/chatty  ( 2294): uid=1002(bluetooth) com.android.bluetooth expire 1 line
09-01 00:05:19.599 I/chatty  ( 2294): uid=1002(bluetooth) com.android.bluetooth expire 1 line
09-01 00:05:19.600 I/chatty  ( 2294): uid=1002(bluetooth) com.android.bluetooth expire 3 lines
09-01 00:05:19.605 D/BluetoothManagerService(  435): Bluetooth Adapter name changed to AOSP on navi_ref
09-01 00:05:19.605 D/BluetoothManagerService(  435): Stored Bluetooth name: AOSP on navi_ref
09-01 00:05:19.608 D/BluetoothManagerService(  435): BluetoothServiceConnection: com.android.bluetooth.btservice.AdapterService
09-01 00:05:19.608 D/BluetoothManagerService(  435): MESSAGE_BLUETOOTH_SERVICE_CONNECTED: 1
09-01 00:05:19.609 I/chatty  ( 2294): uid=1002(bluetooth) com.android.bluetooth expire 2 lines
09-01 00:05:19.611 D/BluetoothManagerService(  435): Broadcasting onBluetoothServiceUp() to 4 receivers.
09-01 00:05:19.611 D/BluetoothAdapter(  435): onBluetoothServiceUp: android.bluetooth.IBluetooth$Stub$Proxy@3fd9e8b
09-01 00:05:19.611 D/BluetoothAdapter(  635): onBluetoothServiceUp: android.bluetooth.IBluetooth$Stub$Proxy@bcaa840
09-01 00:05:19.611 D/BluetoothAdapter(  547): onBluetoothServiceUp: android.bluetooth.IBluetooth$Stub$Proxy@95ad19f
09-01 00:05:19.612 I/chatty  ( 2294): uid=1002(bluetooth) com.android.bluetooth expire 1 line
09-01 00:05:19.612 I/chatty  ( 2294): uid=1002(bluetooth) com.android.bluetooth expire 11 lines
09-01 00:05:19.613 D/BluetoothManagerService(  435): MESSAGE_BLUETOOTH_STATE_CHANGE: OFF > BLE_TURNING_ON
09-01 00:05:19.613 D/BluetoothManagerService(  435): Sending BLE State Change: OFF > BLE_TURNING_ON
09-01 00:05:19.616 I/chatty  ( 2294): uid=1002(bluetooth) com.android.bluetooth expire 1 line
09-01 00:05:19.620 I/chatty  ( 2294): uid=1002(bluetooth) com.android.bluetooth expire 18 lines
09-01 00:05:19.631 I/chatty  ( 2294): uid=1002(bluetooth) com.android.bluetooth expire 19 lines
09-01 00:05:19.632 I/chatty  ( 2294): uid=1002(bluetooth) com.android.bluetooth expire 7 lines
09-01 00:05:20.288 I/chatty  ( 2294): uid=1002(bluetooth) com.android.bluetooth expire 1 line
09-01 00:05:27.633 I/chatty  ( 2294): uid=1002(bluetooth) com.android.bluetooth expire 3 lines
09-01 00:05:27.634 I/chatty  ( 2294): uid=1002(bluetooth) com.android.bluetooth expire 21 lines
09-01 00:05:27.636 I/chatty  ( 2294): uid=1002(bluetooth) com.android.bluetooth expire 2 lines
09-01 00:05:28.313 I/ActivityManager(  435): Process com.android.bluetooth (pid 2294) has died
09-01 00:05:28.313 D/ActivityManager(  435): cleanUpApplicationRecord -- 2294
09-01 00:05:28.313 W/ActivityManager(  435): Scheduling restart of crashed service com.android.bluetooth/.btservice.AdapterService in 1000ms
09-01 00:05:28.313 W/ActivityManager(  435): Scheduling restart of crashed service com.android.bluetooth/.gatt.GattService in 11000ms
09-01 00:05:28.314 D/BluetoothManagerService(  435): BluetoothServiceConnection, disconnected: com.android.bluetooth.btservice.AdapterService
09-01 00:05:28.314 E/BluetoothManagerService(  435): MESSAGE_BLUETOOTH_SERVICE_DISCONNECTED(1)
09-01 00:05:28.315 D/BluetoothManagerService(  435): Broadcasting onBluetoothServiceDown() to 3 receivers.
09-01 00:05:28.315 D/BluetoothAdapter(  435): onBluetoothServiceDown: android.bluetooth.IBluetooth$Stub$Proxy@3fd9e8b
09-01 00:05:28.315 D/BluetoothAdapter(  635): onBluetoothServiceDown: android.bluetooth.IBluetooth$Stub$Proxy@bcaa840
09-01 00:05:28.315 D/BluetoothAdapter(  547): onBluetoothServiceDown: android.bluetooth.IBluetooth$Stub$Proxy@95ad19f
09-01 00:05:28.515 D/BluetoothManagerService(  435): MESSAGE_RESTART_BLUETOOTH_SERVICE
09-01 00:05:28.527 I/ActivityManager(  435): Start proc 2324:com.android.bluetooth/1002 for service com.android.bluetooth/.btservice.AdapterService
09-01 00:05:28.618 I/chatty  ( 2324): uid=1002(bluetooth) com.android.bluetooth expire 36 lines
09-01 00:05:28.666 I/chatty  ( 2324): uid=1002(bluetooth) com.android.bluetooth expire 12 lines
09-01 00:05:28.666 I/chatty  ( 2324): uid=1002(bluetooth) com.android.bluetooth expire 39 lines
09-01 00:05:28.668 I/chatty  ( 2324): uid=1002(bluetooth) com.android.bluetooth expire 4 lines
09-01 00:05:28.668 I/chatty  ( 2324): uid=1002(bluetooth) com.android.bluetooth expire 1 line
09-01 00:05:28.669 I/chatty  ( 2324): uid=1002(bluetooth) com.android.bluetooth expire 3 lines
09-01 00:05:28.673 D/BluetoothManagerService(  435): Bluetooth Adapter name changed to AOSP on navi_ref
09-01 00:05:28.674 D/BluetoothManagerService(  435): Stored Bluetooth name: AOSP on navi_ref
09-01 00:05:28.677 D/BluetoothManagerService(  435): BluetoothServiceConnection: com.android.bluetooth.btservice.AdapterService
09-01 00:05:28.678 D/BluetoothManagerService(  435): MESSAGE_BLUETOOTH_SERVICE_CONNECTED: 1
09-01 00:05:28.679 I/chatty  ( 2324): uid=1002(bluetooth) com.android.bluetooth expire 2 lines
09-01 00:05:28.680 D/BluetoothManagerService(  435): Broadcasting onBluetoothServiceUp() to 4 receivers.
09-01 00:05:28.681 D/BluetoothAdapter(  635): onBluetoothServiceUp: android.bluetooth.IBluetooth$Stub$Proxy@60d5379
09-01 00:05:28.681 D/BluetoothAdapter(  435): onBluetoothServiceUp: android.bluetooth.IBluetooth$Stub$Proxy@bc773ac
09-01 00:05:28.681 D/BluetoothAdapter(  547): onBluetoothServiceUp: android.bluetooth.IBluetooth$Stub$Proxy@783e2ec
09-01 00:05:28.681 I/chatty  ( 2324): uid=1002(bluetooth) com.android.bluetooth expire 1 line
09-01 00:05:28.682 D/BluetoothManagerService(  435): MESSAGE_BLUETOOTH_STATE_CHANGE: OFF > BLE_TURNING_ON
09-01 00:05:28.682 D/BluetoothManagerService(  435): Sending BLE State Change: OFF > BLE_TURNING_ON
09-01 00:05:28.684 I/chatty  ( 2324): uid=1002(bluetooth) com.android.bluetooth expire 1 line
09-01 00:05:28.701 I/chatty  ( 2324): uid=1002(bluetooth) com.android.bluetooth expire 7 lines
09-01 00:05:29.357 I/chatty  ( 2324): uid=1002(bluetooth) com.android.bluetooth expire 1 line
09-01 00:05:36.704 I/chatty  ( 2324): uid=1002(bluetooth) com.android.bluetooth expire 21 lines
09-01 00:05:36.706 I/chatty  ( 2324): uid=1002(bluetooth) com.android.bluetooth expire 2 lines
09-01 00:05:37.381 I/ActivityManager(  435): Process com.android.bluetooth (pid 2324) has died
09-01 00:05:37.381 D/ActivityManager(  435): cleanUpApplicationRecord -- 2324
09-01 00:05:37.382 W/ActivityManager(  435): Scheduling restart of crashed service com.android.bluetooth/.gatt.GattService in 1000ms
09-01 00:05:37.382 W/ActivityManager(  435): Scheduling restart of crashed service com.android.bluetooth/.btservice.AdapterService in 1000ms
09-01 00:05:37.382 D/BluetoothManagerService(  435): BluetoothServiceConnection, disconnected: com.android.bluetooth.btservice.AdapterService
09-01 00:05:37.382 E/BluetoothManagerService(  435): MESSAGE_BLUETOOTH_SERVICE_DISCONNECTED(1)
09-01 00:05:37.382 D/BluetoothManagerService(  435): Broadcasting onBluetoothServiceDown() to 3 receivers.
09-01 00:05:37.383 D/BluetoothAdapter(  435): onBluetoothServiceDown: android.bluetooth.IBluetooth$Stub$Proxy@bc773ac
09-01 00:05:37.383 D/BluetoothAdapter(  635): onBluetoothServiceDown: android.bluetooth.IBluetooth$Stub$Proxy@60d5379
09-01 00:05:37.384 D/BluetoothAdapter(  547): onBluetoothServiceDown: android.bluetooth.IBluetooth$Stub$Proxy@783e2ec
09-01 00:05:37.583 D/BluetoothManagerService(  435): MESSAGE_RESTART_BLUETOOTH_SERVICE
09-01 00:05:37.600 I/ActivityManager(  435): Start proc 2356:com.android.bluetooth/1002 for service com.android.bluetooth/.btservice.AdapterService
09-01 00:05:37.678 I/chatty  ( 2356): uid=1002(bluetooth) com.android.bluetooth expire 15 lines
09-01 00:05:37.718 I/chatty  ( 2356): uid=1002(bluetooth) com.android.bluetooth expire 1 line
09-01 00:05:37.719 I/chatty  ( 2356): uid=1002(bluetooth) com.android.bluetooth expire 20 lines
09-01 00:05:37.720 I/chatty  ( 2356): uid=1002(bluetooth) com.android.bluetooth expire 1 line
09-01 00:05:37.721 I/chatty  ( 2356): uid=1002(bluetooth) com.android.bluetooth expire 1 line
09-01 00:05:37.722 I/chatty  ( 2356): uid=1002(bluetooth) com.android.bluetooth expire 3 lines
09-01 00:05:37.726 I/chatty  ( 2356): uid=1002(bluetooth) com.android.bluetooth expire 21 lines
09-01 00:05:37.726 D/BluetoothManagerService(  435): Bluetooth Adapter name changed to AOSP on navi_ref
09-01 00:05:37.726 D/BluetoothManagerService(  435): Stored Bluetooth name: AOSP on navi_ref
09-01 00:05:37.730 D/BluetoothManagerService(  435): BluetoothServiceConnection: com.android.bluetooth.btservice.AdapterService
09-01 00:05:37.730 D/BluetoothManagerService(  435): MESSAGE_BLUETOOTH_SERVICE_CONNECTED: 1
09-01 00:05:37.731 I/chatty  ( 2356): uid=1002(bluetooth) com.android.bluetooth expire 2 lines
09-01 00:05:37.732 D/BluetoothManagerService(  435): Broadcasting onBluetoothServiceUp() to 4 receivers.
09-01 00:05:37.733 D/BluetoothAdapter(  435): onBluetoothServiceUp: android.bluetooth.IBluetooth$Stub$Proxy@f4d2329
09-01 00:05:37.733 D/BluetoothAdapter(  635): onBluetoothServiceUp: android.bluetooth.IBluetooth$Stub$Proxy@bb198be
09-01 00:05:37.733 D/BluetoothAdapter(  547): onBluetoothServiceUp: android.bluetooth.IBluetooth$Stub$Proxy@d3b6b5
09-01 00:05:37.734 I/chatty  ( 2356): uid=1002(bluetooth) com.android.bluetooth expire 1 line
09-01 00:05:37.734 I/chatty  ( 2356): uid=1002(bluetooth) com.android.bluetooth expire 11 lines
09-01 00:05:37.735 D/BluetoothManagerService(  435): MESSAGE_BLUETOOTH_STATE_CHANGE: OFF > BLE_TURNING_ON
09-01 00:05:37.735 D/BluetoothManagerService(  435): Sending BLE State Change: OFF > BLE_TURNING_ON
09-01 00:05:37.737 I/chatty  ( 2356): uid=1002(bluetooth) com.android.bluetooth expire 1 line
09-01 00:05:37.752 I/chatty  ( 2356): uid=1002(bluetooth) com.android.bluetooth expire 19 lines
09-01 00:05:37.753 I/chatty  ( 2356): uid=1002(bluetooth) com.android.bluetooth expire 7 lines
09-01 00:05:38.409 I/chatty  ( 2356): uid=1002(bluetooth) com.android.bluetooth expire 1 line
09-01 00:05:45.754 I/chatty  ( 2356): uid=1002(bluetooth) com.android.bluetooth expire 3 lines
09-01 00:05:45.755 I/chatty  ( 2356): uid=1002(bluetooth) com.android.bluetooth expire 21 lines
09-01 00:05:45.757 I/chatty  ( 2356): uid=1002(bluetooth) com.android.bluetooth expire 2 lines
09-01 00:05:46.434 D/BluetoothManagerService(  435): BluetoothServiceConnection, disconnected: com.android.bluetooth.btservice.AdapterService
09-01 00:05:46.434 E/BluetoothManagerService(  435): MESSAGE_BLUETOOTH_SERVICE_DISCONNECTED(1)
09-01 00:05:46.434 D/BluetoothManagerService(  435): Broadcasting onBluetoothServiceDown() to 3 receivers.
09-01 00:05:46.435 D/BluetoothAdapter(  435): onBluetoothServiceDown: android.bluetooth.IBluetooth$Stub$Proxy@f4d2329
09-01 00:05:46.435 D/BluetoothAdapter(  635): onBluetoothServiceDown: android.bluetooth.IBluetooth$Stub$Proxy@bb198be
09-01 00:05:46.435 D/BluetoothAdapter(  547): onBluetoothServiceDown: android.bluetooth.IBluetooth$Stub$Proxy@d3b6b5
09-01 00:05:46.435 I/ActivityManager(  435): Process com.android.bluetooth (pid 2356) has died
09-01 00:05:46.435 D/ActivityManager(  435): cleanUpApplicationRecord -- 2356
09-01 00:05:46.435 W/ActivityManager(  435): Scheduling restart of crashed service com.android.bluetooth/.gatt.GattService in 1000ms
09-01 00:05:46.436 W/ActivityManager(  435): Scheduling restart of crashed service com.android.bluetooth/.btservice.AdapterService in 1000ms
09-01 00:05:46.635 D/BluetoothManagerService(  435): MESSAGE_RESTART_BLUETOOTH_SERVICE
09-01 00:05:46.647 I/ActivityManager(  435): Start proc 2387:com.android.bluetooth/1002 for service com.android.bluetooth/.btservice.AdapterService
09-01 00:05:46.730 I/chatty  ( 2387): uid=1002(bluetooth) com.android.bluetooth expire 36 lines
09-01 00:05:46.771 I/chatty  ( 2387): uid=1002(bluetooth) com.android.bluetooth expire 12 lines
09-01 00:05:46.771 I/chatty  ( 2387): uid=1002(bluetooth) com.android.bluetooth expire 39 lines
09-01 00:05:46.773 I/chatty  ( 2387): uid=1002(bluetooth) com.android.bluetooth expire 4 lines
09-01 00:05:46.773 I/chatty  ( 2387): uid=1002(bluetooth) com.android.bluetooth expire 1 line
09-01 00:05:46.774 I/chatty  ( 2387): uid=1002(bluetooth) com.android.bluetooth expire 3 lines
09-01 00:05:46.778 D/BluetoothManagerService(  435): Bluetooth Adapter name changed to AOSP on navi_ref
09-01 00:05:46.778 D/BluetoothManagerService(  435): Stored Bluetooth name: AOSP on navi_ref
09-01 00:05:46.784 D/BluetoothManagerService(  435): BluetoothServiceConnection: com.android.bluetooth.btservice.AdapterService
09-01 00:05:46.784 D/BluetoothManagerService(  435): MESSAGE_BLUETOOTH_SERVICE_CONNECTED: 1
09-01 00:05:46.785 I/chatty  ( 2387): uid=1002(bluetooth) com.android.bluetooth expire 2 lines
09-01 00:05:46.787 D/BluetoothManagerService(  435): Broadcasting onBluetoothServiceUp() to 4 receivers.
09-01 00:05:46.787 D/BluetoothAdapter(  635): onBluetoothServiceUp: android.bluetooth.IBluetooth$Stub$Proxy@81c1d1f
09-01 00:05:46.787 D/BluetoothAdapter(  435): onBluetoothServiceUp: android.bluetooth.IBluetooth$Stub$Proxy@9bb4c12
09-01 00:05:46.787 D/BluetoothAdapter(  547): onBluetoothServiceUp: android.bluetooth.IBluetooth$Stub$Proxy@ce214a
09-01 00:05:46.788 I/chatty  ( 2387): uid=1002(bluetooth) com.android.bluetooth expire 1 line
09-01 00:05:46.789 D/BluetoothManagerService(  435): MESSAGE_BLUETOOTH_STATE_CHANGE: OFF > BLE_TURNING_ON
09-01 00:05:46.789 D/BluetoothManagerService(  435): Sending BLE State Change: OFF > BLE_TURNING_ON
09-01 00:05:46.791 I/chatty  ( 2387): uid=1002(bluetooth) com.android.bluetooth expire 1 line
09-01 00:05:46.807 I/chatty  ( 2387): uid=1002(bluetooth) com.android.bluetooth expire 7 lines
09-01 00:05:47.463 I/chatty  ( 2387): uid=1002(bluetooth) com.android.bluetooth expire 1 line
09-01 00:05:54.810 I/chatty  ( 2387): uid=1002(bluetooth) com.android.bluetooth expire 21 lines
09-01 00:05:54.812 I/chatty  ( 2387): uid=1002(bluetooth) com.android.bluetooth expire 2 lines
09-01 00:05:55.488 I/ActivityManager(  435): Process com.android.bluetooth (pid 2387) has died
09-01 00:05:55.488 D/BluetoothManagerService(  435): BluetoothServiceConnection, disconnected: com.android.bluetooth.btservice.AdapterService
09-01 00:05:55.488 D/ActivityManager(  435): cleanUpApplicationRecord -- 2387
09-01 00:05:55.489 W/ActivityManager(  435): Scheduling restart of crashed service com.android.bluetooth/.gatt.GattService in 1000ms
09-01 00:05:55.489 W/ActivityManager(  435): Scheduling restart of crashed service com.android.bluetooth/.btservice.AdapterService in 1000ms
09-01 00:05:55.490 E/BluetoothManagerService(  435): MESSAGE_BLUETOOTH_SERVICE_DISCONNECTED(1)
09-01 00:05:55.490 D/BluetoothManagerService(  435): Broadcasting onBluetoothServiceDown() to 3 receivers.
09-01 00:05:55.490 D/BluetoothAdapter(  435): onBluetoothServiceDown: android.bluetooth.IBluetooth$Stub$Proxy@9bb4c12
09-01 00:05:55.490 D/BluetoothAdapter(  635): onBluetoothServiceDown: android.bluetooth.IBluetooth$Stub$Proxy@81c1d1f
09-01 00:05:55.491 D/BluetoothAdapter(  547): onBluetoothServiceDown: android.bluetooth.IBluetooth$Stub$Proxy@ce214a
09-01 00:05:55.690 D/BluetoothManagerService(  435): MESSAGE_RESTART_BLUETOOTH_SERVICE
09-01 00:05:55.708 I/ActivityManager(  435): Start proc 2417:com.android.bluetooth/1002 for service com.android.bluetooth/.btservice.AdapterService
09-01 00:05:55.786 I/chatty  ( 2417): uid=1002(bluetooth) com.android.bluetooth expire 13 lines
09-01 00:05:55.827 I/chatty  ( 2417): uid=1002(bluetooth) com.android.bluetooth expire 1 line
09-01 00:05:55.828 I/chatty  ( 2417): uid=1002(bluetooth) com.android.bluetooth expire 18 lines
09-01 00:05:55.829 I/chatty  ( 2417): uid=1002(bluetooth) com.android.bluetooth expire 1 line
09-01 00:05:55.830 I/chatty  ( 2417): uid=1002(bluetooth) com.android.bluetooth expire 1 line
09-01 00:05:55.831 I/chatty  ( 2417): uid=1002(bluetooth) com.android.bluetooth expire 21 lines
09-01 00:05:55.831 I/chatty  ( 2417): uid=1002(bluetooth) com.android.bluetooth expire 3 lines
09-01 00:05:55.831 I/chatty  ( 2417): uid=1002(bluetooth) com.android.bluetooth expire 23 lines
09-01 00:05:55.836 D/BluetoothManagerService(  435): Bluetooth Adapter name changed to AOSP on navi_ref
09-01 00:05:55.836 D/BluetoothManagerService(  435): Stored Bluetooth name: AOSP on navi_ref
09-01 00:05:55.839 D/BluetoothManagerService(  435): BluetoothServiceConnection: com.android.bluetooth.btservice.AdapterService
09-01 00:05:55.839 D/BluetoothManagerService(  435): MESSAGE_BLUETOOTH_SERVICE_CONNECTED: 1
09-01 00:05:55.840 I/chatty  ( 2417): uid=1002(bluetooth) com.android.bluetooth expire 2 lines
09-01 00:05:55.841 D/BluetoothManagerService(  435): Broadcasting onBluetoothServiceUp() to 4 receivers.
09-01 00:05:55.842 D/BluetoothAdapter(  435): onBluetoothServiceUp: android.bluetooth.IBluetooth$Stub$Proxy@56c5f37
09-01 00:05:55.842 D/BluetoothAdapter(  635): onBluetoothServiceUp: android.bluetooth.IBluetooth$Stub$Proxy@9d2086c
09-01 00:05:55.842 D/BluetoothAdapter(  547): onBluetoothServiceUp: android.bluetooth.IBluetooth$Stub$Proxy@f24e8bb
09-01 00:05:55.843 I/chatty  ( 2417): uid=1002(bluetooth) com.android.bluetooth expire 1 line
09-01 00:05:55.843 I/chatty  ( 2417): uid=1002(bluetooth) com.android.bluetooth expire 11 lines
09-01 00:05:55.844 D/BluetoothManagerService(  435): MESSAGE_BLUETOOTH_STATE_CHANGE: OFF > BLE_TURNING_ON
09-01 00:05:55.844 D/BluetoothManagerService(  435): Sending BLE State Change: OFF > BLE_TURNING_ON
09-01 00:05:55.846 I/chatty  ( 2417): uid=1002(bluetooth) com.android.bluetooth expire 1 line
09-01 00:05:55.862 I/chatty  ( 2417): uid=1002(bluetooth) com.android.bluetooth expire 7 lines
09-01 00:05:56.519 I/chatty  ( 2417): uid=1002(bluetooth) com.android.bluetooth expire 1 line
09-01 00:06:03.864 I/chatty  ( 2417): uid=1002(bluetooth) com.android.bluetooth expire 3 lines
09-01 00:06:03.865 I/chatty  ( 2417): uid=1002(bluetooth) com.android.bluetooth expire 21 lines
09-01 00:06:03.867 I/chatty  ( 2417): uid=1002(bluetooth) com.android.bluetooth expire 2 lines
09-01 00:06:04.544 I/ActivityManager(  435): Process com.android.bluetooth (pid 2417) has died
09-01 00:06:04.544 D/ActivityManager(  435): cleanUpApplicationRecord -- 2417
09-01 00:06:04.544 W/ActivityManager(  435): Scheduling restart of crashed service com.android.bluetooth/.gatt.GattService in 1000ms
09-01 00:06:04.544 W/ActivityManager(  435): Scheduling restart of crashed service com.android.bluetooth/.btservice.AdapterService in 1000ms
09-01 00:06:04.546 D/BluetoothManagerService(  435): BluetoothServiceConnection, disconnected: com.android.bluetooth.btservice.AdapterService
09-01 00:06:04.546 E/BluetoothManagerService(  435): MESSAGE_BLUETOOTH_SERVICE_DISCONNECTED(1)
09-01 00:06:04.546 D/BluetoothManagerService(  435): Broadcasting onBluetoothServiceDown() to 3 receivers.
09-01 00:06:04.546 D/BluetoothAdapter(  435): onBluetoothServiceDown: android.bluetooth.IBluetooth$Stub$Proxy@56c5f37
09-01 00:06:04.546 D/BluetoothAdapter(  635): onBluetoothServiceDown: android.bluetooth.IBluetooth$Stub$Proxy@9d2086c
09-01 00:06:04.546 D/BluetoothAdapter(  547): onBluetoothServiceDown: android.bluetooth.IBluetooth$Stub$Proxy@f24e8bb
09-01 00:06:04.745 D/BluetoothManagerService(  435): MESSAGE_RESTART_BLUETOOTH_SERVICE
09-01 00:06:04.757 I/ActivityManager(  435): Start proc 2447:com.android.bluetooth/1002 for service com.android.bluetooth/.btservice.AdapterService
09-01 00:06:04.838 I/chatty  ( 2447): uid=1002(bluetooth) com.android.bluetooth expire 36 lines
09-01 00:06:04.878 I/chatty  ( 2447): uid=1002(bluetooth) com.android.bluetooth expire 12 lines
09-01 00:06:04.879 I/chatty  ( 2447): uid=1002(bluetooth) com.android.bluetooth expire 39 lines
09-01 00:06:04.881 I/chatty  ( 2447): uid=1002(bluetooth) com.android.bluetooth expire 4 lines
09-01 00:06:04.881 I/chatty  ( 2447): uid=1002(bluetooth) com.android.bluetooth expire 1 line
09-01 00:06:04.882 I/chatty  ( 2447): uid=1002(bluetooth) com.android.bluetooth expire 3 lines
09-01 00:06:04.887 D/BluetoothManagerService(  435): Bluetooth Adapter name changed to AOSP on navi_ref
09-01 00:06:04.887 D/BluetoothManagerService(  435): Stored Bluetooth name: AOSP on navi_ref
09-01 00:06:04.890 D/BluetoothManagerService(  435): BluetoothServiceConnection: com.android.bluetooth.btservice.AdapterService
09-01 00:06:04.891 D/BluetoothManagerService(  435): MESSAGE_BLUETOOTH_SERVICE_CONNECTED: 1
09-01 00:06:04.892 I/chatty  ( 2447): uid=1002(bluetooth) com.android.bluetooth expire 2 lines
09-01 00:06:04.893 D/BluetoothManagerService(  435): Broadcasting onBluetoothServiceUp() to 4 receivers.
09-01 00:06:04.894 D/BluetoothAdapter(  435): onBluetoothServiceUp: android.bluetooth.IBluetooth$Stub$Proxy@6b06028
09-01 00:06:04.894 D/BluetoothAdapter(  635): onBluetoothServiceUp: android.bluetooth.IBluetooth$Stub$Proxy@c86ae35
09-01 00:06:04.894 D/BluetoothAdapter(  547): onBluetoothServiceUp: android.bluetooth.IBluetooth$Stub$Proxy@d4241d8
09-01 00:06:04.895 I/chatty  ( 2447): uid=1002(bluetooth) com.android.bluetooth expire 1 line
09-01 00:06:04.895 D/BluetoothManagerService(  435): MESSAGE_BLUETOOTH_STATE_CHANGE: OFF > BLE_TURNING_ON
09-01 00:06:04.896 D/BluetoothManagerService(  435): Sending BLE State Change: OFF > BLE_TURNING_ON
09-01 00:06:04.898 I/chatty  ( 2447): uid=1002(bluetooth) com.android.bluetooth expire 1 line
09-01 00:06:04.914 I/chatty  ( 2447): uid=1002(bluetooth) com.android.bluetooth expire 7 lines
09-01 00:06:05.571 I/chatty  ( 2447): uid=1002(bluetooth) com.android.bluetooth expire 1 line
09-01 00:06:12.917 I/chatty  ( 2447): uid=1002(bluetooth) com.android.bluetooth expire 21 lines
09-01 00:06:12.919 I/chatty  ( 2447): uid=1002(bluetooth) com.android.bluetooth expire 2 lines
09-01 00:06:13.595 I/ActivityManager(  435): Process com.android.bluetooth (pid 2447) has died
09-01 00:06:13.595 D/ActivityManager(  435): cleanUpApplicationRecord -- 2447
09-01 00:06:13.596 D/BluetoothManagerService(  435): BluetoothServiceConnection, disconnected: com.android.bluetooth.btservice.AdapterService
09-01 00:06:13.596 W/ActivityManager(  435): Scheduling restart of crashed service com.android.bluetooth/.gatt.GattService in 1000ms
09-01 00:06:13.596 E/BluetoothManagerService(  435): MESSAGE_BLUETOOTH_SERVICE_DISCONNECTED(1)
09-01 00:06:13.596 D/BluetoothManagerService(  435): Broadcasting onBluetoothServiceDown() to 3 receivers.
09-01 00:06:13.596 W/ActivityManager(  435): Scheduling restart of crashed service com.android.bluetooth/.btservice.AdapterService in 1000ms
09-01 00:06:13.596 D/BluetoothAdapter(  435): onBluetoothServiceDown: android.bluetooth.IBluetooth$Stub$Proxy@6b06028
09-01 00:06:13.596 D/BluetoothAdapter(  547): onBluetoothServiceDown: android.bluetooth.IBluetooth$Stub$Proxy@d4241d8
09-01 00:06:13.597 D/BluetoothAdapter(  635): onBluetoothServiceDown: android.bluetooth.IBluetooth$Stub$Proxy@c86ae35
09-01 00:06:13.796 D/BluetoothManagerService(  435): MESSAGE_RESTART_BLUETOOTH_SERVICE
09-01 00:06:13.814 I/ActivityManager(  435): Start proc 2477:com.android.bluetooth/1002 for service com.android.bluetooth/.btservice.AdapterService
09-01 00:06:13.891 I/chatty  ( 2477): uid=1002(bluetooth) com.android.bluetooth expire 13 lines
09-01 00:06:13.933 I/chatty  ( 2477): uid=1002(bluetooth) com.android.bluetooth expire 1 line
09-01 00:06:13.933 I/chatty  ( 2477): uid=1002(bluetooth) com.android.bluetooth expire 13 lines
09-01 00:06:13.935 I/chatty  ( 2477): uid=1002(bluetooth) com.android.bluetooth expire 1 line
09-01 00:06:13.935 I/chatty  ( 2477): uid=1002(bluetooth) com.android.bluetooth expire 1 line
09-01 00:06:13.935 I/chatty  ( 2477): uid=1002(bluetooth) com.android.bluetooth expire 26 lines
09-01 00:06:13.936 I/chatty  ( 2477): uid=1002(bluetooth) com.android.bluetooth expire 3 lines
09-01 00:06:13.936 I/chatty  ( 2477): uid=1002(bluetooth) com.android.bluetooth expire 23 lines
09-01 00:06:13.940 D/BluetoothManagerService(  435): Bluetooth Adapter name changed to AOSP on navi_ref
09-01 00:06:13.941 D/BluetoothManagerService(  435): Stored Bluetooth name: AOSP on navi_ref
09-01 00:06:13.944 D/BluetoothManagerService(  435): BluetoothServiceConnection: com.android.bluetooth.btservice.AdapterService
09-01 00:06:13.944 D/BluetoothManagerService(  435): MESSAGE_BLUETOOTH_SERVICE_CONNECTED: 1
09-01 00:06:13.945 I/chatty  ( 2477): uid=1002(bluetooth) com.android.bluetooth expire 2 lines
09-01 00:06:13.947 D/BluetoothManagerService(  435): Broadcasting onBluetoothServiceUp() to 4 receivers.
09-01 00:06:13.947 D/BluetoothAdapter(  635): onBluetoothServiceUp: android.bluetooth.IBluetooth$Stub$Proxy@6a82ca
09-01 00:06:13.947 D/BluetoothAdapter(  435): onBluetoothServiceUp: android.bluetooth.IBluetooth$Stub$Proxy@e308235
09-01 00:06:13.947 D/BluetoothAdapter(  547): onBluetoothServiceUp: android.bluetooth.IBluetooth$Stub$Proxy@a560931
09-01 00:06:13.948 I/chatty  ( 2477): uid=1002(bluetooth) com.android.bluetooth expire 1 line
09-01 00:06:13.948 I/chatty  ( 2477): uid=1002(bluetooth) com.android.bluetooth expire 11 lines
09-01 00:06:13.949 D/BluetoothManagerService(  435): MESSAGE_BLUETOOTH_STATE_CHANGE: OFF > BLE_TURNING_ON
09-01 00:06:13.949 D/BluetoothManagerService(  435): Sending BLE State Change: OFF > BLE_TURNING_ON
09-01 00:06:13.951 I/chatty  ( 2477): uid=1002(bluetooth) com.android.bluetooth expire 1 line
09-01 00:06:13.967 I/chatty  ( 2477): uid=1002(bluetooth) com.android.bluetooth expire 7 lines
09-01 00:06:14.624 I/chatty  ( 2477): uid=1002(bluetooth) com.android.bluetooth expire 1 line
09-01 00:06:21.969 I/chatty  ( 2477): uid=1002(bluetooth) com.android.bluetooth expire 3 lines
09-01 00:06:21.970 I/chatty  ( 2477): uid=1002(bluetooth) com.android.bluetooth expire 21 lines
09-01 00:06:21.973 I/chatty  ( 2477): uid=1002(bluetooth) com.android.bluetooth expire 2 lines
09-01 00:06:22.649 I/ActivityManager(  435): Process com.android.bluetooth (pid 2477) has died
09-01 00:06:22.649 D/ActivityManager(  435): cleanUpApplicationRecord -- 2477
09-01 00:06:22.649 D/BluetoothManagerService(  435): BluetoothServiceConnection, disconnected: com.android.bluetooth.btservice.AdapterService
09-01 00:06:22.649 W/ActivityManager(  435): Scheduling restart of crashed service com.android.bluetooth/.gatt.GattService in 1000ms
09-01 00:06:22.649 E/BluetoothManagerService(  435): MESSAGE_BLUETOOTH_SERVICE_DISCONNECTED(1)
09-01 00:06:22.649 D/BluetoothManagerService(  435): Broadcasting onBluetoothServiceDown() to 3 receivers.
09-01 00:06:22.650 W/ActivityManager(  435): Scheduling restart of crashed service com.android.bluetooth/.btservice.AdapterService in 1000ms
09-01 00:06:22.650 D/BluetoothAdapter(  435): onBluetoothServiceDown: android.bluetooth.IBluetooth$Stub$Proxy@e308235
09-01 00:06:22.650 D/BluetoothAdapter(  547): onBluetoothServiceDown: android.bluetooth.IBluetooth$Stub$Proxy@a560931
09-01 00:06:22.651 D/BluetoothAdapter(  635): onBluetoothServiceDown: android.bluetooth.IBluetooth$Stub$Proxy@6a82ca
09-01 00:06:22.850 D/BluetoothManagerService(  435): MESSAGE_RESTART_BLUETOOTH_SERVICE
09-01 00:06:22.862 I/ActivityManager(  435): Start proc 2508:com.android.bluetooth/1002 for service com.android.bluetooth/.btservice.AdapterService
09-01 00:06:22.946 I/chatty  ( 2508): uid=1002(bluetooth) com.android.bluetooth expire 36 lines
09-01 00:06:22.988 I/chatty  ( 2508): uid=1002(bluetooth) com.android.bluetooth expire 12 lines
09-01 00:06:22.988 I/chatty  ( 2508): uid=1002(bluetooth) com.android.bluetooth expire 39 lines
09-01 00:06:22.990 I/chatty  ( 2508): uid=1002(bluetooth) com.android.bluetooth expire 4 lines
09-01 00:06:22.990 I/chatty  ( 2508): uid=1002(bluetooth) com.android.bluetooth expire 1 line
09-01 00:06:22.991 I/chatty  ( 2508): uid=1002(bluetooth) com.android.bluetooth expire 3 lines
09-01 00:06:22.995 D/BluetoothManagerService(  435): Bluetooth Adapter name changed to AOSP on navi_ref
09-01 00:06:22.996 D/BluetoothManagerService(  435): Stored Bluetooth name: AOSP on navi_ref
09-01 00:06:22.999 D/BluetoothManagerService(  435): BluetoothServiceConnection: com.android.bluetooth.btservice.AdapterService
09-01 00:06:22.999 D/BluetoothManagerService(  435): MESSAGE_BLUETOOTH_SERVICE_CONNECTED: 1
09-01 00:06:23.000 I/chatty  ( 2508): uid=1002(bluetooth) com.android.bluetooth expire 3 lines
09-01 00:06:23.001 D/BluetoothManagerService(  435): Broadcasting onBluetoothServiceUp() to 4 receivers.
09-01 00:06:23.002 D/BluetoothAdapter(  435): onBluetoothServiceUp: android.bluetooth.IBluetooth$Stub$Proxy@fa400f
09-01 00:06:23.002 D/BluetoothAdapter(  547): onBluetoothServiceUp: android.bluetooth.IBluetooth$Stub$Proxy@a550816
09-01 00:06:23.002 D/BluetoothAdapter(  635): onBluetoothServiceUp: android.bluetooth.IBluetooth$Stub$Proxy@36f6c3b
09-01 00:06:23.003 D/BluetoothManagerService(  435): MESSAGE_BLUETOOTH_STATE_CHANGE: OFF > BLE_TURNING_ON
09-01 00:06:23.003 D/BluetoothManagerService(  435): Sending BLE State Change: OFF > BLE_TURNING_ON
09-01 00:06:23.006 I/chatty  ( 2508): uid=1002(bluetooth) com.android.bluetooth expire 1 line
09-01 00:06:23.022 I/chatty  ( 2508): uid=1002(bluetooth) com.android.bluetooth expire 7 lines
09-01 00:06:23.679 I/chatty  ( 2508): uid=1002(bluetooth) com.android.bluetooth expire 1 line
09-01 00:06:31.024 I/chatty  ( 2508): uid=1002(bluetooth) com.android.bluetooth expire 21 lines
09-01 00:06:31.026 I/chatty  ( 2508): uid=1002(bluetooth) com.android.bluetooth expire 2 lines
09-01 00:06:31.704 I/ActivityManager(  435): Process com.android.bluetooth (pid 2508) has died
09-01 00:06:31.704 D/ActivityManager(  435): cleanUpApplicationRecord -- 2508
09-01 00:06:31.704 D/BluetoothManagerService(  435): BluetoothServiceConnection, disconnected: com.android.bluetooth.btservice.AdapterService
09-01 00:06:31.704 W/ActivityManager(  435): Scheduling restart of crashed service com.android.bluetooth/.btservice.AdapterService in 1000ms
09-01 00:06:31.704 E/BluetoothManagerService(  435): MESSAGE_BLUETOOTH_SERVICE_DISCONNECTED(1)
09-01 00:06:31.704 D/BluetoothManagerService(  435): Broadcasting onBluetoothServiceDown() to 3 receivers.
09-01 00:06:31.704 W/ActivityManager(  435): Scheduling restart of crashed service com.android.bluetooth/.gatt.GattService in 11000ms
09-01 00:06:31.705 D/BluetoothAdapter(  435): onBluetoothServiceDown: android.bluetooth.IBluetooth$Stub$Proxy@fa400f
09-01 00:06:31.705 D/BluetoothAdapter(  547): onBluetoothServiceDown: android.bluetooth.IBluetooth$Stub$Proxy@a550816
09-01 00:06:31.706 D/BluetoothAdapter(  635): onBluetoothServiceDown: android.bluetooth.IBluetooth$Stub$Proxy@36f6c3b
09-01 00:06:31.905 D/BluetoothManagerService(  435): MESSAGE_RESTART_BLUETOOTH_SERVICE
09-01 00:06:31.917 I/ActivityManager(  435): Start proc 2538:com.android.bluetooth/1002 for service com.android.bluetooth/.btservice.AdapterService
09-01 00:06:31.999 I/chatty  ( 2538): uid=1002(bluetooth) com.android.bluetooth expire 13 lines
09-01 00:06:32.040 I/chatty  ( 2538): uid=1002(bluetooth) com.android.bluetooth expire 1 line
09-01 00:06:32.040 I/chatty  ( 2538): uid=1002(bluetooth) com.android.bluetooth expire 39 lines
09-01 00:06:32.042 I/chatty  ( 2538): uid=1002(bluetooth) com.android.bluetooth expire 4 lines
09-01 00:06:32.042 I/chatty  ( 2538): uid=1002(bluetooth) com.android.bluetooth expire 1 line
09-01 00:06:32.043 I/chatty  ( 2538): uid=1002(bluetooth) com.android.bluetooth expire 3 lines
09-01 00:06:32.044 I/chatty  ( 2538): uid=1002(bluetooth) com.android.bluetooth expire 23 lines
09-01 00:06:32.047 D/BluetoothManagerService(  435): Bluetooth Adapter name changed to AOSP on navi_ref
09-01 00:06:32.048 D/BluetoothManagerService(  435): Stored Bluetooth name: AOSP on navi_ref
09-01 00:06:32.051 D/BluetoothManagerService(  435): BluetoothServiceConnection: com.android.bluetooth.btservice.AdapterService
09-01 00:06:32.051 D/BluetoothManagerService(  435): MESSAGE_BLUETOOTH_SERVICE_CONNECTED: 1
09-01 00:06:32.052 I/chatty  ( 2538): uid=1002(bluetooth) com.android.bluetooth expire 2 lines
09-01 00:06:32.054 D/BluetoothManagerService(  435): Broadcasting onBluetoothServiceUp() to 4 receivers.
09-01 00:06:32.054 D/BluetoothAdapter(  635): onBluetoothServiceUp: android.bluetooth.IBluetooth$Stub$Proxy@a0d3f58
09-01 00:06:32.054 D/BluetoothAdapter(  435): onBluetoothServiceUp: android.bluetooth.IBluetooth$Stub$Proxy@74baaa0
09-01 00:06:32.054 D/BluetoothAdapter(  547): onBluetoothServiceUp: android.bluetooth.IBluetooth$Stub$Proxy@5af5597
09-01 00:06:32.055 I/chatty  ( 2538): uid=1002(bluetooth) com.android.bluetooth expire 1 line
09-01 00:06:32.055 I/chatty  ( 2538): uid=1002(bluetooth) com.android.bluetooth expire 11 lines
09-01 00:06:32.056 D/BluetoothManagerService(  435): MESSAGE_BLUETOOTH_STATE_CHANGE: OFF > BLE_TURNING_ON
09-01 00:06:32.056 D/BluetoothManagerService(  435): Sending BLE State Change: OFF > BLE_TURNING_ON
09-01 00:06:32.058 I/chatty  ( 2538): uid=1002(bluetooth) com.android.bluetooth expire 1 line
09-01 00:06:32.075 I/chatty  ( 2538): uid=1002(bluetooth) com.android.bluetooth expire 7 lines
09-01 00:06:32.731 I/chatty  ( 2538): uid=1002(bluetooth) com.android.bluetooth expire 1 line
09-01 00:06:40.077 I/chatty  ( 2538): uid=1002(bluetooth) com.android.bluetooth expire 21 lines
09-01 00:06:40.079 I/chatty  ( 2538): uid=1002(bluetooth) com.android.bluetooth expire 2 lines
09-01 00:06:40.756 I/ActivityManager(  435): Process com.android.bluetooth (pid 2538) has died
09-01 00:06:40.756 D/ActivityManager(  435): cleanUpApplicationRecord -- 2538
09-01 00:06:40.756 D/BluetoothManagerService(  435): BluetoothServiceConnection, disconnected: com.android.bluetooth.btservice.AdapterService
09-01 00:06:40.756 W/ActivityManager(  435): Scheduling restart of crashed service com.android.bluetooth/.btservice.AdapterService in 1000ms
09-01 00:06:40.756 W/ActivityManager(  435): Scheduling restart of crashed service com.android.bluetooth/.gatt.GattService in 11000ms
09-01 00:06:40.758 E/BluetoothManagerService(  435): MESSAGE_BLUETOOTH_SERVICE_DISCONNECTED(1)
09-01 00:06:40.758 D/BluetoothManagerService(  435): Broadcasting onBluetoothServiceDown() to 3 receivers.
09-01 00:06:40.758 D/BluetoothAdapter(  435): onBluetoothServiceDown: android.bluetooth.IBluetooth$Stub$Proxy@74baaa0
09-01 00:06:40.758 D/BluetoothAdapter(  635): onBluetoothServiceDown: android.bluetooth.IBluetooth$Stub$Proxy@a0d3f58
09-01 00:06:40.758 D/BluetoothAdapter(  547): onBluetoothServiceDown: android.bluetooth.IBluetooth$Stub$Proxy@5af5597
09-01 00:06:40.957 D/BluetoothManagerService(  435): MESSAGE_RESTART_BLUETOOTH_SERVICE
09-01 00:06:40.976 I/ActivityManager(  435): Start proc 2569:com.android.bluetooth/1002 for service com.android.bluetooth/.btservice.AdapterService
09-01 00:06:41.054 I/chatty  ( 2569): uid=1002(bluetooth) com.android.bluetooth expire 36 lines
09-01 00:06:41.096 I/chatty  ( 2569): uid=1002(bluetooth) com.android.bluetooth expire 39 lines
09-01 00:06:41.096 I/chatty  ( 2569): uid=1002(bluetooth) com.android.bluetooth expire 12 lines
09-01 00:06:41.098 I/chatty  ( 2569): uid=1002(bluetooth) com.android.bluetooth expire 4 lines
09-01 00:06:41.098 I/chatty  ( 2569): uid=1002(bluetooth) com.android.bluetooth expire 1 line
09-01 00:06:41.099 I/chatty  ( 2569): uid=1002(bluetooth) com.android.bluetooth expire 3 lines
09-01 00:06:41.104 D/BluetoothManagerService(  435): Bluetooth Adapter name changed to AOSP on navi_ref
09-01 00:06:41.104 D/BluetoothManagerService(  435): Stored Bluetooth name: AOSP on navi_ref
09-01 00:06:41.108 D/BluetoothManagerService(  435): BluetoothServiceConnection: com.android.bluetooth.btservice.AdapterService
09-01 00:06:41.108 D/BluetoothManagerService(  435): MESSAGE_BLUETOOTH_SERVICE_CONNECTED: 1
09-01 00:06:41.109 I/chatty  ( 2569): uid=1002(bluetooth) com.android.bluetooth expire 2 lines
09-01 00:06:41.110 D/BluetoothManagerService(  435): Broadcasting onBluetoothServiceUp() to 4 receivers.
09-01 00:06:41.111 D/BluetoothAdapter(  635): onBluetoothServiceUp: android.bluetooth.IBluetooth$Stub$Proxy@700f8b1
09-01 00:06:41.111 D/BluetoothAdapter(  435): onBluetoothServiceUp: android.bluetooth.IBluetooth$Stub$Proxy@693bcd
09-01 00:06:41.111 D/BluetoothAdapter(  547): onBluetoothServiceUp: android.bluetooth.IBluetooth$Stub$Proxy@185a384
09-01 00:06:41.112 I/chatty  ( 2569): uid=1002(bluetooth) com.android.bluetooth expire 1 line
09-01 00:06:41.113 D/BluetoothManagerService(  435): MESSAGE_BLUETOOTH_STATE_CHANGE: OFF > BLE_TURNING_ON
09-01 00:06:41.113 D/BluetoothManagerService(  435): Sending BLE State Change: OFF > BLE_TURNING_ON
09-01 00:06:41.115 I/chatty  ( 2569): uid=1002(bluetooth) com.android.bluetooth expire 1 line
