09-01 00:09:17.764 I/ActivityManager(  435): Start proc 3000:com.android.bluetooth/1002 for service com.android.bluetooth/.btservice.AdapterService
09-01 00:09:17.845 I/chatty  ( 3000): uid=1002(bluetooth) com.android.bluetooth expire 36 lines
09-01 00:09:17.886 I/chatty  ( 3000): uid=1002(bluetooth) com.android.bluetooth expire 12 lines
09-01 00:09:17.887 I/chatty  ( 3000): uid=1002(bluetooth) com.android.bluetooth expire 39 lines
09-01 00:09:17.888 I/chatty  ( 3000): uid=1002(bluetooth) com.android.bluetooth expire 2 lines
09-01 00:09:17.889 I/chatty  ( 3000): uid=1002(bluetooth) com.android.bluetooth expire 1 line
09-01 00:09:17.890 I/chatty  ( 3000): uid=1002(bluetooth) com.android.bluetooth expire 3 lines
09-01 00:09:17.894 D/BluetoothManagerService(  435): Bluetooth Adapter name changed to AOSP on navi_ref
09-01 00:09:17.895 D/BluetoothManagerService(  435): Stored Bluetooth name: AOSP on navi_ref
09-01 00:09:17.898 D/BluetoothManagerService(  435): BluetoothServiceConnection: com.android.bluetooth.btservice.AdapterService
09-01 00:09:17.898 D/BluetoothManagerService(  435): MESSAGE_BLUETOOTH_SERVICE_CONNECTED: 1
09-01 00:09:17.899 I/chatty  ( 3000): uid=1002(bluetooth) com.android.bluetooth expire 2 lines
09-01 00:09:17.900 D/BluetoothManagerService(  435): Broadcasting onBluetoothServiceUp() to 4 receivers.
09-01 00:09:17.900 D/BluetoothAdapter(  435): onBluetoothServiceUp: android.bluetooth.IBluetooth$Stub$Proxy@6a93210
09-01 00:09:17.901 D/BluetoothAdapter(  635): onBluetoothServiceUp: android.bluetooth.IBluetooth$Stub$Proxy@90fda2b
09-01 00:09:17.901 D/BluetoothAdapter(  547): onBluetoothServiceUp: android.bluetooth.IBluetooth$Stub$Proxy@6bda2c6
09-01 00:09:17.902 I/chatty  ( 3000): uid=1002(bluetooth) com.android.bluetooth expire 1 line
09-01 00:09:17.903 D/BluetoothManagerService(  435): MESSAGE_BLUETOOTH_STATE_CHANGE: OFF > BLE_TURNING_ON
09-01 00:09:17.903 D/BluetoothManagerService(  435): Sending BLE State Change: OFF > BLE_TURNING_ON
09-01 00:09:17.905 I/chatty  ( 3000): uid=1002(bluetooth) com.android.bluetooth expire 1 line
09-01 00:09:17.921 I/chatty  ( 3000): uid=1002(bluetooth) com.android.bluetooth expire 7 lines
09-01 00:09:18.578 I/chatty  ( 3000): uid=1002(bluetooth) com.android.bluetooth expire 1 line
09-01 00:09:25.924 I/chatty  ( 3000): uid=1002(bluetooth) com.android.bluetooth expire 21 lines
09-01 00:09:25.926 I/chatty  ( 3000): uid=1002(bluetooth) com.android.bluetooth expire 2 lines
09-01 00:09:26.580 I/chatty  ( 3000): uid=1002(bluetooth) com.android.bluetooth expire 2 lines
09-01 00:09:26.603 D/BluetoothManagerService(  435): BluetoothServiceConnection, disconnected: com.android.bluetooth.btservice.AdapterService
09-01 00:09:26.603 E/BluetoothManagerService(  435): MESSAGE_BLUETOOTH_SERVICE_DISCONNECTED(1)
09-01 00:09:26.603 D/BluetoothManagerService(  435): Broadcasting onBluetoothServiceDown() to 3 receivers.
09-01 00:09:26.603 I/ActivityManager(  435): Process com.android.bluetooth (pid 3000) has died
09-01 00:09:26.603 D/ActivityManager(  435): cleanUpApplicationRecord -- 3000
09-01 00:09:26.604 D/BluetoothAdapter(  635): onBluetoothServiceDown: android.bluetooth.IBluetooth$Stub$Proxy@90fda2b
09-01 00:09:26.604 W/ActivityManager(  435): Scheduling restart of crashed service com.android.bluetooth/.btservice.AdapterService in 1000ms
09-01 00:09:26.604 W/ActivityManager(  435): Scheduling restart of crashed service com.android.bluetooth/.gatt.GattService in 11000ms
09-01 00:09:26.604 D/BluetoothAdapter(  435): onBluetoothServiceDown: android.bluetooth.IBluetooth$Stub$Proxy@6a93210
09-01 00:09:26.605 D/BluetoothAdapter(  547): onBluetoothServiceDown: android.bluetooth.IBluetooth$Stub$Proxy@6bda2c6
09-01 00:09:26.803 D/BluetoothManagerService(  435): MESSAGE_RESTART_BLUETOOTH_SERVICE
09-01 00:09:26.814 I/ActivityManager(  435): Start proc 3030:com.android.bluetooth/1002 for service com.android.bluetooth/.btservice.AdapterService
09-01 00:09:26.897 I/chatty  ( 3030): uid=1002(bluetooth) com.android.bluetooth expire 36 lines
09-01 00:09:26.938 I/chatty  ( 3030): uid=1002(bluetooth) com.android.bluetooth expire 12 lines
09-01 00:09:26.939 I/chatty  ( 3030): uid=1002(bluetooth) com.android.bluetooth expire 39 lines
09-01 00:09:26.940 I/chatty  ( 3030): uid=1002(bluetooth) com.android.bluetooth expire 4 lines
09-01 00:09:26.941 I/chatty  ( 3030): uid=1002(bluetooth) com.android.bluetooth expire 1 line
09-01 00:09:26.942 I/chatty  ( 3030): uid=1002(bluetooth) com.android.bluetooth expire 3 lines
09-01 00:09:26.948 D/BluetoothManagerService(  435): Bluetooth Adapter name changed to AOSP on navi_ref
09-01 00:09:26.948 D/BluetoothManagerService(  435): Stored Bluetooth name: AOSP on navi_ref
09-01 00:09:26.950 D/BluetoothManagerService(  435): BluetoothServiceConnection: com.android.bluetooth.btservice.AdapterService
09-01 00:09:26.951 D/BluetoothManagerService(  435): MESSAGE_BLUETOOTH_SERVICE_CONNECTED: 1
09-01 00:09:26.951 I/chatty  ( 3030): uid=1002(bluetooth) com.android.bluetooth expire 2 lines
09-01 00:09:26.953 D/BluetoothManagerService(  435): Broadcasting onBluetoothServiceUp() to 4 receivers.
09-01 00:09:26.953 D/BluetoothAdapter(  435): onBluetoothServiceUp: android.bluetooth.IBluetooth$Stub$Proxy@477077d
09-01 00:09:26.953 D/BluetoothAdapter(  547): onBluetoothServiceUp: android.bluetooth.IBluetooth$Stub$Proxy@17ad287
09-01 00:09:26.954 D/BluetoothAdapter(  635): onBluetoothServiceUp: android.bluetooth.IBluetooth$Stub$Proxy@87b2e88
09-01 00:09:26.954 I/chatty  ( 3030): uid=1002(bluetooth) com.android.bluetooth expire 1 line
09-01 00:09:26.955 D/BluetoothManagerService(  435): MESSAGE_BLUETOOTH_STATE_CHANGE: OFF > BLE_TURNING_ON
09-01 00:09:26.955 D/BluetoothManagerService(  435): Sending BLE State Change: OFF > BLE_TURNING_ON
09-01 00:09:26.957 I/chatty  ( 3030): uid=1002(bluetooth) com.android.bluetooth expire 1 line
09-01 00:09:26.974 I/chatty  ( 3030): uid=1002(bluetooth) com.android.bluetooth expire 7 lines
09-01 00:09:27.630 I/chatty  ( 3030): uid=1002(bluetooth) com.android.bluetooth expire 1 line
09-01 00:09:34.976 I/chatty  ( 3030): uid=1002(bluetooth) com.android.bluetooth expire 21 lines
09-01 00:09:34.978 I/chatty  ( 3030): uid=1002(bluetooth) com.android.bluetooth expire 2 lines
09-01 00:09:35.655 D/BluetoothManagerService(  435): BluetoothServiceConnection, disconnected: com.android.bluetooth.btservice.AdapterService
09-01 00:09:35.655 I/ActivityManager(  435): Process com.android.bluetooth (pid 3030) has died
09-01 00:09:35.655 D/ActivityManager(  435): cleanUpApplicationRecord -- 3030
09-01 00:09:35.655 W/ActivityManager(  435): Scheduling restart of crashed service com.android.bluetooth/.btservice.AdapterService in 1000ms
09-01 00:09:35.656 W/ActivityManager(  435): Scheduling restart of crashed service com.android.bluetooth/.gatt.GattService in 11000ms
09-01 00:09:35.656 E/BluetoothManagerService(  435): MESSAGE_BLUETOOTH_SERVICE_DISCONNECTED(1)
09-01 00:09:35.656 D/BluetoothManagerService(  435): Broadcasting onBluetoothServiceDown() to 3 receivers.
09-01 00:09:35.656 D/BluetoothAdapter(  435): onBluetoothServiceDown: android.bluetooth.IBluetooth$Stub$Proxy@477077d
09-01 00:09:35.657 D/BluetoothAdapter(  635): onBluetoothServiceDown: android.bluetooth.IBluetooth$Stub$Proxy@87b2e88
09-01 00:09:35.657 D/BluetoothAdapter(  547): onBluetoothServiceDown: android.bluetooth.IBluetooth$Stub$Proxy@17ad287
09-01 00:09:35.857 D/BluetoothManagerService(  435): MESSAGE_RESTART_BLUETOOTH_SERVICE
09-01 00:09:35.874 I/ActivityManager(  435): Start proc 3060:com.android.bluetooth/1002 for service com.android.bluetooth/.btservice.AdapterService
09-01 00:09:35.953 I/chatty  ( 3060): uid=1002(bluetooth) com.android.bluetooth expire 36 lines
09-01 00:09:35.994 I/chatty  ( 3060): uid=1002(bluetooth) com.android.bluetooth expire 12 lines
09-01 00:09:35.994 I/chatty  ( 3060): uid=1002(bluetooth) com.android.bluetooth expire 39 lines
09-01 00:09:35.996 I/chatty  ( 3060): uid=1002(bluetooth) com.android.bluetooth expire 2 lines
09-01 00:09:35.997 I/chatty  ( 3060): uid=1002(bluetooth) com.android.bluetooth expire 1 line
09-01 00:09:35.998 I/chatty  ( 3060): uid=1002(bluetooth) com.android.bluetooth expire 3 lines
09-01 00:09:36.003 D/BluetoothManagerService(  435): Bluetooth Adapter name changed to AOSP on navi_ref
09-01 00:09:36.003 D/BluetoothManagerService(  435): Stored Bluetooth name: AOSP on navi_ref
09-01 00:09:36.006 D/BluetoothManagerService(  435): BluetoothServiceConnection: com.android.bluetooth.btservice.AdapterService
09-01 00:09:36.007 D/BluetoothManagerService(  435): MESSAGE_BLUETOOTH_SERVICE_CONNECTED: 1
09-01 00:09:36.008 I/chatty  ( 3060): uid=1002(bluetooth) com.android.bluetooth expire 2 lines
09-01 00:09:36.009 D/BluetoothManagerService(  435): Broadcasting onBluetoothServiceUp() to 4 receivers.
09-01 00:09:36.010 D/BluetoothAdapter(  635): onBluetoothServiceUp: android.bluetooth.IBluetooth$Stub$Proxy@9d07021
09-01 00:09:36.010 D/BluetoothAdapter(  435): onBluetoothServiceUp: android.bluetooth.IBluetooth$Stub$Proxy@a12d096
09-01 00:09:36.010 D/BluetoothAdapter(  547): onBluetoothServiceUp: android.bluetooth.IBluetooth$Stub$Proxy@8daf5b4
09-01 00:09:36.010 I/chatty  ( 3060): uid=1002(bluetooth) com.android.bluetooth expire 1 line
09-01 00:09:36.012 D/BluetoothManagerService(  435): MESSAGE_BLUETOOTH_STATE_CHANGE: OFF > BLE_TURNING_ON
09-01 00:09:36.012 D/BluetoothManagerService(  435): Sending BLE State Change: OFF > BLE_TURNING_ON
09-01 00:09:36.014 I/chatty  ( 3060): uid=1002(bluetooth) com.android.bluetooth expire 1 line
09-01 00:09:36.030 I/chatty  ( 3060): uid=1002(bluetooth) com.android.bluetooth expire 7 lines
09-01 00:09:36.686 I/chatty  ( 3060): uid=1002(bluetooth) com.android.bluetooth expire 1 line
09-01 00:09:44.032 I/chatty  ( 3060): uid=1002(bluetooth) com.android.bluetooth expire 21 lines
09-01 00:09:44.034 I/chatty  ( 3060): uid=1002(bluetooth) com.android.bluetooth expire 2 lines
09-01 00:09:44.687 I/chatty  ( 3060): uid=1002(bluetooth) com.android.bluetooth expire 2 lines
09-01 00:09:44.711 I/ActivityManager(  435): Process com.android.bluetooth (pid 3060) has died
09-01 00:09:44.711 D/BluetoothManagerService(  435): BluetoothServiceConnection, disconnected: com.android.bluetooth.btservice.AdapterService
09-01 00:09:44.711 D/ActivityManager(  435): cleanUpApplicationRecord -- 3060
09-01 00:09:44.711 E/BluetoothManagerService(  435): MESSAGE_BLUETOOTH_SERVICE_DISCONNECTED(1)
09-01 00:09:44.711 D/BluetoothManagerService(  435): Broadcasting onBluetoothServiceDown() to 3 receivers.
09-01 00:09:44.712 W/ActivityManager(  435): Scheduling restart of crashed service com.android.bluetooth/.gatt.GattService in 1000ms
09-01 00:09:44.712 D/BluetoothAdapter(  435): onBluetoothServiceDown: android.bluetooth.IBluetooth$Stub$Proxy@a12d096
09-01 00:09:44.712 W/ActivityManager(  435): Scheduling restart of crashed service com.android.bluetooth/.btservice.AdapterService in 1000ms
09-01 00:09:44.712 D/BluetoothAdapter(  547): onBluetoothServiceDown: android.bluetooth.IBluetooth$Stub$Proxy@8daf5b4
09-01 00:09:44.713 D/BluetoothAdapter(  635): onBluetoothServiceDown: android.bluetooth.IBluetooth$Stub$Proxy@9d07021
09-01 00:09:44.912 D/BluetoothManagerService(  435): MESSAGE_RESTART_BLUETOOTH_SERVICE
09-01 00:09:44.924 I/ActivityManager(  435): Start proc 3090:com.android.bluetooth/1002 for service com.android.bluetooth/.btservice.AdapterService
09-01 00:09:45.007 I/chatty  ( 3090): uid=1002(bluetooth) com.android.bluetooth expire 36 lines
09-01 00:09:45.047 I/chatty  ( 3090): uid=1002(bluetooth) com.android.bluetooth expire 12 lines
09-01 00:09:45.048 I/chatty  ( 3090): uid=1002(bluetooth) com.android.bluetooth expire 39 lines
09-01 00:09:45.050 I/chatty  ( 3090): uid=1002(bluetooth) com.android.bluetooth expire 4 lines
09-01 00:09:45.050 I/chatty  ( 3090): uid=1002(bluetooth) com.android.bluetooth expire 1 line
09-01 00:09:45.051 I/chatty  ( 3090): uid=1002(bluetooth) com.android.bluetooth expire 3 lines
09-01 00:09:45.055 D/BluetoothManagerService(  435): Bluetooth Adapter name changed to AOSP on navi_ref
09-01 00:09:45.055 D/BluetoothManagerService(  435): Stored Bluetooth name: AOSP on navi_ref
09-01 00:09:45.059 D/BluetoothManagerService(  435): BluetoothServiceConnection: com.android.bluetooth.btservice.AdapterService
09-01 00:09:45.059 D/BluetoothManagerService(  435): MESSAGE_BLUETOOTH_SERVICE_CONNECTED: 1
09-01 00:09:45.061 I/chatty  ( 3090): uid=1002(bluetooth) com.android.bluetooth expire 2 lines
09-01 00:09:45.063 D/BluetoothManagerService(  435): Broadcasting onBluetoothServiceUp() to 4 receivers.
09-01 00:09:45.063 D/BluetoothAdapter(  635): onBluetoothServiceUp: android.bluetooth.IBluetooth$Stub$Proxy@a6ffc46
09-01 00:09:45.063 D/BluetoothAdapter(  435): onBluetoothServiceUp: android.bluetooth.IBluetooth$Stub$Proxy@f7c8d2b
09-01 00:09:45.063 D/BluetoothAdapter(  547): onBluetoothServiceUp: android.bluetooth.IBluetooth$Stub$Proxy@94fa5dd
09-01 00:09:45.064 I/chatty  ( 3090): uid=1002(bluetooth) com.android.bluetooth expire 1 line
09-01 00:09:45.065 D/BluetoothManagerService(  435): MESSAGE_BLUETOOTH_STATE_CHANGE: OFF > BLE_TURNING_ON
09-01 00:09:45.065 D/BluetoothManagerService(  435): Sending BLE State Change: OFF > BLE_TURNING_ON
09-01 00:09:45.067 I/chatty  ( 3090): uid=1002(bluetooth) com.android.bluetooth expire 1 line
09-01 00:09:45.084 I/chatty  ( 3090): uid=1002(bluetooth) com.android.bluetooth expire 7 lines
09-01 00:09:45.740 I/chatty  ( 3090): uid=1002(bluetooth) com.android.bluetooth expire 1 line
09-01 00:09:53.086 I/chatty  ( 3090): uid=1002(bluetooth) com.android.bluetooth expire 21 lines
09-01 00:09:53.088 I/chatty  ( 3090): uid=1002(bluetooth) com.android.bluetooth expire 2 lines
09-01 00:09:53.765 D/BluetoothManagerService(  435): BluetoothServiceConnection, disconnected: com.android.bluetooth.btservice.AdapterService
09-01 00:09:53.765 E/BluetoothManagerService(  435): MESSAGE_BLUETOOTH_SERVICE_DISCONNECTED(1)
09-01 00:09:53.765 D/BluetoothManagerService(  435): Broadcasting onBluetoothServiceDown() to 3 receivers.
09-01 00:09:53.765 I/ActivityManager(  435): Process com.android.bluetooth (pid 3090) has died
09-01 00:09:53.765 D/BluetoothAdapter(  435): onBluetoothServiceDown: android.bluetooth.IBluetooth$Stub$Proxy@f7c8d2b
09-01 00:09:53.765 D/ActivityManager(  435): cleanUpApplicationRecord -- 3090
09-01 00:09:53.765 D/BluetoothAdapter(  635): onBluetoothServiceDown: android.bluetooth.IBluetooth$Stub$Proxy@a6ffc46
09-01 00:09:53.766 W/ActivityManager(  435): Scheduling restart of crashed service com.android.bluetooth/.btservice.AdapterService in 1000ms
09-01 00:09:53.766 W/ActivityManager(  435): Scheduling restart of crashed service com.android.bluetooth/.gatt.GattService in 11000ms
09-01 00:09:53.767 D/BluetoothAdapter(  547): onBluetoothServiceDown: android.bluetooth.IBluetooth$Stub$Proxy@94fa5dd
09-01 00:09:53.966 D/BluetoothManagerService(  435): MESSAGE_RESTART_BLUETOOTH_SERVICE
09-01 00:09:53.985 I/ActivityManager(  435): Start proc 3120:com.android.bluetooth/1002 for service com.android.bluetooth/.btservice.AdapterService
09-01 00:09:54.062 I/chatty  ( 3120): uid=1002(bluetooth) com.android.bluetooth expire 36 lines
09-01 00:09:54.104 I/chatty  ( 3120): uid=1002(bluetooth) com.android.bluetooth expire 12 lines
09-01 00:09:54.104 I/chatty  ( 3120): uid=1002(bluetooth) com.android.bluetooth expire 38 lines
09-01 00:09:54.106 I/chatty  ( 3120): uid=1002(bluetooth) com.android.bluetooth expire 2 lines
09-01 00:09:54.106 I/chatty  ( 3120): uid=1002(bluetooth) com.android.bluetooth expire 1 line
09-01 00:09:54.107 I/chatty  ( 3120): uid=1002(bluetooth) com.android.bluetooth expire 3 lines
09-01 00:09:54.111 D/BluetoothManagerService(  435): Bluetooth Adapter name changed to AOSP on navi_ref
09-01 00:09:54.111 D/BluetoothManagerService(  435): Stored Bluetooth name: AOSP on navi_ref
09-01 00:09:54.116 D/BluetoothManagerService(  435): BluetoothServiceConnection: com.android.bluetooth.btservice.AdapterService
09-01 00:09:54.117 D/BluetoothManagerService(  435): MESSAGE_BLUETOOTH_SERVICE_CONNECTED: 1
09-01 00:09:54.119 I/chatty  ( 3120): uid=1002(bluetooth) com.android.bluetooth expire 2 lines
09-01 00:09:54.120 D/BluetoothManagerService(  435): Broadcasting onBluetoothServiceUp() to 4 receivers.
09-01 00:09:54.121 D/BluetoothAdapter(  635): onBluetoothServiceUp: android.bluetooth.IBluetooth$Stub$Proxy@4afee07
09-01 00:09:54.121 D/BluetoothAdapter(  435): onBluetoothServiceUp: android.bluetooth.IBluetooth$Stub$Proxy@a9eb3cc
09-01 00:09:54.121 D/BluetoothAdapter(  547): onBluetoothServiceUp: android.bluetooth.IBluetooth$Stub$Proxy@1612552
09-01 00:09:54.122 I/chatty  ( 3120): uid=1002(bluetooth) com.android.bluetooth expire 1 line
09-01 00:09:54.123 D/BluetoothManagerService(  435): MESSAGE_BLUETOOTH_STATE_CHANGE: OFF > BLE_TURNING_ON
09-01 00:09:54.123 D/BluetoothManagerService(  435): Sending BLE State Change: OFF > BLE_TURNING_ON
09-01 00:09:54.125 I/chatty  ( 3120): uid=1002(bluetooth) com.android.bluetooth expire 1 line
09-01 00:09:54.141 I/chatty  ( 3120): uid=1002(bluetooth) com.android.bluetooth expire 7 lines
09-01 00:09:54.797 I/chatty  ( 3120): uid=1002(bluetooth) com.android.bluetooth expire 1 line
09-01 00:10:02.142 I/chatty  ( 3120): uid=1002(bluetooth) com.android.bluetooth expire 1 line
09-01 00:10:02.143 I/chatty  ( 3120): uid=1002(bluetooth) com.android.bluetooth expire 21 lines
09-01 00:10:02.145 I/chatty  ( 3120): uid=1002(bluetooth) com.android.bluetooth expire 2 lines
09-01 00:10:02.797 I/chatty  ( 3120): uid=1002(bluetooth) com.android.bluetooth expire 2 lines
09-01 00:10:02.821 D/BluetoothManagerService(  435): BluetoothServiceConnection, disconnected: com.android.bluetooth.btservice.AdapterService
09-01 00:10:02.821 I/ActivityManager(  435): Process com.android.bluetooth (pid 3120) has died
09-01 00:10:02.821 E/BluetoothManagerService(  435): MESSAGE_BLUETOOTH_SERVICE_DISCONNECTED(1)
09-01 00:10:02.821 D/ActivityManager(  435): cleanUpApplicationRecord -- 3120
09-01 00:10:02.821 D/BluetoothManagerService(  435): Broadcasting onBluetoothServiceDown() to 3 receivers.
09-01 00:10:02.822 W/ActivityManager(  435): Scheduling restart of crashed service com.android.bluetooth/.gatt.GattService in 1000ms
09-01 00:10:02.822 D/BluetoothAdapter(  435): onBluetoothServiceDown: android.bluetooth.IBluetooth$Stub$Proxy@a9eb3cc
09-01 00:10:02.822 D/BluetoothAdapter(  635): onBluetoothServiceDown: android.bluetooth.IBluetooth$Stub$Proxy@4afee07
09-01 00:10:02.822 W/ActivityManager(  435): Scheduling restart of crashed service com.android.bluetooth/.btservice.AdapterService in 1000ms
09-01 00:10:02.823 D/BluetoothAdapter(  547): onBluetoothServiceDown: android.bluetooth.IBluetooth$Stub$Proxy@1612552
09-01 00:10:03.022 D/BluetoothManagerService(  435): MESSAGE_RESTART_BLUETOOTH_SERVICE
09-01 00:10:03.034 I/ActivityManager(  435): Start proc 3150:com.android.bluetooth/1002 for service com.android.bluetooth/.btservice.AdapterService
09-01 00:10:03.119 I/chatty  ( 3150): uid=1002(bluetooth) com.android.bluetooth expire 36 lines
09-01 00:10:03.159 I/chatty  ( 3150): uid=1002(bluetooth) com.android.bluetooth expire 12 lines
09-01 00:10:03.160 I/chatty  ( 3150): uid=1002(bluetooth) com.android.bluetooth expire 39 lines
09-01 00:10:03.162 I/chatty  ( 3150): uid=1002(bluetooth) com.android.bluetooth expire 4 lines
09-01 00:10:03.162 I/chatty  ( 3150): uid=1002(bluetooth) com.android.bluetooth expire 1 line
09-01 00:10:03.163 I/chatty  ( 3150): uid=1002(bluetooth) com.android.bluetooth expire 3 lines
09-01 00:10:03.167 D/BluetoothManagerService(  435): Bluetooth Adapter name changed to AOSP on navi_ref
09-01 00:10:03.167 D/BluetoothManagerService(  435): Stored Bluetooth name: AOSP on navi_ref
09-01 00:10:03.172 D/BluetoothManagerService(  435): BluetoothServiceConnection: com.android.bluetooth.btservice.AdapterService
09-01 00:10:03.172 D/BluetoothManagerService(  435): MESSAGE_BLUETOOTH_SERVICE_CONNECTED: 1
09-01 00:10:03.172 I/chatty  ( 3150): uid=1002(bluetooth) com.android.bluetooth expire 2 lines
09-01 00:10:03.174 D/BluetoothManagerService(  435): Broadcasting onBluetoothServiceUp() to 4 receivers.
09-01 00:10:03.174 D/BluetoothAdapter(  435): onBluetoothServiceUp: android.bluetooth.IBluetooth$Stub$Proxy@5adbec9
09-01 00:10:03.174 D/BluetoothAdapter(  635): onBluetoothServiceUp: android.bluetooth.IBluetooth$Stub$Proxy@9d8ab34
09-01 00:10:03.174 D/BluetoothAdapter(  547): onBluetoothServiceUp: android.bluetooth.IBluetooth$Stub$Proxy@f281023
09-01 00:10:03.175 I/chatty  ( 3150): uid=1002(bluetooth) com.android.bluetooth expire 1 line
09-01 00:10:03.176 D/BluetoothManagerService(  435): MESSAGE_BLUETOOTH_STATE_CHANGE: OFF > BLE_TURNING_ON
09-01 00:10:03.176 D/BluetoothManagerService(  435): Sending BLE State Change: OFF > BLE_TURNING_ON
09-01 00:10:03.179 I/chatty  ( 3150): uid=1002(bluetooth) com.android.bluetooth expire 1 line
09-01 00:10:03.195 I/chatty  ( 3150): uid=1002(bluetooth) com.android.bluetooth expire 7 lines
09-01 00:10:03.851 I/chatty  ( 3150): uid=1002(bluetooth) com.android.bluetooth expire 1 line
09-01 00:10:11.197 I/chatty  ( 3150): uid=1002(bluetooth) com.android.bluetooth expire 21 lines
09-01 00:10:11.199 I/chatty  ( 3150): uid=1002(bluetooth) com.android.bluetooth expire 2 lines
09-01 00:10:11.875 D/BluetoothManagerService(  435): BluetoothServiceConnection, disconnected: com.android.bluetooth.btservice.AdapterService
09-01 00:10:11.875 E/BluetoothManagerService(  435): MESSAGE_BLUETOOTH_SERVICE_DISCONNECTED(1)
09-01 00:10:11.875 D/BluetoothManagerService(  435): Broadcasting onBluetoothServiceDown() to 4 receivers.
09-01 00:10:11.876 D/BluetoothAdapter(  435): onBluetoothServiceDown: android.bluetooth.IBluetooth$Stub$Proxy@5adbec9
09-01 00:10:11.876 D/BluetoothAdapter(  635): onBluetoothServiceDown: android.bluetooth.IBluetooth$Stub$Proxy@9d8ab34
09-01 00:10:11.876 D/BluetoothAdapter(  547): onBluetoothServiceDown: android.bluetooth.IBluetooth$Stub$Proxy@f281023
09-01 00:10:11.877 E/BluetoothManagerService(  435): Unable to call onBluetoothServiceDown() on callback #3
09-01 00:10:11.877 E/BluetoothManagerService(  435): android.os.DeadObjectException
09-01 00:10:11.877 E/BluetoothManagerService(  435): 	at android.os.BinderProxy.transactNative(Native Method)
09-01 00:10:11.877 E/BluetoothManagerService(  435): 	at android.os.BinderProxy.transact(Binder.java:615)
09-01 00:10:11.877 E/BluetoothManagerService(  435): 	at android.bluetooth.IBluetoothManagerCallback$Stub$Proxy.onBluetoothServiceDown(IBluetoothManagerCallback.java:105)
09-01 00:10:11.877 E/BluetoothManagerService(  435): 	at com.android.server.BluetoothManagerService.sendBluetoothServiceDownCallback(BluetoothManagerService.java:1129)
09-01 00:10:11.877 E/BluetoothManagerService(  435): 	at com.android.server.BluetoothManagerService.-wrap12(BluetoothManagerService.java)
09-01 00:10:11.877 E/BluetoothManagerService(  435): 	at com.android.server.BluetoothManagerService$BluetoothHandler.handleMessage(BluetoothManagerService.java:1530)
09-01 00:10:11.877 E/BluetoothManagerService(  435): 	at android.os.Handler.dispatchMessage(Handler.java:102)
09-01 00:10:11.877 E/BluetoothManagerService(  435): 	at android.os.Looper.loop(Looper.java:154)
09-01 00:10:11.877 E/BluetoothManagerService(  435): 	at android.os.HandlerThread.run(HandlerThread.java:61)
09-01 00:10:11.877 E/BluetoothManagerService(  435): 	at com.android.server.ServiceThread.run(ServiceThread.java:46)
09-01 00:10:11.878 I/ActivityManager(  435): Process com.android.bluetooth (pid 3150) has died
09-01 00:10:11.878 D/ActivityManager(  435): cleanUpApplicationRecord -- 3150
09-01 00:10:11.878 W/ActivityManager(  435): Scheduling restart of crashed service com.android.bluetooth/.btservice.AdapterService in 1000ms
09-01 00:10:11.878 W/ActivityManager(  435): Scheduling restart of crashed service com.android.bluetooth/.gatt.GattService in 10999ms
09-01 00:10:12.076 D/BluetoothManagerService(  435): MESSAGE_RESTART_BLUETOOTH_SERVICE
09-01 00:10:12.088 I/ActivityManager(  435): Start proc 3181:com.android.bluetooth/1002 for service com.android.bluetooth/.btservice.AdapterService
09-01 00:10:12.181 I/chatty  ( 3181): uid=1002(bluetooth) com.android.bluetooth expire 36 lines
09-01 00:10:12.228 I/chatty  ( 3181): uid=1002(bluetooth) com.android.bluetooth expire 12 lines
09-01 00:10:12.228 I/chatty  ( 3181): uid=1002(bluetooth) com.android.bluetooth expire 38 lines
09-01 00:10:12.230 I/chatty  ( 3181): uid=1002(bluetooth) com.android.bluetooth expire 1 line
09-01 00:10:12.231 I/chatty  ( 3181): uid=1002(bluetooth) com.android.bluetooth expire 1 line
09-01 00:10:12.232 I/chatty  ( 3181): uid=1002(bluetooth) com.android.bluetooth expire 3 lines
09-01 00:10:12.237 D/BluetoothManagerService(  435): Bluetooth Adapter name changed to AOSP on navi_ref
09-01 00:10:12.237 D/BluetoothManagerService(  435): Stored Bluetooth name: AOSP on navi_ref
09-01 00:10:12.240 D/BluetoothManagerService(  435): BluetoothServiceConnection: com.android.bluetooth.btservice.AdapterService
09-01 00:10:12.240 D/BluetoothManagerService(  435): MESSAGE_BLUETOOTH_SERVICE_CONNECTED: 1
09-01 00:10:12.242 I/chatty  ( 3181): uid=1002(bluetooth) com.android.bluetooth expire 2 lines
09-01 00:10:12.244 D/BluetoothManagerService(  435): Broadcasting onBluetoothServiceUp() to 4 receivers.
09-01 00:10:12.244 D/BluetoothAdapter(  635): onBluetoothServiceUp: android.bluetooth.IBluetooth$Stub$Proxy@3a2ed5d
09-01 00:10:12.244 D/BluetoothAdapter(  435): onBluetoothServiceUp: android.bluetooth.IBluetooth$Stub$Proxy@bb90283
09-01 00:10:12.244 D/BluetoothAdapter(  547): onBluetoothServiceUp: android.bluetooth.IBluetooth$Stub$Proxy@70bb920
09-01 00:10:12.245 I/chatty  ( 3181): uid=1002(bluetooth) com.android.bluetooth expire 1 line
09-01 00:10:12.246 D/BluetoothManagerService(  435): MESSAGE_BLUETOOTH_STATE_CHANGE: OFF > BLE_TURNING_ON
09-01 00:10:12.246 D/BluetoothManagerService(  435): Sending BLE State Change: OFF > BLE_TURNING_ON
09-01 00:10:12.248 I/chatty  ( 3181): uid=1002(bluetooth) com.android.bluetooth expire 1 line
09-01 00:10:12.265 I/chatty  ( 3181): uid=1002(bluetooth) com.android.bluetooth expire 7 lines
09-01 00:10:12.921 I/chatty  ( 3181): uid=1002(bluetooth) com.android.bluetooth expire 1 line
09-01 00:10:20.266 I/chatty  ( 3181): uid=1002(bluetooth) com.android.bluetooth expire 3 lines
09-01 00:10:20.266 I/chatty  ( 3181): uid=1002(bluetooth) com.android.bluetooth expire 1 line
09-01 00:10:20.267 I/chatty  ( 3181): uid=1002(bluetooth) com.android.bluetooth expire 21 lines
09-01 00:10:20.269 I/chatty  ( 3181): uid=1002(bluetooth) com.android.bluetooth expire 2 lines
09-01 00:10:20.946 D/BluetoothManagerService(  435): BluetoothServiceConnection, disconnected: com.android.bluetooth.btservice.AdapterService
09-01 00:10:20.946 I/ActivityManager(  435): Process com.android.bluetooth (pid 3181) has died
09-01 00:10:20.946 E/BluetoothManagerService(  435): MESSAGE_BLUETOOTH_SERVICE_DISCONNECTED(1)
09-01 00:10:20.946 D/BluetoothManagerService(  435): Broadcasting onBluetoothServiceDown() to 3 receivers.
09-01 00:10:20.946 D/ActivityManager(  435): cleanUpApplicationRecord -- 3181
09-01 00:10:20.947 W/ActivityManager(  435): Scheduling restart of crashed service com.android.bluetooth/.btservice.AdapterService in 1000ms
09-01 00:10:20.947 D/BluetoothAdapter(  435): onBluetoothServiceDown: android.bluetooth.IBluetooth$Stub$Proxy@bb90283
09-01 00:10:20.947 W/ActivityManager(  435): Scheduling restart of crashed service com.android.bluetooth/.gatt.GattService in 11000ms
09-01 00:10:20.947 D/BluetoothAdapter(  635): onBluetoothServiceDown: android.bluetooth.IBluetooth$Stub$Proxy@3a2ed5d
09-01 00:10:20.947 D/BluetoothAdapter(  547): onBluetoothServiceDown: android.bluetooth.IBluetooth$Stub$Proxy@70bb920
09-01 00:10:21.147 D/BluetoothManagerService(  435): MESSAGE_RESTART_BLUETOOTH_SERVICE
09-01 00:10:21.159 I/ActivityManager(  435): Start proc 3211:com.android.bluetooth/1002 for service com.android.bluetooth/.btservice.AdapterService
09-01 00:10:21.245 I/chatty  ( 3211): uid=1002(bluetooth) com.android.bluetooth expire 36 lines
09-01 00:10:21.286 I/chatty  ( 3211): uid=1002(bluetooth) com.android.bluetooth expire 12 lines
09-01 00:10:21.286 I/chatty  ( 3211): uid=1002(bluetooth) com.android.bluetooth expire 39 lines
09-01 00:10:21.288 I/chatty  ( 3211): uid=1002(bluetooth) com.android.bluetooth expire 4 lines
09-01 00:10:21.289 I/chatty  ( 3211): uid=1002(bluetooth) com.android.bluetooth expire 1 line
09-01 00:10:21.290 I/chatty  ( 3211): uid=1002(bluetooth) com.android.bluetooth expire 3 lines
09-01 00:10:21.294 D/BluetoothManagerService(  435): Bluetooth Adapter name changed to AOSP on navi_ref
09-01 00:10:21.294 D/BluetoothManagerService(  435): Stored Bluetooth name: AOSP on navi_ref
09-01 00:10:21.298 D/BluetoothManagerService(  435): BluetoothServiceConnection: com.android.bluetooth.btservice.AdapterService
09-01 00:10:21.298 D/BluetoothManagerService(  435): MESSAGE_BLUETOOTH_SERVICE_CONNECTED: 1
09-01 00:10:21.300 I/chatty  ( 3211): uid=1002(bluetooth) com.android.bluetooth expire 2 lines
09-01 00:10:21.301 D/BluetoothManagerService(  435): Broadcasting onBluetoothServiceUp() to 4 receivers.
09-01 00:10:21.302 D/BluetoothAdapter(  635): onBluetoothServiceUp: android.bluetooth.IBluetooth$Stub$Proxy@39f96d2
09-01 00:10:21.302 D/BluetoothAdapter(  435): onBluetoothServiceUp: android.bluetooth.IBluetooth$Stub$Proxy@fc5abad
09-01 00:10:21.302 D/BluetoothAdapter(  547): onBluetoothServiceUp: android.bluetooth.IBluetooth$Stub$Proxy@125c2d9
09-01 00:10:21.302 I/chatty  ( 3211): uid=1002(bluetooth) com.android.bluetooth expire 1 line
09-01 00:10:21.303 D/BluetoothManagerService(  435): MESSAGE_BLUETOOTH_STATE_CHANGE: OFF > BLE_TURNING_ON
09-01 00:10:21.304 D/BluetoothManagerService(  435): Sending BLE State Change: OFF > BLE_TURNING_ON
09-01 00:10:21.306 I/chatty  ( 3211): uid=1002(bluetooth) com.android.bluetooth expire 1 line
09-01 00:10:21.323 I/chatty  ( 3211): uid=1002(bluetooth) com.android.bluetooth expire 7 lines
09-01 00:10:21.980 I/chatty  ( 3211): uid=1002(bluetooth) com.android.bluetooth expire 1 line
09-01 00:10:29.325 I/chatty  ( 3211): uid=1002(bluetooth) com.android.bluetooth expire 21 lines
09-01 00:10:29.327 I/chatty  ( 3211): uid=1002(bluetooth) com.android.bluetooth expire 2 lines
09-01 00:10:30.005 D/BluetoothManagerService(  435): BluetoothServiceConnection, disconnected: com.android.bluetooth.btservice.AdapterService
09-01 00:10:30.005 I/ActivityManager(  435): Process com.android.bluetooth (pid 3211) has died
09-01 00:10:30.005 D/ActivityManager(  435): cleanUpApplicationRecord -- 3211
09-01 00:10:30.006 W/ActivityManager(  435): Scheduling restart of crashed service com.android.bluetooth/.btservice.AdapterService in 1000ms
09-01 00:10:30.006 W/ActivityManager(  435): Scheduling restart of crashed service com.android.bluetooth/.gatt.GattService in 11000ms
09-01 00:10:30.008 E/BluetoothManagerService(  435): MESSAGE_BLUETOOTH_SERVICE_DISCONNECTED(1)
09-01 00:10:30.008 D/BluetoothManagerService(  435): Broadcasting onBluetoothServiceDown() to 3 receivers.
09-01 00:10:30.008 D/BluetoothAdapter(  435): onBluetoothServiceDown: android.bluetooth.IBluetooth$Stub$Proxy@fc5abad
09-01 00:10:30.008 D/BluetoothAdapter(  635): onBluetoothServiceDown: android.bluetooth.IBluetooth$Stub$Proxy@39f96d2
09-01 00:10:30.008 D/BluetoothAdapter(  547): onBluetoothServiceDown: android.bluetooth.IBluetooth$Stub$Proxy@125c2d9
09-01 00:10:30.208 D/BluetoothManagerService(  435): MESSAGE_RESTART_BLUETOOTH_SERVICE
09-01 00:10:30.220 I/ActivityManager(  435): Start proc 3242:com.android.bluetooth/1002 for service com.android.bluetooth/.btservice.AdapterService
09-01 00:10:30.301 I/chatty  ( 3242): uid=1002(bluetooth) com.android.bluetooth expire 36 lines
09-01 00:10:30.342 I/chatty  ( 3242): uid=1002(bluetooth) com.android.bluetooth expire 12 lines
09-01 00:10:30.343 I/chatty  ( 3242): uid=1002(bluetooth) com.android.bluetooth expire 36 lines
09-01 00:10:30.344 I/chatty  ( 3242): uid=1002(bluetooth) com.android.bluetooth expire 1 line
09-01 00:10:30.345 I/chatty  ( 3242): uid=1002(bluetooth) com.android.bluetooth expire 1 line
09-01 00:10:30.346 I/chatty  ( 3242): uid=1002(bluetooth) com.android.bluetooth expire 3 lines
09-01 00:10:30.350 D/BluetoothManagerService(  435): Bluetooth Adapter name changed to AOSP on navi_ref
09-01 00:10:30.350 D/BluetoothManagerService(  435): Stored Bluetooth name: AOSP on navi_ref
09-01 00:10:30.354 D/BluetoothManagerService(  435): BluetoothServiceConnection: com.android.bluetooth.btservice.AdapterService
09-01 00:10:30.354 D/BluetoothManagerService(  435): MESSAGE_BLUETOOTH_SERVICE_CONNECTED: 1
09-01 00:10:30.355 I/chatty  ( 3242): uid=1002(bluetooth) com.android.bluetooth expire 2 lines
09-01 00:10:30.357 D/BluetoothManagerService(  435): Broadcasting onBluetoothServiceUp() to 4 receivers.
09-01 00:10:30.357 D/BluetoothAdapter(  635): onBluetoothServiceUp: android.bluetooth.IBluetooth$Stub$Proxy@35363a3
09-01 00:10:30.357 D/BluetoothAdapter(  435): onBluetoothServiceUp: android.bluetooth.IBluetooth$Stub$Proxy@413ee06
09-01 00:10:30.358 D/BluetoothAdapter(  547): onBluetoothServiceUp: android.bluetooth.IBluetooth$Stub$Proxy@b48449e
09-01 00:10:30.358 I/chatty  ( 3242): uid=1002(bluetooth) com.android.bluetooth expire 1 line
09-01 00:10:30.359 D/BluetoothManagerService(  435): MESSAGE_BLUETOOTH_STATE_CHANGE: OFF > BLE_TURNING_ON
09-01 00:10:30.359 D/BluetoothManagerService(  435): Sending BLE State Change: OFF > BLE_TURNING_ON
09-01 00:10:30.362 I/chatty  ( 3242): uid=1002(bluetooth) com.android.bluetooth expire 1 line
09-01 00:10:30.378 I/chatty  ( 3242): uid=1002(bluetooth) com.android.bluetooth expire 7 lines
09-01 00:10:30.381 I/chatty  ( 3242): uid=1002(bluetooth) com.android.bluetooth expire 3 lines
09-01 00:10:31.035 I/chatty  ( 3242): uid=1002(bluetooth) com.android.bluetooth expire 1 line
09-01 00:10:38.381 I/chatty  ( 3242): uid=1002(bluetooth) com.android.bluetooth expire 3 lines
09-01 00:10:38.381 I/chatty  ( 3242): uid=1002(bluetooth) com.android.bluetooth expire 21 lines
09-01 00:10:38.384 I/chatty  ( 3242): uid=1002(bluetooth) com.android.bluetooth expire 2 lines
09-01 00:10:39.060 I/ActivityManager(  435): Process com.android.bluetooth (pid 3242) has died
09-01 00:10:39.060 D/ActivityManager(  435): cleanUpApplicationRecord -- 3242
09-01 00:10:39.060 W/ActivityManager(  435): Scheduling restart of crashed service com.android.bluetooth/.gatt.GattService in 1000ms
09-01 00:10:39.061 W/ActivityManager(  435): Scheduling restart of crashed service com.android.bluetooth/.btservice.AdapterService in 1000ms
09-01 00:10:39.062 D/BluetoothManagerService(  435): BluetoothServiceConnection, disconnected: com.android.bluetooth.btservice.AdapterService
09-01 00:10:39.062 E/BluetoothManagerService(  435): MESSAGE_BLUETOOTH_SERVICE_DISCONNECTED(1)
09-01 00:10:39.062 D/BluetoothManagerService(  435): Broadcasting onBluetoothServiceDown() to 3 receivers.
09-01 00:10:39.062 D/BluetoothAdapter(  435): onBluetoothServiceDown: android.bluetooth.IBluetooth$Stub$Proxy@413ee06
09-01 00:10:39.062 D/BluetoothAdapter(  635): onBluetoothServiceDown: android.bluetooth.IBluetooth$Stub$Proxy@35363a3
09-01 00:10:39.062 D/BluetoothAdapter(  547): onBluetoothServiceDown: android.bluetooth.IBluetooth$Stub$Proxy@b48449e
09-01 00:10:39.261 D/BluetoothManagerService(  435): MESSAGE_RESTART_BLUETOOTH_SERVICE
09-01 00:10:39.274 I/ActivityManager(  435): Start proc 3273:com.android.bluetooth/1002 for service com.android.bluetooth/.btservice.AdapterService
09-01 00:10:39.357 I/chatty  ( 3273): uid=1002(bluetooth) com.android.bluetooth expire 36 lines
09-01 00:10:39.398 I/chatty  ( 3273): uid=1002(bluetooth) com.android.bluetooth expire 12 lines
09-01 00:10:39.399 I/chatty  ( 3273): uid=1002(bluetooth) com.android.bluetooth expire 39 lines
09-01 00:10:39.400 I/chatty  ( 3273): uid=1002(bluetooth) com.android.bluetooth expire 4 lines
09-01 00:10:39.401 I/chatty  ( 3273): uid=1002(bluetooth) com.android.bluetooth expire 1 line
09-01 00:10:39.402 I/chatty  ( 3273): uid=1002(bluetooth) com.android.bluetooth expire 3 lines
09-01 00:10:39.406 D/BluetoothManagerService(  435): Bluetooth Adapter name changed to AOSP on navi_ref
09-01 00:10:39.406 D/BluetoothManagerService(  435): Stored Bluetooth name: AOSP on navi_ref
09-01 00:10:39.410 D/BluetoothManagerService(  435): BluetoothServiceConnection: com.android.bluetooth.btservice.AdapterService
09-01 00:10:39.410 D/BluetoothManagerService(  435): MESSAGE_BLUETOOTH_SERVICE_CONNECTED: 1
09-01 00:10:39.411 I/chatty  ( 3273): uid=1002(bluetooth) com.android.bluetooth expire 2 lines
09-01 00:10:39.412 D/BluetoothManagerService(  435): Broadcasting onBluetoothServiceUp() to 4 receivers.
09-01 00:10:39.412 D/BluetoothAdapter(  435): onBluetoothServiceUp: android.bluetooth.IBluetooth$Stub$Proxy@b8ed6db
09-01 00:10:39.413 D/BluetoothAdapter(  635): onBluetoothServiceUp: android.bluetooth.IBluetooth$Stub$Proxy@5ef46a0
09-01 00:10:39.413 D/BluetoothAdapter(  547): onBluetoothServiceUp: android.bluetooth.IBluetooth$Stub$Proxy@2e18b7f
09-01 00:10:39.414 I/chatty  ( 3273): uid=1002(bluetooth) com.android.bluetooth expire 1 line
09-01 00:10:39.415 D/BluetoothManagerService(  435): MESSAGE_BLUETOOTH_STATE_CHANGE: OFF > BLE_TURNING_ON
09-01 00:10:39.415 D/BluetoothManagerService(  435): Sending BLE State Change: OFF > BLE_TURNING_ON
09-01 00:10:39.417 I/chatty  ( 3273): uid=1002(bluetooth) com.android.bluetooth expire 1 line
09-01 00:10:39.433 I/chatty  ( 3273): uid=1002(bluetooth) com.android.bluetooth expire 7 lines
09-01 00:10:40.089 I/chatty  ( 3273): uid=1002(bluetooth) com.android.bluetooth expire 1 line
09-01 00:10:47.436 I/chatty  ( 3273): uid=1002(bluetooth) com.android.bluetooth expire 21 lines
09-01 00:10:47.440 I/chatty  ( 3273): uid=1002(bluetooth) com.android.bluetooth expire 2 lines
09-01 00:10:48.115 I/ActivityManager(  435): Process com.android.bluetooth (pid 3273) has died
09-01 00:10:48.115 D/BluetoothManagerService(  435): BluetoothServiceConnection, disconnected: com.android.bluetooth.btservice.AdapterService
09-01 00:10:48.115 D/ActivityManager(  435): cleanUpApplicationRecord -- 3273
09-01 00:10:48.115 W/ActivityManager(  435): Scheduling restart of crashed service com.android.bluetooth/.btservice.AdapterService in 1000ms
09-01 00:10:48.115 W/ActivityManager(  435): Scheduling restart of crashed service com.android.bluetooth/.gatt.GattService in 11000ms
09-01 00:10:48.116 E/BluetoothManagerService(  435): MESSAGE_BLUETOOTH_SERVICE_DISCONNECTED(1)
09-01 00:10:48.116 D/BluetoothManagerService(  435): Broadcasting onBluetoothServiceDown() to 3 receivers.
09-01 00:10:48.116 D/BluetoothAdapter(  435): onBluetoothServiceDown: android.bluetooth.IBluetooth$Stub$Proxy@b8ed6db
09-01 00:10:48.117 D/BluetoothAdapter(  635): onBluetoothServiceDown: android.bluetooth.IBluetooth$Stub$Proxy@5ef46a0
09-01 00:10:48.118 D/BluetoothAdapter(  547): onBluetoothServiceDown: android.bluetooth.IBluetooth$Stub$Proxy@2e18b7f
09-01 00:10:48.317 D/BluetoothManagerService(  435): MESSAGE_RESTART_BLUETOOTH_SERVICE
09-01 00:10:48.328 I/ActivityManager(  435): Start proc 3303:com.android.bluetooth/1002 for service com.android.bluetooth/.btservice.AdapterService
09-01 00:10:48.411 I/chatty  ( 3303): uid=1002(bluetooth) com.android.bluetooth expire 36 lines
09-01 00:10:48.452 I/chatty  ( 3303): uid=1002(bluetooth) com.android.bluetooth expire 12 lines
09-01 00:10:48.453 I/chatty  ( 3303): uid=1002(bluetooth) com.android.bluetooth expire 31 lines
09-01 00:10:48.455 I/chatty  ( 3303): uid=1002(bluetooth) com.android.bluetooth expire 1 line
09-01 00:10:48.455 I/chatty  ( 3303): uid=1002(bluetooth) com.android.bluetooth expire 1 line
09-01 00:10:48.456 I/chatty  ( 3303): uid=1002(bluetooth) com.android.bluetooth expire 3 lines
09-01 00:10:48.460 D/BluetoothManagerService(  435): Bluetooth Adapter name changed to AOSP on navi_ref
09-01 00:10:48.460 D/BluetoothManagerService(  435): Stored Bluetooth name: AOSP on navi_ref
09-01 00:10:48.465 D/BluetoothManagerService(  435): BluetoothServiceConnection: com.android.bluetooth.btservice.AdapterService
09-01 00:10:48.465 D/BluetoothManagerService(  435): MESSAGE_BLUETOOTH_SERVICE_CONNECTED: 1
09-01 00:10:48.466 I/chatty  ( 3303): uid=1002(bluetooth) com.android.bluetooth expire 2 lines
09-01 00:10:48.468 D/BluetoothManagerService(  435): Broadcasting onBluetoothServiceUp() to 4 receivers.
09-01 00:10:48.468 D/BluetoothAdapter(  435): onBluetoothServiceUp: android.bluetooth.IBluetooth$Stub$Proxy@d38b0bc
09-01 00:10:48.468 D/BluetoothAdapter(  635): onBluetoothServiceUp: android.bluetooth.IBluetooth$Stub$Proxy@e260259
09-01 00:10:48.469 D/BluetoothAdapter(  547): onBluetoothServiceUp: android.bluetooth.IBluetooth$Stub$Proxy@5c3474c
09-01 00:10:48.469 I/chatty  ( 3303): uid=1002(bluetooth) com.android.bluetooth expire 1 line
09-01 00:10:48.470 D/BluetoothManagerService(  435): MESSAGE_BLUETOOTH_STATE_CHANGE: OFF > BLE_TURNING_ON
09-01 00:10:48.470 D/BluetoothManagerService(  435): Sending BLE State Change: OFF > BLE_TURNING_ON
09-01 00:10:48.473 I/chatty  ( 3303): uid=1002(bluetooth) com.android.bluetooth expire 1 line
09-01 00:10:48.500 I/chatty  ( 3303): uid=1002(bluetooth) com.android.bluetooth expire 7 lines
09-01 00:10:48.503 I/chatty  ( 3303): uid=1002(bluetooth) com.android.bluetooth expire 8 lines
09-01 00:10:49.157 I/chatty  ( 3303): uid=1002(bluetooth) com.android.bluetooth expire 1 line
09-01 00:10:56.502 I/chatty  ( 3303): uid=1002(bluetooth) com.android.bluetooth expire 3 lines
09-01 00:10:56.503 I/chatty  ( 3303): uid=1002(bluetooth) com.android.bluetooth expire 21 lines
09-01 00:10:56.505 I/chatty  ( 3303): uid=1002(bluetooth) com.android.bluetooth expire 2 lines
09-01 00:10:57.182 I/ActivityManager(  435): Process com.android.bluetooth (pid 3303) has died
09-01 00:10:57.182 D/BluetoothManagerService(  435): BluetoothServiceConnection, disconnected: com.android.bluetooth.btservice.AdapterService
09-01 00:10:57.182 D/ActivityManager(  435): cleanUpApplicationRecord -- 3303
09-01 00:10:57.182 W/ActivityManager(  435): Scheduling restart of crashed service com.android.bluetooth/.btservice.AdapterService in 1000ms
09-01 00:10:57.183 W/ActivityManager(  435): Scheduling restart of crashed service com.android.bluetooth/.gatt.GattService in 11000ms
09-01 00:10:57.184 E/BluetoothManagerService(  435): MESSAGE_BLUETOOTH_SERVICE_DISCONNECTED(1)
09-01 00:10:57.184 D/BluetoothManagerService(  435): Broadcasting onBluetoothServiceDown() to 3 receivers.
09-01 00:10:57.184 D/BluetoothAdapter(  435): onBluetoothServiceDown: android.bluetooth.IBluetooth$Stub$Proxy@d38b0bc
09-01 00:10:57.184 D/BluetoothAdapter(  635): onBluetoothServiceDown: android.bluetooth.IBluetooth$Stub$Proxy@e260259
09-01 00:10:57.185 D/BluetoothAdapter(  547): onBluetoothServiceDown: android.bluetooth.IBluetooth$Stub$Proxy@5c3474c
09-01 00:10:57.384 D/BluetoothManagerService(  435): MESSAGE_RESTART_BLUETOOTH_SERVICE
09-01 00:10:57.396 I/ActivityManager(  435): Start proc 3334:com.android.bluetooth/1002 for service com.android.bluetooth/.btservice.AdapterService
09-01 00:10:57.479 I/chatty  ( 3334): uid=1002(bluetooth) com.android.bluetooth expire 36 lines
09-01 00:10:57.521 I/chatty  ( 3334): uid=1002(bluetooth) com.android.bluetooth expire 12 lines
09-01 00:10:57.521 I/chatty  ( 3334): uid=1002(bluetooth) com.android.bluetooth expire 39 lines
09-01 00:10:57.523 I/chatty  ( 3334): uid=1002(bluetooth) com.android.bluetooth expire 4 lines
09-01 00:10:57.523 I/chatty  ( 3334): uid=1002(bluetooth) com.android.bluetooth expire 1 line
09-01 00:10:57.524 I/chatty  ( 3334): uid=1002(bluetooth) com.android.bluetooth expire 3 lines
09-01 00:10:57.528 D/BluetoothManagerService(  435): Bluetooth Adapter name changed to AOSP on navi_ref
09-01 00:10:57.529 D/BluetoothManagerService(  435): Stored Bluetooth name: AOSP on navi_ref
09-01 00:10:57.533 D/BluetoothManagerService(  435): BluetoothServiceConnection: com.android.bluetooth.btservice.AdapterService
09-01 00:10:57.533 D/BluetoothManagerService(  435): MESSAGE_BLUETOOTH_SERVICE_CONNECTED: 1
09-01 00:10:57.534 I/chatty  ( 3334): uid=1002(bluetooth) com.android.bluetooth expire 2 lines
09-01 00:10:57.536 D/BluetoothManagerService(  435): Broadcasting onBluetoothServiceUp() to 4 receivers.
09-01 00:10:57.536 D/BluetoothAdapter(  435): onBluetoothServiceUp: android.bluetooth.IBluetooth$Stub$Proxy@13ff9f9
09-01 00:10:57.536 D/BluetoothAdapter(  635): onBluetoothServiceUp: android.bluetooth.IBluetooth$Stub$Proxy@4bc4e1e
09-01 00:10:57.537 D/BluetoothAdapter(  547): onBluetoothServiceUp: android.bluetooth.IBluetooth$Stub$Proxy@4a6b395
09-01 00:10:57.537 I/chatty  ( 3334): uid=1002(bluetooth) com.android.bluetooth expire 1 line
09-01 00:10:57.538 D/BluetoothManagerService(  435): MESSAGE_BLUETOOTH_STATE_CHANGE: OFF > BLE_TURNING_ON
09-01 00:10:57.538 D/BluetoothManagerService(  435): Sending BLE State Change: OFF > BLE_TURNING_ON
09-01 00:10:57.541 I/chatty  ( 3334): uid=1002(bluetooth) com.android.bluetooth expire 1 line
09-01 00:10:57.573 I/chatty  ( 3334): uid=1002(bluetooth) com.android.bluetooth expire 7 lines
09-01 00:10:58.229 I/chatty  ( 3334): uid=1002(bluetooth) com.android.bluetooth expire 1 line
09-01 00:11:05.574 I/chatty  ( 3334): uid=1002(bluetooth) com.android.bluetooth expire 21 lines
09-01 00:11:05.577 I/chatty  ( 3334): uid=1002(bluetooth) com.android.bluetooth expire 2 lines
09-01 00:11:06.254 D/BluetoothManagerService(  435): BluetoothServiceConnection, disconnected: com.android.bluetooth.btservice.AdapterService
09-01 00:11:06.254 I/ActivityManager(  435): Process com.android.bluetooth (pid 3334) has died
09-01 00:11:06.254 D/ActivityManager(  435): cleanUpApplicationRecord -- 3334
09-01 00:11:06.254 E/BluetoothManagerService(  435): MESSAGE_BLUETOOTH_SERVICE_DISCONNECTED(1)
09-01 00:11:06.254 D/BluetoothManagerService(  435): Broadcasting onBluetoothServiceDown() to 3 receivers.
09-01 00:11:06.254 W/ActivityManager(  435): Scheduling restart of crashed service com.android.bluetooth/.btservice.AdapterService in 1000ms
09-01 00:11:06.255 W/ActivityManager(  435): Scheduling restart of crashed service com.android.bluetooth/.gatt.GattService in 11000ms
09-01 00:11:06.255 D/BluetoothAdapter(  435): onBluetoothServiceDown: android.bluetooth.IBluetooth$Stub$Proxy@13ff9f9
09-01 00:11:06.256 D/BluetoothAdapter(  635): onBluetoothServiceDown: android.bluetooth.IBluetooth$Stub$Proxy@4bc4e1e
09-01 00:11:06.256 D/BluetoothAdapter(  547): onBluetoothServiceDown: android.bluetooth.IBluetooth$Stub$Proxy@4a6b395
09-01 00:11:06.455 D/BluetoothManagerService(  435): MESSAGE_RESTART_BLUETOOTH_SERVICE
09-01 00:11:06.470 I/ActivityManager(  435): Start proc 3372:com.android.bluetooth/1002 for service com.android.bluetooth/.btservice.AdapterService
09-01 00:11:06.554 I/chatty  ( 3372): uid=1002(bluetooth) com.android.bluetooth expire 36 lines
09-01 00:11:06.595 I/chatty  ( 3372): uid=1002(bluetooth) com.android.bluetooth expire 12 lines
09-01 00:11:06.595 I/chatty  ( 3372): uid=1002(bluetooth) com.android.bluetooth expire 27 lines
09-01 00:11:06.597 I/chatty  ( 3372): uid=1002(bluetooth) com.android.bluetooth expire 1 line
09-01 00:11:06.597 I/chatty  ( 3372): uid=1002(bluetooth) com.android.bluetooth expire 1 line
09-01 00:11:06.598 I/chatty  ( 3372): uid=1002(bluetooth) com.android.bluetooth expire 3 lines
09-01 00:11:06.603 D/BluetoothManagerService(  435): Bluetooth Adapter name changed to AOSP on navi_ref
09-01 00:11:06.603 D/BluetoothManagerService(  435): Stored Bluetooth name: AOSP on navi_ref
09-01 00:11:06.606 D/BluetoothManagerService(  435): BluetoothServiceConnection: com.android.bluetooth.btservice.AdapterService
09-01 00:11:06.607 D/BluetoothManagerService(  435): MESSAGE_BLUETOOTH_SERVICE_CONNECTED: 1
09-01 00:11:06.607 I/chatty  ( 3372): uid=1002(bluetooth) com.android.bluetooth expire 2 lines
09-01 00:11:06.609 D/BluetoothManagerService(  435): Broadcasting onBluetoothServiceUp() to 4 receivers.
09-01 00:11:06.609 D/BluetoothAdapter(  435): onBluetoothServiceUp: android.bluetooth.IBluetooth$Stub$Proxy@a075da2
09-01 00:11:06.609 D/BluetoothAdapter(  635): onBluetoothServiceUp: android.bluetooth.IBluetooth$Stub$Proxy@d2e96ff
09-01 00:11:06.610 D/BluetoothAdapter(  547): onBluetoothServiceUp: android.bluetooth.IBluetooth$Stub$Proxy@ff00caa
09-01 00:11:06.610 I/chatty  ( 3372): uid=1002(bluetooth) com.android.bluetooth expire 1 line
09-01 00:11:06.611 D/BluetoothManagerService(  435): MESSAGE_BLUETOOTH_STATE_CHANGE: OFF > BLE_TURNING_ON
09-01 00:11:06.611 D/BluetoothManagerService(  435): Sending BLE State Change: OFF > BLE_TURNING_ON
09-01 00:11:06.614 I/chatty  ( 3372): uid=1002(bluetooth) com.android.bluetooth expire 1 line
09-01 00:11:06.640 I/chatty  ( 3372): uid=1002(bluetooth) com.android.bluetooth expire 7 lines
09-01 00:11:06.642 I/chatty  ( 3372): uid=1002(bluetooth) com.android.bluetooth expire 12 lines
09-01 00:11:07.297 I/chatty  ( 3372): uid=1002(bluetooth) com.android.bluetooth expire 1 line
09-01 00:11:14.642 I/chatty  ( 3372): uid=1002(bluetooth) com.android.bluetooth expire 3 lines
09-01 00:11:14.642 I/chatty  ( 3372): uid=1002(bluetooth) com.android.bluetooth expire 21 lines
09-01 00:11:14.645 I/chatty  ( 3372): uid=1002(bluetooth) com.android.bluetooth expire 2 lines
09-01 00:11:15.322 I/ActivityManager(  435): Process com.android.bluetooth (pid 3372) has died
09-01 00:11:15.322 D/BluetoothManagerService(  435): BluetoothServiceConnection, disconnected: com.android.bluetooth.btservice.AdapterService
09-01 00:11:15.322 D/ActivityManager(  435): cleanUpApplicationRecord -- 3372
09-01 00:11:15.322 E/BluetoothManagerService(  435): MESSAGE_BLUETOOTH_SERVICE_DISCONNECTED(1)
09-01 00:11:15.322 D/BluetoothManagerService(  435): Broadcasting onBluetoothServiceDown() to 3 receivers.
