08-31 23:59:59.646 I/auditd  (  127): type=2000 audit(0.0:1): initialized
09-01 00:00:01.588 I/auditd  (  127): type=1403 audit(0.0:2): policy loaded auid=4294967295 ses=4294967295
09-01 00:00:01.589 I/auditd  (  127): type=1404 audit(0.0:3): enforcing=1 old_enforcing=0 auid=4294967295 ses=4294967295
09-01 00:00:02.056 I/auditd  (  119): type=1400 audit(0.0:4): avc: denied { getattr } for comm="e2fsck" path="/dev/block/mmcblk0p5" dev="tmpfs" ino=12379 scontext=u:r:fsck:s0 tcontext=u:object_r:block_device:s0 tclass=blk_file permissive=0
09-01 00:00:02.057 I/auditd  (  119): type=1400 audit(0.0:5): avc: denied { getattr } for comm="e2fsck" path="/dev/block/mmcblk0p5" dev="tmpfs" ino=12379 scontext=u:r:fsck:s0 tcontext=u:object_r:block_device:s0 tclass=blk_file permissive=0
09-01 00:00:02.057 I/auditd  (  119): type=1400 audit(0.0:6): avc: denied { read write } for comm="e2fsck" name="mmcblk0p5" dev="tmpfs" ino=12379 scontext=u:r:fsck:s0 tcontext=u:object_r:block_device:s0 tclass=blk_file permissive=0
09-01 00:00:02.383 I/auditd  (  124): type=1400 audit(0.0:7): avc: denied { getattr } for comm="e2fsck" path="/dev/block/mmcblk0p8" dev="tmpfs" ino=12388 scontext=u:r:fsck:s0 tcontext=u:object_r:block_device:s0 tclass=blk_file permissive=0
09-01 00:00:02.384 I/auditd  (  124): type=1400 audit(0.0:8): avc: denied { getattr } for comm="e2fsck" path="/dev/block/mmcblk0p8" dev="tmpfs" ino=12388 scontext=u:r:fsck:s0 tcontext=u:object_r:block_device:s0 tclass=blk_file permissive=0
09-01 00:00:02.384 I/auditd  (  124): type=1400 audit(0.0:9): avc: denied { read write } for comm="e2fsck" name="mmcblk0p8" dev="tmpfs" ino=12388 scontext=u:r:fsck:s0 tcontext=u:object_r:block_device:s0 tclass=blk_file permissive=0
09-01 00:00:04.727 I/boot_progress_start(  173): 5659
09-01 00:00:06.693 I/boot_progress_preload_start(  173): 7623
09-01 00:00:10.588 I/boot_progress_preload_end(  173): 11522
09-01 00:00:10.917 I/boot_progress_system_run(  435): 11849
09-01 00:00:11.976 I/boot_progress_pms_start(  435): 12910
09-01 00:00:12.307 I/boot_progress_pms_system_scan_start(  435): 13240
09-01 00:00:15.151 I/boot_progress_pms_data_scan_start(  435): 16084
09-01 00:00:15.169 I/boot_progress_pms_scan_end(  435): 16103
09-01 00:00:15.699 I/boot_progress_pms_ready(  435): 16632
09-01 00:00:15.816 I/battery_status(  435): [2,2,1,1,]
09-01 00:00:15.816 I/battery_level(  435): [100,0,424]
09-01 00:00:16.355 I/wm_stack_created(  435): 0
09-01 00:00:16.554 I/configuration_changed(  435): 7672
09-01 00:00:16.562 I/configuration_changed(  435): 1024
09-01 00:00:16.572 I/configuration_changed(  435): 256
09-01 00:00:16.594 I/configuration_changed(  435): 8
09-01 00:00:16.639 I/configuration_changed(  435): 512
09-01 00:00:17.435 I/dvm_lock_sample(  435): [system_server,0,main,200,WifiNative.java,295,-,-2,40]
09-01 00:00:17.661 I/free_storage_left(  435): [4712210432,1492729856,4712210432]
09-01 00:00:17.661 I/free_storage_changed(  435): 4712210432
09-01 00:00:17.786 I/stream_devices_changed(  435): [0,0,2]
09-01 00:00:17.787 I/stream_devices_changed(  435): [2,0,2]
09-01 00:00:17.788 I/stream_devices_changed(  435): [3,0,2]
09-01 00:00:17.789 I/stream_devices_changed(  435): [4,0,2]
09-01 00:00:17.789 I/stream_devices_changed(  435): [6,0,2]
09-01 00:00:18.268 I/boot_progress_ams_ready(  435): 19202
09-01 00:00:18.362 I/am_proc_start(  435): [0,509,1002,com.android.bluetooth,service,com.android.bluetooth/.btservice.AdapterService]
09-01 00:00:18.419 I/am_proc_start(  435): [0,523,10038,com.android.inputmethod.latin,service,com.android.inputmethod.latin/.LatinIME]
09-01 00:00:18.422 I/am_proc_bound(  435): [0,509,com.android.bluetooth]
09-01 00:00:18.503 I/am_proc_start(  435): [0,541,1037,WebViewLoader-armeabi-v7a,,]
09-01 00:00:18.504 I/am_proc_bound(  435): [0,523,com.android.inputmethod.latin]
09-01 00:00:18.542 I/am_proc_start(  435): [0,547,10019,com.android.systemui,service,com.android.systemui/.SystemUIService]
09-01 00:00:18.617 I/am_proc_bound(  435): [0,547,com.android.systemui]
09-01 00:00:19.459 I/am_proc_start(  435): [0,635,1001,com.android.phone,added application,com.android.phone]
09-01 00:00:19.511 I/am_create_task(  435): [0,1]
09-01 00:00:19.511 I/am_create_activity(  435): [0,23615603,1,com.android.settings/.FallbackHome,android.intent.action.MAIN,NULL,NULL,276824320]
09-01 00:00:19.521 I/wm_task_created(  435): [1,0]
09-01 00:00:19.522 I/wm_task_moved(  435): [1,1,0]
09-01 00:00:19.524 I/wm_task_moved(  435): [1,1,0]
09-01 00:00:19.527 I/am_focused_activity(  435): [0,com.android.settings/.FallbackHome,startedActivity]
09-01 00:00:19.560 I/am_proc_start(  435): [0,655,1000,com.android.settings,activity,com.android.settings/.FallbackHome]
09-01 00:00:19.569 I/am_proc_bound(  435): [0,635,com.android.phone]
09-01 00:00:19.687 I/am_proc_bound(  435): [0,655,com.android.settings]
09-01 00:00:19.717 I/bt_config_source(  509): 4
09-01 00:00:19.772 I/am_restart_activity(  435): [0,23615603,1,com.android.settings/.FallbackHome]
09-01 00:00:20.206 I/notification_enqueue(  435): [1000,435,android,17040422,NULL,-1,Notification(pri=-2 contentView=null vibrate=null sound=null tick defaults=0x0 flags=0x2 color=0xff607d8b vis=PUBLIC),0]
09-01 00:00:20.207 I/am_on_resume_called(  655): [0,com.android.settings.FallbackHome,LAUNCH_ACTIVITY]
09-01 00:00:20.208 I/notification_enqueue(  435): [1000,435,android,17040429,NULL,-1,Notification(pri=0 contentView=null vibrate=null sound=null tick defaults=0x0 flags=0x2 color=0xff607d8b vis=PUBLIC),0]
09-01 00:00:20.422 I/boot_progress_enable_screen(  435): 21355
09-01 00:00:20.426 I/am_activity_launch_time(  435): [0,23615603,com.android.settings/.FallbackHome,885,885]
09-01 00:00:20.431 I/screen_toggled(  435): 1
09-01 00:00:20.447 I/sysui_action(  547): [213,2]
09-01 00:00:20.510 I/netstats_mobile_sample(  435): [0,0,0,0,0,0,0,0,0,0,0,0,-1]
09-01 00:00:20.511 I/netstats_wifi_sample(  435): [0,0,0,0,0,0,0,0,0,0,0,0,-1]
09-01 00:00:22.280 I/force_gc(  435): Binder
09-01 00:00:22.625 I/sf_stop_bootanim(  129): 23558
09-01 00:00:22.657 I/sysui_view_visibility(  547): [111,100]
09-01 00:00:22.657 I/sysui_view_visibility(  547): [126,100]
09-01 00:00:22.657 I/sysui_view_visibility(  547): [261,100]
09-01 00:00:22.657 I/sysui_view_visibility(  547): [118,100]
09-01 00:00:22.657 I/sysui_view_visibility(  547): [123,100]
09-01 00:00:22.657 I/sysui_view_visibility(  547): [113,100]
09-01 00:00:22.657 I/sysui_view_visibility(  547): [112,100]
09-01 00:00:22.677 I/sf_frame_dur(  129): [BootAnimation,0,1,205,6,0,0,0]
09-01 00:00:22.708 I/sysui_status_bar_state(  547): [1,1,0,0,0,1]
09-01 00:00:22.709 I/am_pause_activity(  435): [0,23615603,com.android.settings/.FallbackHome]
09-01 00:00:22.714 I/am_on_paused_called(  655): [0,com.android.settings.FallbackHome,handlePauseActivity]
09-01 00:00:22.717 I/am_stop_activity(  435): [0,23615603,com.android.settings/.FallbackHome]
09-01 00:00:22.719 I/sysui_count(  435): [window_time_0,11]
09-01 00:00:22.721 I/am_on_stop_called(  655): [0,com.android.settings.FallbackHome,sleeping]
09-01 00:00:22.722 I/sysui_histogram(  547): [note_load,0]
09-01 00:00:22.723 I/notification_panel_revealed(  435): 0
09-01 00:00:22.750 I/wm_boot_animation_done(  435): 23683
09-01 00:00:22.779 I/am_proc_start(  435): [0,848,10008,android.ext.services,on-hold,]
09-01 00:00:22.783 I/sysui_histogram(  435): [framework_locked_boot_completed,23]
09-01 00:00:22.962 I/sysui_histogram(  874): [bootstat_mtime_matches_content,1]
09-01 00:00:22.969 I/sysui_histogram(  874): [bootstat_mtime_matches_content,1]
09-01 00:00:22.969 I/sysui_histogram(  874): [bootstat_mtime_matches_content,1]
09-01 00:00:23.021 I/sysui_histogram(  876): [factory_reset_current_time,1251763223]
09-01 00:00:23.022 I/sysui_histogram(  876): [bootstat_mtime_matches_content,1]
09-01 00:00:23.023 I/sysui_histogram(  876): [factory_reset_record_value,1251763240]
09-01 00:00:23.046 I/sysui_histogram(  877): [bootstat_mtime_matches_content,1]
09-01 00:00:23.046 I/sysui_histogram(  877): [bootstat_mtime_matches_content,1]
09-01 00:00:23.046 I/sysui_histogram(  877): [bootstat_mtime_matches_content,1]
09-01 00:00:23.046 I/sysui_histogram(  877): [bootstat_mtime_matches_content,1]
09-01 00:00:23.048 I/sysui_histogram(  877): [bootstat_mtime_matches_content,1]
09-01 00:00:23.050 I/sysui_histogram(  877): [bootstat_mtime_matches_content,1]
09-01 00:00:23.050 I/sysui_histogram(  877): [bootstat_mtime_matches_content,1]
09-01 00:00:23.050 I/sysui_histogram(  877): [bootstat_mtime_matches_content,1]
09-01 00:00:23.050 I/sysui_histogram(  877): [bootstat_mtime_matches_content,1]
09-01 00:00:23.050 I/sysui_histogram(  877): [bootstat_mtime_matches_content,1]
09-01 00:00:23.051 I/sysui_histogram(  877): [bootstat_mtime_matches_content,1]
09-01 00:00:23.051 I/sysui_histogram(  877): [bootstat_mtime_matches_content,1]
09-01 00:00:23.051 I/sysui_histogram(  877): [bootstat_mtime_matches_content,1]
09-01 00:00:23.051 I/sysui_histogram(  877): [bootstat_mtime_matches_content,1]
09-01 00:00:23.052 I/sysui_histogram(  877): [post_decrypt_time_elapsed,3]
09-01 00:00:23.052 I/sysui_histogram(  877): [last_boot_time_utc,1251763222]
09-01 00:00:23.052 I/sysui_histogram(  877): [build_date,1548182105]
09-01 00:00:23.053 I/sysui_histogram(  877): [boot_decryption_complete,23]
09-01 00:00:23.053 I/sysui_histogram(  877): [ota_boot_complete_post_decrypt,37]
09-01 00:00:23.053 I/sysui_histogram(  877): [ota_boot_complete,40]
09-01 00:00:23.053 I/sysui_histogram(  877): [boot_reason,1]
09-01 00:00:23.053 I/sysui_histogram(  877): [factory_reset_current_time,1251763223]
09-01 00:00:23.053 I/sysui_histogram(  877): [factory_reset,1251763240]
09-01 00:00:23.053 I/sysui_histogram(  877): [time_since_last_boot,0]
09-01 00:00:23.053 I/sysui_histogram(  877): [boot_complete_post_decrypt,20]
09-01 00:00:23.053 I/sysui_histogram(  877): [boot_complete,23]
09-01 00:00:23.053 I/sysui_histogram(  877): [factory_reset_record_value,1251763240]
09-01 00:00:23.053 I/sysui_histogram(  877): [time_since_factory_reset,-17]
09-01 00:00:23.241 I/dvm_lock_sample(  435): [system_server,1,Binder:435_6,481,ActivityManagerService.java,10467,-,6852,96]
09-01 00:00:23.241 I/dvm_lock_sample(  435): [system_server,1,Binder:435_5,478,ActivityManagerService.java,10467,-,6852,95]
09-01 00:00:23.242 I/dvm_lock_sample(  435): [system_server,1,ActivityManager,458,BroadcastQueue.java,762,ActivityManagerService.java,6852,91]
09-01 00:00:23.245 I/am_proc_bound(  435): [0,848,android.ext.services]
09-01 00:00:23.262 I/sf_frame_dur(  129): [KeyguardScrim,0,0,0,0,0,0,1]
09-01 00:00:23.298 I/am_proc_start(  435): [0,880,10031,com.android.deskclock,broadcast,com.android.deskclock/.AlarmInitReceiver]
09-01 00:00:23.417 I/sysui_histogram(  435): [framework_boot_completed,24]
09-01 00:00:23.608 I/am_proc_start(  435): [0,912,10049,com.android.smspush,service,com.android.smspush/.WapPushManager]
09-01 00:00:23.609 I/am_finish_activity(  435): [0,23615603,1,com.android.settings/.FallbackHome,app-request]
09-01 00:00:23.621 I/am_destroy_activity(  435): [0,23615603,1,com.android.settings/.FallbackHome,finish-imm]
09-01 00:00:23.621 I/am_focused_activity(  435): [-1,NULL,resetFocusedActivityIfNeeded]
09-01 00:00:23.627 I/dvm_lock_sample(  435): [system_server,0,Binder:435_1,121,ActivityManagerService.java,17379,-,17341,24]
09-01 00:00:23.635 I/am_proc_bound(  435): [0,880,com.android.deskclock]
09-01 00:00:23.640 I/dvm_lock_sample(  435): [system_server,1,Binder:435_8,83,ActivityManagerService.java,10467,-,17341,16]
09-01 00:00:23.687 I/am_proc_start(  435): [0,927,1000,com.android.keychain,service,com.android.keychain/.KeyChainService]
09-01 00:00:23.689 I/dvm_lock_sample(  435): [system_server,1,Binder:435_5,23,ActivityManagerService.java,6699,-,17341,4]
09-01 00:00:23.690 I/am_proc_bound(  435): [0,912,com.android.smspush]
09-01 00:00:23.725 I/wm_task_removed(  435): [1,removeAppToken: last token]
09-01 00:00:23.725 I/wm_task_removed(  435): [1,removeTask]
09-01 00:00:23.727 I/sf_frame_dur(  129): [com.android.settings/com.android.settings.FallbackHome,76,3,0,0,0,0,1]
09-01 00:00:23.739 I/am_create_task(  435): [0,2]
09-01 00:00:23.739 I/am_create_activity(  435): [0,252060868,2,com.android.launcher3/.Launcher,android.intent.action.MAIN,NULL,NULL,268435712]
09-01 00:00:23.739 I/wm_task_created(  435): [2,0]
09-01 00:00:23.759 I/wm_task_moved(  435): [2,1,0]
09-01 00:00:23.764 I/wm_task_moved(  435): [2,1,0]
09-01 00:00:23.765 I/am_focused_activity(  435): [0,com.android.launcher3/.Launcher,startedActivity]
09-01 00:00:23.845 I/am_proc_start(  435): [0,951,10039,com.android.launcher3,activity,com.android.launcher3/.Launcher]
09-01 00:00:23.848 I/am_proc_bound(  435): [0,927,com.android.keychain]
09-01 00:00:23.906 I/am_proc_bound(  435): [0,951,com.android.launcher3]
09-01 00:00:23.917 I/am_restart_activity(  435): [0,252060868,2,com.android.launcher3/.Launcher]
09-01 00:00:23.923 I/am_pause_activity(  435): [0,252060868,com.android.launcher3/.Launcher]
09-01 00:00:23.933 I/dvm_lock_sample(  435): [system_server,1,android.display,18,ActivityManagerService.java,22005,-,6699,3]
09-01 00:00:24.418 I/am_proc_start(  435): [0,989,10007,android.process.media,broadcast,com.android.providers.downloads/.DownloadReceiver]
09-01 00:00:24.419 I/dvm_lock_sample(  435): [system_server,1,android.ui,24,ActivityManagerService.java,4229,BroadcastQueue.java,762,4]
09-01 00:00:24.428 I/am_stop_activity(  435): [0,252060868,com.android.launcher3/.Launcher]
09-01 00:00:24.430 I/sysui_count(  435): [window_time_0,2]
09-01 00:00:24.473 I/am_proc_bound(  435): [0,989,android.process.media]
09-01 00:00:24.659 I/notification_visibility(  435): [-1|android|17040429|null|1000,1,6204,6204,0,0]
09-01 00:00:24.782 I/am_on_resume_called(  951): [0,com.android.launcher3.Launcher,LAUNCH_ACTIVITY]
09-01 00:00:24.826 I/am_on_paused_called(  951): [0,com.android.launcher3.Launcher,handlePauseActivity]
09-01 00:00:24.830 I/am_failed_to_pause(  435): [0,252060868,com.android.launcher3/.Launcher,(none)]
09-01 00:00:24.831 I/am_meminfo(  435): [51855360,1407782912,0,65843200,65425408]
09-01 00:00:24.854 I/am_on_stop_called(  951): [0,com.android.launcher3.Launcher,sleeping]
09-01 00:00:24.905 I/dvm_lock_sample(  435): [system_server,1,android.display,15,WindowManagerService.java,8857,-,2857,3]
09-01 00:00:25.067 I/am_activity_launch_time(  435): [0,252060868,com.android.launcher3/.Launcher,1143,1296]
09-01 00:00:25.222 I/am_proc_start(  435): [0,1025,10026,com.android.calendar,broadcast,com.android.calendar/.alerts.AlertReceiver]
09-01 00:00:25.257 I/am_proc_bound(  435): [0,1025,com.android.calendar]
09-01 00:00:25.494 I/am_proc_start(  435): [0,1052,10033,com.android.email,broadcast,com.android.email/.service.EmailBroadcastReceiver]
09-01 00:00:25.522 I/am_proc_start(  435): [0,1066,10002,com.android.providers.calendar,content provider,com.android.providers.calendar/.CalendarProvider2]
09-01 00:00:25.524 I/am_proc_bound(  435): [0,1052,com.android.email]
09-01 00:00:25.559 I/am_proc_bound(  435): [0,1066,com.android.providers.calendar]
09-01 00:00:26.199 I/am_proc_start(  435): [0,1094,10010,com.android.managedprovisioning,broadcast,com.android.managedprovisioning/.BootReminder]
09-01 00:00:26.224 I/am_proc_bound(  435): [0,1094,com.android.managedprovisioning]
09-01 00:00:26.303 I/dvm_lock_sample( 1052): [com.android.email,0,IntentService[com.android.email.,90,AccountReconciler.java,-1,SQLiteConnection.java,-2,18]
09-01 00:00:26.327 I/am_proc_start(  435): [0,1110,10012,com.android.onetimeinitializer,broadcast,com.android.onetimeinitializer/.OneTimeInitializerReceiver]
09-01 00:00:26.356 I/am_proc_bound(  435): [0,1110,com.android.onetimeinitializer]
09-01 00:00:26.449 I/sysui_lockscreen_gesture(  547): [3,0,0]
09-01 00:00:26.610 I/sysui_lockscreen_gesture(  547): [7,0,0]
09-01 00:00:26.628 I/notification_visibility(  435): [-1|android|17040429|null|1000,0,8173,8173,0,0]
09-01 00:00:26.628 I/notification_panel_hidden(  435): []
09-01 00:00:26.642 I/wm_stack_created(  435): 1
09-01 00:00:26.643 I/am_create_task(  435): [0,3]
09-01 00:00:26.643 I/am_create_activity(  435): [0,205133402,3,com.android.settings/.DevelopmentSettings,android.intent.action.MAIN,NULL,NULL,268468224]
09-01 00:00:26.646 I/wm_task_created(  435): [3,1]
09-01 00:00:26.660 I/wm_task_moved(  435): [3,1,0]
09-01 00:00:26.661 I/am_focused_stack(  435): [0,1,0,startedActivity setFocusedActivity]
09-01 00:00:26.661 I/wm_task_moved(  435): [3,1,0]
09-01 00:00:26.663 I/am_focused_activity(  435): [0,com.android.settings/.DevelopmentSettings,startedActivity]
09-01 00:00:26.676 I/am_restart_activity(  435): [0,205133402,3,com.android.settings/.DevelopmentSettings]
09-01 00:00:26.681 I/sysui_action(  435): [323,com.android.settings/.DevelopmentSettings]
09-01 00:00:26.681 I/sysui_action(  435): [324,true]
09-01 00:00:26.681 I/sysui_action(  435): [325,27]
09-01 00:00:26.684 I/notification_clicked(  435): [-1|android|17040429|null|1000,8229,8229,2025]
09-01 00:00:26.690 I/sysui_histogram(  435): [note_click_longevity,0]
09-01 00:00:26.740 I/am_on_stop_called(  951): [0,com.android.launcher3.Launcher,handleWindowVisibility]
09-01 00:00:26.843 I/sysui_action(  435): [321,202]
09-01 00:00:26.843 I/sysui_action(  435): [320,1]
09-01 00:00:26.843 I/sysui_action(  435): [319,202]
09-01 00:00:26.844 I/sf_frame_dur(  129): [com.android.launcher3/com.android.launcher3.Launcher,1,1,0,0,0,0,1]
09-01 00:00:26.866 I/screen_toggled(  547): 2
09-01 00:00:26.891 I/screen_toggled(  547): 2
09-01 00:00:26.956 I/sysui_view_visibility(  547): [111,0]
09-01 00:00:26.958 I/notification_expansion(  435): [-1|android|17040429|null|1000,0,1,8503,8503,2299]
09-01 00:00:26.965 I/sysui_status_bar_state(  547): [0,0,0,0,0,1]
09-01 00:00:27.405 I/sysui_count(  655): [DevelopmentSettings/select_webview_provider,1]
09-01 00:00:27.405 I/sysui_action(  655): [350,DevelopmentSettings/select_webview_provider|com.android.webview]
09-01 00:00:27.569 I/sysui_view_visibility(  655): [39,100]
09-01 00:00:27.577 I/sysui_count(  655): [DevelopmentSettings/enable_adb|true,1]
09-01 00:00:27.579 I/sysui_count(  655): [DevelopmentSettings/bugreport_in_power|false,1]
09-01 00:00:27.581 I/sysui_count(  655): [DevelopmentSettings/keep_screen_on|true,1]
09-01 00:00:27.585 I/sysui_count(  655): [DevelopmentSettings/bt_hci_snoop_log|false,1]
09-01 00:00:27.586 I/sysui_count(  655): [DevelopmentSettings/debug_view_attributes|false,1]
09-01 00:00:27.586 I/sysui_count(  655): [DevelopmentSettings/force_allow_on_external|false,1]
09-01 00:00:27.589 I/sysui_count(  655): [DevelopmentSettings/hdcp_checking|drm-only,1]
09-01 00:00:27.590 I/sysui_count(  655): [DevelopmentSettings/wait_for_debugger|false,1]
09-01 00:00:27.593 I/sysui_count(  655): [DevelopmentSettings/strict_mode|false,1]
09-01 00:00:27.597 I/sysui_count(  655): [DevelopmentSettings/pointer_location|false,1]
09-01 00:00:27.598 I/sysui_count(  655): [DevelopmentSettings/show_touches|false,1]
09-01 00:00:27.600 I/sysui_count(  655): [DevelopmentSettings/show_screen_updates|false,1]
09-01 00:00:27.600 I/sysui_count(  655): [DevelopmentSettings/disable_overlays|false,1]
09-01 00:00:27.600 I/sysui_count(  655): [DevelopmentSettings/force_hw_ui|false,1]
09-01 00:00:27.600 I/sysui_count(  655): [DevelopmentSettings/force_msaa|false,1]
09-01 00:00:27.601 I/sysui_count(  655): [DevelopmentSettings/show_hw_screen_udpates|false,1]
09-01 00:00:27.601 I/sysui_count(  655): [DevelopmentSettings/show_hw_layers_udpates|false,1]
09-01 00:00:27.601 I/sysui_count(  655): [DevelopmentSettings/debug_layout|false,1]
09-01 00:00:27.602 I/sysui_count(  655): [DevelopmentSettings/show_non_rect_clip|hide,1]
09-01 00:00:27.604 I/sysui_count(  655): [DevelopmentSettings/track_frame_time|false,1]
09-01 00:00:27.605 I/sysui_count(  655): [DevelopmentSettings/immediately_destroy_activities|false,1]
09-01 00:00:27.605 I/sysui_count(  655): [DevelopmentSettings/debug_hw_overdraw|false,1]
09-01 00:00:27.606 I/sysui_count(  655): [DevelopmentSettings/window_animation_scale|1,1]
09-01 00:00:27.607 I/sysui_count(  655): [DevelopmentSettings/show_all_anrs|false,1]
09-01 00:00:27.607 I/sysui_count(  655): [DevelopmentSettings/transition_animation_scale|1,1]
09-01 00:00:27.607 I/sysui_count(  655): [DevelopmentSettings/verify_apps_over_usb|true,1]
09-01 00:00:27.607 I/sysui_count(  655): [DevelopmentSettings/animator_duration_scale|1,1]
09-01 00:00:27.608 I/sysui_count(  655): [DevelopmentSettings/overlay_display_devices|,1]
09-01 00:00:27.609 I/sysui_count(  655): [DevelopmentSettings/app_process_limit|-1,1]
09-01 00:00:27.610 I/sysui_count(  655): [DevelopmentSettings/ota_disable_automatic_update|true,1]
09-01 00:00:27.613 I/sysui_count(  655): [DevelopmentSettings/force_rtl_layout_all_locales|false,1]
09-01 00:00:27.619 I/sysui_count(  655): [DevelopmentSettings/wifi_display_certification|false,1]
09-01 00:00:27.619 I/sysui_count(  655): [DevelopmentSettings/wifi_verbose_logging|false,1]
09-01 00:00:27.619 I/sysui_count(  655): [DevelopmentSettings/select_logd_size|262144,1]
09-01 00:00:27.620 I/sysui_count(  655): [DevelopmentSettings/wifi_aggressive_handover|false,1]
09-01 00:00:27.620 I/sysui_count(  655): [DevelopmentSettings/wifi_allow_scan_with_traffic|false,1]
09-01 00:00:27.621 I/sysui_count(  655): [DevelopmentSettings/select_logpersist|,1]
09-01 00:00:27.621 I/sysui_count(  655): [DevelopmentSettings/mobile_data_always_on|false,1]
09-01 00:00:27.623 I/sysui_count(  655): [DevelopmentSettings/usb_audio|false,1]
09-01 00:00:27.624 I/sysui_count(  655): [DevelopmentSettings/force_resizable_activities|false,1]
09-01 00:00:27.625 I/sysui_count(  655): [DevelopmentSettings/enable_webview_multiprocess|false,1]
09-01 00:00:27.627 I/sysui_count(  655): [DevelopmentSettings/bluetooth_disable_absolute_volume|false,1]
09-01 00:00:27.638 I/sysui_count(  655): [DevelopmentSettings/simulate_color_space|-1,1]
09-01 00:00:27.652 I/am_on_resume_called(  655): [0,com.android.settings.DevelopmentSettings,LAUNCH_ACTIVITY]
09-01 00:00:27.721 I/sysui_count(  655): [DevelopmentSettings/select_usb_configuration|none,1]
09-01 00:00:28.007 I/sysui_action(  435): [322,1365]
09-01 00:00:28.009 I/am_activity_launch_time(  435): [0,205133402,com.android.settings/.DevelopmentSettings,1341,1341]
09-01 00:00:28.279 I/auditd  (  128): avc:  denied  { find } for service=netd pid=655 uid=1000 scontext=u:r:system_app:s0 tcontext=u:object_r:netd_service:s0 tclass=service_manager permissive=0
09-01 00:00:29.314 I/bt_hci_timeout(  509): 3075
09-01 00:00:29.374 I/am_proc_died(  435): [0,509,com.android.bluetooth]
09-01 00:00:29.375 I/am_schedule_service_restart(  435): [0,com.android.bluetooth/.btservice.AdapterService,1000]
09-01 00:00:29.376 I/am_schedule_service_restart(  435): [0,com.android.bluetooth/.gatt.GattService,11000]
09-01 00:00:29.381 I/am_mem_factor(  435): [2,0]
09-01 00:00:29.622 I/am_proc_start(  435): [0,1157,1002,com.android.bluetooth,service,com.android.bluetooth/.btservice.AdapterService]
09-01 00:00:29.623 I/dvm_lock_sample(  435): [system_server,1,android.ui,45,ActivityManagerService.java,4229,-,17341,9]
09-01 00:00:29.657 I/am_proc_bound(  435): [0,1157,com.android.bluetooth]
09-01 00:00:29.824 I/bt_config_source( 1157): 4
09-01 00:00:32.376 I/am_new_intent(  435): [0,237948869,2,com.android.launcher3/.Launcher,android.intent.action.MAIN,NULL,NULL,270532608]
09-01 00:00:32.376 I/am_focused_stack(  435): [0,0,1,bringingFoundTaskToFront setFocusedActivity]
09-01 00:00:32.377 I/wm_task_moved(  435): [2,1,0]
09-01 00:00:32.379 I/am_focused_activity(  435): [0,com.android.launcher3/.Launcher,bringingFoundTaskToFront]
09-01 00:00:32.379 I/am_pause_activity(  435): [0,205133402,com.android.settings/.DevelopmentSettings]
09-01 00:00:32.392 I/sysui_view_visibility(  655): [39,0]
09-01 00:00:32.435 I/am_resume_activity(  435): [0,252060868,2,com.android.launcher3/.Launcher]
09-01 00:00:32.436 I/am_task_to_front(  435): [0,2]
09-01 00:00:32.438 I/sysui_action(  435): [323,com.android.launcher3/.Launcher]
09-01 00:00:32.438 I/sysui_action(  435): [324,true]
09-01 00:00:32.438 I/sysui_action(  435): [325,33]
09-01 00:00:32.438 I/sysui_count(  435): [window_time_0,8]
09-01 00:00:32.439 I/am_stop_activity(  435): [0,205133402,com.android.settings/.DevelopmentSettings]
09-01 00:00:32.444 I/am_on_paused_called(  655): [0,com.android.settings.DevelopmentSettings,handlePauseActivity]
09-01 00:00:32.445 I/sysui_count(  547): [overview_affiliated_task_next,1]
09-01 00:00:32.460 I/am_new_intent(  435): [0,77245722,2,com.android.launcher3/.Launcher,android.intent.action.MAIN,NULL,NULL,270532608]
09-01 00:00:32.462 I/wm_task_moved(  435): [2,1,0]
09-01 00:00:32.466 I/sysui_action(  435): [323,com.android.launcher3/.Launcher]
09-01 00:00:32.466 I/sysui_action(  435): [324,true]
09-01 00:00:32.466 I/sysui_action(  435): [325,33]
09-01 00:00:32.488 I/am_on_resume_called(  951): [0,com.android.launcher3.Launcher,RESUME_ACTIVITY]
09-01 00:00:32.602 I/am_on_stop_called(  655): [0,com.android.settings.DevelopmentSettings,handleStopActivity]
09-01 00:00:32.679 I/sysui_action(  435): [320,2]
09-01 00:00:32.679 I/sysui_action(  435): [319,220]
09-01 00:00:32.679 I/sysui_action(  435): [322,220]
09-01 00:00:37.624 I/am_finish_activity(  435): [0,205133402,3,com.android.settings/.DevelopmentSettings,force-stop]
09-01 00:00:37.625 I/am_destroy_activity(  435): [0,205133402,3,com.android.settings/.DevelopmentSettings,finish-imm]
09-01 00:00:37.628 I/wm_task_removed(  435): [3,removeAppToken: last token]
09-01 00:00:37.629 I/sf_frame_dur(  129): [com.android.settings/com.android.settings.DevelopmentSettings,31,3,0,1,0,0,2]
09-01 00:00:37.630 I/wm_task_removed(  435): [3,removeTask]
09-01 00:00:37.630 I/wm_stack_removed(  435): 1
09-01 00:00:38.533 I/bt_hci_timeout( 1157): 3075
09-01 00:00:38.564 I/am_proc_died(  435): [0,1157,com.android.bluetooth]
09-01 00:00:38.564 I/am_schedule_service_restart(  435): [0,com.android.bluetooth/.btservice.AdapterService,1000]
09-01 00:00:38.564 I/am_schedule_service_restart(  435): [0,com.android.bluetooth/.gatt.GattService,10999]
09-01 00:00:38.603 I/am_pss  (  435): [523,10038,com.android.inputmethod.latin,14456832,9711616,0]
09-01 00:00:38.777 I/am_proc_start(  435): [0,1253,1002,com.android.bluetooth,service,com.android.bluetooth/.btservice.AdapterService]
09-01 00:00:38.799 I/am_proc_bound(  435): [0,1253,com.android.bluetooth]
09-01 00:00:38.911 I/bt_config_source( 1253): 4
09-01 00:00:47.616 I/bt_hci_timeout( 1253): 3075
09-01 00:00:47.640 I/am_proc_died(  435): [0,1253,com.android.bluetooth]
09-01 00:00:47.640 I/am_schedule_service_restart(  435): [0,com.android.bluetooth/.btservice.AdapterService,1000]
09-01 00:00:47.640 I/am_schedule_service_restart(  435): [0,com.android.bluetooth/.gatt.GattService,10999]
09-01 00:00:47.642 I/am_mem_factor(  435): [1,2]
09-01 00:00:47.680 I/am_pss  (  435): [951,10039,com.android.launcher3,19218432,12296192,0]
09-01 00:00:47.712 I/am_pss  (  435): [1025,10026,com.android.calendar,8718336,4485120,0]
09-01 00:00:47.741 I/am_pss  (  435): [912,10049,com.android.smspush,5281792,2084864,0]
09-01 00:00:47.772 I/am_pss  (  435): [848,10008,android.ext.services,5501952,2125824,0]
09-01 00:00:47.857 I/am_proc_start(  435): [0,1324,1002,com.android.bluetooth,service,com.android.bluetooth/.btservice.AdapterService]
09-01 00:00:47.873 I/am_proc_bound(  435): [0,1324,com.android.bluetooth]
09-01 00:00:47.979 I/bt_config_source( 1324): 4
09-01 00:00:55.540 I/am_pss  (  435): [880,10031,com.android.deskclock,9796608,6156288,0]
09-01 00:00:55.571 I/am_pss  (  435): [927,1000,com.android.keychain,5216256,2138112,0]
09-01 00:00:56.669 I/bt_hci_timeout( 1324): 3075
09-01 00:00:56.694 I/am_proc_died(  435): [0,1324,com.android.bluetooth]
09-01 00:00:56.694 I/am_schedule_service_restart(  435): [0,com.android.bluetooth/.btservice.AdapterService,1000]
09-01 00:00:56.695 I/am_schedule_service_restart(  435): [0,com.android.bluetooth/.gatt.GattService,10999]
09-01 00:00:56.727 I/am_pss  (  435): [1052,10033,com.android.email,14367744,9773056,0]
09-01 00:00:56.756 I/am_pss  (  435): [1110,10012,com.android.onetimeinitializer,5083136,1908736,0]
09-01 00:00:56.786 I/am_pss  (  435): [1094,10010,com.android.managedprovisioning,5977088,2805760,0]
09-01 00:00:56.905 I/am_proc_start(  435): [0,1357,1002,com.android.bluetooth,service,com.android.bluetooth/.btservice.AdapterService]
09-01 00:00:56.926 I/am_proc_bound(  435): [0,1357,com.android.bluetooth]
09-01 00:00:57.030 I/bt_config_source( 1357): 4
09-01 00:01:00.041 I/am_pss  (  435): [989,10007,android.process.media,10688512,5861376,0]
09-01 00:01:05.719 I/bt_hci_timeout( 1357): 3075
09-01 00:01:05.743 I/am_proc_died(  435): [0,1357,com.android.bluetooth]
09-01 00:01:05.743 I/am_schedule_service_restart(  435): [0,com.android.bluetooth/.btservice.AdapterService,1000]
09-01 00:01:05.743 I/am_schedule_service_restart(  435): [0,com.android.bluetooth/.gatt.GattService,10999]
09-01 00:01:05.778 I/am_pss  (  435): [655,1000,com.android.settings,23316480,14401536,0]
09-01 00:01:05.956 I/am_proc_start(  435): [0,1395,1002,com.android.bluetooth,service,com.android.bluetooth/.btservice.AdapterService]
09-01 00:01:05.978 I/am_proc_bound(  435): [0,1395,com.android.bluetooth]
09-01 00:01:06.082 I/bt_config_source( 1395): 4
09-01 00:01:10.802 I/auditd  ( 1423): type=1400 audit(0.0:10): avc: denied { getattr } for comm="ls" path="/ueventd.rc" dev="rootfs" ino=9735 scontext=u:r:shell:s0 tcontext=u:object_r:rootfs:s0 tclass=file permissive=0
09-01 00:01:10.803 I/auditd  ( 1423): type=1400 audit(0.0:11): avc: denied { getattr } for comm="ls" path="/ueventd.navi_ref.rc" dev="rootfs" ino=9734 scontext=u:r:shell:s0 tcontext=u:object_r:rootfs:s0 tclass=file permissive=0
09-01 00:01:10.803 I/auditd  ( 1423): type=1400 audit(0.0:12): avc: denied { getattr } for comm="ls" path="/service_contexts" dev="rootfs" ino=9730 scontext=u:r:shell:s0 tcontext=u:object_r:rootfs:s0 tclass=file permissive=0
09-01 00:01:10.803 I/auditd  ( 1423): type=1400 audit(0.0:13): avc: denied { getattr } for comm="ls" path="/sepolicy" dev="rootfs" ino=9729 scontext=u:r:shell:s0 tcontext=u:object_r:rootfs:s0 tclass=file permissive=0
09-01 00:01:10.803 I/auditd  ( 1423): type=1400 audit(0.0:14): avc: denied { getattr } for comm="ls" path="/selinux_version" dev="rootfs" ino=9728 scontext=u:r:shell:s0 tcontext=u:object_r:rootfs:s0 tclass=file permissive=0
09-01 00:01:10.804 I/auditd  ( 1423): type=1400 audit(0.0:15): avc: denied { getattr } for comm="ls" path="/seapp_contexts" dev="rootfs" ino=9727 scontext=u:r:shell:s0 tcontext=u:object_r:rootfs:s0 tclass=file permissive=0
09-01 00:01:10.804 I/auditd  ( 1423): type=1400 audit(0.0:16): avc: denied { getattr } for comm="ls" path="/init.zygote32.rc" dev="rootfs" ino=9716 scontext=u:r:shell:s0 tcontext=u:object_r:rootfs:s0 tclass=file permissive=0
09-01 00:01:10.804 I/auditd  ( 1423): type=1400 audit(0.0:17): avc: denied { getattr } for comm="ls" path="/init.usb.rc" dev="rootfs" ino=9715 scontext=u:r:shell:s0 tcontext=u:object_r:rootfs:s0 tclass=file permissive=0
09-01 00:01:10.804 I/auditd  ( 1423): type=1400 audit(0.0:18): avc: denied { getattr } for comm="ls" path="/init.usb.configfs.rc" dev="rootfs" ino=9714 scontext=u:r:shell:s0 tcontext=u:object_r:rootfs:s0 tclass=file permissive=0
09-01 00:01:10.805 I/auditd  ( 1423): type=1400 audit(0.0:19): avc: denied { getattr } for comm="ls" path="/init.recovery.navi_ref.rc" dev="rootfs" ino=9713 scontext=u:r:shell:s0 tcontext=u:object_r:rootfs:s0 tclass=file permissive=0
09-01 00:01:10.805 I/auditd  ( 1423): type=1400 audit(0.0:20): avc: denied { getattr } for comm="ls" path="/init.rc" dev="rootfs" ino=9712 scontext=u:r:shell:s0 tcontext=u:object_r:rootfs:s0 tclass=file permissive=0
09-01 00:01:10.805 I/auditd  ( 1423): type=1400 audit(0.0:21): avc: denied { getattr } for comm="ls" path="/init.navi_ref.usb.rc" dev="rootfs" ino=9711 scontext=u:r:shell:s0 tcontext=u:object_r:rootfs:s0 tclass=file permissive=0
09-01 00:01:10.805 I/auditd  ( 1423): type=1400 audit(0.0:22): avc: denied { getattr } for comm="ls" path="/init.navi_ref.rc" dev="rootfs" ino=9710 scontext=u:r:shell:s0 tcontext=u:object_r:rootfs:s0 tclass=file permissive=0
09-01 00:01:10.805 I/auditd  ( 1423): type=1400 audit(0.0:23): avc: denied { getattr } for comm="ls" path="/init.environ.rc" dev="rootfs" ino=9709 scontext=u:r:shell:s0 tcontext=u:object_r:rootfs:s0 tclass=file permissive=0
09-01 00:01:10.806 I/auditd  ( 1423): type=1400 audit(0.0:24): avc: denied { getattr } for comm="ls" path="/init" dev="rootfs" ino=9708 scontext=u:r:shell:s0 tcontext=u:object_r:init_exec:s0 tclass=file permissive=0
09-01 00:01:10.806 I/auditd  ( 1423): type=1400 audit(0.0:25): avc: denied { getattr } for comm="ls" path="/fstab.navi_ref" dev="rootfs" ino=9707 scontext=u:r:shell:s0 tcontext=u:object_r:rootfs:s0 tclass=file permissive=0
09-01 00:01:10.806 I/auditd  ( 1423): type=1400 audit(0.0:26): avc: denied { getattr } for comm="ls" path="/file_contexts.bin" dev="rootfs" ino=9706 scontext=u:r:shell:s0 tcontext=u:object_r:rootfs:s0 tclass=file permissive=0
09-01 00:01:10.806 I/auditd  ( 1423): type=1400 audit(0.0:27): avc: denied { getattr } for comm="ls" path="/default.prop" dev="rootfs" ino=9704 scontext=u:r:shell:s0 tcontext=u:object_r:rootfs:s0 tclass=file permissive=0
09-01 00:01:14.771 I/bt_hci_timeout( 1395): 3075
09-01 00:01:14.794 I/am_proc_died(  435): [0,1395,com.android.bluetooth]
09-01 00:01:14.794 I/am_schedule_service_restart(  435): [0,com.android.bluetooth/.btservice.AdapterService,1000]
09-01 00:01:14.794 I/am_schedule_service_restart(  435): [0,com.android.bluetooth/.gatt.GattService,11000]
09-01 00:01:15.007 I/am_proc_start(  435): [0,1427,1002,com.android.bluetooth,service,com.android.bluetooth/.btservice.AdapterService]
09-01 00:01:15.029 I/am_proc_bound(  435): [0,1427,com.android.bluetooth]
09-01 00:01:15.133 I/bt_config_source( 1427): 4
09-01 00:01:23.823 I/bt_hci_timeout( 1427): 3075
09-01 00:01:23.847 I/am_proc_died(  435): [0,1427,com.android.bluetooth]
09-01 00:01:23.847 I/am_schedule_service_restart(  435): [0,com.android.bluetooth/.gatt.GattService,1000]
09-01 00:01:23.847 I/am_schedule_service_restart(  435): [0,com.android.bluetooth/.btservice.AdapterService,1000]
09-01 00:01:24.059 I/am_proc_start(  435): [0,1466,1002,com.android.bluetooth,service,com.android.bluetooth/.btservice.AdapterService]
09-01 00:01:24.081 I/am_proc_bound(  435): [0,1466,com.android.bluetooth]
09-01 00:01:24.184 I/bt_config_source( 1466): 4
09-01 00:01:32.875 I/bt_hci_timeout( 1466): 3075
09-01 00:01:32.897 I/am_proc_died(  435): [0,1466,com.android.bluetooth]
09-01 00:01:32.898 I/am_schedule_service_restart(  435): [0,com.android.bluetooth/.btservice.AdapterService,1000]
09-01 00:01:32.898 I/am_schedule_service_restart(  435): [0,com.android.bluetooth/.gatt.GattService,11000]
09-01 00:01:32.931 I/am_pss  (  435): [1066,10002,com.android.providers.calendar,7997440,4259840,0]
09-01 00:01:32.962 I/am_pss  (  435): [1025,10026,com.android.calendar,9003008,5136384,0]
09-01 00:01:33.111 I/am_proc_start(  435): [0,1496,1002,com.android.bluetooth,service,com.android.bluetooth/.btservice.AdapterService]
09-01 00:01:33.112 I/dvm_lock_sample(  435): [system_server,1,android.ui,11,ActivityManagerService.java,4229,-,17341,2]
09-01 00:01:33.134 I/am_proc_bound(  435): [0,1496,com.android.bluetooth]
09-01 00:01:33.238 I/bt_config_source( 1496): 4
09-01 00:01:41.929 I/bt_hci_timeout( 1496): 3075
09-01 00:01:41.952 I/am_proc_died(  435): [0,1496,com.android.bluetooth]
09-01 00:01:41.953 I/am_schedule_service_restart(  435): [0,com.android.bluetooth/.btservice.AdapterService,1000]
09-01 00:01:41.953 I/am_schedule_service_restart(  435): [0,com.android.bluetooth/.gatt.GattService,11000]
09-01 00:01:42.170 I/am_proc_start(  435): [0,1528,1002,com.android.bluetooth,service,com.android.bluetooth/.btservice.AdapterService]
09-01 00:01:42.186 I/am_proc_bound(  435): [0,1528,com.android.bluetooth]
09-01 00:01:42.290 I/bt_config_source( 1528): 4
09-01 00:01:50.981 I/bt_hci_timeout( 1528): 3075
09-01 00:01:51.004 I/am_proc_died(  435): [0,1528,com.android.bluetooth]
09-01 00:01:51.005 I/am_schedule_service_restart(  435): [0,com.android.bluetooth/.btservice.AdapterService,1000]
09-01 00:01:51.005 I/am_schedule_service_restart(  435): [0,com.android.bluetooth/.gatt.GattService,11000]
09-01 00:01:51.217 I/am_proc_start(  435): [0,1560,1002,com.android.bluetooth,service,com.android.bluetooth/.btservice.AdapterService]
09-01 00:01:51.238 I/am_proc_bound(  435): [0,1560,com.android.bluetooth]
09-01 00:01:51.342 I/bt_config_source( 1560): 4
09-01 00:02:00.032 I/bt_hci_timeout( 1560): 3075
09-01 00:02:00.055 I/am_proc_died(  435): [0,1560,com.android.bluetooth]
09-01 00:02:00.055 I/am_schedule_service_restart(  435): [0,com.android.bluetooth/.btservice.AdapterService,1000]
09-01 00:02:00.056 I/am_schedule_service_restart(  435): [0,com.android.bluetooth/.gatt.GattService,11000]
09-01 00:02:00.276 I/am_proc_start(  435): [0,1602,1002,com.android.bluetooth,service,com.android.bluetooth/.btservice.AdapterService]
09-01 00:02:00.291 I/am_proc_bound(  435): [0,1602,com.android.bluetooth]
09-01 00:02:00.395 I/bt_config_source( 1602): 4
09-01 00:02:09.083 I/bt_hci_timeout( 1602): 3075
09-01 00:02:09.107 I/am_proc_died(  435): [0,1602,com.android.bluetooth]
09-01 00:02:09.107 I/am_schedule_service_restart(  435): [0,com.android.bluetooth/.gatt.GattService,1000]
09-01 00:02:09.107 I/am_schedule_service_restart(  435): [0,com.android.bluetooth/.btservice.AdapterService,1000]
09-01 00:02:09.320 I/am_proc_start(  435): [0,1632,1002,com.android.bluetooth,service,com.android.bluetooth/.btservice.AdapterService]
09-01 00:02:09.345 I/am_proc_bound(  435): [0,1632,com.android.bluetooth]
09-01 00:02:09.449 I/bt_config_source( 1632): 4
09-01 00:02:18.139 I/bt_hci_timeout( 1632): 3075
09-01 00:02:18.163 I/am_proc_died(  435): [0,1632,com.android.bluetooth]
09-01 00:02:18.164 I/am_schedule_service_restart(  435): [0,com.android.bluetooth/.btservice.AdapterService,1000]
09-01 00:02:18.164 I/am_schedule_service_restart(  435): [0,com.android.bluetooth/.gatt.GattService,11000]
09-01 00:02:18.220 I/am_pss  (  435): [435,1000,system,63448064,51580928,0]
09-01 00:02:18.376 I/am_proc_start(  435): [0,1663,1002,com.android.bluetooth,service,com.android.bluetooth/.btservice.AdapterService]
09-01 00:02:18.398 I/am_proc_bound(  435): [0,1663,com.android.bluetooth]
09-01 00:02:18.503 I/bt_config_source( 1663): 4
09-01 00:02:27.192 I/bt_hci_timeout( 1663): 3075
09-01 00:02:27.216 I/am_proc_died(  435): [0,1663,com.android.bluetooth]
09-01 00:02:27.216 I/am_schedule_service_restart(  435): [0,com.android.bluetooth/.btservice.AdapterService,1000]
09-01 00:02:27.217 I/am_schedule_service_restart(  435): [0,com.android.bluetooth/.gatt.GattService,11000]
09-01 00:02:27.252 I/am_pss  (  435): [635,1001,com.android.phone,17869824,12431360,0]
09-01 00:02:27.292 I/am_pss  (  435): [547,10019,com.android.systemui,39869440,30793728,0]
09-01 00:02:27.435 I/am_proc_start(  435): [0,1693,1002,com.android.bluetooth,service,com.android.bluetooth/.btservice.AdapterService]
09-01 00:02:27.453 I/am_proc_bound(  435): [0,1693,com.android.bluetooth]
09-01 00:02:27.559 I/bt_config_source( 1693): 4
09-01 00:02:36.249 I/bt_hci_timeout( 1693): 3075
09-01 00:02:36.273 I/am_proc_died(  435): [0,1693,com.android.bluetooth]
09-01 00:02:36.274 I/am_schedule_service_restart(  435): [0,com.android.bluetooth/.btservice.AdapterService,1000]
09-01 00:02:36.275 I/am_schedule_service_restart(  435): [0,com.android.bluetooth/.gatt.GattService,11000]
09-01 00:02:36.485 I/am_proc_start(  435): [0,1723,1002,com.android.bluetooth,service,com.android.bluetooth/.btservice.AdapterService]
09-01 00:02:36.507 I/am_proc_bound(  435): [0,1723,com.android.bluetooth]
09-01 00:02:36.614 I/bt_config_source( 1723): 4
09-01 00:02:44.648 I/force_gc(  435): Binder
09-01 00:02:45.306 I/bt_hci_timeout( 1723): 3075
09-01 00:02:45.330 I/am_proc_died(  435): [0,1723,com.android.bluetooth]
09-01 00:02:45.330 I/am_schedule_service_restart(  435): [0,com.android.bluetooth/.btservice.AdapterService,1000]
09-01 00:02:45.330 I/am_schedule_service_restart(  435): [0,com.android.bluetooth/.gatt.GattService,11000]
09-01 00:02:45.544 I/am_proc_start(  435): [0,1754,1002,com.android.bluetooth,service,com.android.bluetooth/.btservice.AdapterService]
09-01 00:02:45.565 I/am_proc_bound(  435): [0,1754,com.android.bluetooth]
09-01 00:02:45.669 I/bt_config_source( 1754): 4
09-01 00:02:54.359 I/bt_hci_timeout( 1754): 3075
09-01 00:02:54.381 I/am_proc_died(  435): [0,1754,com.android.bluetooth]
09-01 00:02:54.382 I/am_schedule_service_restart(  435): [0,com.android.bluetooth/.gatt.GattService,1000]
09-01 00:02:54.382 I/am_schedule_service_restart(  435): [0,com.android.bluetooth/.btservice.AdapterService,1000]
09-01 00:02:54.421 I/am_pss  (  435): [951,10039,com.android.launcher3,19356672,12414976,0]
09-01 00:02:54.594 I/am_proc_start(  435): [0,1784,1002,com.android.bluetooth,service,com.android.bluetooth/.btservice.AdapterService]
09-01 00:02:54.615 I/am_proc_bound(  435): [0,1784,com.android.bluetooth]
09-01 00:02:54.720 I/bt_config_source( 1784): 4
09-01 00:03:03.409 I/bt_hci_timeout( 1784): 3075
09-01 00:03:03.433 I/am_proc_died(  435): [0,1784,com.android.bluetooth]
09-01 00:03:03.434 I/am_schedule_service_restart(  435): [0,com.android.bluetooth/.btservice.AdapterService,1000]
09-01 00:03:03.434 I/am_schedule_service_restart(  435): [0,com.android.bluetooth/.gatt.GattService,11000]
09-01 00:03:03.645 I/am_proc_start(  435): [0,1814,1002,com.android.bluetooth,service,com.android.bluetooth/.btservice.AdapterService]
09-01 00:03:03.667 I/am_proc_bound(  435): [0,1814,com.android.bluetooth]
09-01 00:03:03.771 I/bt_config_source( 1814): 4
09-01 00:03:12.462 I/bt_hci_timeout( 1814): 3075
09-01 00:03:12.485 I/am_proc_died(  435): [0,1814,com.android.bluetooth]
09-01 00:03:12.486 I/am_schedule_service_restart(  435): [0,com.android.bluetooth/.btservice.AdapterService,1000]
09-01 00:03:12.486 I/am_schedule_service_restart(  435): [0,com.android.bluetooth/.gatt.GattService,11000]
09-01 00:03:12.697 I/am_proc_start(  435): [0,1844,1002,com.android.bluetooth,service,com.android.bluetooth/.btservice.AdapterService]
09-01 00:03:12.719 I/am_proc_bound(  435): [0,1844,com.android.bluetooth]
09-01 00:03:12.825 I/bt_config_source( 1844): 4
09-01 00:03:21.515 I/bt_hci_timeout( 1844): 3075
09-01 00:03:21.538 I/am_proc_died(  435): [0,1844,com.android.bluetooth]
09-01 00:03:21.538 I/am_schedule_service_restart(  435): [0,com.android.bluetooth/.btservice.AdapterService,1000]
09-01 00:03:21.538 I/am_schedule_service_restart(  435): [0,com.android.bluetooth/.gatt.GattService,11000]
09-01 00:03:21.750 I/am_proc_start(  435): [0,1875,1002,com.android.bluetooth,service,com.android.bluetooth/.btservice.AdapterService]
09-01 00:03:21.772 I/am_proc_bound(  435): [0,1875,com.android.bluetooth]
09-01 00:03:21.877 I/bt_config_source( 1875): 4
09-01 00:03:30.566 I/bt_hci_timeout( 1875): 3075
09-01 00:03:30.590 I/am_proc_died(  435): [0,1875,com.android.bluetooth]
09-01 00:03:30.590 I/am_schedule_service_restart(  435): [0,com.android.bluetooth/.btservice.AdapterService,1000]
09-01 00:03:30.590 I/am_schedule_service_restart(  435): [0,com.android.bluetooth/.gatt.GattService,10999]
09-01 00:03:30.802 I/am_proc_start(  435): [0,1905,1002,com.android.bluetooth,service,com.android.bluetooth/.btservice.AdapterService]
09-01 00:03:30.824 I/am_proc_bound(  435): [0,1905,com.android.bluetooth]
09-01 00:03:30.928 I/bt_config_source( 1905): 4
09-01 00:03:39.620 I/bt_hci_timeout( 1905): 3075
09-01 00:03:39.644 I/am_proc_died(  435): [0,1905,com.android.bluetooth]
09-01 00:03:39.644 I/am_schedule_service_restart(  435): [0,com.android.bluetooth/.btservice.AdapterService,1000]
09-01 00:03:39.644 I/am_schedule_service_restart(  435): [0,com.android.bluetooth/.gatt.GattService,10999]
09-01 00:03:39.858 I/am_proc_start(  435): [0,1935,1002,com.android.bluetooth,service,com.android.bluetooth/.btservice.AdapterService]
09-01 00:03:39.880 I/am_proc_bound(  435): [0,1935,com.android.bluetooth]
09-01 00:03:39.986 I/bt_config_source( 1935): 4
09-01 00:03:48.675 I/bt_hci_timeout( 1935): 3075
09-01 00:03:48.699 I/am_proc_died(  435): [0,1935,com.android.bluetooth]
09-01 00:03:48.700 I/am_schedule_service_restart(  435): [0,com.android.bluetooth/.btservice.AdapterService,1000]
09-01 00:03:48.700 I/am_schedule_service_restart(  435): [0,com.android.bluetooth/.gatt.GattService,11000]
09-01 00:03:48.917 I/am_proc_start(  435): [0,1965,1002,com.android.bluetooth,service,com.android.bluetooth/.btservice.AdapterService]
09-01 00:03:48.932 I/am_proc_bound(  435): [0,1965,com.android.bluetooth]
09-01 00:03:49.035 I/bt_config_source( 1965): 4
09-01 00:03:57.724 I/bt_hci_timeout( 1965): 3075
09-01 00:03:57.749 I/am_proc_died(  435): [0,1965,com.android.bluetooth]
09-01 00:03:57.750 I/am_schedule_service_restart(  435): [0,com.android.bluetooth/.btservice.AdapterService,1000]
09-01 00:03:57.750 I/am_schedule_service_restart(  435): [0,com.android.bluetooth/.gatt.GattService,11000]
09-01 00:03:57.961 I/am_proc_start(  435): [0,2013,1002,com.android.bluetooth,service,com.android.bluetooth/.btservice.AdapterService]
09-01 00:03:57.983 I/am_proc_bound(  435): [0,2013,com.android.bluetooth]
09-01 00:03:58.089 I/bt_config_source( 2013): 4
09-01 00:04:06.780 I/bt_hci_timeout( 2013): 3075
09-01 00:04:06.803 I/am_proc_died(  435): [0,2013,com.android.bluetooth]
09-01 00:04:06.804 I/am_schedule_service_restart(  435): [0,com.android.bluetooth/.btservice.AdapterService,1000]
09-01 00:04:06.804 I/am_schedule_service_restart(  435): [0,com.android.bluetooth/.gatt.GattService,11000]
09-01 00:04:07.018 I/am_proc_start(  435): [0,2043,1002,com.android.bluetooth,service,com.android.bluetooth/.btservice.AdapterService]
09-01 00:04:07.041 I/am_proc_bound(  435): [0,2043,com.android.bluetooth]
09-01 00:04:07.045 I/force_gc(  435): Binder
09-01 00:04:07.169 I/bt_config_source( 2043): 4
09-01 00:04:15.858 I/bt_hci_timeout( 2043): 3075
09-01 00:04:15.884 I/am_proc_died(  435): [0,2043,com.android.bluetooth]
09-01 00:04:15.884 I/am_schedule_service_restart(  435): [0,com.android.bluetooth/.btservice.AdapterService,1000]
09-01 00:04:15.885 I/am_schedule_service_restart(  435): [0,com.android.bluetooth/.gatt.GattService,11000]
09-01 00:04:16.098 I/am_proc_start(  435): [0,2082,1002,com.android.bluetooth,service,com.android.bluetooth/.btservice.AdapterService]
09-01 00:04:16.119 I/am_proc_bound(  435): [0,2082,com.android.bluetooth]
09-01 00:04:16.222 I/bt_config_source( 2082): 4
09-01 00:04:24.913 I/bt_hci_timeout( 2082): 3075
09-01 00:04:24.937 I/am_proc_died(  435): [0,2082,com.android.bluetooth]
09-01 00:04:24.937 I/am_schedule_service_restart(  435): [0,com.android.bluetooth/.btservice.AdapterService,1000]
09-01 00:04:24.937 I/am_schedule_service_restart(  435): [0,com.android.bluetooth/.gatt.GattService,11000]
09-01 00:04:25.150 I/am_proc_start(  435): [0,2113,1002,com.android.bluetooth,service,com.android.bluetooth/.btservice.AdapterService]
09-01 00:04:25.172 I/am_proc_bound(  435): [0,2113,com.android.bluetooth]
09-01 00:04:25.276 I/bt_config_source( 2113): 4
09-01 00:04:33.967 I/bt_hci_timeout( 2113): 3075
09-01 00:04:33.991 I/am_proc_died(  435): [0,2113,com.android.bluetooth]
09-01 00:04:33.992 I/am_schedule_service_restart(  435): [0,com.android.bluetooth/.gatt.GattService,1000]
09-01 00:04:33.992 I/am_schedule_service_restart(  435): [0,com.android.bluetooth/.btservice.AdapterService,1000]
09-01 00:04:34.203 I/am_proc_start(  435): [0,2144,1002,com.android.bluetooth,service,com.android.bluetooth/.btservice.AdapterService]
09-01 00:04:34.225 I/am_proc_bound(  435): [0,2144,com.android.bluetooth]
09-01 00:04:34.330 I/bt_config_source( 2144): 4
09-01 00:04:43.021 I/bt_hci_timeout( 2144): 3075
09-01 00:04:43.045 I/am_proc_died(  435): [0,2144,com.android.bluetooth]
09-01 00:04:43.045 I/am_schedule_service_restart(  435): [0,com.android.bluetooth/.btservice.AdapterService,1000]
09-01 00:04:43.045 I/am_schedule_service_restart(  435): [0,com.android.bluetooth/.gatt.GattService,10999]
09-01 00:04:43.258 I/am_proc_start(  435): [0,2174,1002,com.android.bluetooth,service,com.android.bluetooth/.btservice.AdapterService]
09-01 00:04:43.281 I/am_proc_bound(  435): [0,2174,com.android.bluetooth]
09-01 00:04:43.385 I/bt_config_source( 2174): 4
09-01 00:04:52.075 I/bt_hci_timeout( 2174): 3075
09-01 00:04:52.098 I/am_proc_died(  435): [0,2174,com.android.bluetooth]
09-01 00:04:52.098 I/am_schedule_service_restart(  435): [0,com.android.bluetooth/.btservice.AdapterService,1000]
09-01 00:04:52.098 I/am_schedule_service_restart(  435): [0,com.android.bluetooth/.gatt.GattService,11000]
09-01 00:04:52.317 I/am_proc_start(  435): [0,2204,1002,com.android.bluetooth,service,com.android.bluetooth/.btservice.AdapterService]
09-01 00:04:52.332 I/am_proc_bound(  435): [0,2204,com.android.bluetooth]
09-01 00:04:52.436 I/bt_config_source( 2204): 4
09-01 00:05:00.045 I/am_pss  (  435): [951,10039,com.android.launcher3,19129344,12414976,0]
09-01 00:05:01.126 I/bt_hci_timeout( 2204): 3075
09-01 00:05:01.149 I/am_proc_died(  435): [0,2204,com.android.bluetooth]
09-01 00:05:01.150 I/am_schedule_service_restart(  435): [0,com.android.bluetooth/.btservice.AdapterService,1000]
09-01 00:05:01.150 I/am_schedule_service_restart(  435): [0,com.android.bluetooth/.gatt.GattService,11000]
09-01 00:05:01.364 I/am_proc_start(  435): [0,2234,1002,com.android.bluetooth,service,com.android.bluetooth/.btservice.AdapterService]
09-01 00:05:01.387 I/am_proc_bound(  435): [0,2234,com.android.bluetooth]
09-01 00:05:01.493 I/bt_config_source( 2234): 4
09-01 00:05:10.182 I/bt_hci_timeout( 2234): 3075
09-01 00:05:10.206 I/am_proc_died(  435): [0,2234,com.android.bluetooth]
