09-01 00:05:10.207 I/am_schedule_service_restart(  435): [0,com.android.bluetooth/.gatt.GattService,1000]
09-01 00:05:10.207 I/am_schedule_service_restart(  435): [0,com.android.bluetooth/.btservice.AdapterService,1000]
09-01 00:05:10.419 I/am_proc_start(  435): [0,2264,1002,com.android.bluetooth,service,com.android.bluetooth/.btservice.AdapterService]
09-01 00:05:10.441 I/am_proc_bound(  435): [0,2264,com.android.bluetooth]
09-01 00:05:10.546 I/bt_config_source( 2264): 4
09-01 00:05:19.236 I/bt_hci_timeout( 2264): 3075
09-01 00:05:19.259 I/am_proc_died(  435): [0,2264,com.android.bluetooth]
09-01 00:05:19.259 I/am_schedule_service_restart(  435): [0,com.android.bluetooth/.gatt.GattService,1000]
09-01 00:05:19.259 I/am_schedule_service_restart(  435): [0,com.android.bluetooth/.btservice.AdapterService,1000]
09-01 00:05:19.479 I/am_proc_start(  435): [0,2294,1002,com.android.bluetooth,service,com.android.bluetooth/.btservice.AdapterService]
09-01 00:05:19.494 I/am_proc_bound(  435): [0,2294,com.android.bluetooth]
09-01 00:05:19.599 I/bt_config_source( 2294): 4
09-01 00:05:28.289 I/bt_hci_timeout( 2294): 3075
09-01 00:05:28.313 I/am_proc_died(  435): [0,2294,com.android.bluetooth]
09-01 00:05:28.313 I/am_schedule_service_restart(  435): [0,com.android.bluetooth/.btservice.AdapterService,1000]
09-01 00:05:28.314 I/am_schedule_service_restart(  435): [0,com.android.bluetooth/.gatt.GattService,11000]
09-01 00:05:28.527 I/am_proc_start(  435): [0,2324,1002,com.android.bluetooth,service,com.android.bluetooth/.btservice.AdapterService]
09-01 00:05:28.549 I/am_proc_bound(  435): [0,2324,com.android.bluetooth]
09-01 00:05:28.602 I/force_gc(  435): Binder
09-01 00:05:28.668 I/bt_config_source( 2324): 4
09-01 00:05:37.358 I/bt_hci_timeout( 2324): 3075
09-01 00:05:37.381 I/am_proc_died(  435): [0,2324,com.android.bluetooth]
09-01 00:05:37.382 I/am_schedule_service_restart(  435): [0,com.android.bluetooth/.gatt.GattService,1000]
09-01 00:05:37.382 I/am_schedule_service_restart(  435): [0,com.android.bluetooth/.btservice.AdapterService,1000]
09-01 00:05:37.600 I/am_proc_start(  435): [0,2356,1002,com.android.bluetooth,service,com.android.bluetooth/.btservice.AdapterService]
09-01 00:05:37.616 I/am_proc_bound(  435): [0,2356,com.android.bluetooth]
09-01 00:05:37.721 I/bt_config_source( 2356): 4
09-01 00:05:46.410 I/bt_hci_timeout( 2356): 3075
09-01 00:05:46.435 I/am_proc_died(  435): [0,2356,com.android.bluetooth]
09-01 00:05:46.436 I/am_schedule_service_restart(  435): [0,com.android.bluetooth/.gatt.GattService,1000]
09-01 00:05:46.436 I/am_schedule_service_restart(  435): [0,com.android.bluetooth/.btservice.AdapterService,1000]
09-01 00:05:46.647 I/am_proc_start(  435): [0,2387,1002,com.android.bluetooth,service,com.android.bluetooth/.btservice.AdapterService]
09-01 00:05:46.669 I/am_proc_bound(  435): [0,2387,com.android.bluetooth]
09-01 00:05:46.773 I/bt_config_source( 2387): 4
09-01 00:05:55.464 I/bt_hci_timeout( 2387): 3075
09-01 00:05:55.488 I/am_proc_died(  435): [0,2387,com.android.bluetooth]
09-01 00:05:55.489 I/am_schedule_service_restart(  435): [0,com.android.bluetooth/.gatt.GattService,1000]
09-01 00:05:55.489 I/am_schedule_service_restart(  435): [0,com.android.bluetooth/.btservice.AdapterService,1000]
09-01 00:05:55.708 I/am_proc_start(  435): [0,2417,1002,com.android.bluetooth,service,com.android.bluetooth/.btservice.AdapterService]
09-01 00:05:55.724 I/am_proc_bound(  435): [0,2417,com.android.bluetooth]
09-01 00:05:55.830 I/bt_config_source( 2417): 4
09-01 00:06:04.521 I/bt_hci_timeout( 2417): 3075
09-01 00:06:04.544 I/am_proc_died(  435): [0,2417,com.android.bluetooth]
09-01 00:06:04.544 I/am_schedule_service_restart(  435): [0,com.android.bluetooth/.gatt.GattService,1000]
09-01 00:06:04.544 I/am_schedule_service_restart(  435): [0,com.android.bluetooth/.btservice.AdapterService,1000]
09-01 00:06:04.757 I/am_proc_start(  435): [0,2447,1002,com.android.bluetooth,service,com.android.bluetooth/.btservice.AdapterService]
09-01 00:06:04.779 I/am_proc_bound(  435): [0,2447,com.android.bluetooth]
09-01 00:06:04.881 I/bt_config_source( 2447): 4
09-01 00:06:13.572 I/bt_hci_timeout( 2447): 3075
09-01 00:06:13.595 I/am_proc_died(  435): [0,2447,com.android.bluetooth]
09-01 00:06:13.596 I/am_schedule_service_restart(  435): [0,com.android.bluetooth/.gatt.GattService,1000]
09-01 00:06:13.596 I/am_schedule_service_restart(  435): [0,com.android.bluetooth/.btservice.AdapterService,1000]
09-01 00:06:13.814 I/am_proc_start(  435): [0,2477,1002,com.android.bluetooth,service,com.android.bluetooth/.btservice.AdapterService]
09-01 00:06:13.830 I/am_proc_bound(  435): [0,2477,com.android.bluetooth]
09-01 00:06:13.935 I/bt_config_source( 2477): 4
09-01 00:06:22.625 I/bt_hci_timeout( 2477): 3075
09-01 00:06:22.649 I/am_proc_died(  435): [0,2477,com.android.bluetooth]
09-01 00:06:22.649 I/am_schedule_service_restart(  435): [0,com.android.bluetooth/.gatt.GattService,1000]
09-01 00:06:22.650 I/am_schedule_service_restart(  435): [0,com.android.bluetooth/.btservice.AdapterService,1000]
09-01 00:06:22.862 I/am_proc_start(  435): [0,2508,1002,com.android.bluetooth,service,com.android.bluetooth/.btservice.AdapterService]
09-01 00:06:22.885 I/am_proc_bound(  435): [0,2508,com.android.bluetooth]
09-01 00:06:22.990 I/bt_config_source( 2508): 4
09-01 00:06:31.681 I/bt_hci_timeout( 2508): 3075
09-01 00:06:31.704 I/am_proc_died(  435): [0,2508,com.android.bluetooth]
09-01 00:06:31.704 I/am_schedule_service_restart(  435): [0,com.android.bluetooth/.btservice.AdapterService,1000]
09-01 00:06:31.704 I/am_schedule_service_restart(  435): [0,com.android.bluetooth/.gatt.GattService,11000]
09-01 00:06:31.917 I/am_proc_start(  435): [0,2538,1002,com.android.bluetooth,service,com.android.bluetooth/.btservice.AdapterService]
09-01 00:06:31.938 I/am_proc_bound(  435): [0,2538,com.android.bluetooth]
09-01 00:06:32.042 I/bt_config_source( 2538): 4
09-01 00:06:40.732 I/bt_hci_timeout( 2538): 3075
09-01 00:06:40.756 I/am_proc_died(  435): [0,2538,com.android.bluetooth]
09-01 00:06:40.756 I/am_schedule_service_restart(  435): [0,com.android.bluetooth/.btservice.AdapterService,1000]
09-01 00:06:40.757 I/am_schedule_service_restart(  435): [0,com.android.bluetooth/.gatt.GattService,11000]
09-01 00:06:40.976 I/am_proc_start(  435): [0,2569,1002,com.android.bluetooth,service,com.android.bluetooth/.btservice.AdapterService]
09-01 00:06:40.992 I/am_proc_bound(  435): [0,2569,com.android.bluetooth]
09-01 00:06:41.098 I/bt_config_source( 2569): 4
09-01 00:06:49.789 I/bt_hci_timeout( 2569): 3075
09-01 00:06:49.813 I/am_proc_died(  435): [0,2569,com.android.bluetooth]
09-01 00:06:49.813 I/am_schedule_service_restart(  435): [0,com.android.bluetooth/.btservice.AdapterService,1000]
09-01 00:06:49.813 I/am_schedule_service_restart(  435): [0,com.android.bluetooth/.gatt.GattService,10999]
09-01 00:06:50.028 I/am_proc_start(  435): [0,2599,1002,com.android.bluetooth,service,com.android.bluetooth/.btservice.AdapterService]
09-01 00:06:50.050 I/am_proc_bound(  435): [0,2599,com.android.bluetooth]
09-01 00:06:50.155 I/bt_config_source( 2599): 4
09-01 00:06:50.162 I/force_gc(  435): Binder
09-01 00:06:58.861 I/bt_hci_timeout( 2599): 3075
09-01 00:06:58.885 I/am_proc_died(  435): [0,2599,com.android.bluetooth]
09-01 00:06:58.886 I/am_schedule_service_restart(  435): [0,com.android.bluetooth/.btservice.AdapterService,1000]
09-01 00:06:58.886 I/am_schedule_service_restart(  435): [0,com.android.bluetooth/.gatt.GattService,11000]
09-01 00:06:59.105 I/am_proc_start(  435): [0,2629,1002,com.android.bluetooth,service,com.android.bluetooth/.btservice.AdapterService]
09-01 00:06:59.120 I/am_proc_bound(  435): [0,2629,com.android.bluetooth]
09-01 00:06:59.223 I/bt_config_source( 2629): 4
09-01 00:07:00.047 I/am_pss  (  435): [951,10039,com.android.launcher3,19129344,12414976,0]
09-01 00:07:07.913 I/bt_hci_timeout( 2629): 3075
09-01 00:07:07.937 I/am_proc_died(  435): [0,2629,com.android.bluetooth]
09-01 00:07:07.937 I/am_schedule_service_restart(  435): [0,com.android.bluetooth/.btservice.AdapterService,1000]
09-01 00:07:07.937 I/am_schedule_service_restart(  435): [0,com.android.bluetooth/.gatt.GattService,10999]
09-01 00:07:08.148 I/am_proc_start(  435): [0,2660,1002,com.android.bluetooth,service,com.android.bluetooth/.btservice.AdapterService]
09-01 00:07:08.171 I/am_proc_bound(  435): [0,2660,com.android.bluetooth]
09-01 00:07:08.276 I/bt_config_source( 2660): 4
09-01 00:07:16.966 I/bt_hci_timeout( 2660): 3075
09-01 00:07:16.991 I/am_proc_died(  435): [0,2660,com.android.bluetooth]
09-01 00:07:16.991 I/am_schedule_service_restart(  435): [0,com.android.bluetooth/.btservice.AdapterService,1000]
09-01 00:07:16.991 I/am_schedule_service_restart(  435): [0,com.android.bluetooth/.gatt.GattService,11000]
09-01 00:07:17.203 I/am_proc_start(  435): [0,2690,1002,com.android.bluetooth,service,com.android.bluetooth/.btservice.AdapterService]
09-01 00:07:17.225 I/am_proc_bound(  435): [0,2690,com.android.bluetooth]
09-01 00:07:17.330 I/bt_config_source( 2690): 4
09-01 00:07:26.018 I/bt_hci_timeout( 2690): 3075
09-01 00:07:56.043 I/am_proc_died(  435): [0,2690,com.android.bluetooth]
09-01 00:07:56.043 I/am_schedule_service_restart(  435): [0,com.android.bluetooth/.gatt.GattService,1000]
09-01 00:07:56.043 I/am_schedule_service_restart(  435): [0,com.android.bluetooth/.btservice.AdapterService,1000]
09-01 00:07:56.257 I/am_proc_start(  435): [0,2729,1002,com.android.bluetooth,service,com.android.bluetooth/.btservice.AdapterService]
09-01 00:07:56.279 I/am_proc_bound(  435): [0,2729,com.android.bluetooth]
09-01 00:07:56.384 I/bt_config_source( 2729): 4
09-01 00:08:05.074 I/bt_hci_timeout( 2729): 3075
09-01 00:08:05.098 I/am_proc_died(  435): [0,2729,com.android.bluetooth]
09-01 00:08:05.099 I/am_schedule_service_restart(  435): [0,com.android.bluetooth/.gatt.GattService,1000]
09-01 00:08:05.099 I/am_schedule_service_restart(  435): [0,com.android.bluetooth/.btservice.AdapterService,1000]
09-01 00:08:05.311 I/am_proc_start(  435): [0,2759,1002,com.android.bluetooth,service,com.android.bluetooth/.btservice.AdapterService]
09-01 00:08:05.333 I/am_proc_bound(  435): [0,2759,com.android.bluetooth]
09-01 00:08:05.439 I/bt_config_source( 2759): 4
09-01 00:08:14.132 I/bt_hci_timeout( 2759): 3075
09-01 00:08:14.156 I/am_proc_died(  435): [0,2759,com.android.bluetooth]
09-01 00:08:14.156 I/am_schedule_service_restart(  435): [0,com.android.bluetooth/.btservice.AdapterService,1000]
09-01 00:08:14.156 I/am_schedule_service_restart(  435): [0,com.android.bluetooth/.gatt.GattService,11000]
09-01 00:08:14.373 I/am_proc_start(  435): [0,2790,1002,com.android.bluetooth,service,com.android.bluetooth/.btservice.AdapterService]
09-01 00:08:14.390 I/am_proc_bound(  435): [0,2790,com.android.bluetooth]
09-01 00:08:14.494 I/bt_config_source( 2790): 4
09-01 00:08:23.184 I/bt_hci_timeout( 2790): 3075
09-01 00:08:23.208 I/am_proc_died(  435): [0,2790,com.android.bluetooth]
09-01 00:08:23.208 I/am_schedule_service_restart(  435): [0,com.android.bluetooth/.btservice.AdapterService,1000]
09-01 00:08:23.208 I/am_schedule_service_restart(  435): [0,com.android.bluetooth/.gatt.GattService,11000]
09-01 00:08:23.420 I/am_proc_start(  435): [0,2820,1002,com.android.bluetooth,service,com.android.bluetooth/.btservice.AdapterService]
09-01 00:08:23.444 I/am_proc_bound(  435): [0,2820,com.android.bluetooth]
09-01 00:08:23.549 I/bt_config_source( 2820): 4
09-01 00:08:32.240 I/bt_hci_timeout( 2820): 3075
09-01 00:08:32.264 I/am_proc_died(  435): [0,2820,com.android.bluetooth]
09-01 00:08:32.265 I/am_schedule_service_restart(  435): [0,com.android.bluetooth/.btservice.AdapterService,1000]
09-01 00:08:32.265 I/am_schedule_service_restart(  435): [0,com.android.bluetooth/.gatt.GattService,11000]
09-01 00:08:32.485 I/am_proc_start(  435): [0,2850,1002,com.android.bluetooth,service,com.android.bluetooth/.btservice.AdapterService]
09-01 00:08:32.500 I/am_proc_bound(  435): [0,2850,com.android.bluetooth]
09-01 00:08:32.605 I/bt_config_source( 2850): 4
09-01 00:08:41.297 I/bt_hci_timeout( 2850): 3075
09-01 00:08:41.320 I/am_proc_died(  435): [0,2850,com.android.bluetooth]
09-01 00:08:41.320 I/am_schedule_service_restart(  435): [0,com.android.bluetooth/.btservice.AdapterService,1000]
09-01 00:08:41.321 I/am_schedule_service_restart(  435): [0,com.android.bluetooth/.gatt.GattService,11000]
09-01 00:08:41.533 I/am_proc_start(  435): [0,2880,1002,com.android.bluetooth,service,com.android.bluetooth/.btservice.AdapterService]
09-01 00:08:41.555 I/am_proc_bound(  435): [0,2880,com.android.bluetooth]
09-01 00:08:41.659 I/bt_config_source( 2880): 4
09-01 00:08:50.347 I/bt_hci_timeout( 2880): 3075
09-01 00:08:50.371 I/am_proc_died(  435): [0,2880,com.android.bluetooth]
09-01 00:08:50.371 I/am_schedule_service_restart(  435): [0,com.android.bluetooth/.btservice.AdapterService,1000]
09-01 00:08:50.371 I/am_schedule_service_restart(  435): [0,com.android.bluetooth/.gatt.GattService,11000]
09-01 00:08:50.584 I/am_proc_start(  435): [0,2910,1002,com.android.bluetooth,service,com.android.bluetooth/.btservice.AdapterService]
09-01 00:08:50.607 I/force_gc(  435): Binder
09-01 00:08:50.607 I/am_proc_bound(  435): [0,2910,com.android.bluetooth]
09-01 00:08:50.727 I/bt_config_source( 2910): 4
09-01 00:08:59.418 I/bt_hci_timeout( 2910): 3075
09-01 00:08:59.442 I/am_proc_died(  435): [0,2910,com.android.bluetooth]
09-01 00:08:59.443 I/am_schedule_service_restart(  435): [0,com.android.bluetooth/.btservice.AdapterService,1000]
09-01 00:08:59.443 I/am_schedule_service_restart(  435): [0,com.android.bluetooth/.gatt.GattService,11000]
09-01 00:08:59.656 I/am_proc_start(  435): [0,2940,1002,com.android.bluetooth,service,com.android.bluetooth/.btservice.AdapterService]
09-01 00:08:59.678 I/am_proc_bound(  435): [0,2940,com.android.bluetooth]
09-01 00:08:59.781 I/bt_config_source( 2940): 4
09-01 00:09:00.050 I/am_pss  (  435): [951,10039,com.android.launcher3,19129344,12414976,0]
09-01 00:09:08.472 I/bt_hci_timeout( 2940): 3075
09-01 00:09:08.495 I/am_proc_died(  435): [0,2940,com.android.bluetooth]
09-01 00:09:08.495 I/am_schedule_service_restart(  435): [0,com.android.bluetooth/.btservice.AdapterService,1000]
09-01 00:09:08.495 I/am_schedule_service_restart(  435): [0,com.android.bluetooth/.gatt.GattService,11000]
09-01 00:09:08.708 I/am_proc_start(  435): [0,2970,1002,com.android.bluetooth,service,com.android.bluetooth/.btservice.AdapterService]
09-01 00:09:08.731 I/am_proc_bound(  435): [0,2970,com.android.bluetooth]
09-01 00:09:08.837 I/bt_config_source( 2970): 4
09-01 00:09:17.527 I/bt_hci_timeout( 2970): 3075
09-01 00:09:17.552 I/am_proc_died(  435): [0,2970,com.android.bluetooth]
09-01 00:09:17.552 I/am_schedule_service_restart(  435): [0,com.android.bluetooth/.gatt.GattService,1000]
09-01 00:09:17.552 I/am_schedule_service_restart(  435): [0,com.android.bluetooth/.btservice.AdapterService,1000]
09-01 00:09:17.764 I/am_proc_start(  435): [0,3000,1002,com.android.bluetooth,service,com.android.bluetooth/.btservice.AdapterService]
09-01 00:09:17.785 I/am_proc_bound(  435): [0,3000,com.android.bluetooth]
09-01 00:09:17.889 I/bt_config_source( 3000): 4
09-01 00:09:26.580 I/bt_hci_timeout( 3000): 3075
09-01 00:09:26.603 I/am_proc_died(  435): [0,3000,com.android.bluetooth]
09-01 00:09:26.604 I/am_schedule_service_restart(  435): [0,com.android.bluetooth/.btservice.AdapterService,1000]
09-01 00:09:26.604 I/am_schedule_service_restart(  435): [0,com.android.bluetooth/.gatt.GattService,11000]
09-01 00:09:26.814 I/am_proc_start(  435): [0,3030,1002,com.android.bluetooth,service,com.android.bluetooth/.btservice.AdapterService]
09-01 00:09:26.836 I/am_proc_bound(  435): [0,3030,com.android.bluetooth]
09-01 00:09:26.941 I/bt_config_source( 3030): 4
09-01 00:09:35.631 I/bt_hci_timeout( 3030): 3075
09-01 00:09:35.655 I/am_proc_died(  435): [0,3030,com.android.bluetooth]
09-01 00:09:35.655 I/am_schedule_service_restart(  435): [0,com.android.bluetooth/.btservice.AdapterService,1000]
09-01 00:09:35.656 I/am_schedule_service_restart(  435): [0,com.android.bluetooth/.gatt.GattService,11000]
09-01 00:09:35.874 I/am_proc_start(  435): [0,3060,1002,com.android.bluetooth,service,com.android.bluetooth/.btservice.AdapterService]
09-01 00:09:35.891 I/am_proc_bound(  435): [0,3060,com.android.bluetooth]
09-01 00:09:35.997 I/bt_config_source( 3060): 4
09-01 00:09:44.687 I/bt_hci_timeout( 3060): 3075
09-01 00:09:44.711 I/am_proc_died(  435): [0,3060,com.android.bluetooth]
09-01 00:09:44.712 I/am_schedule_service_restart(  435): [0,com.android.bluetooth/.gatt.GattService,1000]
09-01 00:09:44.712 I/am_schedule_service_restart(  435): [0,com.android.bluetooth/.btservice.AdapterService,1000]
09-01 00:09:44.924 I/am_proc_start(  435): [0,3090,1002,com.android.bluetooth,service,com.android.bluetooth/.btservice.AdapterService]
09-01 00:09:44.946 I/am_proc_bound(  435): [0,3090,com.android.bluetooth]
09-01 00:09:45.050 I/bt_config_source( 3090): 4
09-01 00:09:53.741 I/bt_hci_timeout( 3090): 3075
09-01 00:09:53.765 I/am_proc_died(  435): [0,3090,com.android.bluetooth]
09-01 00:09:53.766 I/am_schedule_service_restart(  435): [0,com.android.bluetooth/.btservice.AdapterService,1000]
09-01 00:09:53.766 I/am_schedule_service_restart(  435): [0,com.android.bluetooth/.gatt.GattService,11000]
09-01 00:09:53.985 I/am_proc_start(  435): [0,3120,1002,com.android.bluetooth,service,com.android.bluetooth/.btservice.AdapterService]
09-01 00:09:54.000 I/am_proc_bound(  435): [0,3120,com.android.bluetooth]
09-01 00:09:54.106 I/bt_config_source( 3120): 4
09-01 00:10:02.798 I/bt_hci_timeout( 3120): 3075
09-01 00:10:02.821 I/am_proc_died(  435): [0,3120,com.android.bluetooth]
09-01 00:10:02.822 I/am_schedule_service_restart(  435): [0,com.android.bluetooth/.gatt.GattService,1000]
09-01 00:10:02.822 I/am_schedule_service_restart(  435): [0,com.android.bluetooth/.btservice.AdapterService,1000]
09-01 00:10:03.034 I/am_proc_start(  435): [0,3150,1002,com.android.bluetooth,service,com.android.bluetooth/.btservice.AdapterService]
09-01 00:10:03.056 I/am_proc_bound(  435): [0,3150,com.android.bluetooth]
09-01 00:10:03.162 I/bt_config_source( 3150): 4
09-01 00:10:11.851 I/bt_hci_timeout( 3150): 3075
09-01 00:10:11.878 I/am_proc_died(  435): [0,3150,com.android.bluetooth]
09-01 00:10:11.878 I/am_schedule_service_restart(  435): [0,com.android.bluetooth/.btservice.AdapterService,1000]
09-01 00:10:11.878 I/am_schedule_service_restart(  435): [0,com.android.bluetooth/.gatt.GattService,10999]
09-01 00:10:12.088 I/am_proc_start(  435): [0,3181,1002,com.android.bluetooth,service,com.android.bluetooth/.btservice.AdapterService]
09-01 00:10:12.111 I/am_proc_bound(  435): [0,3181,com.android.bluetooth]
09-01 00:10:12.166 I/force_gc(  435): Binder
09-01 00:10:12.231 I/bt_config_source( 3181): 4
09-01 00:10:20.923 I/bt_hci_timeout( 3181): 3075
09-01 00:10:20.946 I/am_proc_died(  435): [0,3181,com.android.bluetooth]
09-01 00:10:20.947 I/am_schedule_service_restart(  435): [0,com.android.bluetooth/.btservice.AdapterService,1000]
09-01 00:10:20.947 I/am_schedule_service_restart(  435): [0,com.android.bluetooth/.gatt.GattService,11000]
09-01 00:10:21.159 I/am_proc_start(  435): [0,3211,1002,com.android.bluetooth,service,com.android.bluetooth/.btservice.AdapterService]
09-01 00:10:21.182 I/am_proc_bound(  435): [0,3211,com.android.bluetooth]
09-01 00:10:21.289 I/bt_config_source( 3211): 4
09-01 00:10:29.981 I/bt_hci_timeout( 3211): 3075
09-01 00:10:30.005 I/am_proc_died(  435): [0,3211,com.android.bluetooth]
09-01 00:10:30.006 I/am_schedule_service_restart(  435): [0,com.android.bluetooth/.btservice.AdapterService,1000]
09-01 00:10:30.006 I/am_schedule_service_restart(  435): [0,com.android.bluetooth/.gatt.GattService,11000]
09-01 00:10:30.220 I/am_proc_start(  435): [0,3242,1002,com.android.bluetooth,service,com.android.bluetooth/.btservice.AdapterService]
09-01 00:10:30.241 I/am_proc_bound(  435): [0,3242,com.android.bluetooth]
09-01 00:10:30.345 I/bt_config_source( 3242): 4
09-01 00:10:39.037 I/bt_hci_timeout( 3242): 3075
09-01 00:10:39.060 I/am_proc_died(  435): [0,3242,com.android.bluetooth]
09-01 00:10:39.060 I/am_schedule_service_restart(  435): [0,com.android.bluetooth/.gatt.GattService,1000]
09-01 00:10:39.061 I/am_schedule_service_restart(  435): [0,com.android.bluetooth/.btservice.AdapterService,1000]
09-01 00:10:39.274 I/am_proc_start(  435): [0,3273,1002,com.android.bluetooth,service,com.android.bluetooth/.btservice.AdapterService]
09-01 00:10:39.295 I/am_proc_bound(  435): [0,3273,com.android.bluetooth]
09-01 00:10:39.401 I/bt_config_source( 3273): 4
09-01 00:10:48.091 I/bt_hci_timeout( 3273): 3075
09-01 00:10:48.115 I/am_proc_died(  435): [0,3273,com.android.bluetooth]
09-01 00:10:48.115 I/am_schedule_service_restart(  435): [0,com.android.bluetooth/.btservice.AdapterService,1000]
09-01 00:10:48.115 I/am_schedule_service_restart(  435): [0,com.android.bluetooth/.gatt.GattService,11000]
09-01 00:10:48.328 I/am_proc_start(  435): [0,3303,1002,com.android.bluetooth,service,com.android.bluetooth/.btservice.AdapterService]
09-01 00:10:48.351 I/am_proc_bound(  435): [0,3303,com.android.bluetooth]
09-01 00:10:48.455 I/bt_config_source( 3303): 4
09-01 00:10:57.158 I/bt_hci_timeout( 3303): 3075
09-01 00:10:57.182 I/am_proc_died(  435): [0,3303,com.android.bluetooth]
09-01 00:10:57.182 I/am_schedule_service_restart(  435): [0,com.android.bluetooth/.btservice.AdapterService,1000]
09-01 00:10:57.183 I/am_schedule_service_restart(  435): [0,com.android.bluetooth/.gatt.GattService,11000]
09-01 00:10:57.396 I/am_proc_start(  435): [0,3334,1002,com.android.bluetooth,service,com.android.bluetooth/.btservice.AdapterService]
09-01 00:10:57.418 I/am_proc_bound(  435): [0,3334,com.android.bluetooth]
09-01 00:10:57.523 I/bt_config_source( 3334): 4
09-01 00:11:00.052 I/am_pss  (  435): [951,10039,com.android.launcher3,19129344,12414976,0]
09-01 00:11:06.230 I/bt_hci_timeout( 3334): 3075
09-01 00:11:06.254 I/am_proc_died(  435): [0,3334,com.android.bluetooth]
09-01 00:11:06.255 I/am_schedule_service_restart(  435): [0,com.android.bluetooth/.btservice.AdapterService,1000]
09-01 00:11:06.255 I/am_schedule_service_restart(  435): [0,com.android.bluetooth/.gatt.GattService,11000]
09-01 00:11:06.470 I/am_proc_start(  435): [0,3372,1002,com.android.bluetooth,service,com.android.bluetooth/.btservice.AdapterService]
09-01 00:11:06.492 I/am_proc_bound(  435): [0,3372,com.android.bluetooth]
09-01 00:11:06.597 I/bt_config_source( 3372): 4
09-01 00:11:15.298 I/bt_hci_timeout( 3372): 3075
09-01 00:11:15.322 I/am_proc_died(  435): [0,3372,com.android.bluetooth]
09-01 00:11:15.322 I/am_schedule_service_restart(  435): [0,com.android.bluetooth/.btservice.AdapterService,1000]
09-01 00:11:15.323 I/am_schedule_service_restart(  435): [0,com.android.bluetooth/.gatt.GattService,11000]
09-01 00:11:15.540 I/am_proc_start(  435): [0,3403,1002,com.android.bluetooth,service,com.android.bluetooth/.btservice.AdapterService]
09-01 00:11:15.556 I/am_proc_bound(  435): [0,3403,com.android.bluetooth]
09-01 00:11:15.661 I/bt_config_source( 3403): 4
09-01 00:11:24.367 I/bt_hci_timeout( 3403): 3075
09-01 00:11:24.392 I/am_proc_died(  435): [0,3403,com.android.bluetooth]
09-01 00:11:24.393 I/am_schedule_service_restart(  435): [0,com.android.bluetooth/.btservice.AdapterService,1000]
09-01 00:11:24.393 I/am_schedule_service_restart(  435): [0,com.android.bluetooth/.gatt.GattService,11000]
09-01 00:11:24.604 I/am_proc_start(  435): [0,3434,1002,com.android.bluetooth,service,com.android.bluetooth/.btservice.AdapterService]
09-01 00:11:24.627 I/am_proc_bound(  435): [0,3434,com.android.bluetooth]
09-01 00:11:24.733 I/bt_config_source( 3434): 4
09-01 00:11:33.434 I/bt_hci_timeout( 3434): 3075
09-01 00:11:33.458 I/am_proc_died(  435): [0,3434,com.android.bluetooth]
09-01 00:11:33.459 I/am_schedule_service_restart(  435): [0,com.android.bluetooth/.gatt.GattService,1000]
09-01 00:11:33.459 I/am_schedule_service_restart(  435): [0,com.android.bluetooth/.btservice.AdapterService,1000]
09-01 00:11:33.673 I/am_proc_start(  435): [0,3465,1002,com.android.bluetooth,service,com.android.bluetooth/.btservice.AdapterService]
09-01 00:11:33.696 I/am_proc_bound(  435): [0,3465,com.android.bluetooth]
09-01 00:11:33.803 I/bt_config_source( 3465): 4
09-01 00:11:33.811 I/force_gc(  435): Binder
09-01 00:11:42.524 I/bt_hci_timeout( 3465): 3075
09-01 00:11:42.547 I/am_proc_died(  435): [0,3465,com.android.bluetooth]
09-01 00:11:42.547 I/am_schedule_service_restart(  435): [0,com.android.bluetooth/.btservice.AdapterService,1000]
09-01 00:11:42.548 I/am_schedule_service_restart(  435): [0,com.android.bluetooth/.gatt.GattService,11000]
09-01 00:11:42.767 I/am_proc_start(  435): [0,3495,1002,com.android.bluetooth,service,com.android.bluetooth/.btservice.AdapterService]
09-01 00:11:42.783 I/am_proc_bound(  435): [0,3495,com.android.bluetooth]
09-01 00:11:42.886 I/bt_config_source( 3495): 4
09-01 00:11:51.584 I/bt_hci_timeout( 3495): 3075
09-01 00:11:51.609 I/am_proc_died(  435): [0,3495,com.android.bluetooth]
09-01 00:11:51.609 I/am_schedule_service_restart(  435): [0,com.android.bluetooth/.btservice.AdapterService,1000]
09-01 00:11:51.609 I/am_schedule_service_restart(  435): [0,com.android.bluetooth/.gatt.GattService,11000]
09-01 00:11:51.821 I/am_proc_start(  435): [0,3526,1002,com.android.bluetooth,service,com.android.bluetooth/.btservice.AdapterService]
09-01 00:11:51.843 I/am_proc_bound(  435): [0,3526,com.android.bluetooth]
09-01 00:11:51.949 I/bt_config_source( 3526): 4
09-01 00:12:00.655 I/bt_hci_timeout( 3526): 3075
09-01 00:12:00.678 I/am_proc_died(  435): [0,3526,com.android.bluetooth]
09-01 00:12:00.679 I/am_schedule_service_restart(  435): [0,com.android.bluetooth/.btservice.AdapterService,1000]
09-01 00:12:00.679 I/am_schedule_service_restart(  435): [0,com.android.bluetooth/.gatt.GattService,11000]
09-01 00:12:00.897 I/am_proc_start(  435): [0,3556,1002,com.android.bluetooth,service,com.android.bluetooth/.btservice.AdapterService]
09-01 00:12:00.914 I/am_proc_bound(  435): [0,3556,com.android.bluetooth]
09-01 00:12:01.019 I/bt_config_source( 3556): 4
09-01 00:12:09.719 I/bt_hci_timeout( 3556): 3075
09-01 00:12:09.743 I/am_proc_died(  435): [0,3556,com.android.bluetooth]
09-01 00:12:09.743 I/am_schedule_service_restart(  435): [0,com.android.bluetooth/.btservice.AdapterService,1000]
09-01 00:12:09.744 I/am_schedule_service_restart(  435): [0,com.android.bluetooth/.gatt.GattService,11000]
09-01 00:12:09.957 I/am_proc_start(  435): [0,3586,1002,com.android.bluetooth,service,com.android.bluetooth/.btservice.AdapterService]
09-01 00:12:09.980 I/am_proc_bound(  435): [0,3586,com.android.bluetooth]
09-01 00:12:10.086 I/bt_config_source( 3586): 4
09-01 00:12:18.787 I/bt_hci_timeout( 3586): 3075
09-01 00:12:18.812 I/am_proc_died(  435): [0,3586,com.android.bluetooth]
09-01 00:12:18.812 I/am_schedule_service_restart(  435): [0,com.android.bluetooth/.btservice.AdapterService,1000]
09-01 00:12:18.812 I/am_schedule_service_restart(  435): [0,com.android.bluetooth/.gatt.GattService,11000]
09-01 00:12:19.025 I/am_proc_start(  435): [0,3616,1002,com.android.bluetooth,service,com.android.bluetooth/.btservice.AdapterService]
09-01 00:12:19.048 I/am_proc_bound(  435): [0,3616,com.android.bluetooth]
09-01 00:12:19.154 I/bt_config_source( 3616): 4
09-01 00:12:27.856 I/bt_hci_timeout( 3616): 3075
09-01 00:12:27.882 I/am_proc_died(  435): [0,3616,com.android.bluetooth]
09-01 00:12:27.883 I/am_schedule_service_restart(  435): [0,com.android.bluetooth/.btservice.AdapterService,1000]
09-01 00:12:27.883 I/am_schedule_service_restart(  435): [0,com.android.bluetooth/.gatt.GattService,11000]
09-01 00:12:28.094 I/am_proc_start(  435): [0,3646,1002,com.android.bluetooth,service,com.android.bluetooth/.btservice.AdapterService]
09-01 00:12:28.116 I/am_proc_bound(  435): [0,3646,com.android.bluetooth]
09-01 00:12:28.223 I/bt_config_source( 3646): 4
09-01 00:12:36.925 I/bt_hci_timeout( 3646): 3075
09-01 00:12:36.950 I/am_proc_died(  435): [0,3646,com.android.bluetooth]
09-01 00:12:36.950 I/am_schedule_service_restart(  435): [0,com.android.bluetooth/.btservice.AdapterService,1000]
09-01 00:12:36.950 I/am_schedule_service_restart(  435): [0,com.android.bluetooth/.gatt.GattService,11000]
09-01 00:12:37.162 I/am_proc_start(  435): [0,3676,1002,com.android.bluetooth,service,com.android.bluetooth/.btservice.AdapterService]
09-01 00:12:37.185 I/am_proc_bound(  435): [0,3676,com.android.bluetooth]
09-01 00:12:37.301 I/bt_config_source( 3676): 4
09-01 00:12:45.994 I/bt_hci_timeout( 3676): 3075
09-01 00:12:46.019 I/am_proc_died(  435): [0,3676,com.android.bluetooth]
09-01 00:12:46.019 I/am_schedule_service_restart(  435): [0,com.android.bluetooth/.btservice.AdapterService,1000]
09-01 00:12:46.019 I/am_schedule_service_restart(  435): [0,com.android.bluetooth/.gatt.GattService,10999]
09-01 00:12:46.230 I/am_proc_start(  435): [0,3706,1002,com.android.bluetooth,service,com.android.bluetooth/.btservice.AdapterService]
09-01 00:12:46.251 I/am_proc_bound(  435): [0,3706,com.android.bluetooth]
09-01 00:12:46.370 I/bt_config_source( 3706): 4
09-01 00:12:55.063 I/bt_hci_timeout( 3706): 3075
09-01 00:12:55.086 I/am_proc_died(  435): [0,3706,com.android.bluetooth]
09-01 00:12:55.087 I/am_schedule_service_restart(  435): [0,com.android.bluetooth/.btservice.AdapterService,1000]
09-01 00:12:55.087 I/am_schedule_service_restart(  435): [0,com.android.bluetooth/.gatt.GattService,11000]
09-01 00:12:55.298 I/am_proc_start(  435): [0,3736,1002,com.android.bluetooth,service,com.android.bluetooth/.btservice.AdapterService]
09-01 00:12:55.321 I/am_proc_bound(  435): [0,3736,com.android.bluetooth]
09-01 00:12:55.430 I/bt_config_source( 3736): 4
09-01 00:13:00.049 I/am_pss  (  435): [951,10039,com.android.launcher3,19129344,12414976,0]
09-01 00:13:04.120 I/bt_hci_timeout( 3736): 3075
09-01 00:13:04.144 I/am_proc_died(  435): [0,3736,com.android.bluetooth]
09-01 00:13:04.144 I/am_schedule_service_restart(  435): [0,com.android.bluetooth/.btservice.AdapterService,1000]
09-01 00:13:04.144 I/am_schedule_service_restart(  435): [0,com.android.bluetooth/.gatt.GattService,10999]
09-01 00:13:04.355 I/am_proc_start(  435): [0,3768,1002,com.android.bluetooth,service,com.android.bluetooth/.btservice.AdapterService]
09-01 00:13:04.376 I/force_gc(  435): Binder
09-01 00:13:04.380 I/am_proc_bound(  435): [0,3768,com.android.bluetooth]
09-01 00:13:04.506 I/bt_config_source( 3768): 4
09-01 00:13:13.196 I/bt_hci_timeout( 3768): 3075
09-01 00:13:13.220 I/am_proc_died(  435): [0,3768,com.android.bluetooth]
09-01 00:13:13.220 I/am_schedule_service_restart(  435): [0,com.android.bluetooth/.btservice.AdapterService,1000]
09-01 00:13:13.220 I/am_schedule_service_restart(  435): [0,com.android.bluetooth/.gatt.GattService,11000]
09-01 00:13:13.434 I/am_proc_start(  435): [0,3798,1002,com.android.bluetooth,service,com.android.bluetooth/.btservice.AdapterService]
09-01 00:13:13.457 I/am_proc_bound(  435): [0,3798,com.android.bluetooth]
09-01 00:13:13.568 I/bt_config_source( 3798): 4
09-01 00:13:22.258 I/bt_hci_timeout( 3798): 3075
09-01 00:13:22.283 I/am_proc_died(  435): [0,3798,com.android.bluetooth]
09-01 00:13:22.283 I/am_schedule_service_restart(  435): [0,com.android.bluetooth/.btservice.AdapterService,1000]
09-01 00:13:22.283 I/am_schedule_service_restart(  435): [0,com.android.bluetooth/.gatt.GattService,11000]
09-01 00:13:22.495 I/am_proc_start(  435): [0,3829,1002,com.android.bluetooth,service,com.android.bluetooth/.btservice.AdapterService]
09-01 00:13:22.518 I/am_proc_bound(  435): [0,3829,com.android.bluetooth]
09-01 00:13:22.636 I/bt_config_source( 3829): 4
09-01 00:13:31.327 I/bt_hci_timeout( 3829): 3075
09-01 00:13:31.350 I/am_proc_died(  435): [0,3829,com.android.bluetooth]
09-01 00:13:31.351 I/am_schedule_service_restart(  435): [0,com.android.bluetooth/.btservice.AdapterService,1000]
09-01 00:13:31.351 I/am_schedule_service_restart(  435): [0,com.android.bluetooth/.gatt.GattService,11000]
09-01 00:13:31.564 I/am_proc_start(  435): [0,3860,1002,com.android.bluetooth,service,com.android.bluetooth/.btservice.AdapterService]
09-01 00:13:31.586 I/am_proc_bound(  435): [0,3860,com.android.bluetooth]
09-01 00:13:31.702 I/bt_config_source( 3860): 4
09-01 00:13:40.393 I/bt_hci_timeout( 3860): 3075
09-01 00:13:40.417 I/am_proc_died(  435): [0,3860,com.android.bluetooth]
09-01 00:13:40.417 I/am_schedule_service_restart(  435): [0,com.android.bluetooth/.btservice.AdapterService,1000]
09-01 00:13:40.417 I/am_schedule_service_restart(  435): [0,com.android.bluetooth/.gatt.GattService,10999]
09-01 00:13:40.631 I/am_proc_start(  435): [0,3890,1002,com.android.bluetooth,service,com.android.bluetooth/.btservice.AdapterService]
09-01 00:13:40.653 I/am_proc_bound(  435): [0,3890,com.android.bluetooth]
09-01 00:13:40.769 I/bt_config_source( 3890): 4
09-01 00:13:49.458 I/bt_hci_timeout( 3890): 3075
09-01 00:13:49.482 I/am_proc_died(  435): [0,3890,com.android.bluetooth]
09-01 00:13:49.482 I/am_schedule_service_restart(  435): [0,com.android.bluetooth/.btservice.AdapterService,1000]
09-01 00:13:49.482 I/am_schedule_service_restart(  435): [0,com.android.bluetooth/.gatt.GattService,11000]
09-01 00:13:49.694 I/am_proc_start(  435): [0,3920,1002,com.android.bluetooth,service,com.android.bluetooth/.btservice.AdapterService]
09-01 00:13:49.717 I/am_proc_bound(  435): [0,3920,com.android.bluetooth]
09-01 00:13:49.833 I/bt_config_source( 3920): 4
09-01 00:13:58.525 I/bt_hci_timeout( 3920): 3075
09-01 00:13:58.548 I/am_proc_died(  435): [0,3920,com.android.bluetooth]
09-01 00:13:58.549 I/am_schedule_service_restart(  435): [0,com.android.bluetooth/.gatt.GattService,1000]
09-01 00:13:58.549 I/am_schedule_service_restart(  435): [0,com.android.bluetooth/.btservice.AdapterService,1000]
09-01 00:13:58.762 I/am_proc_start(  435): [0,3951,1002,com.android.bluetooth,service,com.android.bluetooth/.btservice.AdapterService]
09-01 00:13:58.783 I/am_proc_bound(  435): [0,3951,com.android.bluetooth]
09-01 00:13:58.897 I/bt_config_source( 3951): 4
09-01 00:14:07.596 I/bt_hci_timeout( 3951): 3075
09-01 00:14:07.619 I/am_proc_died(  435): [0,3951,com.android.bluetooth]
09-01 00:14:07.619 I/am_schedule_service_restart(  435): [0,com.android.bluetooth/.btservice.AdapterService,1000]
09-01 00:14:07.619 I/am_schedule_service_restart(  435): [0,com.android.bluetooth/.gatt.GattService,11000]
09-01 00:14:07.833 I/am_proc_start(  435): [0,3986,1002,com.android.bluetooth,service,com.android.bluetooth/.btservice.AdapterService]
09-01 00:14:07.833 I/dvm_lock_sample(  435): [system_server,1,android.ui,11,ActivityManagerService.java,4229,-,17341,2]
09-01 00:14:07.855 I/am_proc_bound(  435): [0,3986,com.android.bluetooth]
09-01 00:14:07.966 I/bt_config_source( 3986): 4
09-01 00:14:16.656 I/bt_hci_timeout( 3986): 3075
09-01 00:14:16.681 I/am_proc_died(  435): [0,3986,com.android.bluetooth]
09-01 00:14:16.681 I/am_schedule_service_restart(  435): [0,com.android.bluetooth/.gatt.GattService,1000]
09-01 00:14:16.682 I/am_schedule_service_restart(  435): [0,com.android.bluetooth/.btservice.AdapterService,1000]
09-01 00:14:16.893 I/am_proc_start(  435): [0,4025,1002,com.android.bluetooth,service,com.android.bluetooth/.btservice.AdapterService]
09-01 00:14:16.916 I/am_proc_bound(  435): [0,4025,com.android.bluetooth]
09-01 00:14:17.034 I/bt_config_source( 4025): 4
09-01 00:14:25.726 I/bt_hci_timeout( 4025): 3075
09-01 00:14:25.750 I/am_proc_died(  435): [0,4025,com.android.bluetooth]
09-01 00:14:25.750 I/am_schedule_service_restart(  435): [0,com.android.bluetooth/.gatt.GattService,1000]
09-01 00:14:25.750 I/am_schedule_service_restart(  435): [0,com.android.bluetooth/.btservice.AdapterService,1000]
09-01 00:14:25.961 I/am_proc_start(  435): [0,4061,1002,com.android.bluetooth,service,com.android.bluetooth/.btservice.AdapterService]
09-01 00:14:25.984 I/am_proc_bound(  435): [0,4061,com.android.bluetooth]
09-01 00:14:26.046 I/force_gc(  435): Binder
09-01 00:14:26.105 I/bt_config_source( 4061): 4
09-01 00:14:34.796 I/bt_hci_timeout( 4061): 3075
09-01 00:14:34.821 I/am_proc_died(  435): [0,4061,com.android.bluetooth]
09-01 00:14:34.821 I/am_schedule_service_restart(  435): [0,com.android.bluetooth/.btservice.AdapterService,1000]
09-01 00:14:34.821 I/am_schedule_service_restart(  435): [0,com.android.bluetooth/.gatt.GattService,10999]
09-01 00:14:35.035 I/am_proc_start(  435): [0,4092,1002,com.android.bluetooth,service,com.android.bluetooth/.btservice.AdapterService]
09-01 00:14:35.057 I/am_proc_bound(  435): [0,4092,com.android.bluetooth]
09-01 00:14:35.169 I/bt_config_source( 4092): 4
09-01 00:14:43.859 I/bt_hci_timeout( 4092): 3075
09-01 00:14:43.883 I/am_proc_died(  435): [0,4092,com.android.bluetooth]
09-01 00:14:43.884 I/am_schedule_service_restart(  435): [0,com.android.bluetooth/.gatt.GattService,1000]
09-01 00:14:43.884 I/am_schedule_service_restart(  435): [0,com.android.bluetooth/.btservice.AdapterService,1000]
09-01 00:14:44.097 I/am_proc_start(  435): [0,4122,1002,com.android.bluetooth,service,com.android.bluetooth/.btservice.AdapterService]
09-01 00:14:44.120 I/am_proc_bound(  435): [0,4122,com.android.bluetooth]
09-01 00:14:44.232 I/bt_config_source( 4122): 4
09-01 00:14:52.922 I/bt_hci_timeout( 4122): 3075
09-01 00:14:52.946 I/am_proc_died(  435): [0,4122,com.android.bluetooth]
09-01 00:14:52.946 I/am_schedule_service_restart(  435): [0,com.android.bluetooth/.btservice.AdapterService,1000]
09-01 00:14:52.946 I/am_schedule_service_restart(  435): [0,com.android.bluetooth/.gatt.GattService,10999]
09-01 00:14:53.164 I/am_proc_start(  435): [0,4152,1002,com.android.bluetooth,service,com.android.bluetooth/.btservice.AdapterService]
09-01 00:14:53.181 I/am_proc_bound(  435): [0,4152,com.android.bluetooth]
09-01 00:14:53.293 I/bt_config_source( 4152): 4
09-01 00:15:00.059 I/am_pss  (  435): [951,10039,com.android.launcher3,19124224,12414976,0]
09-01 00:15:01.985 I/bt_hci_timeout( 4152): 3075
09-01 00:15:32.010 I/am_proc_died(  435): [0,4152,com.android.bluetooth]
09-01 00:15:32.010 I/am_schedule_service_restart(  435): [0,com.android.bluetooth/.gatt.GattService,1000]
09-01 00:15:32.010 I/am_schedule_service_restart(  435): [0,com.android.bluetooth/.btservice.AdapterService,1000]
09-01 00:15:32.224 I/am_proc_start(  435): [0,4182,1002,com.android.bluetooth,service,com.android.bluetooth/.btservice.AdapterService]
09-01 00:15:32.246 I/am_proc_bound(  435): [0,4182,com.android.bluetooth]
09-01 00:15:32.353 I/bt_config_source( 4182): 4
09-01 00:15:41.045 I/bt_hci_timeout( 4182): 3075
09-01 00:15:41.069 I/am_proc_died(  435): [0,4182,com.android.bluetooth]
09-01 00:15:41.069 I/am_schedule_service_restart(  435): [0,com.android.bluetooth/.btservice.AdapterService,1000]
09-01 00:15:41.069 I/am_schedule_service_restart(  435): [0,com.android.bluetooth/.gatt.GattService,10999]
09-01 00:15:41.103 I/am_pss  (  435): [523,10038,com.android.inputmethod.latin,14418944,9678848,0]
09-01 00:15:41.286 I/am_proc_start(  435): [0,4213,1002,com.android.bluetooth,service,com.android.bluetooth/.btservice.AdapterService]
09-01 00:15:41.305 I/am_proc_bound(  435): [0,4213,com.android.bluetooth]
09-01 00:15:41.409 I/bt_config_source( 4213): 4
09-01 00:15:50.099 I/bt_hci_timeout( 4213): 3075
09-01 00:15:50.123 I/am_proc_died(  435): [0,4213,com.android.bluetooth]
09-01 00:15:50.123 I/am_schedule_service_restart(  435): [0,com.android.bluetooth/.btservice.AdapterService,1000]
09-01 00:15:50.124 I/am_schedule_service_restart(  435): [0,com.android.bluetooth/.gatt.GattService,11000]
09-01 00:15:50.156 I/am_pss  (  435): [912,10049,com.android.smspush,5284864,2084864,0]
09-01 00:15:50.186 I/am_pss  (  435): [848,10008,android.ext.services,5504000,2125824,0]
09-01 00:15:50.335 I/am_proc_start(  435): [0,4243,1002,com.android.bluetooth,service,com.android.bluetooth/.btservice.AdapterService]
09-01 00:15:50.370 I/am_proc_bound(  435): [0,4243,com.android.bluetooth]
09-01 00:15:50.475 I/bt_config_source( 4243): 4
09-01 00:15:59.164 I/bt_hci_timeout( 4243): 3075
09-01 00:15:59.187 I/am_proc_died(  435): [0,4243,com.android.bluetooth]
09-01 00:15:59.187 I/am_schedule_service_restart(  435): [0,com.android.bluetooth/.gatt.GattService,1000]
09-01 00:15:59.188 I/am_schedule_service_restart(  435): [0,com.android.bluetooth/.btservice.AdapterService,1000]
09-01 00:15:59.400 I/am_proc_start(  435): [0,4273,1002,com.android.bluetooth,service,com.android.bluetooth/.btservice.AdapterService]
09-01 00:15:59.421 I/am_proc_bound(  435): [0,4273,com.android.bluetooth]
09-01 00:15:59.525 I/bt_config_source( 4273): 4
09-01 00:16:08.216 I/bt_hci_timeout( 4273): 3075
09-01 00:16:08.238 I/am_proc_died(  435): [0,4273,com.android.bluetooth]
09-01 00:16:08.239 I/am_schedule_service_restart(  435): [0,com.android.bluetooth/.btservice.AdapterService,1000]
09-01 00:16:08.239 I/am_schedule_service_restart(  435): [0,com.android.bluetooth/.gatt.GattService,11000]
09-01 00:16:08.457 I/am_proc_start(  435): [0,4304,1002,com.android.bluetooth,service,com.android.bluetooth/.btservice.AdapterService]
09-01 00:16:08.474 I/am_proc_bound(  435): [0,4304,com.android.bluetooth]
09-01 00:16:08.580 I/bt_config_source( 4304): 4
09-01 00:16:17.272 I/bt_hci_timeout( 4304): 3075
09-01 00:16:17.296 I/am_proc_died(  435): [0,4304,com.android.bluetooth]
09-01 00:16:17.297 I/am_schedule_service_restart(  435): [0,com.android.bluetooth/.btservice.AdapterService,1000]
09-01 00:16:17.297 I/am_schedule_service_restart(  435): [0,com.android.bluetooth/.gatt.GattService,11000]
09-01 00:16:17.508 I/am_proc_start(  435): [0,4334,1002,com.android.bluetooth,service,com.android.bluetooth/.btservice.AdapterService]
09-01 00:16:17.531 I/am_proc_bound(  435): [0,4334,com.android.bluetooth]
09-01 00:16:17.636 I/bt_config_source( 4334): 4
09-01 00:16:17.644 I/force_gc(  435): Binder
09-01 00:16:26.341 I/bt_hci_timeout( 4334): 3075
09-01 00:16:26.365 I/am_proc_died(  435): [0,4334,com.android.bluetooth]
09-01 00:16:26.366 I/am_schedule_service_restart(  435): [0,com.android.bluetooth/.btservice.AdapterService,1000]
09-01 00:16:26.366 I/am_schedule_service_restart(  435): [0,com.android.bluetooth/.gatt.GattService,11000]
09-01 00:16:26.579 I/am_proc_start(  435): [0,4364,1002,com.android.bluetooth,service,com.android.bluetooth/.btservice.AdapterService]
09-01 00:16:26.602 I/am_proc_bound(  435): [0,4364,com.android.bluetooth]
09-01 00:16:26.707 I/bt_config_source( 4364): 4
09-01 00:16:35.399 I/bt_hci_timeout( 4364): 3075
09-01 00:16:35.422 I/am_proc_died(  435): [0,4364,com.android.bluetooth]
09-01 00:16:35.422 I/am_schedule_service_restart(  435): [0,com.android.bluetooth/.btservice.AdapterService,1000]
09-01 00:16:35.422 I/am_schedule_service_restart(  435): [0,com.android.bluetooth/.gatt.GattService,11000]
09-01 00:16:35.636 I/am_proc_start(  435): [0,4394,1002,com.android.bluetooth,service,com.android.bluetooth/.btservice.AdapterService]
09-01 00:16:35.659 I/am_proc_bound(  435): [0,4394,com.android.bluetooth]
09-01 00:16:35.765 I/bt_config_source( 4394): 4
09-01 00:16:44.461 I/bt_hci_timeout( 4394): 3075
09-01 00:16:44.485 I/am_proc_died(  435): [0,4394,com.android.bluetooth]
09-01 00:16:44.486 I/am_schedule_service_restart(  435): [0,com.android.bluetooth/.gatt.GattService,1000]
09-01 00:16:44.486 I/am_schedule_service_restart(  435): [0,com.android.bluetooth/.btservice.AdapterService,1000]
09-01 00:16:44.698 I/am_proc_start(  435): [0,4424,1002,com.android.bluetooth,service,com.android.bluetooth/.btservice.AdapterService]
09-01 00:16:44.720 I/am_proc_bound(  435): [0,4424,com.android.bluetooth]
09-01 00:16:44.825 I/bt_config_source( 4424): 4
09-01 00:16:53.517 I/bt_hci_timeout( 4424): 3075
09-01 00:16:53.541 I/am_proc_died(  435): [0,4424,com.android.bluetooth]
09-01 00:16:53.541 I/am_schedule_service_restart(  435): [0,com.android.bluetooth/.btservice.AdapterService,1000]
09-01 00:16:53.541 I/am_schedule_service_restart(  435): [0,com.android.bluetooth/.gatt.GattService,10999]
09-01 00:16:53.755 I/am_proc_start(  435): [0,4454,1002,com.android.bluetooth,service,com.android.bluetooth/.btservice.AdapterService]
09-01 00:16:53.778 I/am_proc_bound(  435): [0,4454,com.android.bluetooth]
09-01 00:16:53.884 I/bt_config_source( 4454): 4
09-01 00:17:00.060 I/am_pss  (  435): [951,10039,com.android.launcher3,19125248,12414976,0]
09-01 00:17:02.575 I/bt_hci_timeout( 4454): 3075
09-01 00:17:02.599 I/am_proc_died(  435): [0,4454,com.android.bluetooth]
09-01 00:17:02.600 I/am_schedule_service_restart(  435): [0,com.android.bluetooth/.btservice.AdapterService,1000]
09-01 00:17:02.600 I/am_schedule_service_restart(  435): [0,com.android.bluetooth/.gatt.GattService,11000]
09-01 00:17:02.818 I/am_proc_start(  435): [0,4484,1002,com.android.bluetooth,service,com.android.bluetooth/.btservice.AdapterService]
09-01 00:17:02.835 I/am_proc_bound(  435): [0,4484,com.android.bluetooth]
09-01 00:17:02.941 I/bt_config_source( 4484): 4
09-01 00:17:02.961 I/dvm_lock_sample(  435): [system_server,0,android.io,5,ActivityManagerService.java,18591,-,17359,1]
09-01 00:17:11.634 I/bt_hci_timeout( 4484): 3075
09-01 00:17:11.658 I/am_proc_died(  435): [0,4484,com.android.bluetooth]
09-01 00:17:11.659 I/am_schedule_service_restart(  435): [0,com.android.bluetooth/.gatt.GattService,1000]
09-01 00:17:11.659 I/am_schedule_service_restart(  435): [0,com.android.bluetooth/.btservice.AdapterService,1000]
09-01 00:17:11.872 I/am_proc_start(  435): [0,4514,1002,com.android.bluetooth,service,com.android.bluetooth/.btservice.AdapterService]
09-01 00:17:11.895 I/am_proc_bound(  435): [0,4514,com.android.bluetooth]
09-01 00:17:12.000 I/bt_config_source( 4514): 4
09-01 00:17:20.692 I/bt_hci_timeout( 4514): 3075
09-01 00:17:20.715 I/am_proc_died(  435): [0,4514,com.android.bluetooth]
09-01 00:17:20.716 I/am_schedule_service_restart(  435): [0,com.android.bluetooth/.gatt.GattService,1000]
09-01 00:17:20.717 I/am_schedule_service_restart(  435): [0,com.android.bluetooth/.btservice.AdapterService,1000]
09-01 00:17:20.772 I/am_pss  (  435): [435,1000,system,62488576,50659328,0]
09-01 00:17:20.928 I/am_proc_start(  435): [0,4544,1002,com.android.bluetooth,service,com.android.bluetooth/.btservice.AdapterService]
09-01 00:17:20.951 I/am_proc_bound(  435): [0,4544,com.android.bluetooth]
09-01 00:17:21.057 I/bt_config_source( 4544): 4
09-01 00:17:29.748 I/bt_hci_timeout( 4544): 3075
09-01 00:17:29.771 I/am_proc_died(  435): [0,4544,com.android.bluetooth]
09-01 00:17:29.772 I/am_schedule_service_restart(  435): [0,com.android.bluetooth/.btservice.AdapterService,1000]
09-01 00:17:29.772 I/am_schedule_service_restart(  435): [0,com.android.bluetooth/.gatt.GattService,11000]
09-01 00:17:29.808 I/am_pss  (  435): [635,1001,com.android.phone,17996800,12558336,0]
09-01 00:17:29.847 I/am_pss  (  435): [547,10019,com.android.systemui,40688640,31645696,0]
09-01 00:17:29.985 I/am_proc_start(  435): [0,4574,1002,com.android.bluetooth,service,com.android.bluetooth/.btservice.AdapterService]
09-01 00:17:30.008 I/am_proc_bound(  435): [0,4574,com.android.bluetooth]
09-01 00:17:30.114 I/bt_config_source( 4574): 4
09-01 00:17:38.805 I/bt_hci_timeout( 4574): 3075
09-01 00:17:38.829 I/am_proc_died(  435): [0,4574,com.android.bluetooth]
09-01 00:17:38.830 I/am_schedule_service_restart(  435): [0,com.android.bluetooth/.btservice.AdapterService,1000]
09-01 00:17:38.830 I/am_schedule_service_restart(  435): [0,com.android.bluetooth/.gatt.GattService,11000]
09-01 00:17:39.041 I/am_proc_start(  435): [0,4604,1002,com.android.bluetooth,service,com.android.bluetooth/.btservice.AdapterService]
09-01 00:17:39.063 I/am_proc_bound(  435): [0,4604,com.android.bluetooth]
09-01 00:17:39.167 I/bt_config_source( 4604): 4
09-01 00:17:47.857 I/bt_hci_timeout( 4604): 3075
09-01 00:17:47.881 I/am_proc_died(  435): [0,4604,com.android.bluetooth]
09-01 00:17:47.882 I/am_schedule_service_restart(  435): [0,com.android.bluetooth/.btservice.AdapterService,1000]
09-01 00:17:47.882 I/am_schedule_service_restart(  435): [0,com.android.bluetooth/.gatt.GattService,11000]
09-01 00:17:48.094 I/am_proc_start(  435): [0,4634,1002,com.android.bluetooth,service,com.android.bluetooth/.btservice.AdapterService]
09-01 00:17:48.117 I/force_gc(  435): Binder
09-01 00:17:48.117 I/am_proc_bound(  435): [0,4634,com.android.bluetooth]
09-01 00:17:48.237 I/bt_config_source( 4634): 4
09-01 00:17:56.930 I/bt_hci_timeout( 4634): 3075
09-01 00:17:56.954 I/am_proc_died(  435): [0,4634,com.android.bluetooth]
09-01 00:17:56.954 I/am_schedule_service_restart(  435): [0,com.android.bluetooth/.btservice.AdapterService,1000]
09-01 00:17:56.954 I/am_schedule_service_restart(  435): [0,com.android.bluetooth/.gatt.GattService,11000]
09-01 00:17:57.169 I/am_proc_start(  435): [0,4673,1002,com.android.bluetooth,service,com.android.bluetooth/.btservice.AdapterService]
09-01 00:17:57.191 I/am_proc_bound(  435): [0,4673,com.android.bluetooth]
09-01 00:17:57.302 I/bt_config_source( 4673): 4
09-01 00:18:05.997 I/bt_hci_timeout( 4673): 3075
09-01 00:18:06.021 I/am_proc_died(  435): [0,4673,com.android.bluetooth]
09-01 00:18:06.022 I/am_schedule_service_restart(  435): [0,com.android.bluetooth/.btservice.AdapterService,1000]
09-01 00:18:06.022 I/am_schedule_service_restart(  435): [0,com.android.bluetooth/.gatt.GattService,11000]
09-01 00:18:06.234 I/am_proc_start(  435): [0,4776,1002,com.android.bluetooth,service,com.android.bluetooth/.btservice.AdapterService]
09-01 00:18:06.258 I/am_proc_bound(  435): [0,4776,com.android.bluetooth]
09-01 00:18:06.363 I/bt_config_source( 4776): 4
09-01 00:18:15.056 I/bt_hci_timeout( 4776): 3075
09-01 00:18:15.081 I/am_proc_died(  435): [0,4776,com.android.bluetooth]
09-01 00:18:15.081 I/am_schedule_service_restart(  435): [0,com.android.bluetooth/.btservice.AdapterService,1000]
09-01 00:18:15.082 I/am_schedule_service_restart(  435): [0,com.android.bluetooth/.gatt.GattService,11000]
