09-01 00:06:41.131 I/chatty  ( 2569): uid=1002(bluetooth) com.android.bluetooth expire 7 lines
09-01 00:06:41.788 I/chatty  ( 2569): uid=1002(bluetooth) com.android.bluetooth expire 1 line
09-01 00:06:49.134 I/chatty  ( 2569): uid=1002(bluetooth) com.android.bluetooth expire 21 lines
09-01 00:06:49.136 I/chatty  ( 2569): uid=1002(bluetooth) com.android.bluetooth expire 2 lines
09-01 00:06:49.813 I/ActivityManager(  435): Process com.android.bluetooth (pid 2569) has died
09-01 00:06:49.813 D/ActivityManager(  435): cleanUpApplicationRecord -- 2569
09-01 00:06:49.813 W/ActivityManager(  435): Scheduling restart of crashed service com.android.bluetooth/.btservice.AdapterService in 1000ms
09-01 00:06:49.813 D/BluetoothManagerService(  435): BluetoothServiceConnection, disconnected: com.android.bluetooth.btservice.AdapterService
09-01 00:06:49.813 W/ActivityManager(  435): Scheduling restart of crashed service com.android.bluetooth/.gatt.GattService in 10999ms
09-01 00:06:49.815 E/BluetoothManagerService(  435): MESSAGE_BLUETOOTH_SERVICE_DISCONNECTED(1)
09-01 00:06:49.815 D/BluetoothManagerService(  435): Broadcasting onBluetoothServiceDown() to 3 receivers.
09-01 00:06:49.815 D/BluetoothAdapter(  435): onBluetoothServiceDown: android.bluetooth.IBluetooth$Stub$Proxy@693bcd
09-01 00:06:49.815 D/BluetoothAdapter(  635): onBluetoothServiceDown: android.bluetooth.IBluetooth$Stub$Proxy@700f8b1
09-01 00:06:49.816 D/BluetoothAdapter(  547): onBluetoothServiceDown: android.bluetooth.IBluetooth$Stub$Proxy@185a384
09-01 00:06:50.016 D/BluetoothManagerService(  435): MESSAGE_RESTART_BLUETOOTH_SERVICE
09-01 00:06:50.028 I/ActivityManager(  435): Start proc 2599:com.android.bluetooth/1002 for service com.android.bluetooth/.btservice.AdapterService
09-01 00:06:50.112 I/chatty  ( 2599): uid=1002(bluetooth) com.android.bluetooth expire 13 lines
09-01 00:06:50.153 I/chatty  ( 2599): uid=1002(bluetooth) com.android.bluetooth expire 1 line
09-01 00:06:50.153 I/chatty  ( 2599): uid=1002(bluetooth) com.android.bluetooth expire 39 lines
09-01 00:06:50.155 I/chatty  ( 2599): uid=1002(bluetooth) com.android.bluetooth expire 4 lines
09-01 00:06:50.155 I/chatty  ( 2599): uid=1002(bluetooth) com.android.bluetooth expire 1 line
09-01 00:06:50.156 I/chatty  ( 2599): uid=1002(bluetooth) com.android.bluetooth expire 3 lines
09-01 00:06:50.157 I/chatty  ( 2599): uid=1002(bluetooth) com.android.bluetooth expire 23 lines
09-01 00:06:50.161 D/BluetoothManagerService(  435): Bluetooth Adapter name changed to AOSP on navi_ref
09-01 00:06:50.161 D/BluetoothManagerService(  435): Stored Bluetooth name: AOSP on navi_ref
09-01 00:06:50.170 D/BluetoothManagerService(  435): BluetoothServiceConnection: com.android.bluetooth.btservice.AdapterService
09-01 00:06:50.170 D/BluetoothManagerService(  435): MESSAGE_BLUETOOTH_SERVICE_CONNECTED: 1
09-01 00:06:50.171 I/chatty  ( 2599): uid=1002(bluetooth) com.android.bluetooth expire 2 lines
09-01 00:06:50.174 D/BluetoothManagerService(  435): Broadcasting onBluetoothServiceUp() to 4 receivers.
09-01 00:06:50.174 D/BluetoothAdapter(  435): onBluetoothServiceUp: android.bluetooth.IBluetooth$Stub$Proxy@37599a6
09-01 00:06:50.174 D/BluetoothAdapter(  547): onBluetoothServiceUp: android.bluetooth.IBluetooth$Stub$Proxy@9d1076d
09-01 00:06:50.174 D/BluetoothAdapter(  635): onBluetoothServiceUp: android.bluetooth.IBluetooth$Stub$Proxy@1160196
09-01 00:06:50.176 I/chatty  ( 2599): uid=1002(bluetooth) com.android.bluetooth expire 1 line
09-01 00:06:50.177 I/chatty  ( 2599): uid=1002(bluetooth) com.android.bluetooth expire 11 lines
09-01 00:06:50.180 D/BluetoothManagerService(  435): MESSAGE_BLUETOOTH_STATE_CHANGE: OFF > BLE_TURNING_ON
09-01 00:06:50.180 D/BluetoothManagerService(  435): Sending BLE State Change: OFF > BLE_TURNING_ON
09-01 00:06:50.182 I/chatty  ( 2599): uid=1002(bluetooth) com.android.bluetooth expire 1 line
09-01 00:06:50.203 I/chatty  ( 2599): uid=1002(bluetooth) com.android.bluetooth expire 7 lines
09-01 00:06:50.860 I/chatty  ( 2599): uid=1002(bluetooth) com.android.bluetooth expire 1 line
09-01 00:06:58.205 I/chatty  ( 2599): uid=1002(bluetooth) com.android.bluetooth expire 21 lines
09-01 00:06:58.207 I/chatty  ( 2599): uid=1002(bluetooth) com.android.bluetooth expire 2 lines
09-01 00:06:58.885 I/ActivityManager(  435): Process com.android.bluetooth (pid 2599) has died
09-01 00:06:58.885 D/ActivityManager(  435): cleanUpApplicationRecord -- 2599
09-01 00:06:58.885 W/ActivityManager(  435): Scheduling restart of crashed service com.android.bluetooth/.btservice.AdapterService in 1000ms
09-01 00:06:58.886 W/ActivityManager(  435): Scheduling restart of crashed service com.android.bluetooth/.gatt.GattService in 11000ms
09-01 00:06:58.887 D/BluetoothManagerService(  435): BluetoothServiceConnection, disconnected: com.android.bluetooth.btservice.AdapterService
09-01 00:06:58.887 E/BluetoothManagerService(  435): MESSAGE_BLUETOOTH_SERVICE_DISCONNECTED(1)
09-01 00:06:58.887 D/BluetoothManagerService(  435): Broadcasting onBluetoothServiceDown() to 3 receivers.
09-01 00:06:58.887 D/BluetoothAdapter(  435): onBluetoothServiceDown: android.bluetooth.IBluetooth$Stub$Proxy@37599a6
09-01 00:06:58.887 D/BluetoothAdapter(  547): onBluetoothServiceDown: android.bluetooth.IBluetooth$Stub$Proxy@9d1076d
09-01 00:06:58.887 D/BluetoothAdapter(  635): onBluetoothServiceDown: android.bluetooth.IBluetooth$Stub$Proxy@1160196
09-01 00:06:59.087 D/BluetoothManagerService(  435): MESSAGE_RESTART_BLUETOOTH_SERVICE
09-01 00:06:59.105 I/ActivityManager(  435): Start proc 2629:com.android.bluetooth/1002 for service com.android.bluetooth/.btservice.AdapterService
09-01 00:06:59.180 I/chatty  ( 2629): uid=1002(bluetooth) com.android.bluetooth expire 36 lines
09-01 00:06:59.220 I/chatty  ( 2629): uid=1002(bluetooth) com.android.bluetooth expire 12 lines
09-01 00:06:59.221 I/chatty  ( 2629): uid=1002(bluetooth) com.android.bluetooth expire 39 lines
09-01 00:06:59.222 I/chatty  ( 2629): uid=1002(bluetooth) com.android.bluetooth expire 4 lines
09-01 00:06:59.223 I/chatty  ( 2629): uid=1002(bluetooth) com.android.bluetooth expire 1 line
09-01 00:06:59.224 I/chatty  ( 2629): uid=1002(bluetooth) com.android.bluetooth expire 3 lines
09-01 00:06:59.228 D/BluetoothManagerService(  435): Bluetooth Adapter name changed to AOSP on navi_ref
09-01 00:06:59.228 D/BluetoothManagerService(  435): Stored Bluetooth name: AOSP on navi_ref
09-01 00:06:59.232 D/BluetoothManagerService(  435): BluetoothServiceConnection: com.android.bluetooth.btservice.AdapterService
09-01 00:06:59.232 D/BluetoothManagerService(  435): MESSAGE_BLUETOOTH_SERVICE_CONNECTED: 1
09-01 00:06:59.233 I/chatty  ( 2629): uid=1002(bluetooth) com.android.bluetooth expire 2 lines
09-01 00:06:59.234 D/BluetoothManagerService(  435): Broadcasting onBluetoothServiceUp() to 4 receivers.
09-01 00:06:59.235 D/BluetoothAdapter(  435): onBluetoothServiceUp: android.bluetooth.IBluetooth$Stub$Proxy@d4d3ffb
09-01 00:06:59.235 D/BluetoothAdapter(  547): onBluetoothServiceUp: android.bluetooth.IBluetooth$Stub$Proxy@9918fa2
09-01 00:06:59.235 D/BluetoothAdapter(  635): onBluetoothServiceUp: android.bluetooth.IBluetooth$Stub$Proxy@ade9117
09-01 00:06:59.236 I/chatty  ( 2629): uid=1002(bluetooth) com.android.bluetooth expire 1 line
09-01 00:06:59.237 D/BluetoothManagerService(  435): MESSAGE_BLUETOOTH_STATE_CHANGE: OFF > BLE_TURNING_ON
09-01 00:06:59.237 D/BluetoothManagerService(  435): Sending BLE State Change: OFF > BLE_TURNING_ON
09-01 00:06:59.239 I/chatty  ( 2629): uid=1002(bluetooth) com.android.bluetooth expire 1 line
09-01 00:06:59.255 I/chatty  ( 2629): uid=1002(bluetooth) com.android.bluetooth expire 7 lines
09-01 00:06:59.912 I/chatty  ( 2629): uid=1002(bluetooth) com.android.bluetooth expire 1 line
09-01 00:07:07.258 I/chatty  ( 2629): uid=1002(bluetooth) com.android.bluetooth expire 21 lines
09-01 00:07:07.260 I/chatty  ( 2629): uid=1002(bluetooth) com.android.bluetooth expire 2 lines
09-01 00:07:07.936 I/ActivityManager(  435): Process com.android.bluetooth (pid 2629) has died
09-01 00:07:07.937 D/BluetoothManagerService(  435): BluetoothServiceConnection, disconnected: com.android.bluetooth.btservice.AdapterService
09-01 00:07:07.937 D/ActivityManager(  435): cleanUpApplicationRecord -- 2629
09-01 00:07:07.937 E/BluetoothManagerService(  435): MESSAGE_BLUETOOTH_SERVICE_DISCONNECTED(1)
09-01 00:07:07.937 D/BluetoothManagerService(  435): Broadcasting onBluetoothServiceDown() to 3 receivers.
09-01 00:07:07.937 W/ActivityManager(  435): Scheduling restart of crashed service com.android.bluetooth/.btservice.AdapterService in 1000ms
09-01 00:07:07.937 W/ActivityManager(  435): Scheduling restart of crashed service com.android.bluetooth/.gatt.GattService in 10999ms
09-01 00:07:07.937 D/BluetoothAdapter(  435): onBluetoothServiceDown: android.bluetooth.IBluetooth$Stub$Proxy@d4d3ffb
09-01 00:07:07.938 D/BluetoothAdapter(  635): onBluetoothServiceDown: android.bluetooth.IBluetooth$Stub$Proxy@ade9117
09-01 00:07:07.938 D/BluetoothAdapter(  547): onBluetoothServiceDown: android.bluetooth.IBluetooth$Stub$Proxy@9918fa2
09-01 00:07:08.137 D/BluetoothManagerService(  435): MESSAGE_RESTART_BLUETOOTH_SERVICE
09-01 00:07:08.148 I/ActivityManager(  435): Start proc 2660:com.android.bluetooth/1002 for service com.android.bluetooth/.btservice.AdapterService
09-01 00:07:08.233 I/chatty  ( 2660): uid=1002(bluetooth) com.android.bluetooth expire 13 lines
09-01 00:07:08.274 I/chatty  ( 2660): uid=1002(bluetooth) com.android.bluetooth expire 12 lines
09-01 00:07:08.274 I/chatty  ( 2660): uid=1002(bluetooth) com.android.bluetooth expire 39 lines
09-01 00:07:08.276 I/chatty  ( 2660): uid=1002(bluetooth) com.android.bluetooth expire 4 lines
09-01 00:07:08.276 I/chatty  ( 2660): uid=1002(bluetooth) com.android.bluetooth expire 1 line
09-01 00:07:08.277 I/chatty  ( 2660): uid=1002(bluetooth) com.android.bluetooth expire 3 lines
09-01 00:07:08.278 I/chatty  ( 2660): uid=1002(bluetooth) com.android.bluetooth expire 23 lines
09-01 00:07:08.282 D/BluetoothManagerService(  435): Bluetooth Adapter name changed to AOSP on navi_ref
09-01 00:07:08.282 D/BluetoothManagerService(  435): Stored Bluetooth name: AOSP on navi_ref
09-01 00:07:08.285 D/BluetoothManagerService(  435): BluetoothServiceConnection: com.android.bluetooth.btservice.AdapterService
09-01 00:07:08.286 D/BluetoothManagerService(  435): MESSAGE_BLUETOOTH_SERVICE_CONNECTED: 1
09-01 00:07:08.286 I/chatty  ( 2660): uid=1002(bluetooth) com.android.bluetooth expire 3 lines
09-01 00:07:08.288 D/BluetoothManagerService(  435): Broadcasting onBluetoothServiceUp() to 4 receivers.
09-01 00:07:08.288 D/BluetoothAdapter(  435): onBluetoothServiceUp: android.bluetooth.IBluetooth$Stub$Proxy@569b15c
09-01 00:07:08.288 D/BluetoothAdapter(  547): onBluetoothServiceUp: android.bluetooth.IBluetooth$Stub$Proxy@609b433
09-01 00:07:08.288 D/BluetoothAdapter(  635): onBluetoothServiceUp: android.bluetooth.IBluetooth$Stub$Proxy@fc2f904
09-01 00:07:08.290 D/BluetoothManagerService(  435): MESSAGE_BLUETOOTH_STATE_CHANGE: OFF > BLE_TURNING_ON
09-01 00:07:08.290 D/BluetoothManagerService(  435): Sending BLE State Change: OFF > BLE_TURNING_ON
09-01 00:07:08.293 I/chatty  ( 2660): uid=1002(bluetooth) com.android.bluetooth expire 1 line
09-01 00:07:08.309 I/chatty  ( 2660): uid=1002(bluetooth) com.android.bluetooth expire 7 lines
09-01 00:07:08.966 I/chatty  ( 2660): uid=1002(bluetooth) com.android.bluetooth expire 1 line
09-01 00:07:16.312 I/chatty  ( 2660): uid=1002(bluetooth) com.android.bluetooth expire 21 lines
09-01 00:07:16.314 I/chatty  ( 2660): uid=1002(bluetooth) com.android.bluetooth expire 2 lines
09-01 00:07:16.990 D/BluetoothManagerService(  435): BluetoothServiceConnection, disconnected: com.android.bluetooth.btservice.AdapterService
09-01 00:07:16.990 I/ActivityManager(  435): Process com.android.bluetooth (pid 2660) has died
09-01 00:07:16.990 E/BluetoothManagerService(  435): MESSAGE_BLUETOOTH_SERVICE_DISCONNECTED(1)
09-01 00:07:16.991 D/BluetoothManagerService(  435): Broadcasting onBluetoothServiceDown() to 3 receivers.
09-01 00:07:16.991 D/ActivityManager(  435): cleanUpApplicationRecord -- 2660
09-01 00:07:16.991 W/ActivityManager(  435): Scheduling restart of crashed service com.android.bluetooth/.btservice.AdapterService in 1000ms
09-01 00:07:16.991 D/BluetoothAdapter(  435): onBluetoothServiceDown: android.bluetooth.IBluetooth$Stub$Proxy@569b15c
09-01 00:07:16.991 W/ActivityManager(  435): Scheduling restart of crashed service com.android.bluetooth/.gatt.GattService in 11000ms
09-01 00:07:16.991 D/BluetoothAdapter(  547): onBluetoothServiceDown: android.bluetooth.IBluetooth$Stub$Proxy@609b433
09-01 00:07:16.991 D/BluetoothAdapter(  635): onBluetoothServiceDown: android.bluetooth.IBluetooth$Stub$Proxy@fc2f904
09-01 00:07:17.190 D/BluetoothManagerService(  435): MESSAGE_RESTART_BLUETOOTH_SERVICE
09-01 00:07:17.203 I/ActivityManager(  435): Start proc 2690:com.android.bluetooth/1002 for service com.android.bluetooth/.btservice.AdapterService
09-01 00:07:17.286 I/chatty  ( 2690): uid=1002(bluetooth) com.android.bluetooth expire 36 lines
09-01 00:07:17.327 I/chatty  ( 2690): uid=1002(bluetooth) com.android.bluetooth expire 12 lines
09-01 00:07:17.327 I/chatty  ( 2690): uid=1002(bluetooth) com.android.bluetooth expire 39 lines
09-01 00:07:17.329 I/chatty  ( 2690): uid=1002(bluetooth) com.android.bluetooth expire 4 lines
09-01 00:07:17.329 I/chatty  ( 2690): uid=1002(bluetooth) com.android.bluetooth expire 1 line
09-01 00:07:17.330 I/chatty  ( 2690): uid=1002(bluetooth) com.android.bluetooth expire 3 lines
09-01 00:07:17.335 D/BluetoothManagerService(  435): Bluetooth Adapter name changed to AOSP on navi_ref
09-01 00:07:17.335 D/BluetoothManagerService(  435): Stored Bluetooth name: AOSP on navi_ref
09-01 00:07:17.338 D/BluetoothManagerService(  435): BluetoothServiceConnection: com.android.bluetooth.btservice.AdapterService
09-01 00:07:17.339 D/BluetoothManagerService(  435): MESSAGE_BLUETOOTH_SERVICE_CONNECTED: 1
09-01 00:07:17.340 I/chatty  ( 2690): uid=1002(bluetooth) com.android.bluetooth expire 2 lines
09-01 00:07:17.341 D/BluetoothManagerService(  435): Broadcasting onBluetoothServiceUp() to 4 receivers.
09-01 00:07:17.342 D/BluetoothAdapter(  435): onBluetoothServiceUp: android.bluetooth.IBluetooth$Stub$Proxy@1d4c419
09-01 00:07:17.342 D/BluetoothAdapter(  547): onBluetoothServiceUp: android.bluetooth.IBluetooth$Stub$Proxy@97b73f0
09-01 00:07:17.342 D/BluetoothAdapter(  635): onBluetoothServiceUp: android.bluetooth.IBluetooth$Stub$Proxy@afb6eed
09-01 00:07:17.343 I/chatty  ( 2690): uid=1002(bluetooth) com.android.bluetooth expire 1 line
09-01 00:07:17.344 D/BluetoothManagerService(  435): MESSAGE_BLUETOOTH_STATE_CHANGE: OFF > BLE_TURNING_ON
09-01 00:07:17.344 D/BluetoothManagerService(  435): Sending BLE State Change: OFF > BLE_TURNING_ON
09-01 00:07:17.346 I/chatty  ( 2690): uid=1002(bluetooth) com.android.bluetooth expire 1 line
09-01 00:07:17.362 I/chatty  ( 2690): uid=1002(bluetooth) com.android.bluetooth expire 7 lines
09-01 00:07:18.018 I/chatty  ( 2690): uid=1002(bluetooth) com.android.bluetooth expire 1 line
09-01 00:07:25.365 I/chatty  ( 2690): uid=1002(bluetooth) com.android.bluetooth expire 21 lines
09-01 00:07:25.367 I/chatty  ( 2690): uid=1002(bluetooth) com.android.bluetooth expire 2 lines
09-01 00:07:56.043 I/ActivityManager(  435): Process com.android.bluetooth (pid 2690) has died
09-01 00:07:56.043 D/ActivityManager(  435): cleanUpApplicationRecord -- 2690
09-01 00:07:56.043 D/BluetoothManagerService(  435): BluetoothServiceConnection, disconnected: com.android.bluetooth.btservice.AdapterService
09-01 00:07:56.043 W/ActivityManager(  435): Scheduling restart of crashed service com.android.bluetooth/.gatt.GattService in 1000ms
09-01 00:07:56.043 W/ActivityManager(  435): Scheduling restart of crashed service com.android.bluetooth/.btservice.AdapterService in 1000ms
09-01 00:07:56.044 E/BluetoothManagerService(  435): MESSAGE_BLUETOOTH_SERVICE_DISCONNECTED(1)
09-01 00:07:56.044 D/BluetoothManagerService(  435): Broadcasting onBluetoothServiceDown() to 3 receivers.
09-01 00:07:56.045 D/BluetoothAdapter(  435): onBluetoothServiceDown: android.bluetooth.IBluetooth$Stub$Proxy@1d4c419
09-01 00:07:56.045 D/BluetoothAdapter(  547): onBluetoothServiceDown: android.bluetooth.IBluetooth$Stub$Proxy@97b73f0
09-01 00:07:56.045 D/BluetoothAdapter(  635): onBluetoothServiceDown: android.bluetooth.IBluetooth$Stub$Proxy@afb6eed
09-01 00:07:56.245 D/BluetoothManagerService(  435): MESSAGE_RESTART_BLUETOOTH_SERVICE
09-01 00:07:56.257 I/ActivityManager(  435): Start proc 2729:com.android.bluetooth/1002 for service com.android.bluetooth/.btservice.AdapterService
09-01 00:07:56.340 I/chatty  ( 2729): uid=1002(bluetooth) com.android.bluetooth expire 36 lines
09-01 00:07:56.381 I/chatty  ( 2729): uid=1002(bluetooth) com.android.bluetooth expire 12 lines
09-01 00:07:56.382 I/chatty  ( 2729): uid=1002(bluetooth) com.android.bluetooth expire 39 lines
09-01 00:07:56.383 I/chatty  ( 2729): uid=1002(bluetooth) com.android.bluetooth expire 4 lines
09-01 00:07:56.384 I/chatty  ( 2729): uid=1002(bluetooth) com.android.bluetooth expire 1 line
09-01 00:07:56.385 I/chatty  ( 2729): uid=1002(bluetooth) com.android.bluetooth expire 3 lines
09-01 00:07:56.389 D/BluetoothManagerService(  435): Bluetooth Adapter name changed to AOSP on navi_ref
09-01 00:07:56.389 D/BluetoothManagerService(  435): Stored Bluetooth name: AOSP on navi_ref
09-01 00:07:56.394 D/BluetoothManagerService(  435): BluetoothServiceConnection: com.android.bluetooth.btservice.AdapterService
09-01 00:07:56.394 D/BluetoothManagerService(  435): MESSAGE_BLUETOOTH_SERVICE_CONNECTED: 1
09-01 00:07:56.395 I/chatty  ( 2729): uid=1002(bluetooth) com.android.bluetooth expire 2 lines
09-01 00:07:56.396 D/BluetoothManagerService(  435): Broadcasting onBluetoothServiceUp() to 4 receivers.
09-01 00:07:56.397 D/BluetoothAdapter(  435): onBluetoothServiceUp: android.bluetooth.IBluetooth$Stub$Proxy@c93bcc1
09-01 00:07:56.397 D/BluetoothAdapter(  547): onBluetoothServiceUp: android.bluetooth.IBluetooth$Stub$Proxy@283ad69
09-01 00:07:56.397 D/BluetoothAdapter(  635): onBluetoothServiceUp: android.bluetooth.IBluetooth$Stub$Proxy@128a122
09-01 00:07:56.398 I/chatty  ( 2729): uid=1002(bluetooth) com.android.bluetooth expire 1 line
09-01 00:07:56.399 D/BluetoothManagerService(  435): MESSAGE_BLUETOOTH_STATE_CHANGE: OFF > BLE_TURNING_ON
09-01 00:07:56.399 D/BluetoothManagerService(  435): Sending BLE State Change: OFF > BLE_TURNING_ON
09-01 00:07:56.401 I/chatty  ( 2729): uid=1002(bluetooth) com.android.bluetooth expire 1 line
09-01 00:07:56.417 I/chatty  ( 2729): uid=1002(bluetooth) com.android.bluetooth expire 7 lines
09-01 00:07:57.073 I/chatty  ( 2729): uid=1002(bluetooth) com.android.bluetooth expire 1 line
09-01 00:08:04.419 I/chatty  ( 2729): uid=1002(bluetooth) com.android.bluetooth expire 21 lines
09-01 00:08:04.421 I/chatty  ( 2729): uid=1002(bluetooth) com.android.bluetooth expire 2 lines
09-01 00:08:05.098 I/ActivityManager(  435): Process com.android.bluetooth (pid 2729) has died
09-01 00:08:05.098 D/ActivityManager(  435): cleanUpApplicationRecord -- 2729
09-01 00:08:05.098 D/BluetoothManagerService(  435): BluetoothServiceConnection, disconnected: com.android.bluetooth.btservice.AdapterService
09-01 00:08:05.098 W/ActivityManager(  435): Scheduling restart of crashed service com.android.bluetooth/.gatt.GattService in 1000ms
09-01 00:08:05.098 E/BluetoothManagerService(  435): MESSAGE_BLUETOOTH_SERVICE_DISCONNECTED(1)
09-01 00:08:05.099 D/BluetoothManagerService(  435): Broadcasting onBluetoothServiceDown() to 3 receivers.
09-01 00:08:05.099 W/ActivityManager(  435): Scheduling restart of crashed service com.android.bluetooth/.btservice.AdapterService in 1000ms
09-01 00:08:05.099 D/BluetoothAdapter(  435): onBluetoothServiceDown: android.bluetooth.IBluetooth$Stub$Proxy@c93bcc1
09-01 00:08:05.099 D/BluetoothAdapter(  547): onBluetoothServiceDown: android.bluetooth.IBluetooth$Stub$Proxy@283ad69
09-01 00:08:05.100 D/BluetoothAdapter(  635): onBluetoothServiceDown: android.bluetooth.IBluetooth$Stub$Proxy@128a122
09-01 00:08:05.299 D/BluetoothManagerService(  435): MESSAGE_RESTART_BLUETOOTH_SERVICE
09-01 00:08:05.311 I/ActivityManager(  435): Start proc 2759:com.android.bluetooth/1002 for service com.android.bluetooth/.btservice.AdapterService
09-01 00:08:05.395 I/chatty  ( 2759): uid=1002(bluetooth) com.android.bluetooth expire 36 lines
09-01 00:08:05.436 I/chatty  ( 2759): uid=1002(bluetooth) com.android.bluetooth expire 12 lines
09-01 00:08:05.437 I/chatty  ( 2759): uid=1002(bluetooth) com.android.bluetooth expire 39 lines
09-01 00:08:05.438 I/chatty  ( 2759): uid=1002(bluetooth) com.android.bluetooth expire 4 lines
09-01 00:08:05.439 I/chatty  ( 2759): uid=1002(bluetooth) com.android.bluetooth expire 1 line
09-01 00:08:05.440 I/chatty  ( 2759): uid=1002(bluetooth) com.android.bluetooth expire 3 lines
09-01 00:08:05.445 D/BluetoothManagerService(  435): Bluetooth Adapter name changed to AOSP on navi_ref
09-01 00:08:05.445 D/BluetoothManagerService(  435): Stored Bluetooth name: AOSP on navi_ref
09-01 00:08:05.448 D/BluetoothManagerService(  435): BluetoothServiceConnection: com.android.bluetooth.btservice.AdapterService
09-01 00:08:05.449 D/BluetoothManagerService(  435): MESSAGE_BLUETOOTH_SERVICE_CONNECTED: 1
09-01 00:08:05.449 I/chatty  ( 2759): uid=1002(bluetooth) com.android.bluetooth expire 2 lines
09-01 00:08:05.451 D/BluetoothManagerService(  435): Broadcasting onBluetoothServiceUp() to 4 receivers.
09-01 00:08:05.451 D/BluetoothAdapter(  435): onBluetoothServiceUp: android.bluetooth.IBluetooth$Stub$Proxy@113944a
09-01 00:08:05.451 D/BluetoothAdapter(  635): onBluetoothServiceUp: android.bluetooth.IBluetooth$Stub$Proxy@1b127b3
09-01 00:08:05.451 D/BluetoothAdapter(  547): onBluetoothServiceUp: android.bluetooth.IBluetooth$Stub$Proxy@91d03ee
09-01 00:08:05.452 I/chatty  ( 2759): uid=1002(bluetooth) com.android.bluetooth expire 1 line
09-01 00:08:05.453 D/BluetoothManagerService(  435): MESSAGE_BLUETOOTH_STATE_CHANGE: OFF > BLE_TURNING_ON
09-01 00:08:05.453 D/BluetoothManagerService(  435): Sending BLE State Change: OFF > BLE_TURNING_ON
09-01 00:08:05.456 I/chatty  ( 2759): uid=1002(bluetooth) com.android.bluetooth expire 1 line
09-01 00:08:05.473 I/chatty  ( 2759): uid=1002(bluetooth) com.android.bluetooth expire 7 lines
09-01 00:08:06.130 I/chatty  ( 2759): uid=1002(bluetooth) com.android.bluetooth expire 1 line
09-01 00:08:13.475 I/chatty  ( 2759): uid=1002(bluetooth) com.android.bluetooth expire 21 lines
09-01 00:08:13.477 I/chatty  ( 2759): uid=1002(bluetooth) com.android.bluetooth expire 2 lines
09-01 00:08:14.156 D/BluetoothManagerService(  435): BluetoothServiceConnection, disconnected: com.android.bluetooth.btservice.AdapterService
09-01 00:08:14.156 E/BluetoothManagerService(  435): MESSAGE_BLUETOOTH_SERVICE_DISCONNECTED(1)
09-01 00:08:14.156 I/ActivityManager(  435): Process com.android.bluetooth (pid 2759) has died
09-01 00:08:14.156 D/BluetoothManagerService(  435): Broadcasting onBluetoothServiceDown() to 3 receivers.
09-01 00:08:14.156 D/ActivityManager(  435): cleanUpApplicationRecord -- 2759
09-01 00:08:14.156 D/BluetoothAdapter(  435): onBluetoothServiceDown: android.bluetooth.IBluetooth$Stub$Proxy@113944a
09-01 00:08:14.156 W/ActivityManager(  435): Scheduling restart of crashed service com.android.bluetooth/.btservice.AdapterService in 1000ms
09-01 00:08:14.156 D/BluetoothAdapter(  635): onBluetoothServiceDown: android.bluetooth.IBluetooth$Stub$Proxy@1b127b3
09-01 00:08:14.156 W/ActivityManager(  435): Scheduling restart of crashed service com.android.bluetooth/.gatt.GattService in 11000ms
09-01 00:08:14.157 D/BluetoothAdapter(  547): onBluetoothServiceDown: android.bluetooth.IBluetooth$Stub$Proxy@91d03ee
09-01 00:08:14.356 D/BluetoothManagerService(  435): MESSAGE_RESTART_BLUETOOTH_SERVICE
09-01 00:08:14.373 I/ActivityManager(  435): Start proc 2790:com.android.bluetooth/1002 for service com.android.bluetooth/.btservice.AdapterService
09-01 00:08:14.451 I/chatty  ( 2790): uid=1002(bluetooth) com.android.bluetooth expire 36 lines
09-01 00:08:14.491 I/chatty  ( 2790): uid=1002(bluetooth) com.android.bluetooth expire 12 lines
09-01 00:08:14.492 I/chatty  ( 2790): uid=1002(bluetooth) com.android.bluetooth expire 39 lines
09-01 00:08:14.494 I/chatty  ( 2790): uid=1002(bluetooth) com.android.bluetooth expire 4 lines
09-01 00:08:14.494 I/chatty  ( 2790): uid=1002(bluetooth) com.android.bluetooth expire 1 line
09-01 00:08:14.495 I/chatty  ( 2790): uid=1002(bluetooth) com.android.bluetooth expire 3 lines
09-01 00:08:14.499 D/BluetoothManagerService(  435): Bluetooth Adapter name changed to AOSP on navi_ref
09-01 00:08:14.499 D/BluetoothManagerService(  435): Stored Bluetooth name: AOSP on navi_ref
09-01 00:08:14.503 D/BluetoothManagerService(  435): BluetoothServiceConnection: com.android.bluetooth.btservice.AdapterService
09-01 00:08:14.503 D/BluetoothManagerService(  435): MESSAGE_BLUETOOTH_SERVICE_CONNECTED: 1
09-01 00:08:14.504 I/chatty  ( 2790): uid=1002(bluetooth) com.android.bluetooth expire 2 lines
09-01 00:08:14.506 D/BluetoothManagerService(  435): Broadcasting onBluetoothServiceUp() to 4 receivers.
09-01 00:08:14.506 D/BluetoothAdapter(  635): onBluetoothServiceUp: android.bluetooth.IBluetooth$Stub$Proxy@9f8a170
09-01 00:08:14.506 D/BluetoothAdapter(  435): onBluetoothServiceUp: android.bluetooth.IBluetooth$Stub$Proxy@9cba78f
09-01 00:08:14.506 D/BluetoothAdapter(  547): onBluetoothServiceUp: android.bluetooth.IBluetooth$Stub$Proxy@a1608f
09-01 00:08:14.507 I/chatty  ( 2790): uid=1002(bluetooth) com.android.bluetooth expire 1 line
09-01 00:08:14.508 D/BluetoothManagerService(  435): MESSAGE_BLUETOOTH_STATE_CHANGE: OFF > BLE_TURNING_ON
09-01 00:08:14.508 D/BluetoothManagerService(  435): Sending BLE State Change: OFF > BLE_TURNING_ON
09-01 00:08:14.510 I/chatty  ( 2790): uid=1002(bluetooth) com.android.bluetooth expire 1 line
09-01 00:08:14.526 I/chatty  ( 2790): uid=1002(bluetooth) com.android.bluetooth expire 7 lines
09-01 00:08:15.183 I/chatty  ( 2790): uid=1002(bluetooth) com.android.bluetooth expire 1 line
09-01 00:08:22.529 I/chatty  ( 2790): uid=1002(bluetooth) com.android.bluetooth expire 21 lines
09-01 00:08:22.531 I/chatty  ( 2790): uid=1002(bluetooth) com.android.bluetooth expire 2 lines
09-01 00:08:23.208 I/ActivityManager(  435): Process com.android.bluetooth (pid 2790) has died
09-01 00:08:23.208 D/ActivityManager(  435): cleanUpApplicationRecord -- 2790
09-01 00:08:23.208 D/BluetoothManagerService(  435): BluetoothServiceConnection, disconnected: com.android.bluetooth.btservice.AdapterService
09-01 00:08:23.208 W/ActivityManager(  435): Scheduling restart of crashed service com.android.bluetooth/.btservice.AdapterService in 1000ms
09-01 00:08:23.208 W/ActivityManager(  435): Scheduling restart of crashed service com.android.bluetooth/.gatt.GattService in 11000ms
09-01 00:08:23.209 E/BluetoothManagerService(  435): MESSAGE_BLUETOOTH_SERVICE_DISCONNECTED(1)
09-01 00:08:23.209 D/BluetoothManagerService(  435): Broadcasting onBluetoothServiceDown() to 3 receivers.
09-01 00:08:23.209 D/BluetoothAdapter(  435): onBluetoothServiceDown: android.bluetooth.IBluetooth$Stub$Proxy@9cba78f
09-01 00:08:23.209 D/BluetoothAdapter(  635): onBluetoothServiceDown: android.bluetooth.IBluetooth$Stub$Proxy@9f8a170
09-01 00:08:23.210 D/BluetoothAdapter(  547): onBluetoothServiceDown: android.bluetooth.IBluetooth$Stub$Proxy@a1608f
09-01 00:08:23.409 D/BluetoothManagerService(  435): MESSAGE_RESTART_BLUETOOTH_SERVICE
09-01 00:08:23.420 I/ActivityManager(  435): Start proc 2820:com.android.bluetooth/1002 for service com.android.bluetooth/.btservice.AdapterService
09-01 00:08:23.505 I/chatty  ( 2820): uid=1002(bluetooth) com.android.bluetooth expire 36 lines
09-01 00:08:23.546 I/chatty  ( 2820): uid=1002(bluetooth) com.android.bluetooth expire 12 lines
09-01 00:08:23.547 I/chatty  ( 2820): uid=1002(bluetooth) com.android.bluetooth expire 39 lines
09-01 00:08:23.549 I/chatty  ( 2820): uid=1002(bluetooth) com.android.bluetooth expire 3 lines
09-01 00:08:23.549 I/chatty  ( 2820): uid=1002(bluetooth) com.android.bluetooth expire 1 line
09-01 00:08:23.550 I/chatty  ( 2820): uid=1002(bluetooth) com.android.bluetooth expire 3 lines
09-01 00:08:23.554 D/BluetoothManagerService(  435): Bluetooth Adapter name changed to AOSP on navi_ref
09-01 00:08:23.555 D/BluetoothManagerService(  435): Stored Bluetooth name: AOSP on navi_ref
09-01 00:08:23.558 D/BluetoothManagerService(  435): BluetoothServiceConnection: com.android.bluetooth.btservice.AdapterService
09-01 00:08:23.558 D/BluetoothManagerService(  435): MESSAGE_BLUETOOTH_SERVICE_CONNECTED: 1
09-01 00:08:23.559 I/chatty  ( 2820): uid=1002(bluetooth) com.android.bluetooth expire 2 lines
09-01 00:08:23.561 D/BluetoothManagerService(  435): Broadcasting onBluetoothServiceUp() to 4 receivers.
09-01 00:08:23.561 D/BluetoothAdapter(  635): onBluetoothServiceUp: android.bluetooth.IBluetooth$Stub$Proxy@cad0ce9
09-01 00:08:23.561 D/BluetoothAdapter(  435): onBluetoothServiceUp: android.bluetooth.IBluetooth$Stub$Proxy@578b1d9
09-01 00:08:23.561 D/BluetoothAdapter(  547): onBluetoothServiceUp: android.bluetooth.IBluetooth$Stub$Proxy@dbbdf1c
09-01 00:08:23.562 I/chatty  ( 2820): uid=1002(bluetooth) com.android.bluetooth expire 1 line
09-01 00:08:23.563 D/BluetoothManagerService(  435): MESSAGE_BLUETOOTH_STATE_CHANGE: OFF > BLE_TURNING_ON
09-01 00:08:23.563 D/BluetoothManagerService(  435): Sending BLE State Change: OFF > BLE_TURNING_ON
09-01 00:08:23.565 I/chatty  ( 2820): uid=1002(bluetooth) com.android.bluetooth expire 1 line
09-01 00:08:23.583 I/chatty  ( 2820): uid=1002(bluetooth) com.android.bluetooth expire 7 lines
09-01 00:08:24.239 I/chatty  ( 2820): uid=1002(bluetooth) com.android.bluetooth expire 1 line
09-01 00:08:31.585 I/chatty  ( 2820): uid=1002(bluetooth) com.android.bluetooth expire 21 lines
09-01 00:08:31.587 I/chatty  ( 2820): uid=1002(bluetooth) com.android.bluetooth expire 2 lines
09-01 00:08:32.240 I/chatty  ( 2820): uid=1002(bluetooth) com.android.bluetooth expire 1 line
09-01 00:08:32.264 I/ActivityManager(  435): Process com.android.bluetooth (pid 2820) has died
09-01 00:08:32.264 D/ActivityManager(  435): cleanUpApplicationRecord -- 2820
09-01 00:08:32.265 W/ActivityManager(  435): Scheduling restart of crashed service com.android.bluetooth/.btservice.AdapterService in 1000ms
09-01 00:08:32.265 W/ActivityManager(  435): Scheduling restart of crashed service com.android.bluetooth/.gatt.GattService in 11000ms
09-01 00:08:32.266 D/BluetoothManagerService(  435): BluetoothServiceConnection, disconnected: com.android.bluetooth.btservice.AdapterService
09-01 00:08:32.266 E/BluetoothManagerService(  435): MESSAGE_BLUETOOTH_SERVICE_DISCONNECTED(1)
09-01 00:08:32.266 D/BluetoothManagerService(  435): Broadcasting onBluetoothServiceDown() to 3 receivers.
09-01 00:08:32.266 D/BluetoothAdapter(  435): onBluetoothServiceDown: android.bluetooth.IBluetooth$Stub$Proxy@578b1d9
09-01 00:08:32.266 D/BluetoothAdapter(  635): onBluetoothServiceDown: android.bluetooth.IBluetooth$Stub$Proxy@cad0ce9
09-01 00:08:32.267 D/BluetoothAdapter(  547): onBluetoothServiceDown: android.bluetooth.IBluetooth$Stub$Proxy@dbbdf1c
09-01 00:08:32.467 D/BluetoothManagerService(  435): MESSAGE_RESTART_BLUETOOTH_SERVICE
09-01 00:08:32.485 I/ActivityManager(  435): Start proc 2850:com.android.bluetooth/1002 for service com.android.bluetooth/.btservice.AdapterService
09-01 00:08:32.561 I/chatty  ( 2850): uid=1002(bluetooth) com.android.bluetooth expire 36 lines
09-01 00:08:32.602 I/chatty  ( 2850): uid=1002(bluetooth) com.android.bluetooth expire 12 lines
09-01 00:08:32.603 I/chatty  ( 2850): uid=1002(bluetooth) com.android.bluetooth expire 39 lines
09-01 00:08:32.604 I/chatty  ( 2850): uid=1002(bluetooth) com.android.bluetooth expire 4 lines
09-01 00:08:32.605 I/chatty  ( 2850): uid=1002(bluetooth) com.android.bluetooth expire 1 line
09-01 00:08:32.606 I/chatty  ( 2850): uid=1002(bluetooth) com.android.bluetooth expire 3 lines
09-01 00:08:32.610 D/BluetoothManagerService(  435): Bluetooth Adapter name changed to AOSP on navi_ref
09-01 00:08:32.610 D/BluetoothManagerService(  435): Stored Bluetooth name: AOSP on navi_ref
09-01 00:08:32.615 D/BluetoothManagerService(  435): BluetoothServiceConnection: com.android.bluetooth.btservice.AdapterService
09-01 00:08:32.615 D/BluetoothManagerService(  435): MESSAGE_BLUETOOTH_SERVICE_CONNECTED: 1
09-01 00:08:32.616 I/chatty  ( 2850): uid=1002(bluetooth) com.android.bluetooth expire 2 lines
09-01 00:08:32.617 D/BluetoothManagerService(  435): Broadcasting onBluetoothServiceUp() to 4 receivers.
09-01 00:08:32.618 D/BluetoothAdapter(  435): onBluetoothServiceUp: android.bluetooth.IBluetooth$Stub$Proxy@4dfda02
09-01 00:08:32.618 D/BluetoothAdapter(  547): onBluetoothServiceUp: android.bluetooth.IBluetooth$Stub$Proxy@2a0b725
09-01 00:08:32.618 D/BluetoothAdapter(  635): onBluetoothServiceUp: android.bluetooth.IBluetooth$Stub$Proxy@4d3ad6e
09-01 00:08:32.619 I/chatty  ( 2850): uid=1002(bluetooth) com.android.bluetooth expire 1 line
09-01 00:08:32.619 D/BluetoothManagerService(  435): MESSAGE_BLUETOOTH_STATE_CHANGE: OFF > BLE_TURNING_ON
09-01 00:08:32.619 D/BluetoothManagerService(  435): Sending BLE State Change: OFF > BLE_TURNING_ON
09-01 00:08:32.622 I/chatty  ( 2850): uid=1002(bluetooth) com.android.bluetooth expire 1 line
09-01 00:08:32.638 I/chatty  ( 2850): uid=1002(bluetooth) com.android.bluetooth expire 7 lines
09-01 00:08:33.295 I/chatty  ( 2850): uid=1002(bluetooth) com.android.bluetooth expire 1 line
09-01 00:08:40.641 I/chatty  ( 2850): uid=1002(bluetooth) com.android.bluetooth expire 21 lines
09-01 00:08:40.643 I/chatty  ( 2850): uid=1002(bluetooth) com.android.bluetooth expire 2 lines
09-01 00:08:41.320 I/ActivityManager(  435): Process com.android.bluetooth (pid 2850) has died
09-01 00:08:41.320 D/ActivityManager(  435): cleanUpApplicationRecord -- 2850
09-01 00:08:41.320 D/BluetoothManagerService(  435): BluetoothServiceConnection, disconnected: com.android.bluetooth.btservice.AdapterService
09-01 00:08:41.320 W/ActivityManager(  435): Scheduling restart of crashed service com.android.bluetooth/.btservice.AdapterService in 1000ms
09-01 00:08:41.321 W/ActivityManager(  435): Scheduling restart of crashed service com.android.bluetooth/.gatt.GattService in 11000ms
09-01 00:08:41.321 E/BluetoothManagerService(  435): MESSAGE_BLUETOOTH_SERVICE_DISCONNECTED(1)
09-01 00:08:41.321 D/BluetoothManagerService(  435): Broadcasting onBluetoothServiceDown() to 3 receivers.
09-01 00:08:41.321 D/BluetoothAdapter(  435): onBluetoothServiceDown: android.bluetooth.IBluetooth$Stub$Proxy@4dfda02
09-01 00:08:41.321 D/BluetoothAdapter(  635): onBluetoothServiceDown: android.bluetooth.IBluetooth$Stub$Proxy@4d3ad6e
09-01 00:08:41.322 D/BluetoothAdapter(  547): onBluetoothServiceDown: android.bluetooth.IBluetooth$Stub$Proxy@2a0b725
09-01 00:08:41.522 D/BluetoothManagerService(  435): MESSAGE_RESTART_BLUETOOTH_SERVICE
09-01 00:08:41.533 I/ActivityManager(  435): Start proc 2880:com.android.bluetooth/1002 for service com.android.bluetooth/.btservice.AdapterService
09-01 00:08:41.615 I/chatty  ( 2880): uid=1002(bluetooth) com.android.bluetooth expire 36 lines
09-01 00:08:41.656 I/chatty  ( 2880): uid=1002(bluetooth) com.android.bluetooth expire 12 lines
09-01 00:08:41.656 I/chatty  ( 2880): uid=1002(bluetooth) com.android.bluetooth expire 39 lines
09-01 00:08:41.658 I/chatty  ( 2880): uid=1002(bluetooth) com.android.bluetooth expire 2 lines
09-01 00:08:41.658 I/chatty  ( 2880): uid=1002(bluetooth) com.android.bluetooth expire 1 line
09-01 00:08:41.660 I/chatty  ( 2880): uid=1002(bluetooth) com.android.bluetooth expire 3 lines
09-01 00:08:41.664 D/BluetoothManagerService(  435): Bluetooth Adapter name changed to AOSP on navi_ref
09-01 00:08:41.664 D/BluetoothManagerService(  435): Stored Bluetooth name: AOSP on navi_ref
09-01 00:08:41.668 D/BluetoothManagerService(  435): BluetoothServiceConnection: com.android.bluetooth.btservice.AdapterService
09-01 00:08:41.668 D/BluetoothManagerService(  435): MESSAGE_BLUETOOTH_SERVICE_CONNECTED: 1
09-01 00:08:41.669 I/chatty  ( 2880): uid=1002(bluetooth) com.android.bluetooth expire 3 lines
09-01 00:08:41.671 D/BluetoothManagerService(  435): Broadcasting onBluetoothServiceUp() to 4 receivers.
09-01 00:08:41.671 D/BluetoothAdapter(  435): onBluetoothServiceUp: android.bluetooth.IBluetooth$Stub$Proxy@52fc767
09-01 00:08:41.671 D/BluetoothAdapter(  635): onBluetoothServiceUp: android.bluetooth.IBluetooth$Stub$Proxy@e0c8c0f
09-01 00:08:41.671 D/BluetoothAdapter(  547): onBluetoothServiceUp: android.bluetooth.IBluetooth$Stub$Proxy@1d970fa
09-01 00:08:41.673 D/BluetoothManagerService(  435): MESSAGE_BLUETOOTH_STATE_CHANGE: OFF > BLE_TURNING_ON
09-01 00:08:41.673 D/BluetoothManagerService(  435): Sending BLE State Change: OFF > BLE_TURNING_ON
09-01 00:08:41.675 I/chatty  ( 2880): uid=1002(bluetooth) com.android.bluetooth expire 1 line
09-01 00:08:41.691 I/chatty  ( 2880): uid=1002(bluetooth) com.android.bluetooth expire 7 lines
09-01 00:08:42.347 I/chatty  ( 2880): uid=1002(bluetooth) com.android.bluetooth expire 1 line
09-01 00:08:49.693 I/chatty  ( 2880): uid=1002(bluetooth) com.android.bluetooth expire 21 lines
09-01 00:08:49.695 I/chatty  ( 2880): uid=1002(bluetooth) com.android.bluetooth expire 2 lines
09-01 00:08:50.347 I/chatty  ( 2880): uid=1002(bluetooth) com.android.bluetooth expire 2 lines
09-01 00:08:50.371 I/ActivityManager(  435): Process com.android.bluetooth (pid 2880) has died
09-01 00:08:50.371 D/ActivityManager(  435): cleanUpApplicationRecord -- 2880
09-01 00:08:50.371 W/ActivityManager(  435): Scheduling restart of crashed service com.android.bluetooth/.btservice.AdapterService in 1000ms
09-01 00:08:50.371 W/ActivityManager(  435): Scheduling restart of crashed service com.android.bluetooth/.gatt.GattService in 11000ms
09-01 00:08:50.373 D/BluetoothManagerService(  435): BluetoothServiceConnection, disconnected: com.android.bluetooth.btservice.AdapterService
09-01 00:08:50.373 E/BluetoothManagerService(  435): MESSAGE_BLUETOOTH_SERVICE_DISCONNECTED(1)
09-01 00:08:50.373 D/BluetoothManagerService(  435): Broadcasting onBluetoothServiceDown() to 3 receivers.
09-01 00:08:50.373 D/BluetoothAdapter(  435): onBluetoothServiceDown: android.bluetooth.IBluetooth$Stub$Proxy@52fc767
09-01 00:08:50.373 D/BluetoothAdapter(  635): onBluetoothServiceDown: android.bluetooth.IBluetooth$Stub$Proxy@e0c8c0f
09-01 00:08:50.374 D/BluetoothAdapter(  547): onBluetoothServiceDown: android.bluetooth.IBluetooth$Stub$Proxy@1d970fa
09-01 00:08:50.573 D/BluetoothManagerService(  435): MESSAGE_RESTART_BLUETOOTH_SERVICE
09-01 00:08:50.584 I/ActivityManager(  435): Start proc 2910:com.android.bluetooth/1002 for service com.android.bluetooth/.btservice.AdapterService
09-01 00:08:50.683 I/chatty  ( 2910): uid=1002(bluetooth) com.android.bluetooth expire 36 lines
09-01 00:08:50.725 I/chatty  ( 2910): uid=1002(bluetooth) com.android.bluetooth expire 12 lines
09-01 00:08:50.725 I/chatty  ( 2910): uid=1002(bluetooth) com.android.bluetooth expire 39 lines
09-01 00:08:50.727 I/chatty  ( 2910): uid=1002(bluetooth) com.android.bluetooth expire 4 lines
09-01 00:08:50.727 I/chatty  ( 2910): uid=1002(bluetooth) com.android.bluetooth expire 1 line
09-01 00:08:50.728 I/chatty  ( 2910): uid=1002(bluetooth) com.android.bluetooth expire 3 lines
09-01 00:08:50.733 D/BluetoothManagerService(  435): Bluetooth Adapter name changed to AOSP on navi_ref
09-01 00:08:50.733 D/BluetoothManagerService(  435): Stored Bluetooth name: AOSP on navi_ref
09-01 00:08:50.738 D/BluetoothManagerService(  435): BluetoothServiceConnection: com.android.bluetooth.btservice.AdapterService
09-01 00:08:50.738 D/BluetoothManagerService(  435): MESSAGE_BLUETOOTH_SERVICE_CONNECTED: 1
09-01 00:08:50.739 I/chatty  ( 2910): uid=1002(bluetooth) com.android.bluetooth expire 2 lines
09-01 00:08:50.740 D/BluetoothManagerService(  435): Broadcasting onBluetoothServiceUp() to 4 receivers.
09-01 00:08:50.740 D/BluetoothAdapter(  435): onBluetoothServiceUp: android.bluetooth.IBluetooth$Stub$Proxy@8c6b198
09-01 00:08:50.740 D/BluetoothAdapter(  635): onBluetoothServiceUp: android.bluetooth.IBluetooth$Stub$Proxy@9e649c
09-01 00:08:50.741 D/BluetoothAdapter(  547): onBluetoothServiceUp: android.bluetooth.IBluetooth$Stub$Proxy@55d76ab
09-01 00:08:50.741 I/chatty  ( 2910): uid=1002(bluetooth) com.android.bluetooth expire 1 line
09-01 00:08:50.742 D/BluetoothManagerService(  435): MESSAGE_BLUETOOTH_STATE_CHANGE: OFF > BLE_TURNING_ON
09-01 00:08:50.743 D/BluetoothManagerService(  435): Sending BLE State Change: OFF > BLE_TURNING_ON
09-01 00:08:50.745 I/chatty  ( 2910): uid=1002(bluetooth) com.android.bluetooth expire 1 line
09-01 00:08:50.761 I/chatty  ( 2910): uid=1002(bluetooth) com.android.bluetooth expire 7 lines
09-01 00:08:51.417 I/chatty  ( 2910): uid=1002(bluetooth) com.android.bluetooth expire 1 line
09-01 00:08:58.763 I/chatty  ( 2910): uid=1002(bluetooth) com.android.bluetooth expire 21 lines
09-01 00:08:58.765 I/chatty  ( 2910): uid=1002(bluetooth) com.android.bluetooth expire 2 lines
09-01 00:08:59.442 I/ActivityManager(  435): Process com.android.bluetooth (pid 2910) has died
09-01 00:08:59.442 D/ActivityManager(  435): cleanUpApplicationRecord -- 2910
09-01 00:08:59.443 W/ActivityManager(  435): Scheduling restart of crashed service com.android.bluetooth/.btservice.AdapterService in 1000ms
09-01 00:08:59.443 W/ActivityManager(  435): Scheduling restart of crashed service com.android.bluetooth/.gatt.GattService in 11000ms
09-01 00:08:59.444 D/BluetoothManagerService(  435): BluetoothServiceConnection, disconnected: com.android.bluetooth.btservice.AdapterService
09-01 00:08:59.444 E/BluetoothManagerService(  435): MESSAGE_BLUETOOTH_SERVICE_DISCONNECTED(1)
09-01 00:08:59.444 D/BluetoothManagerService(  435): Broadcasting onBluetoothServiceDown() to 3 receivers.
09-01 00:08:59.444 D/BluetoothAdapter(  435): onBluetoothServiceDown: android.bluetooth.IBluetooth$Stub$Proxy@8c6b198
09-01 00:08:59.445 D/BluetoothAdapter(  547): onBluetoothServiceDown: android.bluetooth.IBluetooth$Stub$Proxy@55d76ab
09-01 00:08:59.445 D/BluetoothAdapter(  635): onBluetoothServiceDown: android.bluetooth.IBluetooth$Stub$Proxy@9e649c
09-01 00:08:59.645 D/BluetoothManagerService(  435): MESSAGE_RESTART_BLUETOOTH_SERVICE
09-01 00:08:59.657 I/ActivityManager(  435): Start proc 2940:com.android.bluetooth/1002 for service com.android.bluetooth/.btservice.AdapterService
09-01 00:08:59.738 I/chatty  ( 2940): uid=1002(bluetooth) com.android.bluetooth expire 36 lines
09-01 00:08:59.779 I/chatty  ( 2940): uid=1002(bluetooth) com.android.bluetooth expire 12 lines
09-01 00:08:59.779 I/chatty  ( 2940): uid=1002(bluetooth) com.android.bluetooth expire 39 lines
09-01 00:08:59.781 I/chatty  ( 2940): uid=1002(bluetooth) com.android.bluetooth expire 2 lines
09-01 00:08:59.781 I/chatty  ( 2940): uid=1002(bluetooth) com.android.bluetooth expire 1 line
09-01 00:08:59.782 I/chatty  ( 2940): uid=1002(bluetooth) com.android.bluetooth expire 3 lines
09-01 00:08:59.786 D/BluetoothManagerService(  435): Bluetooth Adapter name changed to AOSP on navi_ref
09-01 00:08:59.787 D/BluetoothManagerService(  435): Stored Bluetooth name: AOSP on navi_ref
09-01 00:08:59.790 D/BluetoothManagerService(  435): BluetoothServiceConnection: com.android.bluetooth.btservice.AdapterService
09-01 00:08:59.790 D/BluetoothManagerService(  435): MESSAGE_BLUETOOTH_SERVICE_CONNECTED: 1
09-01 00:08:59.791 I/chatty  ( 2940): uid=1002(bluetooth) com.android.bluetooth expire 2 lines
09-01 00:08:59.793 D/BluetoothManagerService(  435): Broadcasting onBluetoothServiceUp() to 4 receivers.
09-01 00:08:59.793 D/BluetoothAdapter(  435): onBluetoothServiceUp: android.bluetooth.IBluetooth$Stub$Proxy@5b8afe5
09-01 00:08:59.793 D/BluetoothAdapter(  547): onBluetoothServiceUp: android.bluetooth.IBluetooth$Stub$Proxy@635d108
09-01 00:08:59.794 D/BluetoothAdapter(  635): onBluetoothServiceUp: android.bluetooth.IBluetooth$Stub$Proxy@2c08ea5
09-01 00:08:59.794 I/chatty  ( 2940): uid=1002(bluetooth) com.android.bluetooth expire 1 line
09-01 00:08:59.795 D/BluetoothManagerService(  435): MESSAGE_BLUETOOTH_STATE_CHANGE: OFF > BLE_TURNING_ON
09-01 00:08:59.795 D/BluetoothManagerService(  435): Sending BLE State Change: OFF > BLE_TURNING_ON
09-01 00:08:59.797 I/chatty  ( 2940): uid=1002(bluetooth) com.android.bluetooth expire 1 line
09-01 00:08:59.814 I/chatty  ( 2940): uid=1002(bluetooth) com.android.bluetooth expire 7 lines
09-01 00:09:00.470 I/chatty  ( 2940): uid=1002(bluetooth) com.android.bluetooth expire 1 line
09-01 00:09:07.816 I/chatty  ( 2940): uid=1002(bluetooth) com.android.bluetooth expire 21 lines
09-01 00:09:07.818 I/chatty  ( 2940): uid=1002(bluetooth) com.android.bluetooth expire 2 lines
09-01 00:09:08.471 I/chatty  ( 2940): uid=1002(bluetooth) com.android.bluetooth expire 2 lines
09-01 00:09:08.494 I/ActivityManager(  435): Process com.android.bluetooth (pid 2940) has died
09-01 00:09:08.495 D/ActivityManager(  435): cleanUpApplicationRecord -- 2940
09-01 00:09:08.495 W/ActivityManager(  435): Scheduling restart of crashed service com.android.bluetooth/.btservice.AdapterService in 1000ms
09-01 00:09:08.495 W/ActivityManager(  435): Scheduling restart of crashed service com.android.bluetooth/.gatt.GattService in 11000ms
09-01 00:09:08.496 D/BluetoothManagerService(  435): BluetoothServiceConnection, disconnected: com.android.bluetooth.btservice.AdapterService
09-01 00:09:08.497 E/BluetoothManagerService(  435): MESSAGE_BLUETOOTH_SERVICE_DISCONNECTED(1)
09-01 00:09:08.497 D/BluetoothManagerService(  435): Broadcasting onBluetoothServiceDown() to 3 receivers.
09-01 00:09:08.497 D/BluetoothAdapter(  435): onBluetoothServiceDown: android.bluetooth.IBluetooth$Stub$Proxy@5b8afe5
09-01 00:09:08.497 D/BluetoothAdapter(  547): onBluetoothServiceDown: android.bluetooth.IBluetooth$Stub$Proxy@635d108
09-01 00:09:08.497 D/BluetoothAdapter(  635): onBluetoothServiceDown: android.bluetooth.IBluetooth$Stub$Proxy@2c08ea5
09-01 00:09:08.696 D/BluetoothManagerService(  435): MESSAGE_RESTART_BLUETOOTH_SERVICE
09-01 00:09:08.709 I/ActivityManager(  435): Start proc 2970:com.android.bluetooth/1002 for service com.android.bluetooth/.btservice.AdapterService
09-01 00:09:08.792 I/chatty  ( 2970): uid=1002(bluetooth) com.android.bluetooth expire 36 lines
09-01 00:09:08.834 I/chatty  ( 2970): uid=1002(bluetooth) com.android.bluetooth expire 12 lines
09-01 00:09:08.834 I/chatty  ( 2970): uid=1002(bluetooth) com.android.bluetooth expire 39 lines
09-01 00:09:08.836 I/chatty  ( 2970): uid=1002(bluetooth) com.android.bluetooth expire 4 lines
09-01 00:09:08.837 I/chatty  ( 2970): uid=1002(bluetooth) com.android.bluetooth expire 1 line
09-01 00:09:08.838 I/chatty  ( 2970): uid=1002(bluetooth) com.android.bluetooth expire 3 lines
09-01 00:09:08.842 D/BluetoothManagerService(  435): Bluetooth Adapter name changed to AOSP on navi_ref
09-01 00:09:08.842 D/BluetoothManagerService(  435): Stored Bluetooth name: AOSP on navi_ref
09-01 00:09:08.846 D/BluetoothManagerService(  435): BluetoothServiceConnection: com.android.bluetooth.btservice.AdapterService
09-01 00:09:08.847 D/BluetoothManagerService(  435): MESSAGE_BLUETOOTH_SERVICE_CONNECTED: 1
09-01 00:09:08.847 I/chatty  ( 2970): uid=1002(bluetooth) com.android.bluetooth expire 2 lines
09-01 00:09:08.849 D/BluetoothManagerService(  435): Broadcasting onBluetoothServiceUp() to 4 receivers.
09-01 00:09:08.849 D/BluetoothAdapter(  435): onBluetoothServiceUp: android.bluetooth.IBluetooth$Stub$Proxy@bbf825e
09-01 00:09:08.849 D/BluetoothAdapter(  547): onBluetoothServiceUp: android.bluetooth.IBluetooth$Stub$Proxy@ecaa0a1
09-01 00:09:08.850 D/BluetoothAdapter(  635): onBluetoothServiceUp: android.bluetooth.IBluetooth$Stub$Proxy@11327a
09-01 00:09:08.850 I/chatty  ( 2970): uid=1002(bluetooth) com.android.bluetooth expire 1 line
09-01 00:09:08.851 D/BluetoothManagerService(  435): MESSAGE_BLUETOOTH_STATE_CHANGE: OFF > BLE_TURNING_ON
09-01 00:09:08.851 D/BluetoothManagerService(  435): Sending BLE State Change: OFF > BLE_TURNING_ON
09-01 00:09:08.853 I/chatty  ( 2970): uid=1002(bluetooth) com.android.bluetooth expire 1 line
09-01 00:09:08.869 I/chatty  ( 2970): uid=1002(bluetooth) com.android.bluetooth expire 7 lines
09-01 00:09:09.526 I/chatty  ( 2970): uid=1002(bluetooth) com.android.bluetooth expire 1 line
09-01 00:09:16.872 I/chatty  ( 2970): uid=1002(bluetooth) com.android.bluetooth expire 21 lines
09-01 00:09:16.874 I/chatty  ( 2970): uid=1002(bluetooth) com.android.bluetooth expire 2 lines
09-01 00:09:17.551 D/BluetoothManagerService(  435): BluetoothServiceConnection, disconnected: com.android.bluetooth.btservice.AdapterService
09-01 00:09:17.551 E/BluetoothManagerService(  435): MESSAGE_BLUETOOTH_SERVICE_DISCONNECTED(1)
09-01 00:09:17.551 I/ActivityManager(  435): Process com.android.bluetooth (pid 2970) has died
09-01 00:09:17.552 D/BluetoothManagerService(  435): Broadcasting onBluetoothServiceDown() to 3 receivers.
09-01 00:09:17.552 D/ActivityManager(  435): cleanUpApplicationRecord -- 2970
09-01 00:09:17.552 W/ActivityManager(  435): Scheduling restart of crashed service com.android.bluetooth/.gatt.GattService in 1000ms
09-01 00:09:17.552 D/BluetoothAdapter(  435): onBluetoothServiceDown: android.bluetooth.IBluetooth$Stub$Proxy@bbf825e
09-01 00:09:17.552 D/BluetoothAdapter(  547): onBluetoothServiceDown: android.bluetooth.IBluetooth$Stub$Proxy@ecaa0a1
09-01 00:09:17.552 W/ActivityManager(  435): Scheduling restart of crashed service com.android.bluetooth/.btservice.AdapterService in 1000ms
09-01 00:09:17.554 D/BluetoothAdapter(  635): onBluetoothServiceDown: android.bluetooth.IBluetooth$Stub$Proxy@11327a
09-01 00:09:17.752 D/BluetoothManagerService(  435): MESSAGE_RESTART_BLUETOOTH_SERVICE
