09-01 01:18:10.141 16932 16954 I chatty  : uid=1002(bluetooth) com.android.bluetooth expire 3 lines
09-01 01:18:10.144   442   442 D BluetoothManagerService: Bluetooth Adapter name changed to AOSP on navi_ref
09-01 01:18:10.145   442   442 D BluetoothManagerService: Stored Bluetooth name: AOSP on navi_ref
09-01 01:18:10.149   442   442 D BluetoothManagerService: BluetoothServiceConnection: com.android.bluetooth.btservice.AdapterService
09-01 01:18:10.149   442   462 D BluetoothManagerService: MESSAGE_BLUETOOTH_SERVICE_CONNECTED: 1
09-01 01:18:10.150 16932 16946 I chatty  : uid=1002(bluetooth) com.android.bluetooth expire 2 lines
09-01 01:18:10.152   442   462 D BluetoothManagerService: Broadcasting onBluetoothServiceUp() to 5 receivers.
09-01 01:18:10.152   670 12016 D BluetoothAdapter: onBluetoothServiceUp: android.bluetooth.IBluetooth$Stub$Proxy@86f05c2
09-01 01:18:10.152   442   462 D BluetoothAdapter: onBluetoothServiceUp: android.bluetooth.IBluetooth$Stub$Proxy@a4df3aa
09-01 01:18:10.153   567   590 D BluetoothAdapter: onBluetoothServiceUp: android.bluetooth.IBluetooth$Stub$Proxy@1405325
09-01 01:18:10.153   653   666 D BluetoothAdapter: onBluetoothServiceUp: android.bluetooth.IBluetooth$Stub$Proxy@17b24d6
09-01 01:18:10.153 16932 16945 I chatty  : uid=1002(bluetooth) com.android.bluetooth expire 1 line
09-01 01:18:10.154   442   462 D BluetoothManagerService: MESSAGE_BLUETOOTH_STATE_CHANGE: OFF > BLE_TURNING_ON
09-01 01:18:10.154   442   462 D BluetoothManagerService: Sending BLE State Change: OFF > BLE_TURNING_ON
09-01 01:18:10.165 16932 16955 I chatty  : uid=1002(bluetooth) com.android.bluetooth expire 1 line
09-01 01:18:10.182 16932 16958 I chatty  : uid=1002(bluetooth) com.android.bluetooth expire 7 lines
09-01 01:18:10.839 16932 16959 I chatty  : uid=1002(bluetooth) com.android.bluetooth expire 1 line
09-01 01:18:18.184 16932 16984 I chatty  : uid=1002(bluetooth) com.android.bluetooth expire 21 lines
09-01 01:18:18.188 16932 16985 I chatty  : uid=1002(bluetooth) com.android.bluetooth expire 2 lines
09-01 01:18:18.890   442  1163 I ActivityManager: Process com.android.bluetooth (pid 16932) has died
09-01 01:18:18.890   442  1163 D ActivityManager: cleanUpApplicationRecord -- 16932
09-01 01:18:18.890   442   442 D BluetoothManagerService: BluetoothServiceConnection, disconnected: com.android.bluetooth.btservice.AdapterService
09-01 01:18:18.890   442  1163 W ActivityManager: Scheduling restart of crashed service com.android.bluetooth/.gatt.GattService in 1000ms
09-01 01:18:18.891   442  1163 W ActivityManager: Scheduling restart of crashed service com.android.bluetooth/.btservice.AdapterService in 1000ms
09-01 01:18:18.891   442   462 E BluetoothManagerService: MESSAGE_BLUETOOTH_SERVICE_DISCONNECTED(1)
09-01 01:18:18.891   442   462 D BluetoothManagerService: Broadcasting onBluetoothServiceDown() to 4 receivers.
09-01 01:18:18.891   442   462 D BluetoothAdapter: onBluetoothServiceDown: android.bluetooth.IBluetooth$Stub$Proxy@a4df3aa
09-01 01:18:18.891   670 12016 D BluetoothAdapter: onBluetoothServiceDown: android.bluetooth.IBluetooth$Stub$Proxy@86f05c2
09-01 01:18:18.892   653   666 D BluetoothAdapter: onBluetoothServiceDown: android.bluetooth.IBluetooth$Stub$Proxy@17b24d6
09-01 01:18:18.893   567   590 D BluetoothAdapter: onBluetoothServiceDown: android.bluetooth.IBluetooth$Stub$Proxy@1405325
09-01 01:18:19.091   442   462 D BluetoothManagerService: MESSAGE_RESTART_BLUETOOTH_SERVICE
09-01 01:18:19.122   442   462 I ActivityManager: Start proc 16989:com.android.bluetooth/1002 for service com.android.bluetooth/.btservice.AdapterService
09-01 01:18:19.214 16989 16989 I chatty  : uid=1002(bluetooth) com.android.bluetooth expire 18 lines
09-01 01:18:19.259 16989 17005 I chatty  : uid=1002(bluetooth) com.android.bluetooth expire 1 line
09-01 01:18:19.260 16989 17006 I chatty  : uid=1002(bluetooth) com.android.bluetooth expire 20 lines
09-01 01:18:19.262 16989 17009 I chatty  : uid=1002(bluetooth) com.android.bluetooth expire 1 line
09-01 01:18:19.262 16989 17010 I chatty  : uid=1002(bluetooth) com.android.bluetooth expire 1 line
09-01 01:18:19.263 16989 17011 I chatty  : uid=1002(bluetooth) com.android.bluetooth expire 3 lines
09-01 01:18:19.267   442   442 D BluetoothManagerService: Bluetooth Adapter name changed to AOSP on navi_ref
09-01 01:18:19.267   442   442 D BluetoothManagerService: Stored Bluetooth name: AOSP on navi_ref
09-01 01:18:19.271   442   442 D BluetoothManagerService: BluetoothServiceConnection: com.android.bluetooth.btservice.AdapterService
09-01 01:18:19.272   442   462 D BluetoothManagerService: MESSAGE_BLUETOOTH_SERVICE_CONNECTED: 1
09-01 01:18:19.274 16989 17003 I chatty  : uid=1002(bluetooth) com.android.bluetooth expire 3 lines
09-01 01:18:19.276   442   462 D BluetoothManagerService: Broadcasting onBluetoothServiceUp() to 5 receivers.
09-01 01:18:19.277   442   462 D BluetoothAdapter: onBluetoothServiceUp: android.bluetooth.IBluetooth$Stub$Proxy@b6aaa7c
09-01 01:18:19.277   670 12016 D BluetoothAdapter: onBluetoothServiceUp: android.bluetooth.IBluetooth$Stub$Proxy@112bfd3
09-01 01:18:19.277   653   666 D BluetoothAdapter: onBluetoothServiceUp: android.bluetooth.IBluetooth$Stub$Proxy@a2c1357
09-01 01:18:19.278   567   590 D BluetoothAdapter: onBluetoothServiceUp: android.bluetooth.IBluetooth$Stub$Proxy@556dcfa
09-01 01:18:19.278 16989 17005 I chatty  : uid=1002(bluetooth) com.android.bluetooth expire 11 lines
09-01 01:18:19.279   442   462 D BluetoothManagerService: MESSAGE_BLUETOOTH_STATE_CHANGE: OFF > BLE_TURNING_ON
09-01 01:18:19.279   442   462 D BluetoothManagerService: Sending BLE State Change: OFF > BLE_TURNING_ON
09-01 01:18:19.283 16989 17012 I chatty  : uid=1002(bluetooth) com.android.bluetooth expire 1 line
09-01 01:18:19.291 16989 16989 I chatty  : uid=1002(bluetooth) com.android.bluetooth expire 18 lines
09-01 01:18:19.302 16989 17006 I chatty  : uid=1002(bluetooth) com.android.bluetooth expire 19 lines
09-01 01:18:19.303 16989 17015 I chatty  : uid=1002(bluetooth) com.android.bluetooth expire 7 lines
09-01 01:18:19.966 16989 17016 I chatty  : uid=1002(bluetooth) com.android.bluetooth expire 1 line
09-01 01:18:27.307 16989 17009 I chatty  : uid=1002(bluetooth) com.android.bluetooth expire 3 lines
09-01 01:18:27.309 16989 17017 I chatty  : uid=1002(bluetooth) com.android.bluetooth expire 21 lines
09-01 01:18:27.313 16989 17018 I chatty  : uid=1002(bluetooth) com.android.bluetooth expire 2 lines
09-01 01:18:57.997   442  1163 I ActivityManager: Process com.android.bluetooth (pid 16989) has died
09-01 01:18:57.997   442  1163 D ActivityManager: cleanUpApplicationRecord -- 16989
09-01 01:18:57.997   442   442 D BluetoothManagerService: BluetoothServiceConnection, disconnected: com.android.bluetooth.btservice.AdapterService
09-01 01:18:57.998   442  1163 W ActivityManager: Scheduling restart of crashed service com.android.bluetooth/.gatt.GattService in 1000ms
09-01 01:18:57.998   442   462 E BluetoothManagerService: MESSAGE_BLUETOOTH_SERVICE_DISCONNECTED(1)
09-01 01:18:57.998   442   462 D BluetoothManagerService: Broadcasting onBluetoothServiceDown() to 4 receivers.
09-01 01:18:57.998   442  1163 W ActivityManager: Scheduling restart of crashed service com.android.bluetooth/.btservice.AdapterService in 1000ms
09-01 01:18:57.999   442   462 D BluetoothAdapter: onBluetoothServiceDown: android.bluetooth.IBluetooth$Stub$Proxy@b6aaa7c
09-01 01:18:58.000   653   666 D BluetoothAdapter: onBluetoothServiceDown: android.bluetooth.IBluetooth$Stub$Proxy@a2c1357
09-01 01:18:58.000   670 12016 D BluetoothAdapter: onBluetoothServiceDown: android.bluetooth.IBluetooth$Stub$Proxy@112bfd3
09-01 01:18:58.000   567   590 D BluetoothAdapter: onBluetoothServiceDown: android.bluetooth.IBluetooth$Stub$Proxy@556dcfa
09-01 01:18:58.199   442   462 D BluetoothManagerService: MESSAGE_RESTART_BLUETOOTH_SERVICE
09-01 01:18:58.232   442   462 I ActivityManager: Start proc 17019:com.android.bluetooth/1002 for service com.android.bluetooth/.btservice.AdapterService
09-01 01:18:58.324 17019 17019 I chatty  : uid=1002(bluetooth) com.android.bluetooth expire 36 lines
09-01 01:18:58.369 17019 17035 I chatty  : uid=1002(bluetooth) com.android.bluetooth expire 12 lines
09-01 01:18:58.370 17019 17036 I chatty  : uid=1002(bluetooth) com.android.bluetooth expire 39 lines
09-01 01:18:58.371 17019 17039 I chatty  : uid=1002(bluetooth) com.android.bluetooth expire 4 lines
09-01 01:18:58.372 17019 17040 I chatty  : uid=1002(bluetooth) com.android.bluetooth expire 1 line
09-01 01:18:58.373 17019 17041 I chatty  : uid=1002(bluetooth) com.android.bluetooth expire 3 lines
09-01 01:18:58.377   442   442 D BluetoothManagerService: Bluetooth Adapter name changed to AOSP on navi_ref
09-01 01:18:58.377   442   442 D BluetoothManagerService: Stored Bluetooth name: AOSP on navi_ref
09-01 01:18:58.382   442   442 D BluetoothManagerService: BluetoothServiceConnection: com.android.bluetooth.btservice.AdapterService
09-01 01:18:58.382   442   462 D BluetoothManagerService: MESSAGE_BLUETOOTH_SERVICE_CONNECTED: 1
09-01 01:18:58.383 17019 17032 I chatty  : uid=1002(bluetooth) com.android.bluetooth expire 2 lines
09-01 01:18:58.385   442   462 D BluetoothManagerService: Broadcasting onBluetoothServiceUp() to 5 receivers.
09-01 01:18:58.385   442   462 D BluetoothAdapter: onBluetoothServiceUp: android.bluetooth.IBluetooth$Stub$Proxy@2397c57
09-01 01:18:58.385   670 12016 D BluetoothAdapter: onBluetoothServiceUp: android.bluetooth.IBluetooth$Stub$Proxy@ba02710
09-01 01:18:58.386   653   666 D BluetoothAdapter: onBluetoothServiceUp: android.bluetooth.IBluetooth$Stub$Proxy@ef2ee44
09-01 01:18:58.386   567   590 D BluetoothAdapter: onBluetoothServiceUp: android.bluetooth.IBluetooth$Stub$Proxy@ac72ab
09-01 01:18:58.386 17019 17033 I chatty  : uid=1002(bluetooth) com.android.bluetooth expire 1 line
09-01 01:18:58.389   442   462 D BluetoothManagerService: MESSAGE_BLUETOOTH_STATE_CHANGE: OFF > BLE_TURNING_ON
09-01 01:18:58.389   442   462 D BluetoothManagerService: Sending BLE State Change: OFF > BLE_TURNING_ON
09-01 01:18:58.397 17019 17042 I chatty  : uid=1002(bluetooth) com.android.bluetooth expire 1 line
09-01 01:18:58.413 17019 17045 I chatty  : uid=1002(bluetooth) com.android.bluetooth expire 7 lines
09-01 01:18:59.073 17019 17046 I chatty  : uid=1002(bluetooth) com.android.bluetooth expire 1 line
09-01 01:19:06.420 17019 17047 I chatty  : uid=1002(bluetooth) com.android.bluetooth expire 21 lines
09-01 01:19:06.429 17019 17048 I chatty  : uid=1002(bluetooth) com.android.bluetooth expire 2 lines
09-01 01:19:07.118   442  1163 I ActivityManager: Process com.android.bluetooth (pid 17019) has died
09-01 01:19:07.118   442  1163 D ActivityManager: cleanUpApplicationRecord -- 17019
09-01 01:19:07.119   442  1163 W ActivityManager: Scheduling restart of crashed service com.android.bluetooth/.gatt.GattService in 1000ms
09-01 01:19:07.119   442  1163 W ActivityManager: Scheduling restart of crashed service com.android.bluetooth/.btservice.AdapterService in 1000ms
09-01 01:19:07.120   442   442 D BluetoothManagerService: BluetoothServiceConnection, disconnected: com.android.bluetooth.btservice.AdapterService
09-01 01:19:07.122   442   462 E BluetoothManagerService: MESSAGE_BLUETOOTH_SERVICE_DISCONNECTED(1)
09-01 01:19:07.122   442   462 D BluetoothManagerService: Broadcasting onBluetoothServiceDown() to 4 receivers.
09-01 01:19:07.122   442   462 D BluetoothAdapter: onBluetoothServiceDown: android.bluetooth.IBluetooth$Stub$Proxy@2397c57
09-01 01:19:07.122   670 12016 D BluetoothAdapter: onBluetoothServiceDown: android.bluetooth.IBluetooth$Stub$Proxy@ba02710
09-01 01:19:07.122   653   666 D BluetoothAdapter: onBluetoothServiceDown: android.bluetooth.IBluetooth$Stub$Proxy@ef2ee44
09-01 01:19:07.123   567   590 D BluetoothAdapter: onBluetoothServiceDown: android.bluetooth.IBluetooth$Stub$Proxy@ac72ab
09-01 01:19:07.323   442   462 D BluetoothManagerService: MESSAGE_RESTART_BLUETOOTH_SERVICE
09-01 01:19:07.353   442   462 I ActivityManager: Start proc 17049:com.android.bluetooth/1002 for service com.android.bluetooth/.btservice.AdapterService
09-01 01:19:07.449 17049 17049 I chatty  : uid=1002(bluetooth) com.android.bluetooth expire 16 lines
09-01 01:19:07.491 17049 17065 I chatty  : uid=1002(bluetooth) com.android.bluetooth expire 1 line
09-01 01:19:07.492 17049 17066 I chatty  : uid=1002(bluetooth) com.android.bluetooth expire 20 lines
09-01 01:19:07.496 17049 17069 I chatty  : uid=1002(bluetooth) com.android.bluetooth expire 1 line
09-01 01:19:07.497 17049 17070 I chatty  : uid=1002(bluetooth) com.android.bluetooth expire 1 line
09-01 01:19:07.499 17049 17071 I chatty  : uid=1002(bluetooth) com.android.bluetooth expire 3 lines
09-01 01:19:07.503   442   442 D BluetoothManagerService: Bluetooth Adapter name changed to AOSP on navi_ref
09-01 01:19:07.504   442   442 D BluetoothManagerService: Stored Bluetooth name: AOSP on navi_ref
09-01 01:19:07.507 17049 17049 I chatty  : uid=1002(bluetooth) com.android.bluetooth expire 20 lines
09-01 01:19:07.508   442   442 D BluetoothManagerService: BluetoothServiceConnection: com.android.bluetooth.btservice.AdapterService
09-01 01:19:07.509   442   462 D BluetoothManagerService: MESSAGE_BLUETOOTH_SERVICE_CONNECTED: 1
09-01 01:19:07.512 17049 17063 I chatty  : uid=1002(bluetooth) com.android.bluetooth expire 2 lines
09-01 01:19:07.514   442   462 D BluetoothManagerService: Broadcasting onBluetoothServiceUp() to 5 receivers.
09-01 01:19:07.514   442   462 D BluetoothAdapter: onBluetoothServiceUp: android.bluetooth.IBluetooth$Stub$Proxy@6bac4c8
09-01 01:19:07.514   670 12016 D BluetoothAdapter: onBluetoothServiceUp: android.bluetooth.IBluetooth$Stub$Proxy@577b209
09-01 01:19:07.515   653   666 D BluetoothAdapter: onBluetoothServiceUp: android.bluetooth.IBluetooth$Stub$Proxy@ea05b2d
09-01 01:19:07.515   567   590 D BluetoothAdapter: onBluetoothServiceUp: android.bluetooth.IBluetooth$Stub$Proxy@f9f1d08
09-01 01:19:07.516 17049 17062 I chatty  : uid=1002(bluetooth) com.android.bluetooth expire 1 line
09-01 01:19:07.516 17049 17065 I chatty  : uid=1002(bluetooth) com.android.bluetooth expire 11 lines
09-01 01:19:07.517   442   462 D BluetoothManagerService: MESSAGE_BLUETOOTH_STATE_CHANGE: OFF > BLE_TURNING_ON
09-01 01:19:07.517   442   462 D BluetoothManagerService: Sending BLE State Change: OFF > BLE_TURNING_ON
09-01 01:19:07.526 17049 17072 I chatty  : uid=1002(bluetooth) com.android.bluetooth expire 1 line
09-01 01:19:07.541 17049 17066 I chatty  : uid=1002(bluetooth) com.android.bluetooth expire 19 lines
09-01 01:19:07.542 17049 17075 I chatty  : uid=1002(bluetooth) com.android.bluetooth expire 7 lines
09-01 01:19:08.202 17049 17076 I chatty  : uid=1002(bluetooth) com.android.bluetooth expire 1 line
09-01 01:19:15.546 17049 17069 I chatty  : uid=1002(bluetooth) com.android.bluetooth expire 3 lines
09-01 01:19:15.548 17049 17077 I chatty  : uid=1002(bluetooth) com.android.bluetooth expire 21 lines
09-01 01:19:15.553 17049 17078 I chatty  : uid=1002(bluetooth) com.android.bluetooth expire 2 lines
09-01 01:19:16.230   442   454 I ActivityManager: Process com.android.bluetooth (pid 17049) has died
09-01 01:19:16.230   442   442 D BluetoothManagerService: BluetoothServiceConnection, disconnected: com.android.bluetooth.btservice.AdapterService
09-01 01:19:16.230   442   454 D ActivityManager: cleanUpApplicationRecord -- 17049
09-01 01:19:16.230   442   462 E BluetoothManagerService: MESSAGE_BLUETOOTH_SERVICE_DISCONNECTED(1)
09-01 01:19:16.230   442   462 D BluetoothManagerService: Broadcasting onBluetoothServiceDown() to 4 receivers.
09-01 01:19:16.230   442   454 W ActivityManager: Scheduling restart of crashed service com.android.bluetooth/.btservice.AdapterService in 1000ms
09-01 01:19:16.230   442   454 W ActivityManager: Scheduling restart of crashed service com.android.bluetooth/.gatt.GattService in 11000ms
09-01 01:19:16.230   442   462 D BluetoothAdapter: onBluetoothServiceDown: android.bluetooth.IBluetooth$Stub$Proxy@6bac4c8
09-01 01:19:16.230   670 12016 D BluetoothAdapter: onBluetoothServiceDown: android.bluetooth.IBluetooth$Stub$Proxy@577b209
09-01 01:19:16.231   653   666 D BluetoothAdapter: onBluetoothServiceDown: android.bluetooth.IBluetooth$Stub$Proxy@ea05b2d
09-01 01:19:16.231   567   590 D BluetoothAdapter: onBluetoothServiceDown: android.bluetooth.IBluetooth$Stub$Proxy@f9f1d08
09-01 01:19:16.431   442   462 D BluetoothManagerService: MESSAGE_RESTART_BLUETOOTH_SERVICE
09-01 01:19:16.462   442   462 I ActivityManager: Start proc 17079:com.android.bluetooth/1002 for service com.android.bluetooth/.btservice.AdapterService
09-01 01:19:16.553 17079 17079 I chatty  : uid=1002(bluetooth) com.android.bluetooth expire 36 lines
09-01 01:19:16.598 17079 17095 I chatty  : uid=1002(bluetooth) com.android.bluetooth expire 12 lines
09-01 01:19:16.599 17079 17096 I chatty  : uid=1002(bluetooth) com.android.bluetooth expire 39 lines
09-01 01:19:16.600 17079 17099 I chatty  : uid=1002(bluetooth) com.android.bluetooth expire 4 lines
09-01 01:19:16.601 17079 17100 I chatty  : uid=1002(bluetooth) com.android.bluetooth expire 1 line
09-01 01:19:16.602 17079 17101 I chatty  : uid=1002(bluetooth) com.android.bluetooth expire 3 lines
09-01 01:19:16.607   442   442 D BluetoothManagerService: Bluetooth Adapter name changed to AOSP on navi_ref
09-01 01:19:16.607   442   442 D BluetoothManagerService: Stored Bluetooth name: AOSP on navi_ref
09-01 01:19:16.611   442   442 D BluetoothManagerService: BluetoothServiceConnection: com.android.bluetooth.btservice.AdapterService
09-01 01:19:16.614   442   462 D BluetoothManagerService: MESSAGE_BLUETOOTH_SERVICE_CONNECTED: 1
09-01 01:19:16.614 17079 17093 I chatty  : uid=1002(bluetooth) com.android.bluetooth expire 2 lines
09-01 01:19:16.616   442   462 D BluetoothManagerService: Broadcasting onBluetoothServiceUp() to 5 receivers.
09-01 01:19:16.616   670 12016 D BluetoothAdapter: onBluetoothServiceUp: android.bluetooth.IBluetooth$Stub$Proxy@82bbc0e
09-01 01:19:16.616   442   462 D BluetoothAdapter: onBluetoothServiceUp: android.bluetooth.IBluetooth$Stub$Proxy@3f8a055
09-01 01:19:16.617   653   666 D BluetoothAdapter: onBluetoothServiceUp: android.bluetooth.IBluetooth$Stub$Proxy@7dcb862
09-01 01:19:16.617   567   590 D BluetoothAdapter: onBluetoothServiceUp: android.bluetooth.IBluetooth$Stub$Proxy@dc7fca1
09-01 01:19:16.618 17079 17091 I chatty  : uid=1002(bluetooth) com.android.bluetooth expire 1 line
09-01 01:19:16.619   442   462 D BluetoothManagerService: MESSAGE_BLUETOOTH_STATE_CHANGE: OFF > BLE_TURNING_ON
09-01 01:19:16.619   442   462 D BluetoothManagerService: Sending BLE State Change: OFF > BLE_TURNING_ON
09-01 01:19:16.622 17079 17102 I chatty  : uid=1002(bluetooth) com.android.bluetooth expire 1 line
09-01 01:19:16.646 17079 17105 I chatty  : uid=1002(bluetooth) com.android.bluetooth expire 7 lines
09-01 01:19:17.305 17079 17106 I chatty  : uid=1002(bluetooth) com.android.bluetooth expire 1 line
09-01 01:19:24.652 17079 17107 I chatty  : uid=1002(bluetooth) com.android.bluetooth expire 21 lines
09-01 01:19:24.660 17079 17108 I chatty  : uid=1002(bluetooth) com.android.bluetooth expire 2 lines
09-01 01:19:25.356   442  1163 I ActivityManager: Process com.android.bluetooth (pid 17079) has died
09-01 01:19:25.357   442  1163 D ActivityManager: cleanUpApplicationRecord -- 17079
09-01 01:19:25.357   442  1163 W ActivityManager: Scheduling restart of crashed service com.android.bluetooth/.gatt.GattService in 1000ms
09-01 01:19:25.357   442  1163 W ActivityManager: Scheduling restart of crashed service com.android.bluetooth/.btservice.AdapterService in 1000ms
09-01 01:19:25.357   442   442 D BluetoothManagerService: BluetoothServiceConnection, disconnected: com.android.bluetooth.btservice.AdapterService
09-01 01:19:25.358   442   462 E BluetoothManagerService: MESSAGE_BLUETOOTH_SERVICE_DISCONNECTED(1)
09-01 01:19:25.358   442   462 D BluetoothManagerService: Broadcasting onBluetoothServiceDown() to 4 receivers.
09-01 01:19:25.358   442   462 D BluetoothAdapter: onBluetoothServiceDown: android.bluetooth.IBluetooth$Stub$Proxy@3f8a055
09-01 01:19:25.358   670 12016 D BluetoothAdapter: onBluetoothServiceDown: android.bluetooth.IBluetooth$Stub$Proxy@82bbc0e
09-01 01:19:25.361   567   590 D BluetoothAdapter: onBluetoothServiceDown: android.bluetooth.IBluetooth$Stub$Proxy@dc7fca1
09-01 01:19:25.361   653   666 D BluetoothAdapter: onBluetoothServiceDown: android.bluetooth.IBluetooth$Stub$Proxy@7dcb862
09-01 01:19:25.558   442   462 D BluetoothManagerService: MESSAGE_RESTART_BLUETOOTH_SERVICE
09-01 01:19:25.592   442   462 I ActivityManager: Start proc 17109:com.android.bluetooth/1002 for service com.android.bluetooth/.btservice.AdapterService
09-01 01:19:25.682 17109 17109 I chatty  : uid=1002(bluetooth) com.android.bluetooth expire 13 lines
09-01 01:19:25.723 17109 17125 I chatty  : uid=1002(bluetooth) com.android.bluetooth expire 1 line
09-01 01:19:25.725 17109 17126 I chatty  : uid=1002(bluetooth) com.android.bluetooth expire 20 lines
09-01 01:19:25.728 17109 17129 I chatty  : uid=1002(bluetooth) com.android.bluetooth expire 1 line
09-01 01:19:25.728 17109 17130 I chatty  : uid=1002(bluetooth) com.android.bluetooth expire 1 line
09-01 01:19:25.730 17109 17131 I chatty  : uid=1002(bluetooth) com.android.bluetooth expire 3 lines
09-01 01:19:25.730 17109 17109 I chatty  : uid=1002(bluetooth) com.android.bluetooth expire 23 lines
09-01 01:19:25.734   442   442 D BluetoothManagerService: Bluetooth Adapter name changed to AOSP on navi_ref
09-01 01:19:25.734   442   442 D BluetoothManagerService: Stored Bluetooth name: AOSP on navi_ref
09-01 01:19:25.738   442   442 D BluetoothManagerService: BluetoothServiceConnection: com.android.bluetooth.btservice.AdapterService
09-01 01:19:25.738   442   462 D BluetoothManagerService: MESSAGE_BLUETOOTH_SERVICE_CONNECTED: 1
09-01 01:19:25.739 17109 17123 I chatty  : uid=1002(bluetooth) com.android.bluetooth expire 2 lines
09-01 01:19:25.740   442   462 D BluetoothManagerService: Broadcasting onBluetoothServiceUp() to 5 receivers.
09-01 01:19:25.741   442   462 D BluetoothAdapter: onBluetoothServiceUp: android.bluetooth.IBluetooth$Stub$Proxy@c90f12f
09-01 01:19:25.741   670 12016 D BluetoothAdapter: onBluetoothServiceUp: android.bluetooth.IBluetooth$Stub$Proxy@ebf862f
09-01 01:19:25.741   653   666 D BluetoothAdapter: onBluetoothServiceUp: android.bluetooth.IBluetooth$Stub$Proxy@6f48df3
09-01 01:19:25.742   567   590 D BluetoothAdapter: onBluetoothServiceUp: android.bluetooth.IBluetooth$Stub$Proxy@2a5cec6
09-01 01:19:25.742 17109 17122 I chatty  : uid=1002(bluetooth) com.android.bluetooth expire 1 line
09-01 01:19:25.742 17109 17125 I chatty  : uid=1002(bluetooth) com.android.bluetooth expire 11 lines
09-01 01:19:25.743   442   462 D BluetoothManagerService: MESSAGE_BLUETOOTH_STATE_CHANGE: OFF > BLE_TURNING_ON
09-01 01:19:25.743   442   462 D BluetoothManagerService: Sending BLE State Change: OFF > BLE_TURNING_ON
09-01 01:19:25.747 17109 17132 I chatty  : uid=1002(bluetooth) com.android.bluetooth expire 1 line
09-01 01:19:25.770 17109 17126 I chatty  : uid=1002(bluetooth) com.android.bluetooth expire 19 lines
09-01 01:19:25.771 17109 17135 I chatty  : uid=1002(bluetooth) com.android.bluetooth expire 7 lines
09-01 01:19:26.433 17109 17136 I chatty  : uid=1002(bluetooth) com.android.bluetooth expire 1 line
09-01 01:19:33.775 17109 17129 I chatty  : uid=1002(bluetooth) com.android.bluetooth expire 3 lines
09-01 01:19:33.777 17109 17137 I chatty  : uid=1002(bluetooth) com.android.bluetooth expire 21 lines
09-01 01:19:33.787 17109 17138 I chatty  : uid=1002(bluetooth) com.android.bluetooth expire 2 lines
09-01 01:19:34.458   442   454 I ActivityManager: Process com.android.bluetooth (pid 17109) has died
09-01 01:19:34.458   442   442 D BluetoothManagerService: BluetoothServiceConnection, disconnected: com.android.bluetooth.btservice.AdapterService
09-01 01:19:34.458   442   454 D ActivityManager: cleanUpApplicationRecord -- 17109
09-01 01:19:34.458   442   454 W ActivityManager: Scheduling restart of crashed service com.android.bluetooth/.gatt.GattService in 1000ms
09-01 01:19:34.459   442   462 E BluetoothManagerService: MESSAGE_BLUETOOTH_SERVICE_DISCONNECTED(1)
09-01 01:19:34.459   442   462 D BluetoothManagerService: Broadcasting onBluetoothServiceDown() to 4 receivers.
09-01 01:19:34.459   442   454 W ActivityManager: Scheduling restart of crashed service com.android.bluetooth/.btservice.AdapterService in 1000ms
09-01 01:19:34.459   442   462 D BluetoothAdapter: onBluetoothServiceDown: android.bluetooth.IBluetooth$Stub$Proxy@c90f12f
09-01 01:19:34.459   670 12016 D BluetoothAdapter: onBluetoothServiceDown: android.bluetooth.IBluetooth$Stub$Proxy@ebf862f
09-01 01:19:34.459   653   666 D BluetoothAdapter: onBluetoothServiceDown: android.bluetooth.IBluetooth$Stub$Proxy@6f48df3
09-01 01:19:34.463   567   590 D BluetoothAdapter: onBluetoothServiceDown: android.bluetooth.IBluetooth$Stub$Proxy@2a5cec6
09-01 01:19:34.660   442   462 D BluetoothManagerService: MESSAGE_RESTART_BLUETOOTH_SERVICE
09-01 01:19:34.675   442   462 I ActivityManager: Start proc 17139:com.android.bluetooth/1002 for service com.android.bluetooth/.btservice.AdapterService
09-01 01:19:34.771 17139 17139 I chatty  : uid=1002(bluetooth) com.android.bluetooth expire 36 lines
09-01 01:19:34.816 17139 17155 I chatty  : uid=1002(bluetooth) com.android.bluetooth expire 12 lines
09-01 01:19:34.816 17139 17156 I chatty  : uid=1002(bluetooth) com.android.bluetooth expire 39 lines
09-01 01:19:34.818 17139 17159 I chatty  : uid=1002(bluetooth) com.android.bluetooth expire 4 lines
09-01 01:19:34.818 17139 17160 I chatty  : uid=1002(bluetooth) com.android.bluetooth expire 1 line
09-01 01:19:34.820 17139 17161 I chatty  : uid=1002(bluetooth) com.android.bluetooth expire 3 lines
09-01 01:19:34.823   442   442 D BluetoothManagerService: Bluetooth Adapter name changed to AOSP on navi_ref
09-01 01:19:34.824   442   442 D BluetoothManagerService: Stored Bluetooth name: AOSP on navi_ref
09-01 01:19:34.829   442   442 D BluetoothManagerService: BluetoothServiceConnection: com.android.bluetooth.btservice.AdapterService
09-01 01:19:34.829   442   462 D BluetoothManagerService: MESSAGE_BLUETOOTH_SERVICE_CONNECTED: 1
09-01 01:19:34.832 17139 17153 I chatty  : uid=1002(bluetooth) com.android.bluetooth expire 2 lines
09-01 01:19:34.834   442   462 D BluetoothManagerService: Broadcasting onBluetoothServiceUp() to 5 receivers.
09-01 01:19:34.834   670 12016 D BluetoothAdapter: onBluetoothServiceUp: android.bluetooth.IBluetooth$Stub$Proxy@9c8a43c
09-01 01:19:34.834   442   462 D BluetoothAdapter: onBluetoothServiceUp: android.bluetooth.IBluetooth$Stub$Proxy@f42d340
09-01 01:19:34.835   653   666 D BluetoothAdapter: onBluetoothServiceUp: android.bluetooth.IBluetooth$Stub$Proxy@652aab0
09-01 01:19:34.835   567   590 D BluetoothAdapter: onBluetoothServiceUp: android.bluetooth.IBluetooth$Stub$Proxy@8bd8e87
09-01 01:19:34.836 17139 17152 I chatty  : uid=1002(bluetooth) com.android.bluetooth expire 1 line
09-01 01:19:34.838   442   462 D BluetoothManagerService: MESSAGE_BLUETOOTH_STATE_CHANGE: OFF > BLE_TURNING_ON
09-01 01:19:34.838   442   462 D BluetoothManagerService: Sending BLE State Change: OFF > BLE_TURNING_ON
09-01 01:19:34.846 17139 17162 I chatty  : uid=1002(bluetooth) com.android.bluetooth expire 1 line
09-01 01:19:34.864 17139 17165 I chatty  : uid=1002(bluetooth) com.android.bluetooth expire 7 lines
09-01 01:19:35.526 17139 17166 I chatty  : uid=1002(bluetooth) com.android.bluetooth expire 1 line
09-01 01:19:42.870 17139 17167 I chatty  : uid=1002(bluetooth) com.android.bluetooth expire 21 lines
09-01 01:19:42.877 17139 17168 I chatty  : uid=1002(bluetooth) com.android.bluetooth expire 2 lines
09-01 01:19:43.554   442  1163 I ActivityManager: Process com.android.bluetooth (pid 17139) has died
09-01 01:19:43.554   442  1163 D ActivityManager: cleanUpApplicationRecord -- 17139
09-01 01:19:43.555   442   442 D BluetoothManagerService: BluetoothServiceConnection, disconnected: com.android.bluetooth.btservice.AdapterService
09-01 01:19:43.555   442  1163 W ActivityManager: Scheduling restart of crashed service com.android.bluetooth/.gatt.GattService in 1000ms
09-01 01:19:43.555   442  1163 W ActivityManager: Scheduling restart of crashed service com.android.bluetooth/.btservice.AdapterService in 1000ms
09-01 01:19:43.556   442   462 E BluetoothManagerService: MESSAGE_BLUETOOTH_SERVICE_DISCONNECTED(1)
09-01 01:19:43.557   442   462 D BluetoothManagerService: Broadcasting onBluetoothServiceDown() to 4 receivers.
09-01 01:19:43.557   442   462 D BluetoothAdapter: onBluetoothServiceDown: android.bluetooth.IBluetooth$Stub$Proxy@f42d340
09-01 01:19:43.557   670 12016 D BluetoothAdapter: onBluetoothServiceDown: android.bluetooth.IBluetooth$Stub$Proxy@9c8a43c
09-01 01:19:43.557   567   590 D BluetoothAdapter: onBluetoothServiceDown: android.bluetooth.IBluetooth$Stub$Proxy@8bd8e87
09-01 01:19:43.558   653   666 D BluetoothAdapter: onBluetoothServiceDown: android.bluetooth.IBluetooth$Stub$Proxy@652aab0
09-01 01:19:43.758   442   462 D BluetoothManagerService: MESSAGE_RESTART_BLUETOOTH_SERVICE
09-01 01:19:43.792   442   462 I ActivityManager: Start proc 17169:com.android.bluetooth/1002 for service com.android.bluetooth/.btservice.AdapterService
09-01 01:19:43.883 17169 17169 I chatty  : uid=1002(bluetooth) com.android.bluetooth expire 13 lines
09-01 01:19:43.927 17169 17185 I chatty  : uid=1002(bluetooth) com.android.bluetooth expire 1 line
09-01 01:19:43.928 17169 17186 I chatty  : uid=1002(bluetooth) com.android.bluetooth expire 16 lines
09-01 01:19:43.930 17169 17189 I chatty  : uid=1002(bluetooth) com.android.bluetooth expire 1 line
09-01 01:19:43.930 17169 17190 I chatty  : uid=1002(bluetooth) com.android.bluetooth expire 1 line
09-01 01:19:43.931 17169 17186 I chatty  : uid=1002(bluetooth) com.android.bluetooth expire 23 lines
09-01 01:19:43.931 17169 17191 I chatty  : uid=1002(bluetooth) com.android.bluetooth expire 3 lines
09-01 01:19:43.932 17169 17169 I chatty  : uid=1002(bluetooth) com.android.bluetooth expire 23 lines
09-01 01:19:43.935   442   442 D BluetoothManagerService: Bluetooth Adapter name changed to AOSP on navi_ref
09-01 01:19:43.936   442   442 D BluetoothManagerService: Stored Bluetooth name: AOSP on navi_ref
09-01 01:19:43.940   442   442 D BluetoothManagerService: BluetoothServiceConnection: com.android.bluetooth.btservice.AdapterService
09-01 01:19:43.940   442   462 D BluetoothManagerService: MESSAGE_BLUETOOTH_SERVICE_CONNECTED: 1
09-01 01:19:43.941 17169 17183 I chatty  : uid=1002(bluetooth) com.android.bluetooth expire 3 lines
09-01 01:19:43.943   442   462 D BluetoothManagerService: Broadcasting onBluetoothServiceUp() to 5 receivers.
09-01 01:19:43.943   670 12016 D BluetoothAdapter: onBluetoothServiceUp: android.bluetooth.IBluetooth$Stub$Proxy@ee065c5
09-01 01:19:43.943   442   462 D BluetoothAdapter: onBluetoothServiceUp: android.bluetooth.IBluetooth$Stub$Proxy@cde8ded
09-01 01:19:43.944   567   590 D BluetoothAdapter: onBluetoothServiceUp: android.bluetooth.IBluetooth$Stub$Proxy@d8d01b4
09-01 01:19:43.944   653   666 D BluetoothAdapter: onBluetoothServiceUp: android.bluetooth.IBluetooth$Stub$Proxy@5547d29
09-01 01:19:43.945 17169 17185 I chatty  : uid=1002(bluetooth) com.android.bluetooth expire 11 lines
09-01 01:19:43.948   442   462 D BluetoothManagerService: MESSAGE_BLUETOOTH_STATE_CHANGE: OFF > BLE_TURNING_ON
09-01 01:19:43.948   442   462 D BluetoothManagerService: Sending BLE State Change: OFF > BLE_TURNING_ON
09-01 01:19:43.951 17169 17192 I chatty  : uid=1002(bluetooth) com.android.bluetooth expire 1 line
09-01 01:19:43.974 17169 17195 I chatty  : uid=1002(bluetooth) com.android.bluetooth expire 7 lines
09-01 01:19:44.635 17169 17196 I chatty  : uid=1002(bluetooth) com.android.bluetooth expire 1 line
09-01 01:19:51.979 17169 17189 I chatty  : uid=1002(bluetooth) com.android.bluetooth expire 3 lines
09-01 01:19:51.981 17169 17197 I chatty  : uid=1002(bluetooth) com.android.bluetooth expire 21 lines
09-01 01:19:51.986 17169 17198 I chatty  : uid=1002(bluetooth) com.android.bluetooth expire 2 lines
09-01 01:20:22.666   442   453 I ActivityManager: Process com.android.bluetooth (pid 17169) has died
09-01 01:20:22.666   442   453 D ActivityManager: cleanUpApplicationRecord -- 17169
09-01 01:20:22.667   442   453 W ActivityManager: Scheduling restart of crashed service com.android.bluetooth/.gatt.GattService in 1000ms
09-01 01:20:22.667   442   442 D BluetoothManagerService: BluetoothServiceConnection, disconnected: com.android.bluetooth.btservice.AdapterService
09-01 01:20:22.667   442   453 W ActivityManager: Scheduling restart of crashed service com.android.bluetooth/.btservice.AdapterService in 1000ms
09-01 01:20:22.670   442   462 E BluetoothManagerService: MESSAGE_BLUETOOTH_SERVICE_DISCONNECTED(1)
09-01 01:20:22.671   442   462 D BluetoothManagerService: Broadcasting onBluetoothServiceDown() to 4 receivers.
09-01 01:20:22.671   442   462 D BluetoothAdapter: onBluetoothServiceDown: android.bluetooth.IBluetooth$Stub$Proxy@cde8ded
09-01 01:20:22.671   670 12016 D BluetoothAdapter: onBluetoothServiceDown: android.bluetooth.IBluetooth$Stub$Proxy@ee065c5
09-01 01:20:22.671   653   666 D BluetoothAdapter: onBluetoothServiceDown: android.bluetooth.IBluetooth$Stub$Proxy@5547d29
09-01 01:20:22.672   567   590 D BluetoothAdapter: onBluetoothServiceDown: android.bluetooth.IBluetooth$Stub$Proxy@d8d01b4
09-01 01:20:22.871   442   462 D BluetoothManagerService: MESSAGE_RESTART_BLUETOOTH_SERVICE
09-01 01:20:22.903   442   462 I ActivityManager: Start proc 17199:com.android.bluetooth/1002 for service com.android.bluetooth/.btservice.AdapterService
09-01 01:20:23.008 17199 17199 I chatty  : uid=1002(bluetooth) com.android.bluetooth expire 36 lines
09-01 01:20:23.051 17199 17215 I chatty  : uid=1002(bluetooth) com.android.bluetooth expire 12 lines
09-01 01:20:23.052 17199 17216 I chatty  : uid=1002(bluetooth) com.android.bluetooth expire 39 lines
09-01 01:20:23.053 17199 17219 I chatty  : uid=1002(bluetooth) com.android.bluetooth expire 4 lines
09-01 01:20:23.054 17199 17220 I chatty  : uid=1002(bluetooth) com.android.bluetooth expire 1 line
09-01 01:20:23.055 17199 17221 I chatty  : uid=1002(bluetooth) com.android.bluetooth expire 3 lines
09-01 01:20:23.060   442   442 D BluetoothManagerService: Bluetooth Adapter name changed to AOSP on navi_ref
09-01 01:20:23.060   442   442 D BluetoothManagerService: Stored Bluetooth name: AOSP on navi_ref
09-01 01:20:23.072   442   442 D BluetoothManagerService: BluetoothServiceConnection: com.android.bluetooth.btservice.AdapterService
09-01 01:20:23.072   442   462 D BluetoothManagerService: MESSAGE_BLUETOOTH_SERVICE_CONNECTED: 1
09-01 01:20:23.072 17199 17213 I chatty  : uid=1002(bluetooth) com.android.bluetooth expire 2 lines
09-01 01:20:23.074   442   462 D BluetoothManagerService: Broadcasting onBluetoothServiceUp() to 5 receivers.
09-01 01:20:23.075   442   462 D BluetoothAdapter: onBluetoothServiceUp: android.bluetooth.IBluetooth$Stub$Proxy@4f12a15
09-01 01:20:23.075   670 12016 D BluetoothAdapter: onBluetoothServiceUp: android.bluetooth.IBluetooth$Stub$Proxy@feb8b1a
09-01 01:20:23.075   567   590 D BluetoothAdapter: onBluetoothServiceUp: android.bluetooth.IBluetooth$Stub$Proxy@c6c1dd
09-01 01:20:23.076 17199 17211 I chatty  : uid=1002(bluetooth) com.android.bluetooth expire 1 line
09-01 01:20:23.077   653   666 D BluetoothAdapter: onBluetoothServiceUp: android.bluetooth.IBluetooth$Stub$Proxy@9d1f8ae
09-01 01:20:23.078   442   462 D BluetoothManagerService: MESSAGE_BLUETOOTH_STATE_CHANGE: OFF > BLE_TURNING_ON
09-01 01:20:23.078   442   462 D BluetoothManagerService: Sending BLE State Change: OFF > BLE_TURNING_ON
09-01 01:20:23.080 17199 17222 I chatty  : uid=1002(bluetooth) com.android.bluetooth expire 1 line
09-01 01:20:23.096 17199 17225 I chatty  : uid=1002(bluetooth) com.android.bluetooth expire 7 lines
09-01 01:20:23.756 17199 17226 I chatty  : uid=1002(bluetooth) com.android.bluetooth expire 1 line
09-01 01:20:31.102 17199 17227 I chatty  : uid=1002(bluetooth) com.android.bluetooth expire 21 lines
09-01 01:20:31.106 17199 17228 I chatty  : uid=1002(bluetooth) com.android.bluetooth expire 2 lines
09-01 01:20:31.782   442   453 I ActivityManager: Process com.android.bluetooth (pid 17199) has died
09-01 01:20:31.782   442   453 D ActivityManager: cleanUpApplicationRecord -- 17199
09-01 01:20:31.782   442   453 W ActivityManager: Scheduling restart of crashed service com.android.bluetooth/.gatt.GattService in 1000ms
09-01 01:20:31.783   442   453 W ActivityManager: Scheduling restart of crashed service com.android.bluetooth/.btservice.AdapterService in 1000ms
09-01 01:20:31.783   442   442 D BluetoothManagerService: BluetoothServiceConnection, disconnected: com.android.bluetooth.btservice.AdapterService
09-01 01:20:31.783   442   462 E BluetoothManagerService: MESSAGE_BLUETOOTH_SERVICE_DISCONNECTED(1)
09-01 01:20:31.784   442   462 D BluetoothManagerService: Broadcasting onBluetoothServiceDown() to 4 receivers.
09-01 01:20:31.784   442   462 D BluetoothAdapter: onBluetoothServiceDown: android.bluetooth.IBluetooth$Stub$Proxy@4f12a15
09-01 01:20:31.784   670 12016 D BluetoothAdapter: onBluetoothServiceDown: android.bluetooth.IBluetooth$Stub$Proxy@feb8b1a
09-01 01:20:31.784   567   590 D BluetoothAdapter: onBluetoothServiceDown: android.bluetooth.IBluetooth$Stub$Proxy@c6c1dd
09-01 01:20:31.785   653   666 D BluetoothAdapter: onBluetoothServiceDown: android.bluetooth.IBluetooth$Stub$Proxy@9d1f8ae
09-01 01:20:31.985   442   462 D BluetoothManagerService: MESSAGE_RESTART_BLUETOOTH_SERVICE
09-01 01:20:32.017   442   462 I ActivityManager: Start proc 17229:com.android.bluetooth/1002 for service com.android.bluetooth/.btservice.AdapterService
09-01 01:20:32.107 17229 17229 I chatty  : uid=1002(bluetooth) com.android.bluetooth expire 13 lines
09-01 01:20:32.148 17229 17245 I chatty  : uid=1002(bluetooth) com.android.bluetooth expire 1 line
09-01 01:20:32.148 17229 17246 I chatty  : uid=1002(bluetooth) com.android.bluetooth expire 39 lines
09-01 01:20:32.150 17229 17249 I chatty  : uid=1002(bluetooth) com.android.bluetooth expire 4 lines
09-01 01:20:32.151 17229 17250 I chatty  : uid=1002(bluetooth) com.android.bluetooth expire 1 line
09-01 01:20:32.153 17229 17251 I chatty  : uid=1002(bluetooth) com.android.bluetooth expire 3 lines
09-01 01:20:32.153 17229 17229 I chatty  : uid=1002(bluetooth) com.android.bluetooth expire 23 lines
09-01 01:20:32.157   442   442 D BluetoothManagerService: Bluetooth Adapter name changed to AOSP on navi_ref
09-01 01:20:32.158   442   442 D BluetoothManagerService: Stored Bluetooth name: AOSP on navi_ref
09-01 01:20:32.161   442   442 D BluetoothManagerService: BluetoothServiceConnection: com.android.bluetooth.btservice.AdapterService
09-01 01:20:32.161   442   462 D BluetoothManagerService: MESSAGE_BLUETOOTH_SERVICE_CONNECTED: 1
09-01 01:20:32.162 17229 17242 I chatty  : uid=1002(bluetooth) com.android.bluetooth expire 2 lines
09-01 01:20:32.164   442   462 D BluetoothManagerService: Broadcasting onBluetoothServiceUp() to 5 receivers.
09-01 01:20:32.164   442   462 D BluetoothAdapter: onBluetoothServiceUp: android.bluetooth.IBluetooth$Stub$Proxy@7ea5dce
09-01 01:20:32.164   670 12016 D BluetoothAdapter: onBluetoothServiceUp: android.bluetooth.IBluetooth$Stub$Proxy@bc8564b
09-01 01:20:32.164   653   666 D BluetoothAdapter: onBluetoothServiceUp: android.bluetooth.IBluetooth$Stub$Proxy@cc0164f
09-01 01:20:32.165 17229 17243 I chatty  : uid=1002(bluetooth) com.android.bluetooth expire 1 line
09-01 01:20:32.165 17229 17245 I chatty  : uid=1002(bluetooth) com.android.bluetooth expire 11 lines
09-01 01:20:32.166   567   590 D BluetoothAdapter: onBluetoothServiceUp: android.bluetooth.IBluetooth$Stub$Proxy@1a01152
09-01 01:20:32.167   442   462 D BluetoothManagerService: MESSAGE_BLUETOOTH_STATE_CHANGE: OFF > BLE_TURNING_ON
09-01 01:20:32.167   442   462 D BluetoothManagerService: Sending BLE State Change: OFF > BLE_TURNING_ON
09-01 01:20:32.177 17229 17252 I chatty  : uid=1002(bluetooth) com.android.bluetooth expire 1 line
09-01 01:20:32.194 17229 17255 I chatty  : uid=1002(bluetooth) com.android.bluetooth expire 7 lines
09-01 01:20:32.854 17229 17256 I chatty  : uid=1002(bluetooth) com.android.bluetooth expire 1 line
09-01 01:20:33.636   442   455 I UsageStatsService: User[0] Flushing usage stats to disk
09-01 01:20:40.200 17229 17257 I chatty  : uid=1002(bluetooth) com.android.bluetooth expire 21 lines
09-01 01:20:40.207 17229 17258 I chatty  : uid=1002(bluetooth) com.android.bluetooth expire 2 lines
09-01 01:20:40.883   442  1483 I ActivityManager: Process com.android.bluetooth (pid 17229) has died
09-01 01:20:40.883   442  1483 D ActivityManager: cleanUpApplicationRecord -- 17229
09-01 01:20:40.883   442   442 D BluetoothManagerService: BluetoothServiceConnection, disconnected: com.android.bluetooth.btservice.AdapterService
09-01 01:20:40.883   442  1483 W ActivityManager: Scheduling restart of crashed service com.android.bluetooth/.gatt.GattService in 1000ms
09-01 01:20:40.884   442  1483 W ActivityManager: Scheduling restart of crashed service com.android.bluetooth/.btservice.AdapterService in 1000ms
09-01 01:20:40.885   442   462 E BluetoothManagerService: MESSAGE_BLUETOOTH_SERVICE_DISCONNECTED(1)
09-01 01:20:40.885   442   462 D BluetoothManagerService: Broadcasting onBluetoothServiceDown() to 4 receivers.
09-01 01:20:40.886   442   462 D BluetoothAdapter: onBluetoothServiceDown: android.bluetooth.IBluetooth$Stub$Proxy@7ea5dce
09-01 01:20:40.886   670 12016 D BluetoothAdapter: onBluetoothServiceDown: android.bluetooth.IBluetooth$Stub$Proxy@bc8564b
09-01 01:20:40.886   653   666 D BluetoothAdapter: onBluetoothServiceDown: android.bluetooth.IBluetooth$Stub$Proxy@cc0164f
09-01 01:20:40.887   567   590 D BluetoothAdapter: onBluetoothServiceDown: android.bluetooth.IBluetooth$Stub$Proxy@1a01152
09-01 01:20:41.086   442   462 D BluetoothManagerService: MESSAGE_RESTART_BLUETOOTH_SERVICE
09-01 01:20:41.114   442   462 I ActivityManager: Start proc 17259:com.android.bluetooth/1002 for service com.android.bluetooth/.btservice.AdapterService
09-01 01:20:41.206 17259 17259 I chatty  : uid=1002(bluetooth) com.android.bluetooth expire 36 lines
09-01 01:20:41.251 17259 17275 I chatty  : uid=1002(bluetooth) com.android.bluetooth expire 12 lines
09-01 01:20:41.251 17259 17276 I chatty  : uid=1002(bluetooth) com.android.bluetooth expire 39 lines
09-01 01:20:41.253 17259 17279 I chatty  : uid=1002(bluetooth) com.android.bluetooth expire 4 lines
09-01 01:20:41.253 17259 17280 I chatty  : uid=1002(bluetooth) com.android.bluetooth expire 1 line
09-01 01:20:41.255 17259 17281 I chatty  : uid=1002(bluetooth) com.android.bluetooth expire 3 lines
09-01 01:20:41.259   442   442 D BluetoothManagerService: Bluetooth Adapter name changed to AOSP on navi_ref
09-01 01:20:41.259   442   442 D BluetoothManagerService: Stored Bluetooth name: AOSP on navi_ref
09-01 01:20:41.270   442   442 D BluetoothManagerService: BluetoothServiceConnection: com.android.bluetooth.btservice.AdapterService
09-01 01:20:41.270   442   462 D BluetoothManagerService: MESSAGE_BLUETOOTH_SERVICE_CONNECTED: 1
09-01 01:20:41.270 17259 17271 I chatty  : uid=1002(bluetooth) com.android.bluetooth expire 2 lines
09-01 01:20:41.272   442   462 D BluetoothManagerService: Broadcasting onBluetoothServiceUp() to 5 receivers.
09-01 01:20:41.272   670 12016 D BluetoothAdapter: onBluetoothServiceUp: android.bluetooth.IBluetooth$Stub$Proxy@799c828
09-01 01:20:41.272   442   462 D BluetoothAdapter: onBluetoothServiceUp: android.bluetooth.IBluetooth$Stub$Proxy@c746683
09-01 01:20:41.273   567   590 D BluetoothAdapter: onBluetoothServiceUp: android.bluetooth.IBluetooth$Stub$Proxy@dda8c23
09-01 01:20:41.273   653   666 D BluetoothAdapter: onBluetoothServiceUp: android.bluetooth.IBluetooth$Stub$Proxy@4afc1dc
09-01 01:20:41.273 17259 17273 I chatty  : uid=1002(bluetooth) com.android.bluetooth expire 1 line
09-01 01:20:41.275   442   462 D BluetoothManagerService: MESSAGE_BLUETOOTH_STATE_CHANGE: OFF > BLE_TURNING_ON
09-01 01:20:41.275   442   462 D BluetoothManagerService: Sending BLE State Change: OFF > BLE_TURNING_ON
09-01 01:20:41.278 17259 17282 I chatty  : uid=1002(bluetooth) com.android.bluetooth expire 1 line
09-01 01:20:41.294 17259 17285 I chatty  : uid=1002(bluetooth) com.android.bluetooth expire 7 lines
09-01 01:20:41.954 17259 17286 I chatty  : uid=1002(bluetooth) com.android.bluetooth expire 1 line
09-01 01:20:49.299 17259 17287 I chatty  : uid=1002(bluetooth) com.android.bluetooth expire 21 lines
09-01 01:20:49.304 17259 17288 I chatty  : uid=1002(bluetooth) com.android.bluetooth expire 2 lines
09-01 01:20:49.983   442  1483 I ActivityManager: Process com.android.bluetooth (pid 17259) has died
09-01 01:20:49.983   442  1483 D ActivityManager: cleanUpApplicationRecord -- 17259
09-01 01:20:49.983   442  1483 W ActivityManager: Scheduling restart of crashed service com.android.bluetooth/.gatt.GattService in 1000ms
09-01 01:20:49.984   442  1483 W ActivityManager: Scheduling restart of crashed service com.android.bluetooth/.btservice.AdapterService in 1000ms
09-01 01:20:49.985   442   442 D BluetoothManagerService: BluetoothServiceConnection, disconnected: com.android.bluetooth.btservice.AdapterService
09-01 01:20:49.985   442   462 E BluetoothManagerService: MESSAGE_BLUETOOTH_SERVICE_DISCONNECTED(1)
09-01 01:20:49.985   442   462 D BluetoothManagerService: Broadcasting onBluetoothServiceDown() to 4 receivers.
09-01 01:20:49.986   442   462 D BluetoothAdapter: onBluetoothServiceDown: android.bluetooth.IBluetooth$Stub$Proxy@c746683
09-01 01:20:49.986   670 12016 D BluetoothAdapter: onBluetoothServiceDown: android.bluetooth.IBluetooth$Stub$Proxy@799c828
09-01 01:20:49.986   653   666 D BluetoothAdapter: onBluetoothServiceDown: android.bluetooth.IBluetooth$Stub$Proxy@4afc1dc
09-01 01:20:49.987   567   590 D BluetoothAdapter: onBluetoothServiceDown: android.bluetooth.IBluetooth$Stub$Proxy@dda8c23
09-01 01:20:50.186   442   462 D BluetoothManagerService: MESSAGE_RESTART_BLUETOOTH_SERVICE
09-01 01:20:50.217   442   462 I ActivityManager: Start proc 17289:com.android.bluetooth/1002 for service com.android.bluetooth/.btservice.AdapterService
09-01 01:20:50.309 17289 17289 I chatty  : uid=1002(bluetooth) com.android.bluetooth expire 13 lines
09-01 01:20:50.353 17289 17305 I chatty  : uid=1002(bluetooth) com.android.bluetooth expire 1 line
09-01 01:20:50.354 17289 17306 I chatty  : uid=1002(bluetooth) com.android.bluetooth expire 39 lines
09-01 01:20:50.355 17289 17309 I chatty  : uid=1002(bluetooth) com.android.bluetooth expire 4 lines
09-01 01:20:50.356 17289 17310 I chatty  : uid=1002(bluetooth) com.android.bluetooth expire 1 line
09-01 01:20:50.357 17289 17311 I chatty  : uid=1002(bluetooth) com.android.bluetooth expire 3 lines
09-01 01:20:50.358 17289 17289 I chatty  : uid=1002(bluetooth) com.android.bluetooth expire 23 lines
09-01 01:20:50.362   442   442 D BluetoothManagerService: Bluetooth Adapter name changed to AOSP on navi_ref
09-01 01:20:50.362   442   442 D BluetoothManagerService: Stored Bluetooth name: AOSP on navi_ref
09-01 01:20:50.365   442   442 D BluetoothManagerService: BluetoothServiceConnection: com.android.bluetooth.btservice.AdapterService
09-01 01:20:50.366   442   462 D BluetoothManagerService: MESSAGE_BLUETOOTH_SERVICE_CONNECTED: 1
09-01 01:20:50.366 17289 17303 I chatty  : uid=1002(bluetooth) com.android.bluetooth expire 2 lines
09-01 01:20:50.368   442   462 D BluetoothManagerService: Broadcasting onBluetoothServiceUp() to 5 receivers.
09-01 01:20:50.368   670 12016 D BluetoothAdapter: onBluetoothServiceUp: android.bluetooth.IBluetooth$Stub$Proxy@e669941
09-01 01:20:50.368   442   462 D BluetoothAdapter: onBluetoothServiceUp: android.bluetooth.IBluetooth$Stub$Proxy@c4a6fad
09-01 01:20:50.369   567   590 D BluetoothAdapter: onBluetoothServiceUp: android.bluetooth.IBluetooth$Stub$Proxy@2d28520
09-01 01:20:50.370 17289 17302 I chatty  : uid=1002(bluetooth) com.android.bluetooth expire 1 line
09-01 01:20:50.370 17289 17305 I chatty  : uid=1002(bluetooth) com.android.bluetooth expire 11 lines
09-01 01:20:50.372   653   666 D BluetoothAdapter: onBluetoothServiceUp: android.bluetooth.IBluetooth$Stub$Proxy@80ec2e5
09-01 01:20:50.372   442   462 D BluetoothManagerService: MESSAGE_BLUETOOTH_STATE_CHANGE: OFF > BLE_TURNING_ON
09-01 01:20:50.372   442   462 D BluetoothManagerService: Sending BLE State Change: OFF > BLE_TURNING_ON
09-01 01:20:50.380 17289 17312 I chatty  : uid=1002(bluetooth) com.android.bluetooth expire 1 line
09-01 01:20:50.395 17289 17315 I chatty  : uid=1002(bluetooth) com.android.bluetooth expire 7 lines
09-01 01:20:51.055 17289 17316 I chatty  : uid=1002(bluetooth) com.android.bluetooth expire 1 line
09-01 01:20:58.402 17289 17317 I chatty  : uid=1002(bluetooth) com.android.bluetooth expire 21 lines
09-01 01:20:58.406 17289 17318 I chatty  : uid=1002(bluetooth) com.android.bluetooth expire 2 lines
09-01 01:20:59.083   442  1483 I ActivityManager: Process com.android.bluetooth (pid 17289) has died
09-01 01:20:59.083   442  1483 D ActivityManager: cleanUpApplicationRecord -- 17289
09-01 01:20:59.083   442  1483 W ActivityManager: Scheduling restart of crashed service com.android.bluetooth/.gatt.GattService in 1000ms
09-01 01:20:59.083   442  1483 W ActivityManager: Scheduling restart of crashed service com.android.bluetooth/.btservice.AdapterService in 1000ms
09-01 01:20:59.084   442   442 D BluetoothManagerService: BluetoothServiceConnection, disconnected: com.android.bluetooth.btservice.AdapterService
09-01 01:20:59.084   442   462 E BluetoothManagerService: MESSAGE_BLUETOOTH_SERVICE_DISCONNECTED(1)
