09-01 01:09:57.978   653   666 D BluetoothAdapter: onBluetoothServiceDown: android.bluetooth.IBluetooth$Stub$Proxy@4bdc28f
09-01 01:09:57.978   567   590 D BluetoothAdapter: onBluetoothServiceDown: android.bluetooth.IBluetooth$Stub$Proxy@adc8292
09-01 01:09:58.294 15268 15268 I chatty  : uid=1002(bluetooth) com.android.bluetooth expire 18 lines
09-01 01:09:58.336 15268 15284 I chatty  : uid=1002(bluetooth) com.android.bluetooth expire 10 lines
09-01 01:09:58.337 15268 15285 I chatty  : uid=1002(bluetooth) com.android.bluetooth expire 20 lines
09-01 01:09:58.342 15268 15288 I chatty  : uid=1002(bluetooth) com.android.bluetooth expire 1 line
09-01 01:09:58.342 15268 15289 I chatty  : uid=1002(bluetooth) com.android.bluetooth expire 1 line
09-01 01:09:58.343 15268 15290 I chatty  : uid=1002(bluetooth) com.android.bluetooth expire 3 lines
09-01 01:09:58.353 15268 15282 I chatty  : uid=1002(bluetooth) com.android.bluetooth expire 2 lines
09-01 01:09:58.355   442   462 D BluetoothAdapter: onBluetoothServiceUp: android.bluetooth.IBluetooth$Stub$Proxy@744cbc8
09-01 01:09:58.355   670 12016 D BluetoothAdapter: onBluetoothServiceUp: android.bluetooth.IBluetooth$Stub$Proxy@10e7368
09-01 01:09:58.356   653   666 D BluetoothAdapter: onBluetoothServiceUp: android.bluetooth.IBluetooth$Stub$Proxy@fad991c
09-01 01:09:58.356   567   590 D BluetoothAdapter: onBluetoothServiceUp: android.bluetooth.IBluetooth$Stub$Proxy@e984463
09-01 01:09:58.357 15268 15280 I chatty  : uid=1002(bluetooth) com.android.bluetooth expire 1 line
09-01 01:09:58.363 15268 15291 I chatty  : uid=1002(bluetooth) com.android.bluetooth expire 1 line
09-01 01:09:58.371 15268 15268 I chatty  : uid=1002(bluetooth) com.android.bluetooth expire 18 lines
09-01 01:09:58.382 15268 15284 I chatty  : uid=1002(bluetooth) com.android.bluetooth expire 2 lines
09-01 01:09:58.383 15268 15285 I chatty  : uid=1002(bluetooth) com.android.bluetooth expire 19 lines
09-01 01:09:58.383 15268 15294 I chatty  : uid=1002(bluetooth) com.android.bluetooth expire 7 lines
09-01 01:09:59.043 15268 15295 I chatty  : uid=1002(bluetooth) com.android.bluetooth expire 1 line
09-01 01:10:06.388 15268 15288 I chatty  : uid=1002(bluetooth) com.android.bluetooth expire 3 lines
09-01 01:10:06.392 15268 15296 I chatty  : uid=1002(bluetooth) com.android.bluetooth expire 21 lines
09-01 01:10:06.395 15268 15297 I chatty  : uid=1002(bluetooth) com.android.bluetooth expire 2 lines
09-01 01:10:07.071   442   462 D BluetoothAdapter: onBluetoothServiceDown: android.bluetooth.IBluetooth$Stub$Proxy@744cbc8
09-01 01:10:07.071   670 12016 D BluetoothAdapter: onBluetoothServiceDown: android.bluetooth.IBluetooth$Stub$Proxy@10e7368
09-01 01:10:07.071   653   666 D BluetoothAdapter: onBluetoothServiceDown: android.bluetooth.IBluetooth$Stub$Proxy@fad991c
09-01 01:10:07.073   567   590 D BluetoothAdapter: onBluetoothServiceDown: android.bluetooth.IBluetooth$Stub$Proxy@e984463
09-01 01:10:07.389 15298 15298 I chatty  : uid=1002(bluetooth) com.android.bluetooth expire 36 lines
09-01 01:10:07.434 15298 15314 I chatty  : uid=1002(bluetooth) com.android.bluetooth expire 12 lines
09-01 01:10:07.435 15298 15315 I chatty  : uid=1002(bluetooth) com.android.bluetooth expire 39 lines
09-01 01:10:07.436 15298 15318 I chatty  : uid=1002(bluetooth) com.android.bluetooth expire 4 lines
09-01 01:10:07.437 15298 15319 I chatty  : uid=1002(bluetooth) com.android.bluetooth expire 1 line
09-01 01:10:07.438 15298 15320 I chatty  : uid=1002(bluetooth) com.android.bluetooth expire 3 lines
09-01 01:10:07.447 15298 15310 I chatty  : uid=1002(bluetooth) com.android.bluetooth expire 2 lines
09-01 01:10:07.449   442   462 D BluetoothAdapter: onBluetoothServiceUp: android.bluetooth.IBluetooth$Stub$Proxy@23eab55
09-01 01:10:07.449   670 12016 D BluetoothAdapter: onBluetoothServiceUp: android.bluetooth.IBluetooth$Stub$Proxy@4c10381
09-01 01:10:07.450   653   666 D BluetoothAdapter: onBluetoothServiceUp: android.bluetooth.IBluetooth$Stub$Proxy@938e925
09-01 01:10:07.450   567   590 D BluetoothAdapter: onBluetoothServiceUp: android.bluetooth.IBluetooth$Stub$Proxy@33d7860
09-01 01:10:07.451 15298 15312 I chatty  : uid=1002(bluetooth) com.android.bluetooth expire 1 line
09-01 01:10:07.457 15298 15321 I chatty  : uid=1002(bluetooth) com.android.bluetooth expire 1 line
09-01 01:10:07.477 15298 15324 I chatty  : uid=1002(bluetooth) com.android.bluetooth expire 7 lines
09-01 01:10:08.136 15298 15325 I chatty  : uid=1002(bluetooth) com.android.bluetooth expire 1 line
09-01 01:10:15.502 15298 15326 I chatty  : uid=1002(bluetooth) com.android.bluetooth expire 21 lines
09-01 01:10:15.512 15298 15327 I chatty  : uid=1002(bluetooth) com.android.bluetooth expire 2 lines
09-01 01:10:16.166   442   513 I chatty  : uid=1000(system) Binder:442_3 expire 8 lines
09-01 01:10:16.169   442   462 D BluetoothAdapter: onBluetoothServiceDown: android.bluetooth.IBluetooth$Stub$Proxy@23eab55
09-01 01:10:16.169   670 12016 D BluetoothAdapter: onBluetoothServiceDown: android.bluetooth.IBluetooth$Stub$Proxy@4c10381
09-01 01:10:16.170   567   590 D BluetoothAdapter: onBluetoothServiceDown: android.bluetooth.IBluetooth$Stub$Proxy@33d7860
09-01 01:10:16.171   653   666 D BluetoothAdapter: onBluetoothServiceDown: android.bluetooth.IBluetooth$Stub$Proxy@938e925
09-01 01:10:16.489 15328 15328 I chatty  : uid=1002(bluetooth) com.android.bluetooth expire 18 lines
09-01 01:10:16.535 15328 15344 I chatty  : uid=1002(bluetooth) com.android.bluetooth expire 6 lines
09-01 01:10:16.535 15328 15345 I chatty  : uid=1002(bluetooth) com.android.bluetooth expire 20 lines
09-01 01:10:16.537 15328 15348 I chatty  : uid=1002(bluetooth) com.android.bluetooth expire 1 line
09-01 01:10:16.537 15328 15349 I chatty  : uid=1002(bluetooth) com.android.bluetooth expire 1 line
09-01 01:10:16.538 15328 15350 I chatty  : uid=1002(bluetooth) com.android.bluetooth expire 3 lines
09-01 01:10:16.548   442   462 I chatty  : uid=1000(system) android.io expire 118 lines
09-01 01:10:16.549 15328 15342 I chatty  : uid=1002(bluetooth) com.android.bluetooth expire 3 lines
09-01 01:10:16.552   442   462 D BluetoothAdapter: onBluetoothServiceUp: android.bluetooth.IBluetooth$Stub$Proxy@f61720e
09-01 01:10:16.552   670 12016 D BluetoothAdapter: onBluetoothServiceUp: android.bluetooth.IBluetooth$Stub$Proxy@c05fc26
09-01 01:10:16.552   567   590 D BluetoothAdapter: onBluetoothServiceUp: android.bluetooth.IBluetooth$Stub$Proxy@619b119
09-01 01:10:16.552   653   666 D BluetoothAdapter: onBluetoothServiceUp: android.bluetooth.IBluetooth$Stub$Proxy@be2bafa
09-01 01:10:16.555 15328 15344 I chatty  : uid=1002(bluetooth) com.android.bluetooth expire 6 lines
09-01 01:10:16.559 15328 15351 I chatty  : uid=1002(bluetooth) com.android.bluetooth expire 1 line
09-01 01:10:16.562 15328 15328 I chatty  : uid=1002(bluetooth) com.android.bluetooth expire 18 lines
09-01 01:10:16.578 15328 15345 I chatty  : uid=1002(bluetooth) com.android.bluetooth expire 19 lines
09-01 01:10:16.578 15328 15354 I chatty  : uid=1002(bluetooth) com.android.bluetooth expire 7 lines
09-01 01:10:17.238 15328 15355 I chatty  : uid=1002(bluetooth) com.android.bluetooth expire 1 line
09-01 01:10:24.583 15328 15348 I chatty  : uid=1002(bluetooth) com.android.bluetooth expire 3 lines
09-01 01:10:24.584 15328 15356 I chatty  : uid=1002(bluetooth) com.android.bluetooth expire 21 lines
09-01 01:10:24.590 15328 15357 I chatty  : uid=1002(bluetooth) com.android.bluetooth expire 2 lines
09-01 01:10:25.296   442   442 I chatty  : uid=1000 system_server expire 57 lines
09-01 01:10:25.297   442   462 D BluetoothAdapter: onBluetoothServiceDown: android.bluetooth.IBluetooth$Stub$Proxy@f61720e
09-01 01:10:25.297   670 12016 D BluetoothAdapter: onBluetoothServiceDown: android.bluetooth.IBluetooth$Stub$Proxy@c05fc26
09-01 01:10:25.297   653   666 D BluetoothAdapter: onBluetoothServiceDown: android.bluetooth.IBluetooth$Stub$Proxy@be2bafa
09-01 01:10:25.297   567   590 D BluetoothAdapter: onBluetoothServiceDown: android.bluetooth.IBluetooth$Stub$Proxy@619b119
09-01 01:10:25.612 15358 15358 I chatty  : uid=1002(bluetooth) com.android.bluetooth expire 36 lines
09-01 01:10:25.655 15358 15374 I chatty  : uid=1002(bluetooth) com.android.bluetooth expire 12 lines
09-01 01:10:25.655 15358 15375 I chatty  : uid=1002(bluetooth) com.android.bluetooth expire 39 lines
09-01 01:10:25.657 15358 15378 I chatty  : uid=1002(bluetooth) com.android.bluetooth expire 4 lines
09-01 01:10:25.657 15358 15379 I chatty  : uid=1002(bluetooth) com.android.bluetooth expire 1 line
09-01 01:10:25.658 15358 15380 I chatty  : uid=1002(bluetooth) com.android.bluetooth expire 3 lines
09-01 01:10:25.673 15358 15372 I chatty  : uid=1002(bluetooth) com.android.bluetooth expire 3 lines
09-01 01:10:25.675   442   462 D BluetoothAdapter: onBluetoothServiceUp: android.bluetooth.IBluetooth$Stub$Proxy@5867d79
09-01 01:10:25.675   670 12016 D BluetoothAdapter: onBluetoothServiceUp: android.bluetooth.IBluetooth$Stub$Proxy@cc42067
09-01 01:10:25.675   567   590 D BluetoothAdapter: onBluetoothServiceUp: android.bluetooth.IBluetooth$Stub$Proxy@f3c35de
09-01 01:10:25.675   653   666 D BluetoothAdapter: onBluetoothServiceUp: android.bluetooth.IBluetooth$Stub$Proxy@bddf8ab
09-01 01:10:25.681 15358 15381 I chatty  : uid=1002(bluetooth) com.android.bluetooth expire 1 line
09-01 01:10:25.706 15358 15384 I chatty  : uid=1002(bluetooth) com.android.bluetooth expire 7 lines
09-01 01:10:26.364 15358 15385 I chatty  : uid=1002(bluetooth) com.android.bluetooth expire 1 line
09-01 01:10:33.714 15358 15386 I chatty  : uid=1002(bluetooth) com.android.bluetooth expire 21 lines
09-01 01:10:33.718 15358 15387 I chatty  : uid=1002(bluetooth) com.android.bluetooth expire 2 lines
09-01 01:10:34.393   442  1273 I chatty  : uid=1000(system) Binder:442_B expire 16 lines
09-01 01:10:34.394   442   462 D BluetoothAdapter: onBluetoothServiceDown: android.bluetooth.IBluetooth$Stub$Proxy@5867d79
09-01 01:10:34.396   567   590 D BluetoothAdapter: onBluetoothServiceDown: android.bluetooth.IBluetooth$Stub$Proxy@f3c35de
09-01 01:10:34.396   670 12016 D BluetoothAdapter: onBluetoothServiceDown: android.bluetooth.IBluetooth$Stub$Proxy@cc42067
09-01 01:10:34.396   653   666 D BluetoothAdapter: onBluetoothServiceDown: android.bluetooth.IBluetooth$Stub$Proxy@bddf8ab
09-01 01:10:34.720 15388 15388 I chatty  : uid=1002(bluetooth) com.android.bluetooth expire 18 lines
09-01 01:10:34.779 15388 15404 I chatty  : uid=1002(bluetooth) com.android.bluetooth expire 1 line
09-01 01:10:34.780 15388 15405 I chatty  : uid=1002(bluetooth) com.android.bluetooth expire 20 lines
09-01 01:10:34.781 15388 15408 I chatty  : uid=1002(bluetooth) com.android.bluetooth expire 1 line
09-01 01:10:34.782 15388 15409 I chatty  : uid=1002(bluetooth) com.android.bluetooth expire 1 line
09-01 01:10:34.784 15388 15410 I chatty  : uid=1002(bluetooth) com.android.bluetooth expire 3 lines
09-01 01:10:34.798 15388 15402 I chatty  : uid=1002(bluetooth) com.android.bluetooth expire 2 lines
09-01 01:10:34.800   670 12016 D BluetoothAdapter: onBluetoothServiceUp: android.bluetooth.IBluetooth$Stub$Proxy@80b5e14
09-01 01:10:34.800   442   462 D BluetoothAdapter: onBluetoothServiceUp: android.bluetooth.IBluetooth$Stub$Proxy@175e322
09-01 01:10:34.800   653   666 D BluetoothAdapter: onBluetoothServiceUp: android.bluetooth.IBluetooth$Stub$Proxy@e892b08
09-01 01:10:34.801   567   590 D BluetoothAdapter: onBluetoothServiceUp: android.bluetooth.IBluetooth$Stub$Proxy@cc0c3bf
09-01 01:10:34.801 15388 15401 I chatty  : uid=1002(bluetooth) com.android.bluetooth expire 1 line
09-01 01:10:34.801 15388 15404 I chatty  : uid=1002(bluetooth) com.android.bluetooth expire 11 lines
09-01 01:10:34.808 15388 15411 I chatty  : uid=1002(bluetooth) com.android.bluetooth expire 1 line
09-01 01:10:34.810 15388 15388 I chatty  : uid=1002(bluetooth) com.android.bluetooth expire 18 lines
09-01 01:10:34.833 15388 15405 I chatty  : uid=1002(bluetooth) com.android.bluetooth expire 19 lines
09-01 01:10:34.833 15388 15414 I chatty  : uid=1002(bluetooth) com.android.bluetooth expire 7 lines
09-01 01:10:35.494 15388 15415 I chatty  : uid=1002(bluetooth) com.android.bluetooth expire 1 line
09-01 01:10:42.837 15388 15408 I chatty  : uid=1002(bluetooth) com.android.bluetooth expire 3 lines
09-01 01:10:42.839 15388 15417 I chatty  : uid=1002(bluetooth) com.android.bluetooth expire 21 lines
09-01 01:10:42.843 15388 15418 I chatty  : uid=1002(bluetooth) com.android.bluetooth expire 2 lines
09-01 01:10:43.524   442   462 D BluetoothAdapter: onBluetoothServiceDown: android.bluetooth.IBluetooth$Stub$Proxy@175e322
09-01 01:10:43.524   670 12016 D BluetoothAdapter: onBluetoothServiceDown: android.bluetooth.IBluetooth$Stub$Proxy@80b5e14
09-01 01:10:43.524   653   666 D BluetoothAdapter: onBluetoothServiceDown: android.bluetooth.IBluetooth$Stub$Proxy@e892b08
09-01 01:10:43.524   567   590 D BluetoothAdapter: onBluetoothServiceDown: android.bluetooth.IBluetooth$Stub$Proxy@cc0c3bf
09-01 01:10:43.842 15419 15419 I chatty  : uid=1002(bluetooth) com.android.bluetooth expire 36 lines
09-01 01:10:43.884 15419 15435 I chatty  : uid=1002(bluetooth) com.android.bluetooth expire 12 lines
09-01 01:10:43.884 15419 15436 I chatty  : uid=1002(bluetooth) com.android.bluetooth expire 39 lines
09-01 01:10:43.890 15419 15439 I chatty  : uid=1002(bluetooth) com.android.bluetooth expire 4 lines
09-01 01:10:43.890 15419 15440 I chatty  : uid=1002(bluetooth) com.android.bluetooth expire 1 line
09-01 01:10:43.891 15419 15441 I chatty  : uid=1002(bluetooth) com.android.bluetooth expire 3 lines
09-01 01:10:43.901 15419 15433 I chatty  : uid=1002(bluetooth) com.android.bluetooth expire 2 lines
09-01 01:10:43.903   442   462 D BluetoothAdapter: onBluetoothServiceUp: android.bluetooth.IBluetooth$Stub$Proxy@ec5e807
09-01 01:10:43.903   670 12016 D BluetoothAdapter: onBluetoothServiceUp: android.bluetooth.IBluetooth$Stub$Proxy@af956bd
09-01 01:10:43.904 15419 15431 I chatty  : uid=1002(bluetooth) com.android.bluetooth expire 1 line
09-01 01:10:43.904   567   590 D BluetoothAdapter: onBluetoothServiceUp: android.bluetooth.IBluetooth$Stub$Proxy@e71ba8c
09-01 01:10:43.905   653   666 D BluetoothAdapter: onBluetoothServiceUp: android.bluetooth.IBluetooth$Stub$Proxy@bb3f2a1
09-01 01:10:43.908 15419 15442 I chatty  : uid=1002(bluetooth) com.android.bluetooth expire 1 line
09-01 01:10:43.944 15419 15445 I chatty  : uid=1002(bluetooth) com.android.bluetooth expire 7 lines
09-01 01:10:44.605 15419 15446 I chatty  : uid=1002(bluetooth) com.android.bluetooth expire 1 line
09-01 01:10:51.950 15419 15448 I chatty  : uid=1002(bluetooth) com.android.bluetooth expire 21 lines
09-01 01:10:51.955 15419 15449 I chatty  : uid=1002(bluetooth) com.android.bluetooth expire 2 lines
09-01 01:10:52.634   670 12016 D BluetoothAdapter: onBluetoothServiceDown: android.bluetooth.IBluetooth$Stub$Proxy@af956bd
09-01 01:10:52.634   442   462 D BluetoothAdapter: onBluetoothServiceDown: android.bluetooth.IBluetooth$Stub$Proxy@ec5e807
09-01 01:10:52.635   653   666 D BluetoothAdapter: onBluetoothServiceDown: android.bluetooth.IBluetooth$Stub$Proxy@bb3f2a1
09-01 01:10:52.636   567   590 D BluetoothAdapter: onBluetoothServiceDown: android.bluetooth.IBluetooth$Stub$Proxy@e71ba8c
09-01 01:10:52.964 15450 15450 I chatty  : uid=1002(bluetooth) com.android.bluetooth expire 16 lines
09-01 01:10:53.005 15450 15467 I chatty  : uid=1002(bluetooth) com.android.bluetooth expire 1 line
09-01 01:10:53.006 15450 15468 I chatty  : uid=1002(bluetooth) com.android.bluetooth expire 20 lines
09-01 01:10:53.007 15450 15471 I chatty  : uid=1002(bluetooth) com.android.bluetooth expire 1 line
09-01 01:10:53.008 15450 15472 I chatty  : uid=1002(bluetooth) com.android.bluetooth expire 1 line
09-01 01:10:53.009 15450 15473 I chatty  : uid=1002(bluetooth) com.android.bluetooth expire 3 lines
09-01 01:10:53.017 15450 15450 I chatty  : uid=1002(bluetooth) com.android.bluetooth expire 20 lines
09-01 01:10:53.026 15450 15465 I chatty  : uid=1002(bluetooth) com.android.bluetooth expire 2 lines
09-01 01:10:53.028   670 12016 D BluetoothAdapter: onBluetoothServiceUp: android.bluetooth.IBluetooth$Stub$Proxy@7c5b4b2
09-01 01:10:53.028   442   462 D BluetoothAdapter: onBluetoothServiceUp: android.bluetooth.IBluetooth$Stub$Proxy@5e81bb8
09-01 01:10:53.028   653   666 D BluetoothAdapter: onBluetoothServiceUp: android.bluetooth.IBluetooth$Stub$Proxy@9118cc6
09-01 01:10:53.029   567   590 D BluetoothAdapter: onBluetoothServiceUp: android.bluetooth.IBluetooth$Stub$Proxy@18b45d5
09-01 01:10:53.029 15450 15463 I chatty  : uid=1002(bluetooth) com.android.bluetooth expire 1 line
09-01 01:10:53.029 15450 15467 I chatty  : uid=1002(bluetooth) com.android.bluetooth expire 11 lines
09-01 01:10:53.040 15450 15474 I chatty  : uid=1002(bluetooth) com.android.bluetooth expire 1 line
09-01 01:10:53.057 15450 15468 I chatty  : uid=1002(bluetooth) com.android.bluetooth expire 19 lines
09-01 01:10:53.058 15450 15477 I chatty  : uid=1002(bluetooth) com.android.bluetooth expire 7 lines
09-01 01:10:53.719 15450 15478 I chatty  : uid=1002(bluetooth) com.android.bluetooth expire 1 line
09-01 01:11:01.062 15450 15471 I chatty  : uid=1002(bluetooth) com.android.bluetooth expire 3 lines
09-01 01:11:01.065 15450 15479 I chatty  : uid=1002(bluetooth) com.android.bluetooth expire 21 lines
09-01 01:11:01.068 15450 15480 I chatty  : uid=1002(bluetooth) com.android.bluetooth expire 2 lines
09-01 01:11:01.747   670 12016 D BluetoothAdapter: onBluetoothServiceDown: android.bluetooth.IBluetooth$Stub$Proxy@7c5b4b2
09-01 01:11:01.747   442   462 D BluetoothAdapter: onBluetoothServiceDown: android.bluetooth.IBluetooth$Stub$Proxy@5e81bb8
09-01 01:11:01.747   653   666 D BluetoothAdapter: onBluetoothServiceDown: android.bluetooth.IBluetooth$Stub$Proxy@9118cc6
09-01 01:11:01.748   567   590 D BluetoothAdapter: onBluetoothServiceDown: android.bluetooth.IBluetooth$Stub$Proxy@18b45d5
09-01 01:11:02.061 15482 15482 I chatty  : uid=1002(bluetooth) com.android.bluetooth expire 36 lines
09-01 01:11:02.103 15482 15498 I chatty  : uid=1002(bluetooth) com.android.bluetooth expire 12 lines
09-01 01:11:02.104 15482 15499 I chatty  : uid=1002(bluetooth) com.android.bluetooth expire 39 lines
09-01 01:11:02.105 15482 15502 I chatty  : uid=1002(bluetooth) com.android.bluetooth expire 4 lines
09-01 01:11:02.106 15482 15503 I chatty  : uid=1002(bluetooth) com.android.bluetooth expire 1 line
09-01 01:11:02.107 15482 15504 I chatty  : uid=1002(bluetooth) com.android.bluetooth expire 3 lines
09-01 01:11:02.117 15482 15496 I chatty  : uid=1002(bluetooth) com.android.bluetooth expire 2 lines
09-01 01:11:02.119   442   462 D BluetoothAdapter: onBluetoothServiceUp: android.bluetooth.IBluetooth$Stub$Proxy@8d38d85
09-01 01:11:02.119   670 12016 D BluetoothAdapter: onBluetoothServiceUp: android.bluetooth.IBluetooth$Stub$Proxy@fe85c03
09-01 01:11:02.119   653   666 D BluetoothAdapter: onBluetoothServiceUp: android.bluetooth.IBluetooth$Stub$Proxy@c817487
09-01 01:11:02.120   567   590 D BluetoothAdapter: onBluetoothServiceUp: android.bluetooth.IBluetooth$Stub$Proxy@f51d1ea
09-01 01:11:02.120 15482 15494 I chatty  : uid=1002(bluetooth) com.android.bluetooth expire 1 line
09-01 01:11:02.147 15482 15505 I chatty  : uid=1002(bluetooth) com.android.bluetooth expire 1 line
09-01 01:11:02.158 15482 15508 I chatty  : uid=1002(bluetooth) com.android.bluetooth expire 7 lines
09-01 01:11:02.818 15482 15509 I chatty  : uid=1002(bluetooth) com.android.bluetooth expire 1 line
09-01 01:11:10.163 15482 15510 I chatty  : uid=1002(bluetooth) com.android.bluetooth expire 21 lines
09-01 01:11:10.172 15482 15511 I chatty  : uid=1002(bluetooth) com.android.bluetooth expire 2 lines
09-01 01:11:10.849   442  1452 I chatty  : uid=1000(system) Binder:442_10 expire 8 lines
09-01 01:11:10.851   442   462 D BluetoothAdapter: onBluetoothServiceDown: android.bluetooth.IBluetooth$Stub$Proxy@8d38d85
09-01 01:11:10.852   670 12016 D BluetoothAdapter: onBluetoothServiceDown: android.bluetooth.IBluetooth$Stub$Proxy@fe85c03
09-01 01:11:10.852   653   666 D BluetoothAdapter: onBluetoothServiceDown: android.bluetooth.IBluetooth$Stub$Proxy@c817487
09-01 01:11:10.852   567   590 D BluetoothAdapter: onBluetoothServiceDown: android.bluetooth.IBluetooth$Stub$Proxy@f51d1ea
09-01 01:11:10.858   442   458 I chatty  : uid=1000(system) ActivityManager expire 2 lines
09-01 01:11:11.169 15512 15512 I chatty  : uid=1002(bluetooth) com.android.bluetooth expire 13 lines
09-01 01:11:11.215 15512 15528 I chatty  : uid=1002(bluetooth) com.android.bluetooth expire 1 line
09-01 01:11:11.215 15512 15529 I chatty  : uid=1002(bluetooth) com.android.bluetooth expire 20 lines
09-01 01:11:11.217 15512 15532 I chatty  : uid=1002(bluetooth) com.android.bluetooth expire 1 line
09-01 01:11:11.217 15512 15533 I chatty  : uid=1002(bluetooth) com.android.bluetooth expire 1 line
09-01 01:11:11.219 15512 15534 I chatty  : uid=1002(bluetooth) com.android.bluetooth expire 3 lines
09-01 01:11:11.219 15512 15512 I chatty  : uid=1002(bluetooth) com.android.bluetooth expire 23 lines
09-01 01:11:11.231 15512 15526 I chatty  : uid=1002(bluetooth) com.android.bluetooth expire 2 lines
09-01 01:11:11.233   670 12016 D BluetoothAdapter: onBluetoothServiceUp: android.bluetooth.IBluetooth$Stub$Proxy@f4a4780
09-01 01:11:11.233   442   462 D BluetoothAdapter: onBluetoothServiceUp: android.bluetooth.IBluetooth$Stub$Proxy@ca2157e
09-01 01:11:11.233   653   666 D BluetoothAdapter: onBluetoothServiceUp: android.bluetooth.IBluetooth$Stub$Proxy@c09efb4
09-01 01:11:11.233   567   590 D BluetoothAdapter: onBluetoothServiceUp: android.bluetooth.IBluetooth$Stub$Proxy@8c7dcdb
09-01 01:11:11.234 15512 15524 I chatty  : uid=1002(bluetooth) com.android.bluetooth expire 1 line
09-01 01:11:11.234 15512 15528 I chatty  : uid=1002(bluetooth) com.android.bluetooth expire 11 lines
09-01 01:11:11.245 15512 15535 I chatty  : uid=1002(bluetooth) com.android.bluetooth expire 1 line
09-01 01:11:11.261 15512 15529 I chatty  : uid=1002(bluetooth) com.android.bluetooth expire 19 lines
09-01 01:11:11.262 15512 15538 I chatty  : uid=1002(bluetooth) com.android.bluetooth expire 7 lines
09-01 01:11:11.922 15512 15539 I chatty  : uid=1002(bluetooth) com.android.bluetooth expire 1 line
09-01 01:11:19.266 15512 15532 I chatty  : uid=1002(bluetooth) com.android.bluetooth expire 3 lines
09-01 01:11:19.268 15512 15540 I chatty  : uid=1002(bluetooth) com.android.bluetooth expire 21 lines
09-01 01:11:19.273 15512 15541 I chatty  : uid=1002(bluetooth) com.android.bluetooth expire 2 lines
09-01 01:11:19.952   442  1339 I chatty  : uid=1000(system) Binder:442_D expire 12 lines
09-01 01:11:19.954   442   462 D BluetoothAdapter: onBluetoothServiceDown: android.bluetooth.IBluetooth$Stub$Proxy@ca2157e
09-01 01:11:19.955   670 12016 D BluetoothAdapter: onBluetoothServiceDown: android.bluetooth.IBluetooth$Stub$Proxy@f4a4780
09-01 01:11:19.955   653   666 D BluetoothAdapter: onBluetoothServiceDown: android.bluetooth.IBluetooth$Stub$Proxy@c09efb4
09-01 01:11:19.955   567   590 D BluetoothAdapter: onBluetoothServiceDown: android.bluetooth.IBluetooth$Stub$Proxy@8c7dcdb
09-01 01:11:20.270 15542 15542 I chatty  : uid=1002(bluetooth) com.android.bluetooth expire 36 lines
09-01 01:11:20.311 15542 15558 I chatty  : uid=1002(bluetooth) com.android.bluetooth expire 12 lines
09-01 01:11:20.312 15542 15559 I chatty  : uid=1002(bluetooth) com.android.bluetooth expire 39 lines
09-01 01:11:20.314 15542 15562 I chatty  : uid=1002(bluetooth) com.android.bluetooth expire 4 lines
09-01 01:11:20.314 15542 15563 I chatty  : uid=1002(bluetooth) com.android.bluetooth expire 1 line
09-01 01:11:20.316 15542 15564 I chatty  : uid=1002(bluetooth) com.android.bluetooth expire 3 lines
09-01 01:11:20.337 15542 15556 I chatty  : uid=1002(bluetooth) com.android.bluetooth expire 3 lines
09-01 01:11:20.345   442   462 D BluetoothAdapter: onBluetoothServiceUp: android.bluetooth.IBluetooth$Stub$Proxy@62b5030
09-01 01:11:20.345   670 12016 D BluetoothAdapter: onBluetoothServiceUp: android.bluetooth.IBluetooth$Stub$Proxy@169a1b9
09-01 01:11:20.345   653   666 D BluetoothAdapter: onBluetoothServiceUp: android.bluetooth.IBluetooth$Stub$Proxy@7c17dd
09-01 01:11:20.346   567   590 D BluetoothAdapter: onBluetoothServiceUp: android.bluetooth.IBluetooth$Stub$Proxy@ec5f378
09-01 01:11:20.353 15542 15565 I chatty  : uid=1002(bluetooth) com.android.bluetooth expire 1 line
09-01 01:11:20.370 15542 15568 I chatty  : uid=1002(bluetooth) com.android.bluetooth expire 7 lines
09-01 01:11:21.030 15542 15569 I chatty  : uid=1002(bluetooth) com.android.bluetooth expire 1 line
09-01 01:11:28.376 15542 15570 I chatty  : uid=1002(bluetooth) com.android.bluetooth expire 21 lines
09-01 01:11:28.384 15542 15571 I chatty  : uid=1002(bluetooth) com.android.bluetooth expire 2 lines
09-01 01:11:29.063   442   462 D BluetoothAdapter: onBluetoothServiceDown: android.bluetooth.IBluetooth$Stub$Proxy@62b5030
09-01 01:11:29.063   670 12016 D BluetoothAdapter: onBluetoothServiceDown: android.bluetooth.IBluetooth$Stub$Proxy@169a1b9
09-01 01:11:29.063   567   590 D BluetoothAdapter: onBluetoothServiceDown: android.bluetooth.IBluetooth$Stub$Proxy@ec5f378
09-01 01:11:29.064   653   666 D BluetoothAdapter: onBluetoothServiceDown: android.bluetooth.IBluetooth$Stub$Proxy@7c17dd
09-01 01:11:29.372 15573 15573 I chatty  : uid=1002(bluetooth) com.android.bluetooth expire 13 lines
09-01 01:11:29.417 15573 15590 I chatty  : uid=1002(bluetooth) com.android.bluetooth expire 1 line
09-01 01:11:29.418 15573 15591 I chatty  : uid=1002(bluetooth) com.android.bluetooth expire 16 lines
09-01 01:11:29.420 15573 15594 I chatty  : uid=1002(bluetooth) com.android.bluetooth expire 1 line
09-01 01:11:29.427 15573 15595 I chatty  : uid=1002(bluetooth) com.android.bluetooth expire 1 line
09-01 01:11:29.429 15573 15591 I chatty  : uid=1002(bluetooth) com.android.bluetooth expire 23 lines
09-01 01:11:29.430 15573 15596 I chatty  : uid=1002(bluetooth) com.android.bluetooth expire 3 lines
09-01 01:11:29.431 15573 15573 I chatty  : uid=1002(bluetooth) com.android.bluetooth expire 23 lines
09-01 01:11:29.446 15573 15588 I chatty  : uid=1002(bluetooth) com.android.bluetooth expire 3 lines
09-01 01:11:29.448   670 12016 D BluetoothAdapter: onBluetoothServiceUp: android.bluetooth.IBluetooth$Stub$Proxy@75669fe
09-01 01:11:29.448   442   462 D BluetoothAdapter: onBluetoothServiceUp: android.bluetooth.IBluetooth$Stub$Proxy@535491d
09-01 01:11:29.449   567   590 D BluetoothAdapter: onBluetoothServiceUp: android.bluetooth.IBluetooth$Stub$Proxy@1476a51
09-01 01:11:29.449   653   666 D BluetoothAdapter: onBluetoothServiceUp: android.bluetooth.IBluetooth$Stub$Proxy@609af52
09-01 01:11:29.450 15573 15590 I chatty  : uid=1002(bluetooth) com.android.bluetooth expire 11 lines
09-01 01:11:29.452 15573 15597 I chatty  : uid=1002(bluetooth) com.android.bluetooth expire 1 line
09-01 01:11:29.468 15573 15600 I chatty  : uid=1002(bluetooth) com.android.bluetooth expire 7 lines
09-01 01:11:30.126 15573 15601 I chatty  : uid=1002(bluetooth) com.android.bluetooth expire 1 line
09-01 01:11:37.472 15573 15594 I chatty  : uid=1002(bluetooth) com.android.bluetooth expire 3 lines
09-01 01:11:37.474 15573 15602 I chatty  : uid=1002(bluetooth) com.android.bluetooth expire 21 lines
09-01 01:11:37.482 15573 15603 I chatty  : uid=1002(bluetooth) com.android.bluetooth expire 2 lines
09-01 01:11:38.157   442   462 D BluetoothAdapter: onBluetoothServiceDown: android.bluetooth.IBluetooth$Stub$Proxy@535491d
09-01 01:11:38.157   670 12016 D BluetoothAdapter: onBluetoothServiceDown: android.bluetooth.IBluetooth$Stub$Proxy@75669fe
09-01 01:11:38.157   653   666 D BluetoothAdapter: onBluetoothServiceDown: android.bluetooth.IBluetooth$Stub$Proxy@609af52
09-01 01:11:38.158   567   590 D BluetoothAdapter: onBluetoothServiceDown: android.bluetooth.IBluetooth$Stub$Proxy@1476a51
09-01 01:11:38.477 15604 15604 I chatty  : uid=1002(bluetooth) com.android.bluetooth expire 36 lines
09-01 01:11:38.529 15604 15621 I chatty  : uid=1002(bluetooth) com.android.bluetooth expire 12 lines
09-01 01:11:38.529 15604 15622 I chatty  : uid=1002(bluetooth) com.android.bluetooth expire 39 lines
09-01 01:11:38.532 15604 15625 I chatty  : uid=1002(bluetooth) com.android.bluetooth expire 4 lines
09-01 01:11:38.533 15604 15626 I chatty  : uid=1002(bluetooth) com.android.bluetooth expire 1 line
09-01 01:11:38.534 15604 15627 I chatty  : uid=1002(bluetooth) com.android.bluetooth expire 3 lines
09-01 01:11:38.544 15604 15619 I chatty  : uid=1002(bluetooth) com.android.bluetooth expire 2 lines
09-01 01:11:38.546   670 12016 D BluetoothAdapter: onBluetoothServiceUp: android.bluetooth.IBluetooth$Stub$Proxy@c8ab55f
09-01 01:11:38.546   442   462 D BluetoothAdapter: onBluetoothServiceUp: android.bluetooth.IBluetooth$Stub$Proxy@38ab7b6
09-01 01:11:38.546   567   590 D BluetoothAdapter: onBluetoothServiceUp: android.bluetooth.IBluetooth$Stub$Proxy@97322b6
09-01 01:11:38.547 15604 15618 I chatty  : uid=1002(bluetooth) com.android.bluetooth expire 1 line
09-01 01:11:38.547   653   666 D BluetoothAdapter: onBluetoothServiceUp: android.bluetooth.IBluetooth$Stub$Proxy@f6d223
09-01 01:11:38.556 15604 15628 I chatty  : uid=1002(bluetooth) com.android.bluetooth expire 1 line
09-01 01:11:38.572 15604 15631 I chatty  : uid=1002(bluetooth) com.android.bluetooth expire 7 lines
09-01 01:11:39.235 15604 15632 I chatty  : uid=1002(bluetooth) com.android.bluetooth expire 1 line
09-01 01:11:46.578 15604 15633 I chatty  : uid=1002(bluetooth) com.android.bluetooth expire 21 lines
09-01 01:11:46.583 15604 15634 I chatty  : uid=1002(bluetooth) com.android.bluetooth expire 2 lines
09-01 01:11:47.260   442   639 I chatty  : uid=1000(system) Binder:442_4 expire 12 lines
09-01 01:11:47.262   442   462 D BluetoothAdapter: onBluetoothServiceDown: android.bluetooth.IBluetooth$Stub$Proxy@38ab7b6
09-01 01:11:47.262   670 12016 D BluetoothAdapter: onBluetoothServiceDown: android.bluetooth.IBluetooth$Stub$Proxy@c8ab55f
09-01 01:11:47.262   653   666 D BluetoothAdapter: onBluetoothServiceDown: android.bluetooth.IBluetooth$Stub$Proxy@f6d223
09-01 01:11:47.263   567   590 D BluetoothAdapter: onBluetoothServiceDown: android.bluetooth.IBluetooth$Stub$Proxy@97322b6
09-01 01:11:47.580 15635 15635 I chatty  : uid=1002(bluetooth) com.android.bluetooth expire 13 lines
09-01 01:11:47.621 15635 15651 I chatty  : uid=1002(bluetooth) com.android.bluetooth expire 1 line
09-01 01:11:47.622 15635 15652 I chatty  : uid=1002(bluetooth) com.android.bluetooth expire 39 lines
09-01 01:11:47.627 15635 15655 I chatty  : uid=1002(bluetooth) com.android.bluetooth expire 4 lines
09-01 01:11:47.628 15635 15656 I chatty  : uid=1002(bluetooth) com.android.bluetooth expire 1 line
09-01 01:11:47.629 15635 15657 I chatty  : uid=1002(bluetooth) com.android.bluetooth expire 3 lines
09-01 01:11:47.630 15635 15635 I chatty  : uid=1002(bluetooth) com.android.bluetooth expire 23 lines
09-01 01:11:47.650 15635 15649 I chatty  : uid=1002(bluetooth) com.android.bluetooth expire 2 lines
09-01 01:11:47.653   442   462 D BluetoothAdapter: onBluetoothServiceUp: android.bluetooth.IBluetooth$Stub$Proxy@ceb53cb
09-01 01:11:47.653   670 12016 D BluetoothAdapter: onBluetoothServiceUp: android.bluetooth.IBluetooth$Stub$Proxy@cc5bac
09-01 01:11:47.653   653   666 D BluetoothAdapter: onBluetoothServiceUp: android.bluetooth.IBluetooth$Stub$Proxy@7305320
09-01 01:11:47.653   567   590 D BluetoothAdapter: onBluetoothServiceUp: android.bluetooth.IBluetooth$Stub$Proxy@95d6bb7
09-01 01:11:47.654 15635 15648 I chatty  : uid=1002(bluetooth) com.android.bluetooth expire 1 line
09-01 01:11:47.655 15635 15651 I chatty  : uid=1002(bluetooth) com.android.bluetooth expire 11 lines
09-01 01:11:47.664 15635 15658 I chatty  : uid=1002(bluetooth) com.android.bluetooth expire 1 line
09-01 01:11:47.686 15635 15661 I chatty  : uid=1002(bluetooth) com.android.bluetooth expire 7 lines
09-01 01:11:48.345 15635 15662 I chatty  : uid=1002(bluetooth) com.android.bluetooth expire 1 line
09-01 01:11:55.694 15635 15663 I chatty  : uid=1002(bluetooth) com.android.bluetooth expire 21 lines
09-01 01:11:55.697 15635 15664 I chatty  : uid=1002(bluetooth) com.android.bluetooth expire 2 lines
09-01 01:11:56.377   442   462 D BluetoothAdapter: onBluetoothServiceDown: android.bluetooth.IBluetooth$Stub$Proxy@ceb53cb
09-01 01:11:56.377   670 12016 D BluetoothAdapter: onBluetoothServiceDown: android.bluetooth.IBluetooth$Stub$Proxy@cc5bac
09-01 01:11:56.377   567   590 D BluetoothAdapter: onBluetoothServiceDown: android.bluetooth.IBluetooth$Stub$Proxy@95d6bb7
09-01 01:11:56.377   653   666 D BluetoothAdapter: onBluetoothServiceDown: android.bluetooth.IBluetooth$Stub$Proxy@7305320
09-01 01:11:56.694 15665 15665 I chatty  : uid=1002(bluetooth) com.android.bluetooth expire 36 lines
09-01 01:11:56.748 15665 15681 I chatty  : uid=1002(bluetooth) com.android.bluetooth expire 12 lines
09-01 01:11:56.749 15665 15682 I chatty  : uid=1002(bluetooth) com.android.bluetooth expire 39 lines
09-01 01:11:56.752 15665 15685 I chatty  : uid=1002(bluetooth) com.android.bluetooth expire 4 lines
09-01 01:11:56.753 15665 15686 I chatty  : uid=1002(bluetooth) com.android.bluetooth expire 1 line
09-01 01:11:56.756 15665 15687 I chatty  : uid=1002(bluetooth) com.android.bluetooth expire 3 lines
09-01 01:11:56.768 15665 15679 I chatty  : uid=1002(bluetooth) com.android.bluetooth expire 2 lines
09-01 01:11:56.770   670 12016 D BluetoothAdapter: onBluetoothServiceUp: android.bluetooth.IBluetooth$Stub$Proxy@df9a075
09-01 01:11:56.770   442   462 D BluetoothAdapter: onBluetoothServiceUp: android.bluetooth.IBluetooth$Stub$Proxy@3b36bec
09-01 01:11:56.771   567   590 D BluetoothAdapter: onBluetoothServiceUp: android.bluetooth.IBluetooth$Stub$Proxy@a22cf24
09-01 01:11:56.771   653   666 D BluetoothAdapter: onBluetoothServiceUp: android.bluetooth.IBluetooth$Stub$Proxy@3a754d9
09-01 01:11:56.772 15665 15678 I chatty  : uid=1002(bluetooth) com.android.bluetooth expire 1 line
09-01 01:11:56.775 15665 15688 I chatty  : uid=1002(bluetooth) com.android.bluetooth expire 1 line
09-01 01:11:56.804 15665 15691 I chatty  : uid=1002(bluetooth) com.android.bluetooth expire 7 lines
09-01 01:11:57.463 15665 15692 I chatty  : uid=1002(bluetooth) com.android.bluetooth expire 1 line
09-01 01:12:04.810 15665 15693 I chatty  : uid=1002(bluetooth) com.android.bluetooth expire 21 lines
09-01 01:12:04.815 15665 15694 I chatty  : uid=1002(bluetooth) com.android.bluetooth expire 2 lines
09-01 01:12:05.490   442   462 D BluetoothAdapter: onBluetoothServiceDown: android.bluetooth.IBluetooth$Stub$Proxy@3b36bec
09-01 01:12:05.490   670 12016 D BluetoothAdapter: onBluetoothServiceDown: android.bluetooth.IBluetooth$Stub$Proxy@df9a075
09-01 01:12:05.491   653   666 D BluetoothAdapter: onBluetoothServiceDown: android.bluetooth.IBluetooth$Stub$Proxy@3a754d9
09-01 01:12:05.491   567   590 D BluetoothAdapter: onBluetoothServiceDown: android.bluetooth.IBluetooth$Stub$Proxy@a22cf24
09-01 01:12:05.811 15695 15695 I chatty  : uid=1002(bluetooth) com.android.bluetooth expire 13 lines
09-01 01:12:05.854 15695 15712 I chatty  : uid=1002(bluetooth) com.android.bluetooth expire 1 line
09-01 01:12:05.855 15695 15713 I chatty  : uid=1002(bluetooth) com.android.bluetooth expire 39 lines
09-01 01:12:05.856 15695 15716 I chatty  : uid=1002(bluetooth) com.android.bluetooth expire 4 lines
09-01 01:12:05.857 15695 15717 I chatty  : uid=1002(bluetooth) com.android.bluetooth expire 1 line
09-01 01:12:05.858 15695 15718 I chatty  : uid=1002(bluetooth) com.android.bluetooth expire 3 lines
09-01 01:12:05.858 15695 15695 I chatty  : uid=1002(bluetooth) com.android.bluetooth expire 23 lines
09-01 01:12:05.869 15695 15710 I chatty  : uid=1002(bluetooth) com.android.bluetooth expire 2 lines
09-01 01:12:05.872   670 12016 D BluetoothAdapter: onBluetoothServiceUp: android.bluetooth.IBluetooth$Stub$Proxy@1ab280a
09-01 01:12:05.872   442   462 D BluetoothAdapter: onBluetoothServiceUp: android.bluetooth.IBluetooth$Stub$Proxy@28ef269
09-01 01:12:05.872   653   666 D BluetoothAdapter: onBluetoothServiceUp: android.bluetooth.IBluetooth$Stub$Proxy@2ef6e9e
09-01 01:12:05.873   567   590 D BluetoothAdapter: onBluetoothServiceUp: android.bluetooth.IBluetooth$Stub$Proxy@5c75a8d
09-01 01:12:05.873 15695 15709 I chatty  : uid=1002(bluetooth) com.android.bluetooth expire 1 line
09-01 01:12:05.874 15695 15712 I chatty  : uid=1002(bluetooth) com.android.bluetooth expire 11 lines
09-01 01:12:05.878 15695 15719 I chatty  : uid=1002(bluetooth) com.android.bluetooth expire 1 line
09-01 01:12:05.896 15695 15722 I chatty  : uid=1002(bluetooth) com.android.bluetooth expire 7 lines
09-01 01:12:06.556 15695 15723 I chatty  : uid=1002(bluetooth) com.android.bluetooth expire 1 line
09-01 01:12:13.904 15695 15724 I chatty  : uid=1002(bluetooth) com.android.bluetooth expire 21 lines
09-01 01:12:13.912 15695 15725 I chatty  : uid=1002(bluetooth) com.android.bluetooth expire 2 lines
09-01 01:12:14.585   670 12016 D BluetoothAdapter: onBluetoothServiceDown: android.bluetooth.IBluetooth$Stub$Proxy@1ab280a
09-01 01:12:14.587   442   462 D BluetoothAdapter: onBluetoothServiceDown: android.bluetooth.IBluetooth$Stub$Proxy@28ef269
09-01 01:12:14.587   567   590 D BluetoothAdapter: onBluetoothServiceDown: android.bluetooth.IBluetooth$Stub$Proxy@5c75a8d
09-01 01:12:14.587   653   666 D BluetoothAdapter: onBluetoothServiceDown: android.bluetooth.IBluetooth$Stub$Proxy@2ef6e9e
09-01 01:12:14.917 15726 15726 I chatty  : uid=1002(bluetooth) com.android.bluetooth expire 36 lines
09-01 01:12:14.968 15726 15743 I chatty  : uid=1002(bluetooth) com.android.bluetooth expire 12 lines
09-01 01:12:14.969 15726 15744 I chatty  : uid=1002(bluetooth) com.android.bluetooth expire 39 lines
09-01 01:12:14.970 15726 15747 I chatty  : uid=1002(bluetooth) com.android.bluetooth expire 4 lines
09-01 01:12:14.971 15726 15748 I chatty  : uid=1002(bluetooth) com.android.bluetooth expire 1 line
09-01 01:12:14.972 15726 15749 I chatty  : uid=1002(bluetooth) com.android.bluetooth expire 3 lines
09-01 01:12:14.982 15726 15741 I chatty  : uid=1002(bluetooth) com.android.bluetooth expire 2 lines
09-01 01:12:14.987   670 12016 D BluetoothAdapter: onBluetoothServiceUp: android.bluetooth.IBluetooth$Stub$Proxy@dcf487b
09-01 01:12:14.987   442   462 D BluetoothAdapter: onBluetoothServiceUp: android.bluetooth.IBluetooth$Stub$Proxy@f7cd23
09-01 01:12:14.987   567   590 D BluetoothAdapter: onBluetoothServiceUp: android.bluetooth.IBluetooth$Stub$Proxy@986b442
09-01 01:12:14.987   653   666 D BluetoothAdapter: onBluetoothServiceUp: android.bluetooth.IBluetooth$Stub$Proxy@fda6d7f
09-01 01:12:14.988 15726 15739 I chatty  : uid=1002(bluetooth) com.android.bluetooth expire 1 line
09-01 01:12:14.995 15726 15750 I chatty  : uid=1002(bluetooth) com.android.bluetooth expire 1 line
09-01 01:12:15.009 15726 15753 I chatty  : uid=1002(bluetooth) com.android.bluetooth expire 7 lines
09-01 01:12:15.669 15726 15754 I chatty  : uid=1002(bluetooth) com.android.bluetooth expire 1 line
09-01 01:12:23.018 15726 15755 I chatty  : uid=1002(bluetooth) com.android.bluetooth expire 21 lines
09-01 01:12:23.023 15726 15756 I chatty  : uid=1002(bluetooth) com.android.bluetooth expire 2 lines
09-01 01:12:23.697   442  1582 I chatty  : uid=1000(system) Binder:442_13 expire 4 lines
09-01 01:12:23.698   442   462 D BluetoothAdapter: onBluetoothServiceDown: android.bluetooth.IBluetooth$Stub$Proxy@f7cd23
09-01 01:12:23.698   670 12016 D BluetoothAdapter: onBluetoothServiceDown: android.bluetooth.IBluetooth$Stub$Proxy@dcf487b
09-01 01:12:23.699   653   666 D BluetoothAdapter: onBluetoothServiceDown: android.bluetooth.IBluetooth$Stub$Proxy@fda6d7f
09-01 01:12:23.699   567   590 D BluetoothAdapter: onBluetoothServiceDown: android.bluetooth.IBluetooth$Stub$Proxy@986b442
09-01 01:12:24.019 15757 15757 I chatty  : uid=1002(bluetooth) com.android.bluetooth expire 13 lines
09-01 01:12:24.061 15757 15773 I chatty  : uid=1002(bluetooth) com.android.bluetooth expire 1 line
09-01 01:12:24.061 15757 15774 I chatty  : uid=1002(bluetooth) com.android.bluetooth expire 39 lines
09-01 01:12:24.065 15757 15777 I chatty  : uid=1002(bluetooth) com.android.bluetooth expire 4 lines
09-01 01:12:24.067 15757 15778 I chatty  : uid=1002(bluetooth) com.android.bluetooth expire 1 line
09-01 01:12:24.068 15757 15779 I chatty  : uid=1002(bluetooth) com.android.bluetooth expire 3 lines
09-01 01:12:24.068 15757 15757 I chatty  : uid=1002(bluetooth) com.android.bluetooth expire 23 lines
09-01 01:12:24.086 15757 15771 I chatty  : uid=1002(bluetooth) com.android.bluetooth expire 2 lines
09-01 01:12:24.088   442   462 D BluetoothAdapter: onBluetoothServiceUp: android.bluetooth.IBluetooth$Stub$Proxy@2ba354d
09-01 01:12:24.088   670 12016 D BluetoothAdapter: onBluetoothServiceUp: android.bluetooth.IBluetooth$Stub$Proxy@3798698
09-01 01:12:24.088   653   666 D BluetoothAdapter: onBluetoothServiceUp: android.bluetooth.IBluetooth$Stub$Proxy@c97814c
09-01 01:12:24.088   567   590 D BluetoothAdapter: onBluetoothServiceUp: android.bluetooth.IBluetooth$Stub$Proxy@6530c53
09-01 01:12:24.089 15757 15769 I chatty  : uid=1002(bluetooth) com.android.bluetooth expire 1 line
09-01 01:12:24.089 15757 15773 I chatty  : uid=1002(bluetooth) com.android.bluetooth expire 11 lines
09-01 01:12:24.094 15757 15780 I chatty  : uid=1002(bluetooth) com.android.bluetooth expire 1 line
09-01 01:12:24.113 15757 15783 I chatty  : uid=1002(bluetooth) com.android.bluetooth expire 7 lines
09-01 01:12:24.772 15757 15784 I chatty  : uid=1002(bluetooth) com.android.bluetooth expire 1 line
09-01 01:12:32.120 15757 15785 I chatty  : uid=1002(bluetooth) com.android.bluetooth expire 21 lines
09-01 01:12:32.124 15757 15786 I chatty  : uid=1002(bluetooth) com.android.bluetooth expire 2 lines
09-01 01:12:32.799   442  1408 I chatty  : uid=1000(system) Binder:442_F expire 2 lines
09-01 01:12:32.800   442   462 D BluetoothManagerService: Broadcasting onBluetoothServiceDown() to 4 receivers.
09-01 01:12:32.800   442   462 D BluetoothAdapter: onBluetoothServiceDown: android.bluetooth.IBluetooth$Stub$Proxy@2ba354d
09-01 01:12:32.800   670 12016 D BluetoothAdapter: onBluetoothServiceDown: android.bluetooth.IBluetooth$Stub$Proxy@3798698
09-01 01:12:32.801   567   590 D BluetoothAdapter: onBluetoothServiceDown: android.bluetooth.IBluetooth$Stub$Proxy@6530c53
09-01 01:12:32.801   653   666 D BluetoothAdapter: onBluetoothServiceDown: android.bluetooth.IBluetooth$Stub$Proxy@c97814c
09-01 01:12:32.801   442  1408 W ActivityManager: Scheduling restart of crashed service com.android.bluetooth/.gatt.GattService in 1000ms
09-01 01:12:32.801   442  1408 W ActivityManager: Scheduling restart of crashed service com.android.bluetooth/.btservice.AdapterService in 1000ms
09-01 01:12:33.001   442   462 D BluetoothManagerService: MESSAGE_RESTART_BLUETOOTH_SERVICE
09-01 01:12:33.035   442   462 I ActivityManager: Start proc 15787:com.android.bluetooth/1002 for service com.android.bluetooth/.btservice.AdapterService
09-01 01:12:33.125 15787 15787 I chatty  : uid=1002(bluetooth) com.android.bluetooth expire 36 lines
09-01 01:12:33.166 15787 15804 I chatty  : uid=1002(bluetooth) com.android.bluetooth expire 12 lines
09-01 01:12:33.167 15787 15805 I chatty  : uid=1002(bluetooth) com.android.bluetooth expire 39 lines
09-01 01:12:33.170 15787 15808 I chatty  : uid=1002(bluetooth) com.android.bluetooth expire 4 lines
09-01 01:12:33.170 15787 15809 I chatty  : uid=1002(bluetooth) com.android.bluetooth expire 1 line
09-01 01:12:33.172 15787 15810 I chatty  : uid=1002(bluetooth) com.android.bluetooth expire 3 lines
09-01 01:12:33.177   442   442 D BluetoothManagerService: Bluetooth Adapter name changed to AOSP on navi_ref
09-01 01:12:33.177   442   442 D BluetoothManagerService: Stored Bluetooth name: AOSP on navi_ref
09-01 01:12:33.181   442   442 D BluetoothManagerService: BluetoothServiceConnection: com.android.bluetooth.btservice.AdapterService
09-01 01:12:33.181   442   462 D BluetoothManagerService: MESSAGE_BLUETOOTH_SERVICE_CONNECTED: 1
09-01 01:12:33.181 15787 15802 I chatty  : uid=1002(bluetooth) com.android.bluetooth expire 3 lines
09-01 01:12:33.183   442   462 D BluetoothManagerService: Broadcasting onBluetoothServiceUp() to 5 receivers.
09-01 01:12:33.183   670 12016 D BluetoothAdapter: onBluetoothServiceUp: android.bluetooth.IBluetooth$Stub$Proxy@350cef1
09-01 01:12:33.183   442   462 D BluetoothAdapter: onBluetoothServiceUp: android.bluetooth.IBluetooth$Stub$Proxy@277fd26
09-01 01:12:33.184   567   590 D BluetoothAdapter: onBluetoothServiceUp: android.bluetooth.IBluetooth$Stub$Proxy@a4fb990
09-01 01:12:33.184   653   666 D BluetoothAdapter: onBluetoothServiceUp: android.bluetooth.IBluetooth$Stub$Proxy@2af6595
09-01 01:12:33.185   442   462 D BluetoothManagerService: MESSAGE_BLUETOOTH_STATE_CHANGE: OFF > BLE_TURNING_ON
09-01 01:12:33.185   442   462 D BluetoothManagerService: Sending BLE State Change: OFF > BLE_TURNING_ON
09-01 01:12:33.188 15787 15811 I chatty  : uid=1002(bluetooth) com.android.bluetooth expire 1 line
09-01 01:12:33.205 15787 15814 I chatty  : uid=1002(bluetooth) com.android.bluetooth expire 7 lines
09-01 01:12:33.864 15787 15815 I chatty  : uid=1002(bluetooth) com.android.bluetooth expire 1 line
09-01 01:12:41.211 15787 15816 I chatty  : uid=1002(bluetooth) com.android.bluetooth expire 21 lines
09-01 01:12:41.216 15787 15817 I chatty  : uid=1002(bluetooth) com.android.bluetooth expire 2 lines
09-01 01:12:41.891   442  1408 I ActivityManager: Process com.android.bluetooth (pid 15787) has died
09-01 01:12:41.891   442  1408 D ActivityManager: cleanUpApplicationRecord -- 15787
09-01 01:12:41.891   442  1408 W ActivityManager: Scheduling restart of crashed service com.android.bluetooth/.gatt.GattService in 1000ms
09-01 01:12:41.891   442  1408 W ActivityManager: Scheduling restart of crashed service com.android.bluetooth/.btservice.AdapterService in 1000ms
09-01 01:12:41.891   442   442 D BluetoothManagerService: BluetoothServiceConnection, disconnected: com.android.bluetooth.btservice.AdapterService
09-01 01:12:41.892   442   462 E BluetoothManagerService: MESSAGE_BLUETOOTH_SERVICE_DISCONNECTED(1)
09-01 01:12:41.892   442   462 D BluetoothManagerService: Broadcasting onBluetoothServiceDown() to 4 receivers.
09-01 01:12:41.893   442   462 D BluetoothAdapter: onBluetoothServiceDown: android.bluetooth.IBluetooth$Stub$Proxy@277fd26
09-01 01:12:41.893   670 12016 D BluetoothAdapter: onBluetoothServiceDown: android.bluetooth.IBluetooth$Stub$Proxy@350cef1
09-01 01:12:41.893   567   590 D BluetoothAdapter: onBluetoothServiceDown: android.bluetooth.IBluetooth$Stub$Proxy@a4fb990
09-01 01:12:41.894   653   666 D BluetoothAdapter: onBluetoothServiceDown: android.bluetooth.IBluetooth$Stub$Proxy@2af6595
09-01 01:12:42.092   442   462 D BluetoothManagerService: MESSAGE_RESTART_BLUETOOTH_SERVICE
09-01 01:12:42.126   442   462 I ActivityManager: Start proc 15818:com.android.bluetooth/1002 for service com.android.bluetooth/.btservice.AdapterService
09-01 01:12:42.216 15818 15818 I chatty  : uid=1002(bluetooth) com.android.bluetooth expire 36 lines
09-01 01:12:42.260 15818 15834 I chatty  : uid=1002(bluetooth) com.android.bluetooth expire 12 lines
09-01 01:12:42.261 15818 15835 I chatty  : uid=1002(bluetooth) com.android.bluetooth expire 39 lines
09-01 01:12:42.263 15818 15838 I chatty  : uid=1002(bluetooth) com.android.bluetooth expire 4 lines
09-01 01:12:42.263 15818 15839 I chatty  : uid=1002(bluetooth) com.android.bluetooth expire 1 line
09-01 01:12:42.264 15818 15840 I chatty  : uid=1002(bluetooth) com.android.bluetooth expire 3 lines
09-01 01:12:42.268   442   442 D BluetoothManagerService: Bluetooth Adapter name changed to AOSP on navi_ref
09-01 01:12:42.268   442   442 D BluetoothManagerService: Stored Bluetooth name: AOSP on navi_ref
09-01 01:12:42.272   442   442 D BluetoothManagerService: BluetoothServiceConnection: com.android.bluetooth.btservice.AdapterService
09-01 01:12:42.272   442   462 D BluetoothManagerService: MESSAGE_BLUETOOTH_SERVICE_CONNECTED: 1
09-01 01:12:42.273 15818 15830 I chatty  : uid=1002(bluetooth) com.android.bluetooth expire 2 lines
09-01 01:12:42.275   442   462 D BluetoothManagerService: Broadcasting onBluetoothServiceUp() to 5 receivers.
09-01 01:12:42.275   670 12016 D BluetoothAdapter: onBluetoothServiceUp: android.bluetooth.IBluetooth$Stub$Proxy@7dbbad6
09-01 01:12:42.275   442   462 D BluetoothAdapter: onBluetoothServiceUp: android.bluetooth.IBluetooth$Stub$Proxy@2ac257b
09-01 01:12:42.276   653   666 D BluetoothAdapter: onBluetoothServiceUp: android.bluetooth.IBluetooth$Stub$Proxy@bdfd6aa
09-01 01:12:42.276 15818 15832 I chatty  : uid=1002(bluetooth) com.android.bluetooth expire 1 line
09-01 01:12:42.277   567   590 D BluetoothAdapter: onBluetoothServiceUp: android.bluetooth.IBluetooth$Stub$Proxy@3dc1289
09-01 01:12:42.277   442   462 D BluetoothManagerService: MESSAGE_BLUETOOTH_STATE_CHANGE: OFF > BLE_TURNING_ON
09-01 01:12:42.278   442   462 D BluetoothManagerService: Sending BLE State Change: OFF > BLE_TURNING_ON
09-01 01:12:42.283 15818 15841 I chatty  : uid=1002(bluetooth) com.android.bluetooth expire 1 line
09-01 01:12:42.305 15818 15844 I chatty  : uid=1002(bluetooth) com.android.bluetooth expire 7 lines
09-01 01:12:42.965 15818 15845 I chatty  : uid=1002(bluetooth) com.android.bluetooth expire 1 line
09-01 01:12:50.311 15818 15846 I chatty  : uid=1002(bluetooth) com.android.bluetooth expire 21 lines
09-01 01:12:50.315 15818 15847 I chatty  : uid=1002(bluetooth) com.android.bluetooth expire 2 lines
09-01 01:12:50.993   442  1408 I ActivityManager: Process com.android.bluetooth (pid 15818) has died
09-01 01:12:50.993   442   442 D BluetoothManagerService: BluetoothServiceConnection, disconnected: com.android.bluetooth.btservice.AdapterService
09-01 01:12:50.993   442  1408 D ActivityManager: cleanUpApplicationRecord -- 15818
