09-01 00:57:29.054 12820 12846 I chatty  : uid=1002(bluetooth) com.android.bluetooth expire 7 lines
09-01 00:57:29.712 12820 12847 I chatty  : uid=1002(bluetooth) com.android.bluetooth expire 1 line
09-01 00:57:37.059 12820 12848 I chatty  : uid=1002(bluetooth) com.android.bluetooth expire 21 lines
09-01 00:57:37.068 12820 12849 I chatty  : uid=1002(bluetooth) com.android.bluetooth expire 2 lines
09-01 00:57:37.716 12820 12840 I chatty  : uid=1002(bluetooth) com.android.bluetooth expire 2 lines
09-01 00:57:37.743   442   462 D BluetoothAdapter: onBluetoothServiceDown: android.bluetooth.IBluetooth$Stub$Proxy@b9c6a13
09-01 00:57:37.743   670 12016 D BluetoothAdapter: onBluetoothServiceDown: android.bluetooth.IBluetooth$Stub$Proxy@ff70e51
09-01 00:57:37.743   653   666 D BluetoothAdapter: onBluetoothServiceDown: android.bluetooth.IBluetooth$Stub$Proxy@9133ef5
09-01 00:57:37.743   567   590 D BluetoothAdapter: onBluetoothServiceDown: android.bluetooth.IBluetooth$Stub$Proxy@9394670
09-01 00:57:38.058 12850 12850 I chatty  : uid=1002(bluetooth) com.android.bluetooth expire 36 lines
09-01 00:57:38.107 12850 12866 I chatty  : uid=1002(bluetooth) com.android.bluetooth expire 12 lines
09-01 00:57:38.107 12850 12867 I chatty  : uid=1002(bluetooth) com.android.bluetooth expire 39 lines
09-01 00:57:38.110 12850 12870 I chatty  : uid=1002(bluetooth) com.android.bluetooth expire 4 lines
09-01 00:57:38.110 12850 12871 I chatty  : uid=1002(bluetooth) com.android.bluetooth expire 1 line
09-01 00:57:38.112 12850 12872 I chatty  : uid=1002(bluetooth) com.android.bluetooth expire 3 lines
09-01 00:57:38.124 12850 12864 I chatty  : uid=1002(bluetooth) com.android.bluetooth expire 3 lines
09-01 00:57:38.128   442   462 D BluetoothAdapter: onBluetoothServiceUp: android.bluetooth.IBluetooth$Stub$Proxy@17fb814
09-01 00:57:38.128   670 12016 D BluetoothAdapter: onBluetoothServiceUp: android.bluetooth.IBluetooth$Stub$Proxy@633f6b6
09-01 00:57:38.128   567   590 D BluetoothAdapter: onBluetoothServiceUp: android.bluetooth.IBluetooth$Stub$Proxy@b794de9
09-01 00:57:38.128   653   666 D BluetoothAdapter: onBluetoothServiceUp: android.bluetooth.IBluetooth$Stub$Proxy@dea48a
09-01 00:57:38.133 12850 12873 I chatty  : uid=1002(bluetooth) com.android.bluetooth expire 1 line
09-01 00:57:38.152 12850 12876 I chatty  : uid=1002(bluetooth) com.android.bluetooth expire 7 lines
09-01 00:57:38.810 12850 12877 I chatty  : uid=1002(bluetooth) com.android.bluetooth expire 1 line
09-01 00:57:46.159 12850 12878 I chatty  : uid=1002(bluetooth) com.android.bluetooth expire 21 lines
09-01 00:57:46.164 12850 12879 I chatty  : uid=1002(bluetooth) com.android.bluetooth expire 2 lines
09-01 00:57:46.843   442   462 D BluetoothAdapter: onBluetoothServiceDown: android.bluetooth.IBluetooth$Stub$Proxy@17fb814
09-01 00:57:46.843   670 12016 D BluetoothAdapter: onBluetoothServiceDown: android.bluetooth.IBluetooth$Stub$Proxy@633f6b6
09-01 00:57:46.843   567   590 D BluetoothAdapter: onBluetoothServiceDown: android.bluetooth.IBluetooth$Stub$Proxy@b794de9
09-01 00:57:46.844   653   666 D BluetoothAdapter: onBluetoothServiceDown: android.bluetooth.IBluetooth$Stub$Proxy@dea48a
09-01 00:57:47.157 12880 12880 I chatty  : uid=1002(bluetooth) com.android.bluetooth expire 36 lines
09-01 00:57:47.198 12880 12896 I chatty  : uid=1002(bluetooth) com.android.bluetooth expire 12 lines
09-01 00:57:47.198 12880 12897 I chatty  : uid=1002(bluetooth) com.android.bluetooth expire 39 lines
09-01 00:57:47.200 12880 12900 I chatty  : uid=1002(bluetooth) com.android.bluetooth expire 2 lines
09-01 00:57:47.200 12880 12901 I chatty  : uid=1002(bluetooth) com.android.bluetooth expire 1 line
09-01 00:57:47.201 12880 12902 I chatty  : uid=1002(bluetooth) com.android.bluetooth expire 3 lines
09-01 00:57:47.211 12880 12894 I chatty  : uid=1002(bluetooth) com.android.bluetooth expire 2 lines
09-01 00:57:47.213   670 12016 D BluetoothAdapter: onBluetoothServiceUp: android.bluetooth.IBluetooth$Stub$Proxy@fafb7
09-01 00:57:47.213   442   462 D BluetoothAdapter: onBluetoothServiceUp: android.bluetooth.IBluetooth$Stub$Proxy@cd680f1
09-01 00:57:47.214   653   666 D BluetoothAdapter: onBluetoothServiceUp: android.bluetooth.IBluetooth$Stub$Proxy@1aa4afb
09-01 00:57:47.214   567   590 D BluetoothAdapter: onBluetoothServiceUp: android.bluetooth.IBluetooth$Stub$Proxy@3995a6e
09-01 00:57:47.215 12880 12892 I chatty  : uid=1002(bluetooth) com.android.bluetooth expire 1 line
09-01 00:57:47.221 12880 12903 I chatty  : uid=1002(bluetooth) com.android.bluetooth expire 1 line
09-01 00:57:47.236 12880 12906 I chatty  : uid=1002(bluetooth) com.android.bluetooth expire 7 lines
09-01 00:57:47.895 12880 12907 I chatty  : uid=1002(bluetooth) com.android.bluetooth expire 1 line
09-01 00:57:55.261 12880 12908 I chatty  : uid=1002(bluetooth) com.android.bluetooth expire 21 lines
09-01 00:57:55.266 12880 12909 I chatty  : uid=1002(bluetooth) com.android.bluetooth expire 2 lines
09-01 00:57:55.897 12880 12900 I chatty  : uid=1002(bluetooth) com.android.bluetooth expire 2 lines
09-01 00:57:55.925   442   462 D BluetoothAdapter: onBluetoothServiceDown: android.bluetooth.IBluetooth$Stub$Proxy@cd680f1
09-01 00:57:55.925   670 12016 D BluetoothAdapter: onBluetoothServiceDown: android.bluetooth.IBluetooth$Stub$Proxy@fafb7
09-01 00:57:55.926   653   666 D BluetoothAdapter: onBluetoothServiceDown: android.bluetooth.IBluetooth$Stub$Proxy@1aa4afb
09-01 00:57:55.927   567   590 D BluetoothAdapter: onBluetoothServiceDown: android.bluetooth.IBluetooth$Stub$Proxy@3995a6e
09-01 00:57:56.241 12910 12910 I chatty  : uid=1002(bluetooth) com.android.bluetooth expire 36 lines
09-01 00:57:56.286 12910 12926 I chatty  : uid=1002(bluetooth) com.android.bluetooth expire 12 lines
09-01 00:57:56.286 12910 12927 I chatty  : uid=1002(bluetooth) com.android.bluetooth expire 39 lines
09-01 00:57:56.288 12910 12930 I chatty  : uid=1002(bluetooth) com.android.bluetooth expire 4 lines
09-01 00:57:56.288 12910 12931 I chatty  : uid=1002(bluetooth) com.android.bluetooth expire 1 line
09-01 00:57:56.289 12910 12932 I chatty  : uid=1002(bluetooth) com.android.bluetooth expire 3 lines
09-01 00:57:56.299 12910 12924 I chatty  : uid=1002(bluetooth) com.android.bluetooth expire 2 lines
09-01 00:57:56.301   442   462 D BluetoothAdapter: onBluetoothServiceUp: android.bluetooth.IBluetooth$Stub$Proxy@81451ba
09-01 00:57:56.301   670 12016 D BluetoothAdapter: onBluetoothServiceUp: android.bluetooth.IBluetooth$Stub$Proxy@cc1c324
09-01 00:57:56.302   653   666 D BluetoothAdapter: onBluetoothServiceUp: android.bluetooth.IBluetooth$Stub$Proxy@17c9718
09-01 00:57:56.302   567   590 D BluetoothAdapter: onBluetoothServiceUp: android.bluetooth.IBluetooth$Stub$Proxy@ed350f
09-01 00:57:56.303 12910 12922 I chatty  : uid=1002(bluetooth) com.android.bluetooth expire 1 line
09-01 00:57:56.307 12910 12933 I chatty  : uid=1002(bluetooth) com.android.bluetooth expire 1 line
09-01 00:57:56.332 12910 12936 I chatty  : uid=1002(bluetooth) com.android.bluetooth expire 7 lines
09-01 00:57:56.991 12910 12937 I chatty  : uid=1002(bluetooth) com.android.bluetooth expire 1 line
09-01 00:58:04.337 12910 12938 I chatty  : uid=1002(bluetooth) com.android.bluetooth expire 21 lines
09-01 00:58:04.343 12910 12939 I chatty  : uid=1002(bluetooth) com.android.bluetooth expire 2 lines
09-01 00:58:05.022   442   462 D BluetoothAdapter: onBluetoothServiceDown: android.bluetooth.IBluetooth$Stub$Proxy@81451ba
09-01 00:58:05.022   670 12016 D BluetoothAdapter: onBluetoothServiceDown: android.bluetooth.IBluetooth$Stub$Proxy@cc1c324
09-01 00:58:05.022   653   666 D BluetoothAdapter: onBluetoothServiceDown: android.bluetooth.IBluetooth$Stub$Proxy@17c9718
09-01 00:58:05.022   567   590 D BluetoothAdapter: onBluetoothServiceDown: android.bluetooth.IBluetooth$Stub$Proxy@ed350f
09-01 00:58:05.339 12940 12940 I chatty  : uid=1002(bluetooth) com.android.bluetooth expire 36 lines
09-01 00:58:05.380 12940 12957 I chatty  : uid=1002(bluetooth) com.android.bluetooth expire 12 lines
09-01 00:58:05.381 12940 12958 I chatty  : uid=1002(bluetooth) com.android.bluetooth expire 39 lines
09-01 00:58:05.383 12940 12961 I chatty  : uid=1002(bluetooth) com.android.bluetooth expire 2 lines
09-01 00:58:05.383 12940 12962 I chatty  : uid=1002(bluetooth) com.android.bluetooth expire 1 line
09-01 00:58:05.384 12940 12963 I chatty  : uid=1002(bluetooth) com.android.bluetooth expire 3 lines
09-01 00:58:05.399 12940 12955 I chatty  : uid=1002(bluetooth) com.android.bluetooth expire 2 lines
09-01 00:58:05.401   442   462 D BluetoothAdapter: onBluetoothServiceUp: android.bluetooth.IBluetooth$Stub$Proxy@3cb113f
09-01 00:58:05.401   670 12016 D BluetoothAdapter: onBluetoothServiceUp: android.bluetooth.IBluetooth$Stub$Proxy@9cd3e8d
09-01 00:58:05.401   653   666 D BluetoothAdapter: onBluetoothServiceUp: android.bluetooth.IBluetooth$Stub$Proxy@ca5d571
09-01 00:58:05.401   567   590 D BluetoothAdapter: onBluetoothServiceUp: android.bluetooth.IBluetooth$Stub$Proxy@3c4599c
09-01 00:58:05.402 12940 12954 I chatty  : uid=1002(bluetooth) com.android.bluetooth expire 1 line
09-01 00:58:05.405 12940 12964 I chatty  : uid=1002(bluetooth) com.android.bluetooth expire 1 line
09-01 00:58:05.430 12940 12967 I chatty  : uid=1002(bluetooth) com.android.bluetooth expire 7 lines
09-01 00:58:06.090 12940 12968 I chatty  : uid=1002(bluetooth) com.android.bluetooth expire 1 line
09-01 00:58:13.435 12940 12969 I chatty  : uid=1002(bluetooth) com.android.bluetooth expire 21 lines
09-01 00:58:13.442 12940 12970 I chatty  : uid=1002(bluetooth) com.android.bluetooth expire 2 lines
09-01 00:58:14.092 12940 12961 I chatty  : uid=1002(bluetooth) com.android.bluetooth expire 2 lines
09-01 00:58:14.119   442  1452 I chatty  : uid=1000(system) Binder:442_10 expire 8 lines
09-01 00:58:14.120   442   462 D BluetoothAdapter: onBluetoothServiceDown: android.bluetooth.IBluetooth$Stub$Proxy@3cb113f
09-01 00:58:14.120   670 12016 D BluetoothAdapter: onBluetoothServiceDown: android.bluetooth.IBluetooth$Stub$Proxy@9cd3e8d
09-01 00:58:14.120   567   590 D BluetoothAdapter: onBluetoothServiceDown: android.bluetooth.IBluetooth$Stub$Proxy@3c4599c
09-01 00:58:14.121   653   666 D BluetoothAdapter: onBluetoothServiceDown: android.bluetooth.IBluetooth$Stub$Proxy@ca5d571
09-01 00:58:14.433 12971 12971 I chatty  : uid=1002(bluetooth) com.android.bluetooth expire 36 lines
09-01 00:58:14.477 12971 12987 I chatty  : uid=1002(bluetooth) com.android.bluetooth expire 12 lines
09-01 00:58:14.477 12971 12988 I chatty  : uid=1002(bluetooth) com.android.bluetooth expire 39 lines
09-01 00:58:14.479 12971 12991 I chatty  : uid=1002(bluetooth) com.android.bluetooth expire 4 lines
09-01 00:58:14.479 12971 12992 I chatty  : uid=1002(bluetooth) com.android.bluetooth expire 1 line
09-01 00:58:14.480 12971 12993 I chatty  : uid=1002(bluetooth) com.android.bluetooth expire 3 lines
09-01 00:58:14.490 12971 12985 I chatty  : uid=1002(bluetooth) com.android.bluetooth expire 2 lines
09-01 00:58:14.492   442   462 D BluetoothAdapter: onBluetoothServiceUp: android.bluetooth.IBluetooth$Stub$Proxy@4b7a110
09-01 00:58:14.492   670 12016 D BluetoothAdapter: onBluetoothServiceUp: android.bluetooth.IBluetooth$Stub$Proxy@380c842
09-01 00:58:14.493   653   666 D BluetoothAdapter: onBluetoothServiceUp: android.bluetooth.IBluetooth$Stub$Proxy@a7f56
09-01 00:58:14.494 12971 12984 I chatty  : uid=1002(bluetooth) com.android.bluetooth expire 1 line
09-01 00:58:14.494   567   590 D BluetoothAdapter: onBluetoothServiceUp: android.bluetooth.IBluetooth$Stub$Proxy@88fdfa5
09-01 00:58:14.499 12971 12994 I chatty  : uid=1002(bluetooth) com.android.bluetooth expire 1 line
09-01 00:58:14.526 12971 12997 I chatty  : uid=1002(bluetooth) com.android.bluetooth expire 7 lines
09-01 00:58:15.186 12971 12998 I chatty  : uid=1002(bluetooth) com.android.bluetooth expire 1 line
09-01 00:58:22.531 12971 12999 I chatty  : uid=1002(bluetooth) com.android.bluetooth expire 21 lines
09-01 00:58:22.538 12971 13000 I chatty  : uid=1002(bluetooth) com.android.bluetooth expire 2 lines
09-01 00:58:23.215   442   462 D BluetoothAdapter: onBluetoothServiceDown: android.bluetooth.IBluetooth$Stub$Proxy@4b7a110
09-01 00:58:23.216   670 12016 D BluetoothAdapter: onBluetoothServiceDown: android.bluetooth.IBluetooth$Stub$Proxy@380c842
09-01 00:58:23.216   567   590 D BluetoothAdapter: onBluetoothServiceDown: android.bluetooth.IBluetooth$Stub$Proxy@88fdfa5
09-01 00:58:23.216   653   666 D BluetoothAdapter: onBluetoothServiceDown: android.bluetooth.IBluetooth$Stub$Proxy@a7f56
09-01 00:58:23.531 13001 13001 I chatty  : uid=1002(bluetooth) com.android.bluetooth expire 36 lines
09-01 00:58:23.573 13001 13017 I chatty  : uid=1002(bluetooth) com.android.bluetooth expire 12 lines
09-01 00:58:23.573 13001 13018 I chatty  : uid=1002(bluetooth) com.android.bluetooth expire 39 lines
09-01 00:58:23.575 13001 13021 I chatty  : uid=1002(bluetooth) com.android.bluetooth expire 2 lines
09-01 00:58:23.576 13001 13022 I chatty  : uid=1002(bluetooth) com.android.bluetooth expire 1 line
09-01 00:58:23.577 13001 13023 I chatty  : uid=1002(bluetooth) com.android.bluetooth expire 3 lines
09-01 00:58:23.587 13001 13015 I chatty  : uid=1002(bluetooth) com.android.bluetooth expire 3 lines
09-01 00:58:23.589   442   462 D BluetoothAdapter: onBluetoothServiceUp: android.bluetooth.IBluetooth$Stub$Proxy@2ef4d72
09-01 00:58:23.589   670 12016 D BluetoothAdapter: onBluetoothServiceUp: android.bluetooth.IBluetooth$Stub$Proxy@fe59053
09-01 00:58:23.589   567   590 D BluetoothAdapter: onBluetoothServiceUp: android.bluetooth.IBluetooth$Stub$Proxy@a04af7a
09-01 00:58:23.589   653   666 D BluetoothAdapter: onBluetoothServiceUp: android.bluetooth.IBluetooth$Stub$Proxy@9c89bd7
09-01 00:58:23.602 13001 13024 I chatty  : uid=1002(bluetooth) com.android.bluetooth expire 1 line
09-01 00:58:23.626 13001 13027 I chatty  : uid=1002(bluetooth) com.android.bluetooth expire 7 lines
09-01 00:58:24.287 13001 13028 I chatty  : uid=1002(bluetooth) com.android.bluetooth expire 1 line
09-01 00:58:31.632 13001 13029 I chatty  : uid=1002(bluetooth) com.android.bluetooth expire 21 lines
09-01 00:58:31.639 13001 13030 I chatty  : uid=1002(bluetooth) com.android.bluetooth expire 2 lines
09-01 00:58:32.290 13001 13021 I chatty  : uid=1002(bluetooth) com.android.bluetooth expire 2 lines
09-01 00:58:32.317   442   462 D BluetoothAdapter: onBluetoothServiceDown: android.bluetooth.IBluetooth$Stub$Proxy@2ef4d72
09-01 00:58:32.317   670 12016 D BluetoothAdapter: onBluetoothServiceDown: android.bluetooth.IBluetooth$Stub$Proxy@fe59053
09-01 00:58:32.318   567   590 D BluetoothAdapter: onBluetoothServiceDown: android.bluetooth.IBluetooth$Stub$Proxy@a04af7a
09-01 00:58:32.318   653   666 D BluetoothAdapter: onBluetoothServiceDown: android.bluetooth.IBluetooth$Stub$Proxy@9c89bd7
09-01 00:58:32.633 13032 13032 I chatty  : uid=1002(bluetooth) com.android.bluetooth expire 36 lines
09-01 00:58:32.675 13032 13048 I chatty  : uid=1002(bluetooth) com.android.bluetooth expire 12 lines
09-01 00:58:32.675 13032 13049 I chatty  : uid=1002(bluetooth) com.android.bluetooth expire 39 lines
09-01 00:58:32.677 13032 13052 I chatty  : uid=1002(bluetooth) com.android.bluetooth expire 4 lines
09-01 00:58:32.678 13032 13053 I chatty  : uid=1002(bluetooth) com.android.bluetooth expire 1 line
09-01 00:58:32.679 13032 13054 I chatty  : uid=1002(bluetooth) com.android.bluetooth expire 3 lines
09-01 00:58:32.689 13032 13046 I chatty  : uid=1002(bluetooth) com.android.bluetooth expire 2 lines
09-01 00:58:32.691   670 12016 D BluetoothAdapter: onBluetoothServiceUp: android.bluetooth.IBluetooth$Stub$Proxy@9e9ed90
09-01 00:58:32.691   442   462 D BluetoothAdapter: onBluetoothServiceUp: android.bluetooth.IBluetooth$Stub$Proxy@3ee4f17
09-01 00:58:32.691   653   666 D BluetoothAdapter: onBluetoothServiceUp: android.bluetooth.IBluetooth$Stub$Proxy@9300cc4
09-01 00:58:32.691   567   590 D BluetoothAdapter: onBluetoothServiceUp: android.bluetooth.IBluetooth$Stub$Proxy@3d2132b
09-01 00:58:32.692 13032 13044 I chatty  : uid=1002(bluetooth) com.android.bluetooth expire 1 line
09-01 00:58:32.701 13032 13055 I chatty  : uid=1002(bluetooth) com.android.bluetooth expire 1 line
09-01 00:58:32.726 13032 13058 I chatty  : uid=1002(bluetooth) com.android.bluetooth expire 7 lines
09-01 00:58:33.387 13032 13059 I chatty  : uid=1002(bluetooth) com.android.bluetooth expire 1 line
09-01 00:58:40.732 13032 13060 I chatty  : uid=1002(bluetooth) com.android.bluetooth expire 21 lines
09-01 00:58:40.739 13032 13061 I chatty  : uid=1002(bluetooth) com.android.bluetooth expire 2 lines
09-01 00:58:41.413   442   462 D BluetoothAdapter: onBluetoothServiceDown: android.bluetooth.IBluetooth$Stub$Proxy@3ee4f17
09-01 00:58:41.413   670 12016 D BluetoothAdapter: onBluetoothServiceDown: android.bluetooth.IBluetooth$Stub$Proxy@9e9ed90
09-01 00:58:41.414   567   590 D BluetoothAdapter: onBluetoothServiceDown: android.bluetooth.IBluetooth$Stub$Proxy@3d2132b
09-01 00:58:41.414   653   666 D BluetoothAdapter: onBluetoothServiceDown: android.bluetooth.IBluetooth$Stub$Proxy@9300cc4
09-01 00:58:41.731 13063 13063 I chatty  : uid=1002(bluetooth) com.android.bluetooth expire 36 lines
09-01 00:58:41.777 13063 13080 I chatty  : uid=1002(bluetooth) com.android.bluetooth expire 12 lines
09-01 00:58:41.778 13063 13081 I chatty  : uid=1002(bluetooth) com.android.bluetooth expire 39 lines
09-01 00:58:41.779 13063 13084 I chatty  : uid=1002(bluetooth) com.android.bluetooth expire 2 lines
09-01 00:58:41.780 13063 13085 I chatty  : uid=1002(bluetooth) com.android.bluetooth expire 1 line
09-01 00:58:41.781 13063 13086 I chatty  : uid=1002(bluetooth) com.android.bluetooth expire 3 lines
09-01 00:58:41.790 13063 13078 I chatty  : uid=1002(bluetooth) com.android.bluetooth expire 2 lines
09-01 00:58:41.792   442   462 I chatty  : uid=1000(system) android.io expire 115 lines
09-01 00:58:41.792   442   462 D BluetoothAdapter: onBluetoothServiceUp: android.bluetooth.IBluetooth$Stub$Proxy@dae3488
09-01 00:58:41.792   670 12016 D BluetoothAdapter: onBluetoothServiceUp: android.bluetooth.IBluetooth$Stub$Proxy@c5c3689
09-01 00:58:41.793   653   666 D BluetoothAdapter: onBluetoothServiceUp: android.bluetooth.IBluetooth$Stub$Proxy@f157ad
09-01 00:58:41.793 13063 13076 I chatty  : uid=1002(bluetooth) com.android.bluetooth expire 1 line
09-01 00:58:41.794   567   590 D BluetoothAdapter: onBluetoothServiceUp: android.bluetooth.IBluetooth$Stub$Proxy@8b7388
09-01 00:58:41.805 13063 13087 I chatty  : uid=1002(bluetooth) com.android.bluetooth expire 1 line
09-01 00:58:41.827 13063 13090 I chatty  : uid=1002(bluetooth) com.android.bluetooth expire 7 lines
09-01 00:58:42.486 13063 13091 I chatty  : uid=1002(bluetooth) com.android.bluetooth expire 1 line
09-01 00:58:49.832 13063 13092 I chatty  : uid=1002(bluetooth) com.android.bluetooth expire 21 lines
09-01 00:58:49.838 13063 13093 I chatty  : uid=1002(bluetooth) com.android.bluetooth expire 2 lines
09-01 00:58:50.488 13063 13084 I chatty  : uid=1002(bluetooth) com.android.bluetooth expire 2 lines
09-01 00:59:20.516   442   699 I chatty  : uid=1000(system) Binder:442_6 expire 9 lines
09-01 00:59:20.516   442   442 I chatty  : uid=1000 system_server expire 56 lines
09-01 00:59:20.518   670 12016 D BluetoothAdapter: onBluetoothServiceDown: android.bluetooth.IBluetooth$Stub$Proxy@c5c3689
09-01 00:59:20.518   653   666 D BluetoothAdapter: onBluetoothServiceDown: android.bluetooth.IBluetooth$Stub$Proxy@f157ad
09-01 00:59:20.518   442   462 D BluetoothAdapter: onBluetoothServiceDown: android.bluetooth.IBluetooth$Stub$Proxy@dae3488
09-01 00:59:20.520   567   590 D BluetoothAdapter: onBluetoothServiceDown: android.bluetooth.IBluetooth$Stub$Proxy@8b7388
09-01 00:59:20.829 13095 13095 I chatty  : uid=1002(bluetooth) com.android.bluetooth expire 36 lines
09-01 00:59:20.873 13095 13111 I chatty  : uid=1002(bluetooth) com.android.bluetooth expire 12 lines
09-01 00:59:20.874 13095 13112 I chatty  : uid=1002(bluetooth) com.android.bluetooth expire 39 lines
09-01 00:59:20.875 13095 13115 I chatty  : uid=1002(bluetooth) com.android.bluetooth expire 4 lines
09-01 00:59:20.876 13095 13116 I chatty  : uid=1002(bluetooth) com.android.bluetooth expire 1 line
09-01 00:59:20.877 13095 13117 I chatty  : uid=1002(bluetooth) com.android.bluetooth expire 3 lines
09-01 00:59:20.886 13095 13109 I chatty  : uid=1002(bluetooth) com.android.bluetooth expire 2 lines
09-01 00:59:20.888   442   462 D BluetoothAdapter: onBluetoothServiceUp: android.bluetooth.IBluetooth$Stub$Proxy@efcddd0
09-01 00:59:20.888   670 12016 D BluetoothAdapter: onBluetoothServiceUp: android.bluetooth.IBluetooth$Stub$Proxy@2d7268e
09-01 00:59:20.889   653   666 D BluetoothAdapter: onBluetoothServiceUp: android.bluetooth.IBluetooth$Stub$Proxy@c473ae2
09-01 00:59:20.889   567   590 D BluetoothAdapter: onBluetoothServiceUp: android.bluetooth.IBluetooth$Stub$Proxy@bc3d121
09-01 00:59:20.892 13095 13108 I chatty  : uid=1002(bluetooth) com.android.bluetooth expire 1 line
09-01 00:59:20.906 13095 13118 I chatty  : uid=1002(bluetooth) com.android.bluetooth expire 1 line
09-01 00:59:20.923 13095 13121 I chatty  : uid=1002(bluetooth) com.android.bluetooth expire 7 lines
09-01 00:59:21.581 13095 13122 I chatty  : uid=1002(bluetooth) com.android.bluetooth expire 1 line
09-01 00:59:28.928 13095 13123 I chatty  : uid=1002(bluetooth) com.android.bluetooth expire 21 lines
09-01 00:59:28.937 13095 13124 I chatty  : uid=1002(bluetooth) com.android.bluetooth expire 2 lines
09-01 00:59:29.608   442   454 I chatty  : uid=1000(system) Binder:442_2 expire 4 lines
09-01 00:59:29.611   442   462 D BluetoothAdapter: onBluetoothServiceDown: android.bluetooth.IBluetooth$Stub$Proxy@efcddd0
09-01 00:59:29.611   670 12016 D BluetoothAdapter: onBluetoothServiceDown: android.bluetooth.IBluetooth$Stub$Proxy@2d7268e
09-01 00:59:29.611   653   666 D BluetoothAdapter: onBluetoothServiceDown: android.bluetooth.IBluetooth$Stub$Proxy@c473ae2
09-01 00:59:29.611   567   590 D BluetoothAdapter: onBluetoothServiceDown: android.bluetooth.IBluetooth$Stub$Proxy@bc3d121
09-01 00:59:29.929 13125 13125 I chatty  : uid=1002(bluetooth) com.android.bluetooth expire 36 lines
09-01 00:59:29.974 13125 13141 I chatty  : uid=1002(bluetooth) com.android.bluetooth expire 12 lines
09-01 00:59:29.974 13125 13142 I chatty  : uid=1002(bluetooth) com.android.bluetooth expire 38 lines
09-01 00:59:29.976 13125 13145 I chatty  : uid=1002(bluetooth) com.android.bluetooth expire 1 line
09-01 00:59:29.976 13125 13146 I chatty  : uid=1002(bluetooth) com.android.bluetooth expire 1 line
09-01 00:59:29.977 13125 13147 I chatty  : uid=1002(bluetooth) com.android.bluetooth expire 3 lines
09-01 00:59:29.999 13125 13139 I chatty  : uid=1002(bluetooth) com.android.bluetooth expire 2 lines
09-01 00:59:30.001   442   462 D BluetoothAdapter: onBluetoothServiceUp: android.bluetooth.IBluetooth$Stub$Proxy@f2dcc3d
09-01 00:59:30.001   670 12016 D BluetoothAdapter: onBluetoothServiceUp: android.bluetooth.IBluetooth$Stub$Proxy@32edeaf
09-01 00:59:30.001   653   666 D BluetoothAdapter: onBluetoothServiceUp: android.bluetooth.IBluetooth$Stub$Proxy@b111e73
09-01 00:59:30.001   567   590 D BluetoothAdapter: onBluetoothServiceUp: android.bluetooth.IBluetooth$Stub$Proxy@c9e4946
09-01 00:59:30.002 13125 13137 I chatty  : uid=1002(bluetooth) com.android.bluetooth expire 1 line
09-01 00:59:30.007 13125 13148 I chatty  : uid=1002(bluetooth) com.android.bluetooth expire 1 line
09-01 00:59:30.031 13125 13151 I chatty  : uid=1002(bluetooth) com.android.bluetooth expire 6 lines
09-01 00:59:30.690 13125 13152 I chatty  : uid=1002(bluetooth) com.android.bluetooth expire 1 line
09-01 00:59:30.691 13125 13151 I chatty  : uid=1002(bluetooth) com.android.bluetooth expire 1 line
09-01 00:59:38.035 13125 13145 I chatty  : uid=1002(bluetooth) com.android.bluetooth expire 3 lines
09-01 00:59:38.036 13125 13142 I chatty  : uid=1002(bluetooth) com.android.bluetooth expire 1 line
09-01 00:59:38.037 13125 13153 I chatty  : uid=1002(bluetooth) com.android.bluetooth expire 21 lines
09-01 00:59:38.041 13125 13154 I chatty  : uid=1002(bluetooth) com.android.bluetooth expire 2 lines
09-01 00:59:38.718   442   453 I chatty  : uid=1000(system) Binder:442_1 expire 20 lines
09-01 00:59:38.718   442   462 D BluetoothAdapter: onBluetoothServiceDown: android.bluetooth.IBluetooth$Stub$Proxy@f2dcc3d
09-01 00:59:38.718   653   666 D BluetoothAdapter: onBluetoothServiceDown: android.bluetooth.IBluetooth$Stub$Proxy@b111e73
09-01 00:59:38.718   670 12016 D BluetoothAdapter: onBluetoothServiceDown: android.bluetooth.IBluetooth$Stub$Proxy@32edeaf
09-01 00:59:38.719   567   590 D BluetoothAdapter: onBluetoothServiceDown: android.bluetooth.IBluetooth$Stub$Proxy@c9e4946
09-01 00:59:39.031 13156 13156 I chatty  : uid=1002(bluetooth) com.android.bluetooth expire 36 lines
09-01 00:59:39.073 13156 13172 I chatty  : uid=1002(bluetooth) com.android.bluetooth expire 12 lines
09-01 00:59:39.073 13156 13173 I chatty  : uid=1002(bluetooth) com.android.bluetooth expire 39 lines
09-01 00:59:39.075 13156 13176 I chatty  : uid=1002(bluetooth) com.android.bluetooth expire 4 lines
09-01 00:59:39.075 13156 13177 I chatty  : uid=1002(bluetooth) com.android.bluetooth expire 1 line
09-01 00:59:39.077 13156 13178 I chatty  : uid=1002(bluetooth) com.android.bluetooth expire 3 lines
09-01 00:59:39.094 13156 13170 I chatty  : uid=1002(bluetooth) com.android.bluetooth expire 2 lines
09-01 00:59:39.097   670 12016 D BluetoothAdapter: onBluetoothServiceUp: android.bluetooth.IBluetooth$Stub$Proxy@d2852bc
09-01 00:59:39.097   442   462 D BluetoothAdapter: onBluetoothServiceUp: android.bluetooth.IBluetooth$Stub$Proxy@5782a56
09-01 00:59:39.097   653   666 D BluetoothAdapter: onBluetoothServiceUp: android.bluetooth.IBluetooth$Stub$Proxy@d833130
09-01 00:59:39.098   567   590 D BluetoothAdapter: onBluetoothServiceUp: android.bluetooth.IBluetooth$Stub$Proxy@bdcb707
09-01 00:59:39.098 13156 13169 I chatty  : uid=1002(bluetooth) com.android.bluetooth expire 1 line
09-01 00:59:39.101 13156 13179 I chatty  : uid=1002(bluetooth) com.android.bluetooth expire 1 line
09-01 00:59:39.121 13156 13182 I chatty  : uid=1002(bluetooth) com.android.bluetooth expire 7 lines
09-01 00:59:39.780 13156 13183 I chatty  : uid=1002(bluetooth) com.android.bluetooth expire 1 line
09-01 00:59:47.128 13156 13184 I chatty  : uid=1002(bluetooth) com.android.bluetooth expire 21 lines
09-01 00:59:47.133 13156 13185 I chatty  : uid=1002(bluetooth) com.android.bluetooth expire 2 lines
09-01 00:59:47.806   442   462 D BluetoothAdapter: onBluetoothServiceDown: android.bluetooth.IBluetooth$Stub$Proxy@5782a56
09-01 00:59:47.806   670 12016 D BluetoothAdapter: onBluetoothServiceDown: android.bluetooth.IBluetooth$Stub$Proxy@d2852bc
09-01 00:59:47.808   653   666 D BluetoothAdapter: onBluetoothServiceDown: android.bluetooth.IBluetooth$Stub$Proxy@d833130
09-01 00:59:47.808   567   590 D BluetoothAdapter: onBluetoothServiceDown: android.bluetooth.IBluetooth$Stub$Proxy@bdcb707
09-01 00:59:48.121 13186 13186 I chatty  : uid=1002(bluetooth) com.android.bluetooth expire 36 lines
09-01 00:59:48.164 13186 13202 I chatty  : uid=1002(bluetooth) com.android.bluetooth expire 12 lines
09-01 00:59:48.165 13186 13203 I chatty  : uid=1002(bluetooth) com.android.bluetooth expire 38 lines
09-01 00:59:48.166 13186 13206 I chatty  : uid=1002(bluetooth) com.android.bluetooth expire 1 line
09-01 00:59:48.167 13186 13207 I chatty  : uid=1002(bluetooth) com.android.bluetooth expire 1 line
09-01 00:59:48.168 13186 13208 I chatty  : uid=1002(bluetooth) com.android.bluetooth expire 3 lines
09-01 00:59:48.183 13186 13200 I chatty  : uid=1002(bluetooth) com.android.bluetooth expire 2 lines
09-01 00:59:48.187   442   462 D BluetoothAdapter: onBluetoothServiceUp: android.bluetooth.IBluetooth$Stub$Proxy@ff287eb
09-01 00:59:48.188   670 12016 D BluetoothAdapter: onBluetoothServiceUp: android.bluetooth.IBluetooth$Stub$Proxy@cc8b245
09-01 00:59:48.188   653   666 D BluetoothAdapter: onBluetoothServiceUp: android.bluetooth.IBluetooth$Stub$Proxy@4f8c1a9
09-01 00:59:48.188   567   590 D BluetoothAdapter: onBluetoothServiceUp: android.bluetooth.IBluetooth$Stub$Proxy@3284034
09-01 00:59:48.188 13186 13198 I chatty  : uid=1002(bluetooth) com.android.bluetooth expire 1 line
09-01 00:59:48.193 13186 13209 I chatty  : uid=1002(bluetooth) com.android.bluetooth expire 1 line
09-01 00:59:48.215 13186 13212 I chatty  : uid=1002(bluetooth) com.android.bluetooth expire 7 lines
09-01 00:59:48.875 13186 13213 I chatty  : uid=1002(bluetooth) com.android.bluetooth expire 1 line
09-01 00:59:56.219 13186 13206 I chatty  : uid=1002(bluetooth) com.android.bluetooth expire 3 lines
09-01 00:59:56.219 13186 13203 I chatty  : uid=1002(bluetooth) com.android.bluetooth expire 1 line
09-01 00:59:56.220 13186 13214 I chatty  : uid=1002(bluetooth) com.android.bluetooth expire 21 lines
09-01 00:59:56.227 13186 13215 I chatty  : uid=1002(bluetooth) com.android.bluetooth expire 2 lines
09-01 00:59:56.906   442   462 D BluetoothAdapter: onBluetoothServiceDown: android.bluetooth.IBluetooth$Stub$Proxy@ff287eb
09-01 00:59:56.906   670 12016 D BluetoothAdapter: onBluetoothServiceDown: android.bluetooth.IBluetooth$Stub$Proxy@cc8b245
09-01 00:59:56.906   653   666 D BluetoothAdapter: onBluetoothServiceDown: android.bluetooth.IBluetooth$Stub$Proxy@4f8c1a9
09-01 00:59:56.907   567   590 D BluetoothAdapter: onBluetoothServiceDown: android.bluetooth.IBluetooth$Stub$Proxy@3284034
09-01 00:59:57.221 13216 13216 I chatty  : uid=1002(bluetooth) com.android.bluetooth expire 36 lines
09-01 00:59:57.269 13216 13232 I chatty  : uid=1002(bluetooth) com.android.bluetooth expire 12 lines
09-01 00:59:57.275 13216 13233 I chatty  : uid=1002(bluetooth) com.android.bluetooth expire 39 lines
09-01 00:59:57.277 13216 13236 I chatty  : uid=1002(bluetooth) com.android.bluetooth expire 4 lines
09-01 00:59:57.277 13216 13237 I chatty  : uid=1002(bluetooth) com.android.bluetooth expire 1 line
09-01 00:59:57.279 13216 13238 I chatty  : uid=1002(bluetooth) com.android.bluetooth expire 3 lines
09-01 00:59:57.292 13216 13230 I chatty  : uid=1002(bluetooth) com.android.bluetooth expire 2 lines
09-01 00:59:57.295   442   462 D BluetoothAdapter: onBluetoothServiceUp: android.bluetooth.IBluetooth$Stub$Proxy@221ab8c
09-01 00:59:57.295   670 12016 D BluetoothAdapter: onBluetoothServiceUp: android.bluetooth.IBluetooth$Stub$Proxy@e231d9a
09-01 00:59:57.295   653   666 D BluetoothAdapter: onBluetoothServiceUp: android.bluetooth.IBluetooth$Stub$Proxy@aa2232e
09-01 00:59:57.296   567   590 D BluetoothAdapter: onBluetoothServiceUp: android.bluetooth.IBluetooth$Stub$Proxy@7eb5e5d
09-01 00:59:57.296 13216 13228 I chatty  : uid=1002(bluetooth) com.android.bluetooth expire 1 line
09-01 00:59:57.300 13216 13239 I chatty  : uid=1002(bluetooth) com.android.bluetooth expire 1 line
09-01 00:59:57.315 13216 13242 I chatty  : uid=1002(bluetooth) com.android.bluetooth expire 7 lines
09-01 00:59:57.973 13216 13243 I chatty  : uid=1002(bluetooth) com.android.bluetooth expire 1 line
09-01 00:59:59.149   442   497 D WifiNative-HAL: Failing getSupportedFeatureset because HAL isn't started
09-01 00:59:59.152   442   459 I chatty  : uid=1000(system) batterystats-sy expire 6 lines
09-01 00:59:59.155   653   653 E PhoneInterfaceManager: [PhoneIntfMgr] queryModemActivityInfo: Empty response
09-01 01:00:05.322 13216 13244 I chatty  : uid=1002(bluetooth) com.android.bluetooth expire 21 lines
09-01 01:00:05.326 13216 13245 I chatty  : uid=1002(bluetooth) com.android.bluetooth expire 2 lines
09-01 01:00:06.003   442   462 D BluetoothAdapter: onBluetoothServiceDown: android.bluetooth.IBluetooth$Stub$Proxy@221ab8c
09-01 01:00:06.003   670 12016 D BluetoothAdapter: onBluetoothServiceDown: android.bluetooth.IBluetooth$Stub$Proxy@e231d9a
09-01 01:00:06.004   653   666 D BluetoothAdapter: onBluetoothServiceDown: android.bluetooth.IBluetooth$Stub$Proxy@aa2232e
09-01 01:00:06.005   567   590 D BluetoothAdapter: onBluetoothServiceDown: android.bluetooth.IBluetooth$Stub$Proxy@7eb5e5d
09-01 01:00:06.328 13246 13246 I chatty  : uid=1002(bluetooth) com.android.bluetooth expire 36 lines
09-01 01:00:06.369 13246 13262 I chatty  : uid=1002(bluetooth) com.android.bluetooth expire 12 lines
09-01 01:00:06.369 13246 13263 I chatty  : uid=1002(bluetooth) com.android.bluetooth expire 34 lines
09-01 01:00:06.371 13246 13266 I chatty  : uid=1002(bluetooth) com.android.bluetooth expire 1 line
09-01 01:00:06.372 13246 13267 I chatty  : uid=1002(bluetooth) com.android.bluetooth expire 1 line
09-01 01:00:06.373 13246 13268 I chatty  : uid=1002(bluetooth) com.android.bluetooth expire 3 lines
09-01 01:00:06.385 13246 13260 I chatty  : uid=1002(bluetooth) com.android.bluetooth expire 2 lines
09-01 01:00:06.387   670 12016 D BluetoothAdapter: onBluetoothServiceUp: android.bluetooth.IBluetooth$Stub$Proxy@714b6cb
09-01 01:00:06.387   442   462 D BluetoothAdapter: onBluetoothServiceUp: android.bluetooth.IBluetooth$Stub$Proxy@2996ba8
09-01 01:00:06.387   653   666 D BluetoothAdapter: onBluetoothServiceUp: android.bluetooth.IBluetooth$Stub$Proxy@1552ecf
09-01 01:00:06.388   567   590 D BluetoothAdapter: onBluetoothServiceUp: android.bluetooth.IBluetooth$Stub$Proxy@ee5b3d2
09-01 01:00:06.388 13246 13259 I chatty  : uid=1002(bluetooth) com.android.bluetooth expire 1 line
09-01 01:00:06.401 13246 13269 I chatty  : uid=1002(bluetooth) com.android.bluetooth expire 1 line
09-01 01:00:06.419 13246 13272 I chatty  : uid=1002(bluetooth) com.android.bluetooth expire 7 lines
09-01 01:00:06.422 13246 13263 I chatty  : uid=1002(bluetooth) com.android.bluetooth expire 5 lines
09-01 01:00:07.079 13246 13273 I chatty  : uid=1002(bluetooth) com.android.bluetooth expire 1 line
09-01 01:00:14.423 13246 13266 I chatty  : uid=1002(bluetooth) com.android.bluetooth expire 3 lines
09-01 01:00:14.425 13246 13274 I chatty  : uid=1002(bluetooth) com.android.bluetooth expire 21 lines
09-01 01:00:14.430 13246 13275 I chatty  : uid=1002(bluetooth) com.android.bluetooth expire 2 lines
09-01 01:00:15.105   442  1582 I chatty  : uid=1000(system) Binder:442_13 expire 4 lines
09-01 01:00:15.105   442   462 D BluetoothAdapter: onBluetoothServiceDown: android.bluetooth.IBluetooth$Stub$Proxy@2996ba8
09-01 01:00:15.105   670 12016 D BluetoothAdapter: onBluetoothServiceDown: android.bluetooth.IBluetooth$Stub$Proxy@714b6cb
09-01 01:00:15.105   653   666 D BluetoothAdapter: onBluetoothServiceDown: android.bluetooth.IBluetooth$Stub$Proxy@1552ecf
09-01 01:00:15.106   567   590 D BluetoothAdapter: onBluetoothServiceDown: android.bluetooth.IBluetooth$Stub$Proxy@ee5b3d2
09-01 01:00:15.450 13276 13276 I chatty  : uid=1002(bluetooth) com.android.bluetooth expire 36 lines
09-01 01:00:15.494 13276 13292 I chatty  : uid=1002(bluetooth) com.android.bluetooth expire 12 lines
09-01 01:00:15.494 13276 13293 I chatty  : uid=1002(bluetooth) com.android.bluetooth expire 39 lines
09-01 01:00:15.496 13276 13296 I chatty  : uid=1002(bluetooth) com.android.bluetooth expire 4 lines
09-01 01:00:15.496 13276 13297 I chatty  : uid=1002(bluetooth) com.android.bluetooth expire 1 line
09-01 01:00:15.498 13276 13298 I chatty  : uid=1002(bluetooth) com.android.bluetooth expire 3 lines
09-01 01:00:15.507 13276 13290 I chatty  : uid=1002(bluetooth) com.android.bluetooth expire 2 lines
09-01 01:00:15.509   670 12016 D BluetoothAdapter: onBluetoothServiceUp: android.bluetooth.IBluetooth$Stub$Proxy@f85dea8
09-01 01:00:15.509   442   462 D BluetoothAdapter: onBluetoothServiceUp: android.bluetooth.IBluetooth$Stub$Proxy@d7e6fb5
09-01 01:00:15.509   653   666 D BluetoothAdapter: onBluetoothServiceUp: android.bluetooth.IBluetooth$Stub$Proxy@8a2305c
09-01 01:00:15.510   567   590 D BluetoothAdapter: onBluetoothServiceUp: android.bluetooth.IBluetooth$Stub$Proxy@b03bca3
09-01 01:00:15.510 13276 13288 I chatty  : uid=1002(bluetooth) com.android.bluetooth expire 1 line
09-01 01:00:15.513 13276 13299 I chatty  : uid=1002(bluetooth) com.android.bluetooth expire 1 line
09-01 01:00:15.541 13276 13302 I chatty  : uid=1002(bluetooth) com.android.bluetooth expire 7 lines
09-01 01:00:16.201 13276 13303 I chatty  : uid=1002(bluetooth) com.android.bluetooth expire 1 line
09-01 01:00:18.519   442   456 I chatty  : uid=1000(system) ActivityManager expire 1 line
09-01 01:00:23.546 13276 13304 I chatty  : uid=1002(bluetooth) com.android.bluetooth expire 21 lines
09-01 01:00:23.555 13276 13305 I chatty  : uid=1002(bluetooth) com.android.bluetooth expire 2 lines
09-01 01:00:24.249   442  1273 I chatty  : uid=1000(system) Binder:442_B expire 4 lines
09-01 01:00:24.252   442   462 D BluetoothAdapter: onBluetoothServiceDown: android.bluetooth.IBluetooth$Stub$Proxy@d7e6fb5
09-01 01:00:24.252   670 12016 D BluetoothAdapter: onBluetoothServiceDown: android.bluetooth.IBluetooth$Stub$Proxy@f85dea8
09-01 01:00:24.252   653   666 D BluetoothAdapter: onBluetoothServiceDown: android.bluetooth.IBluetooth$Stub$Proxy@8a2305c
09-01 01:00:24.253   567   590 D BluetoothAdapter: onBluetoothServiceDown: android.bluetooth.IBluetooth$Stub$Proxy@b03bca3
09-01 01:00:24.569 13306 13306 I chatty  : uid=1002(bluetooth) com.android.bluetooth expire 36 lines
09-01 01:00:24.618 13306 13323 I chatty  : uid=1002(bluetooth) com.android.bluetooth expire 12 lines
09-01 01:00:24.619 13306 13324 I chatty  : uid=1002(bluetooth) com.android.bluetooth expire 29 lines
09-01 01:00:24.621 13306 13327 I chatty  : uid=1002(bluetooth) com.android.bluetooth expire 1 line
09-01 01:00:24.621 13306 13328 I chatty  : uid=1002(bluetooth) com.android.bluetooth expire 1 line
09-01 01:00:24.622 13306 13329 I chatty  : uid=1002(bluetooth) com.android.bluetooth expire 3 lines
09-01 01:00:24.632 13306 13321 I chatty  : uid=1002(bluetooth) com.android.bluetooth expire 2 lines
09-01 01:00:24.634   670 12016 D BluetoothAdapter: onBluetoothServiceUp: android.bluetooth.IBluetooth$Stub$Proxy@3c72dc1
09-01 01:00:24.634   442   462 D BluetoothAdapter: onBluetoothServiceUp: android.bluetooth.IBluetooth$Stub$Proxy@41b718f
09-01 01:00:24.634   653   666 D BluetoothAdapter: onBluetoothServiceUp: android.bluetooth.IBluetooth$Stub$Proxy@af2cf65
09-01 01:00:24.635   567   590 D BluetoothAdapter: onBluetoothServiceUp: android.bluetooth.IBluetooth$Stub$Proxy@d232ba0
09-01 01:00:24.635 13306 13320 I chatty  : uid=1002(bluetooth) com.android.bluetooth expire 1 line
09-01 01:00:24.642 13306 13330 I chatty  : uid=1002(bluetooth) com.android.bluetooth expire 1 line
09-01 01:00:24.659 13306 13333 I chatty  : uid=1002(bluetooth) com.android.bluetooth expire 7 lines
09-01 01:00:24.661 13306 13324 I chatty  : uid=1002(bluetooth) com.android.bluetooth expire 10 lines
09-01 01:00:25.319 13306 13334 I chatty  : uid=1002(bluetooth) com.android.bluetooth expire 1 line
09-01 01:00:26.189   442   455 I chatty  : uid=1000(system) android.bg expire 1 line
09-01 01:00:32.663 13306 13327 I chatty  : uid=1002(bluetooth) com.android.bluetooth expire 3 lines
09-01 01:00:32.665 13306 13335 I chatty  : uid=1002(bluetooth) com.android.bluetooth expire 21 lines
09-01 01:00:32.672 13306 13336 I chatty  : uid=1002(bluetooth) com.android.bluetooth expire 2 lines
09-01 01:00:33.373   442   462 D BluetoothAdapter: onBluetoothServiceDown: android.bluetooth.IBluetooth$Stub$Proxy@41b718f
09-01 01:00:33.374   670 12016 D BluetoothAdapter: onBluetoothServiceDown: android.bluetooth.IBluetooth$Stub$Proxy@3c72dc1
09-01 01:00:33.374   567   590 D BluetoothAdapter: onBluetoothServiceDown: android.bluetooth.IBluetooth$Stub$Proxy@d232ba0
09-01 01:00:33.376   653   666 D BluetoothAdapter: onBluetoothServiceDown: android.bluetooth.IBluetooth$Stub$Proxy@af2cf65
09-01 01:00:33.696 13337 13337 I chatty  : uid=1002(bluetooth) com.android.bluetooth expire 36 lines
09-01 01:00:33.742 13337 13354 I chatty  : uid=1002(bluetooth) com.android.bluetooth expire 12 lines
09-01 01:00:33.743 13337 13355 I chatty  : uid=1002(bluetooth) com.android.bluetooth expire 39 lines
09-01 01:00:33.744 13337 13358 I chatty  : uid=1002(bluetooth) com.android.bluetooth expire 4 lines
09-01 01:00:33.745 13337 13359 I chatty  : uid=1002(bluetooth) com.android.bluetooth expire 1 line
09-01 01:00:33.746 13337 13360 I chatty  : uid=1002(bluetooth) com.android.bluetooth expire 3 lines
09-01 01:00:33.756 13337 13351 I chatty  : uid=1002(bluetooth) com.android.bluetooth expire 3 lines
09-01 01:00:33.759   442   462 D BluetoothAdapter: onBluetoothServiceUp: android.bluetooth.IBluetooth$Stub$Proxy@62f6bd9
09-01 01:00:33.759   670 12016 D BluetoothAdapter: onBluetoothServiceUp: android.bluetooth.IBluetooth$Stub$Proxy@57966
09-01 01:00:33.760   567   590 D BluetoothAdapter: onBluetoothServiceUp: android.bluetooth.IBluetooth$Stub$Proxy@d048359
09-01 01:00:33.761   653   666 D BluetoothAdapter: onBluetoothServiceUp: android.bluetooth.IBluetooth$Stub$Proxy@1b1443a
09-01 01:00:33.768 13337 13361 I chatty  : uid=1002(bluetooth) com.android.bluetooth expire 1 line
09-01 01:00:33.784 13337 13364 I chatty  : uid=1002(bluetooth) com.android.bluetooth expire 7 lines
09-01 01:00:34.443 13337 13365 I chatty  : uid=1002(bluetooth) com.android.bluetooth expire 1 line
09-01 01:00:41.792 13337 13366 I chatty  : uid=1002(bluetooth) com.android.bluetooth expire 21 lines
09-01 01:00:41.796 13337 13367 I chatty  : uid=1002(bluetooth) com.android.bluetooth expire 2 lines
09-01 01:00:42.471   442   639 I chatty  : uid=1000(system) Binder:442_4 expire 12 lines
09-01 01:00:42.473   442   462 D BluetoothAdapter: onBluetoothServiceDown: android.bluetooth.IBluetooth$Stub$Proxy@62f6bd9
09-01 01:00:42.473   670 12016 D BluetoothAdapter: onBluetoothServiceDown: android.bluetooth.IBluetooth$Stub$Proxy@57966
09-01 01:00:42.473   653   666 D BluetoothAdapter: onBluetoothServiceDown: android.bluetooth.IBluetooth$Stub$Proxy@1b1443a
09-01 01:00:42.473   567   590 D BluetoothAdapter: onBluetoothServiceDown: android.bluetooth.IBluetooth$Stub$Proxy@d048359
09-01 01:00:42.793 13368 13368 I chatty  : uid=1002(bluetooth) com.android.bluetooth expire 36 lines
09-01 01:00:42.839 13368 13384 I chatty  : uid=1002(bluetooth) com.android.bluetooth expire 12 lines
09-01 01:00:42.839 13368 13385 I chatty  : uid=1002(bluetooth) com.android.bluetooth expire 25 lines
09-01 01:00:42.841 13368 13388 I chatty  : uid=1002(bluetooth) com.android.bluetooth expire 1 line
09-01 01:00:42.841 13368 13389 I chatty  : uid=1002(bluetooth) com.android.bluetooth expire 1 line
09-01 01:00:42.842 13368 13390 I chatty  : uid=1002(bluetooth) com.android.bluetooth expire 3 lines
09-01 01:00:42.856 13368 13382 I chatty  : uid=1002(bluetooth) com.android.bluetooth expire 2 lines
09-01 01:00:42.857   442   462 D BluetoothAdapter: onBluetoothServiceUp: android.bluetooth.IBluetooth$Stub$Proxy@1726c02
09-01 01:00:42.857   670 12016 D BluetoothAdapter: onBluetoothServiceUp: android.bluetooth.IBluetooth$Stub$Proxy@835f4a7
09-01 01:00:42.858   653   666 D BluetoothAdapter: onBluetoothServiceUp: android.bluetooth.IBluetooth$Stub$Proxy@a1fe8eb
09-01 01:00:42.858   567   590 D BluetoothAdapter: onBluetoothServiceUp: android.bluetooth.IBluetooth$Stub$Proxy@ac73b1e
09-01 01:00:42.859 13368 13381 I chatty  : uid=1002(bluetooth) com.android.bluetooth expire 1 line
09-01 01:00:42.863 13368 13391 I chatty  : uid=1002(bluetooth) com.android.bluetooth expire 1 line
09-01 01:00:42.878 13368 13385 I chatty  : uid=1002(bluetooth) com.android.bluetooth expire 14 lines
09-01 01:00:42.879 13368 13394 I chatty  : uid=1002(bluetooth) com.android.bluetooth expire 7 lines
09-01 01:00:43.539 13368 13395 I chatty  : uid=1002(bluetooth) com.android.bluetooth expire 1 line
09-01 01:00:50.883 13368 13388 I chatty  : uid=1002(bluetooth) com.android.bluetooth expire 3 lines
09-01 01:00:50.885 13368 13396 I chatty  : uid=1002(bluetooth) com.android.bluetooth expire 21 lines
09-01 01:00:50.889 13368 13397 I chatty  : uid=1002(bluetooth) com.android.bluetooth expire 2 lines
09-01 01:00:51.569   442   462 D BluetoothAdapter: onBluetoothServiceDown: android.bluetooth.IBluetooth$Stub$Proxy@1726c02
09-01 01:00:51.569   670 12016 D BluetoothAdapter: onBluetoothServiceDown: android.bluetooth.IBluetooth$Stub$Proxy@835f4a7
09-01 01:00:51.569   653   666 D BluetoothAdapter: onBluetoothServiceDown: android.bluetooth.IBluetooth$Stub$Proxy@a1fe8eb
09-01 01:00:51.569   567   590 D BluetoothAdapter: onBluetoothServiceDown: android.bluetooth.IBluetooth$Stub$Proxy@ac73b1e
09-01 01:00:51.893 13398 13398 I chatty  : uid=1002(bluetooth) com.android.bluetooth expire 36 lines
09-01 01:00:51.937 13398 13415 I chatty  : uid=1002(bluetooth) com.android.bluetooth expire 12 lines
09-01 01:00:51.937 13398 13416 I chatty  : uid=1002(bluetooth) com.android.bluetooth expire 39 lines
09-01 01:00:51.939 13398 13419 I chatty  : uid=1002(bluetooth) com.android.bluetooth expire 4 lines
09-01 01:00:51.939 13398 13420 I chatty  : uid=1002(bluetooth) com.android.bluetooth expire 1 line
09-01 01:00:51.941 13398 13421 I chatty  : uid=1002(bluetooth) com.android.bluetooth expire 3 lines
09-01 01:00:51.950 13398 13413 I chatty  : uid=1002(bluetooth) com.android.bluetooth expire 2 lines
09-01 01:00:51.953   442   462 D BluetoothAdapter: onBluetoothServiceUp: android.bluetooth.IBluetooth$Stub$Proxy@4bbd167
09-01 01:00:51.953   653   666 D BluetoothAdapter: onBluetoothServiceUp: android.bluetooth.IBluetooth$Stub$Proxy@94ff648
09-01 01:00:51.953   567   590 D BluetoothAdapter: onBluetoothServiceUp: android.bluetooth.IBluetooth$Stub$Proxy@20b7fff
09-01 01:00:51.954   670 12016 D BluetoothAdapter: onBluetoothServiceUp: android.bluetooth.IBluetooth$Stub$Proxy@fae3d54
09-01 01:00:51.954 13398 13412 I chatty  : uid=1002(bluetooth) com.android.bluetooth expire 1 line
09-01 01:00:51.958 13398 13422 I chatty  : uid=1002(bluetooth) com.android.bluetooth expire 1 line
09-01 01:00:51.986 13398 13425 I chatty  : uid=1002(bluetooth) com.android.bluetooth expire 7 lines
09-01 01:00:52.646 13398 13426 I chatty  : uid=1002(bluetooth) com.android.bluetooth expire 1 line
09-01 01:00:59.993 13398 13427 I chatty  : uid=1002(bluetooth) com.android.bluetooth expire 21 lines
09-01 01:01:00.000 13398 13428 I chatty  : uid=1002(bluetooth) com.android.bluetooth expire 2 lines
09-01 01:01:00.680   442   704 I chatty  : uid=1000(system) Binder:442_7 expire 4 lines
09-01 01:01:00.684   442   462 D BluetoothAdapter: onBluetoothServiceDown: android.bluetooth.IBluetooth$Stub$Proxy@4bbd167
09-01 01:01:00.684   653   666 D BluetoothAdapter: onBluetoothServiceDown: android.bluetooth.IBluetooth$Stub$Proxy@94ff648
09-01 01:01:00.685   670 12016 D BluetoothAdapter: onBluetoothServiceDown: android.bluetooth.IBluetooth$Stub$Proxy@fae3d54
09-01 01:01:00.685   567   590 D BluetoothAdapter: onBluetoothServiceDown: android.bluetooth.IBluetooth$Stub$Proxy@20b7fff
09-01 01:01:01.010 13429 13429 I chatty  : uid=1002(bluetooth) com.android.bluetooth expire 36 lines
09-01 01:01:01.052 13429 13446 I chatty  : uid=1002(bluetooth) com.android.bluetooth expire 20 lines
09-01 01:01:01.052 13429 13445 I chatty  : uid=1002(bluetooth) com.android.bluetooth expire 12 lines
09-01 01:01:01.054 13429 13449 I chatty  : uid=1002(bluetooth) com.android.bluetooth expire 1 line
09-01 01:01:01.056 13429 13450 I chatty  : uid=1002(bluetooth) com.android.bluetooth expire 1 line
09-01 01:01:01.058 13429 13451 I chatty  : uid=1002(bluetooth) com.android.bluetooth expire 3 lines
09-01 01:01:01.069 13429 13443 I chatty  : uid=1002(bluetooth) com.android.bluetooth expire 2 lines
09-01 01:01:01.072   670 12016 D BluetoothAdapter: onBluetoothServiceUp: android.bluetooth.IBluetooth$Stub$Proxy@6d7e4fd
09-01 01:01:01.072   442   462 D BluetoothAdapter: onBluetoothServiceUp: android.bluetooth.IBluetooth$Stub$Proxy@55f17f1
09-01 01:01:01.072   567   590 D BluetoothAdapter: onBluetoothServiceUp: android.bluetooth.IBluetooth$Stub$Proxy@e1f61cc
09-01 01:01:01.072   653   666 D BluetoothAdapter: onBluetoothServiceUp: android.bluetooth.IBluetooth$Stub$Proxy@7c5fce1
09-01 01:01:01.076 13429 13442 I chatty  : uid=1002(bluetooth) com.android.bluetooth expire 1 line
09-01 01:01:01.084 13429 13452 I chatty  : uid=1002(bluetooth) com.android.bluetooth expire 1 line
09-01 01:01:01.099 13429 13446 I chatty  : uid=1002(bluetooth) com.android.bluetooth expire 19 lines
09-01 01:01:01.100 13429 13455 I chatty  : uid=1002(bluetooth) com.android.bluetooth expire 7 lines
09-01 01:01:01.759 13429 13456 I chatty  : uid=1002(bluetooth) com.android.bluetooth expire 1 line
09-01 01:01:09.104 13429 13449 I chatty  : uid=1002(bluetooth) com.android.bluetooth expire 3 lines
09-01 01:01:09.106 13429 13457 I chatty  : uid=1002(bluetooth) com.android.bluetooth expire 21 lines
09-01 01:01:09.110 13429 13458 I chatty  : uid=1002(bluetooth) com.android.bluetooth expire 2 lines
09-01 01:01:09.793   442   462 D BluetoothAdapter: onBluetoothServiceDown: android.bluetooth.IBluetooth$Stub$Proxy@55f17f1
09-01 01:01:09.793   670 12016 D BluetoothAdapter: onBluetoothServiceDown: android.bluetooth.IBluetooth$Stub$Proxy@6d7e4fd
09-01 01:01:09.794   653   666 D BluetoothAdapter: onBluetoothServiceDown: android.bluetooth.IBluetooth$Stub$Proxy@7c5fce1
09-01 01:01:09.794   567   590 D BluetoothAdapter: onBluetoothServiceDown: android.bluetooth.IBluetooth$Stub$Proxy@e1f61cc
09-01 01:01:10.114 13459 13459 I chatty  : uid=1002(bluetooth) com.android.bluetooth expire 36 lines
09-01 01:01:10.157 13459 13475 I chatty  : uid=1002(bluetooth) com.android.bluetooth expire 12 lines
09-01 01:01:10.158 13459 13476 I chatty  : uid=1002(bluetooth) com.android.bluetooth expire 39 lines
09-01 01:01:10.160 13459 13479 I chatty  : uid=1002(bluetooth) com.android.bluetooth expire 4 lines
09-01 01:01:10.160 13459 13480 I chatty  : uid=1002(bluetooth) com.android.bluetooth expire 1 line
09-01 01:01:10.162 13459 13481 I chatty  : uid=1002(bluetooth) com.android.bluetooth expire 3 lines
09-01 01:01:10.174 13459 13473 I chatty  : uid=1002(bluetooth) com.android.bluetooth expire 2 lines
