09-01 01:02:59.434 13845 13866 I chatty  : uid=1002(bluetooth) com.android.bluetooth expire 4 lines
09-01 01:02:59.434 13845 13867 I chatty  : uid=1002(bluetooth) com.android.bluetooth expire 1 line
09-01 01:02:59.435 13845 13868 I chatty  : uid=1002(bluetooth) com.android.bluetooth expire 3 lines
09-01 01:02:59.439   442   442 D BluetoothManagerService: Bluetooth Adapter name changed to AOSP on navi_ref
09-01 01:02:59.440   442   442 D BluetoothManagerService: Stored Bluetooth name: AOSP on navi_ref
09-01 01:02:59.443   442   442 D BluetoothManagerService: BluetoothServiceConnection: com.android.bluetooth.btservice.AdapterService
09-01 01:02:59.443   442   462 D BluetoothManagerService: MESSAGE_BLUETOOTH_SERVICE_CONNECTED: 1
09-01 01:02:59.446 13845 13860 I chatty  : uid=1002(bluetooth) com.android.bluetooth expire 2 lines
09-01 01:02:59.448   442   462 D BluetoothManagerService: Broadcasting onBluetoothServiceUp() to 5 receivers.
09-01 01:02:59.448   442   462 D BluetoothAdapter: onBluetoothServiceUp: android.bluetooth.IBluetooth$Stub$Proxy@2d59245
09-01 01:02:59.449   670 12016 D BluetoothAdapter: onBluetoothServiceUp: android.bluetooth.IBluetooth$Stub$Proxy@a550816
09-01 01:02:59.449   567   590 D BluetoothAdapter: onBluetoothServiceUp: android.bluetooth.IBluetooth$Stub$Proxy@93ff4c9
09-01 01:02:59.450 13845 13857 I chatty  : uid=1002(bluetooth) com.android.bluetooth expire 1 line
09-01 01:02:59.451   442   462 D BluetoothManagerService: MESSAGE_BLUETOOTH_STATE_CHANGE: OFF > BLE_TURNING_ON
09-01 01:02:59.451   442   462 D BluetoothManagerService: Sending BLE State Change: OFF > BLE_TURNING_ON
09-01 01:02:59.452   653   666 D BluetoothAdapter: onBluetoothServiceUp: android.bluetooth.IBluetooth$Stub$Proxy@8032fea
09-01 01:02:59.458 13845 13869 I chatty  : uid=1002(bluetooth) com.android.bluetooth expire 1 line
09-01 01:02:59.474 13845 13872 I chatty  : uid=1002(bluetooth) com.android.bluetooth expire 7 lines
09-01 01:03:00.133 13845 13873 I chatty  : uid=1002(bluetooth) com.android.bluetooth expire 1 line
09-01 01:03:07.480 13845 13874 I chatty  : uid=1002(bluetooth) com.android.bluetooth expire 21 lines
09-01 01:03:07.485 13845 13875 I chatty  : uid=1002(bluetooth) com.android.bluetooth expire 2 lines
09-01 01:03:08.163   442  1514 I ActivityManager: Process com.android.bluetooth (pid 13845) has died
09-01 01:03:08.163   442  1514 D ActivityManager: cleanUpApplicationRecord -- 13845
09-01 01:03:08.163   442   442 D BluetoothManagerService: BluetoothServiceConnection, disconnected: com.android.bluetooth.btservice.AdapterService
09-01 01:03:08.163   442   462 E BluetoothManagerService: MESSAGE_BLUETOOTH_SERVICE_DISCONNECTED(1)
09-01 01:03:08.163   442  1514 W ActivityManager: Scheduling restart of crashed service com.android.bluetooth/.gatt.GattService in 1000ms
09-01 01:03:08.163   442   462 D BluetoothManagerService: Broadcasting onBluetoothServiceDown() to 4 receivers.
09-01 01:03:08.163   442  1514 W ActivityManager: Scheduling restart of crashed service com.android.bluetooth/.btservice.AdapterService in 1000ms
09-01 01:03:08.164   670 12016 D BluetoothAdapter: onBluetoothServiceDown: android.bluetooth.IBluetooth$Stub$Proxy@a550816
09-01 01:03:08.164   653   666 D BluetoothAdapter: onBluetoothServiceDown: android.bluetooth.IBluetooth$Stub$Proxy@8032fea
09-01 01:03:08.165   442   462 D BluetoothAdapter: onBluetoothServiceDown: android.bluetooth.IBluetooth$Stub$Proxy@2d59245
09-01 01:03:08.165   567   590 D BluetoothAdapter: onBluetoothServiceDown: android.bluetooth.IBluetooth$Stub$Proxy@93ff4c9
09-01 01:03:08.364   442   462 D BluetoothManagerService: MESSAGE_RESTART_BLUETOOTH_SERVICE
09-01 01:03:08.395   442   462 I ActivityManager: Start proc 13876:com.android.bluetooth/1002 for service com.android.bluetooth/.btservice.AdapterService
09-01 01:03:08.484 13876 13876 I chatty  : uid=1002(bluetooth) com.android.bluetooth expire 16 lines
09-01 01:03:08.525 13876 13893 I chatty  : uid=1002(bluetooth) com.android.bluetooth expire 1 line
09-01 01:03:08.525 13876 13894 I chatty  : uid=1002(bluetooth) com.android.bluetooth expire 20 lines
09-01 01:03:08.528 13876 13897 I chatty  : uid=1002(bluetooth) com.android.bluetooth expire 1 line
09-01 01:03:08.528 13876 13898 I chatty  : uid=1002(bluetooth) com.android.bluetooth expire 1 line
09-01 01:03:08.530 13876 13899 I chatty  : uid=1002(bluetooth) com.android.bluetooth expire 3 lines
09-01 01:03:08.534   442   442 D BluetoothManagerService: Bluetooth Adapter name changed to AOSP on navi_ref
09-01 01:03:08.535   442   442 D BluetoothManagerService: Stored Bluetooth name: AOSP on navi_ref
09-01 01:03:08.537 13876 13876 I chatty  : uid=1002(bluetooth) com.android.bluetooth expire 20 lines
09-01 01:03:08.538   442   442 D BluetoothManagerService: BluetoothServiceConnection: com.android.bluetooth.btservice.AdapterService
09-01 01:03:08.538   442   462 D BluetoothManagerService: MESSAGE_BLUETOOTH_SERVICE_CONNECTED: 1
09-01 01:03:08.540 13876 13890 I chatty  : uid=1002(bluetooth) com.android.bluetooth expire 2 lines
09-01 01:03:08.541   442   462 D BluetoothManagerService: Broadcasting onBluetoothServiceUp() to 5 receivers.
09-01 01:03:08.542   442   462 D BluetoothAdapter: onBluetoothServiceUp: android.bluetooth.IBluetooth$Stub$Proxy@e7daf3e
09-01 01:03:08.542   653   666 D BluetoothAdapter: onBluetoothServiceUp: android.bluetooth.IBluetooth$Stub$Proxy@af0e2db
09-01 01:03:08.542   670 12016 D BluetoothAdapter: onBluetoothServiceUp: android.bluetooth.IBluetooth$Stub$Proxy@5af5597
09-01 01:03:08.542   567   590 D BluetoothAdapter: onBluetoothServiceUp: android.bluetooth.IBluetooth$Stub$Proxy@946a7ce
09-01 01:03:08.543 13876 13891 I chatty  : uid=1002(bluetooth) com.android.bluetooth expire 1 line
09-01 01:03:08.543 13876 13893 I chatty  : uid=1002(bluetooth) com.android.bluetooth expire 11 lines
09-01 01:03:08.544   442   462 D BluetoothManagerService: MESSAGE_BLUETOOTH_STATE_CHANGE: OFF > BLE_TURNING_ON
09-01 01:03:08.544   442   462 D BluetoothManagerService: Sending BLE State Change: OFF > BLE_TURNING_ON
09-01 01:03:08.550 13876 13900 I chatty  : uid=1002(bluetooth) com.android.bluetooth expire 1 line
09-01 01:03:08.568 13876 13894 I chatty  : uid=1002(bluetooth) com.android.bluetooth expire 19 lines
09-01 01:03:08.568 13876 13903 I chatty  : uid=1002(bluetooth) com.android.bluetooth expire 7 lines
09-01 01:03:09.227 13876 13904 I chatty  : uid=1002(bluetooth) com.android.bluetooth expire 1 line
09-01 01:03:16.574 13876 13897 I chatty  : uid=1002(bluetooth) com.android.bluetooth expire 3 lines
09-01 01:03:16.575 13876 13905 I chatty  : uid=1002(bluetooth) com.android.bluetooth expire 21 lines
09-01 01:03:16.583 13876 13906 I chatty  : uid=1002(bluetooth) com.android.bluetooth expire 2 lines
09-01 01:03:17.254   442   442 D BluetoothManagerService: BluetoothServiceConnection, disconnected: com.android.bluetooth.btservice.AdapterService
09-01 01:03:17.254   442  1514 I ActivityManager: Process com.android.bluetooth (pid 13876) has died
09-01 01:03:17.254   442  1514 D ActivityManager: cleanUpApplicationRecord -- 13876
09-01 01:03:17.254   442   462 E BluetoothManagerService: MESSAGE_BLUETOOTH_SERVICE_DISCONNECTED(1)
09-01 01:03:17.254   442   462 D BluetoothManagerService: Broadcasting onBluetoothServiceDown() to 4 receivers.
09-01 01:03:17.254   442  1514 W ActivityManager: Scheduling restart of crashed service com.android.bluetooth/.gatt.GattService in 1000ms
09-01 01:03:17.254   442   462 D BluetoothAdapter: onBluetoothServiceDown: android.bluetooth.IBluetooth$Stub$Proxy@e7daf3e
09-01 01:03:17.254   442  1514 W ActivityManager: Scheduling restart of crashed service com.android.bluetooth/.btservice.AdapterService in 1000ms
09-01 01:03:17.255   670 12016 D BluetoothAdapter: onBluetoothServiceDown: android.bluetooth.IBluetooth$Stub$Proxy@5af5597
09-01 01:03:17.255   567   590 D BluetoothAdapter: onBluetoothServiceDown: android.bluetooth.IBluetooth$Stub$Proxy@946a7ce
09-01 01:03:17.255   653   666 D BluetoothAdapter: onBluetoothServiceDown: android.bluetooth.IBluetooth$Stub$Proxy@af0e2db
09-01 01:03:17.454   442   462 D BluetoothManagerService: MESSAGE_RESTART_BLUETOOTH_SERVICE
09-01 01:03:17.492   442   462 I ActivityManager: Start proc 13907:com.android.bluetooth/1002 for service com.android.bluetooth/.btservice.AdapterService
09-01 01:03:17.577 13907 13907 I chatty  : uid=1002(bluetooth) com.android.bluetooth expire 36 lines
09-01 01:03:17.622 13907 13924 I chatty  : uid=1002(bluetooth) com.android.bluetooth expire 12 lines
09-01 01:03:17.623 13907 13925 I chatty  : uid=1002(bluetooth) com.android.bluetooth expire 39 lines
09-01 01:03:17.625 13907 13928 I chatty  : uid=1002(bluetooth) com.android.bluetooth expire 4 lines
09-01 01:03:17.625 13907 13929 I chatty  : uid=1002(bluetooth) com.android.bluetooth expire 1 line
09-01 01:03:17.626 13907 13930 I chatty  : uid=1002(bluetooth) com.android.bluetooth expire 3 lines
09-01 01:03:17.630   442   442 D BluetoothManagerService: Bluetooth Adapter name changed to AOSP on navi_ref
09-01 01:03:17.630   442   442 D BluetoothManagerService: Stored Bluetooth name: AOSP on navi_ref
09-01 01:03:17.635   442   442 D BluetoothManagerService: BluetoothServiceConnection: com.android.bluetooth.btservice.AdapterService
09-01 01:03:17.635   442   462 D BluetoothManagerService: MESSAGE_BLUETOOTH_SERVICE_CONNECTED: 1
09-01 01:03:17.636 13907 13922 I chatty  : uid=1002(bluetooth) com.android.bluetooth expire 2 lines
09-01 01:03:17.638   442   462 D BluetoothManagerService: Broadcasting onBluetoothServiceUp() to 5 receivers.
09-01 01:03:17.638   670 12016 D BluetoothAdapter: onBluetoothServiceUp: android.bluetooth.IBluetooth$Stub$Proxy@185a384
09-01 01:03:17.638   442   462 D BluetoothAdapter: onBluetoothServiceUp: android.bluetooth.IBluetooth$Stub$Proxy@de59433
09-01 01:03:17.639   567   590 D BluetoothAdapter: onBluetoothServiceUp: android.bluetooth.IBluetooth$Stub$Proxy@18a66ef
09-01 01:03:17.639   653   666 D BluetoothAdapter: onBluetoothServiceUp: android.bluetooth.IBluetooth$Stub$Proxy@e118178
09-01 01:03:17.640 13907 13919 I chatty  : uid=1002(bluetooth) com.android.bluetooth expire 1 line
09-01 01:03:17.641   442   462 D BluetoothManagerService: MESSAGE_BLUETOOTH_STATE_CHANGE: OFF > BLE_TURNING_ON
09-01 01:03:17.641   442   462 D BluetoothManagerService: Sending BLE State Change: OFF > BLE_TURNING_ON
09-01 01:03:17.643 13907 13931 I chatty  : uid=1002(bluetooth) com.android.bluetooth expire 1 line
09-01 01:03:17.662 13907 13934 I chatty  : uid=1002(bluetooth) com.android.bluetooth expire 7 lines
09-01 01:03:18.323 13907 13935 I chatty  : uid=1002(bluetooth) com.android.bluetooth expire 1 line
09-01 01:03:25.668 13907 13936 I chatty  : uid=1002(bluetooth) com.android.bluetooth expire 21 lines
09-01 01:03:25.673 13907 13937 I chatty  : uid=1002(bluetooth) com.android.bluetooth expire 2 lines
09-01 01:03:26.351   442  1514 I ActivityManager: Process com.android.bluetooth (pid 13907) has died
09-01 01:03:26.351   442  1514 D ActivityManager: cleanUpApplicationRecord -- 13907
09-01 01:03:26.351   442   442 D BluetoothManagerService: BluetoothServiceConnection, disconnected: com.android.bluetooth.btservice.AdapterService
09-01 01:03:26.351   442  1514 W ActivityManager: Scheduling restart of crashed service com.android.bluetooth/.btservice.AdapterService in 1000ms
09-01 01:03:26.352   442   462 E BluetoothManagerService: MESSAGE_BLUETOOTH_SERVICE_DISCONNECTED(1)
09-01 01:03:26.352   442   462 D BluetoothManagerService: Broadcasting onBluetoothServiceDown() to 4 receivers.
09-01 01:03:26.352   442  1514 W ActivityManager: Scheduling restart of crashed service com.android.bluetooth/.gatt.GattService in 10999ms
09-01 01:03:26.352   442   462 D BluetoothAdapter: onBluetoothServiceDown: android.bluetooth.IBluetooth$Stub$Proxy@de59433
09-01 01:03:26.352   670 12016 D BluetoothAdapter: onBluetoothServiceDown: android.bluetooth.IBluetooth$Stub$Proxy@185a384
09-01 01:03:26.353   653   666 D BluetoothAdapter: onBluetoothServiceDown: android.bluetooth.IBluetooth$Stub$Proxy@e118178
09-01 01:03:26.353   567   590 D BluetoothAdapter: onBluetoothServiceDown: android.bluetooth.IBluetooth$Stub$Proxy@18a66ef
09-01 01:03:26.552   442   462 D BluetoothManagerService: MESSAGE_RESTART_BLUETOOTH_SERVICE
09-01 01:03:26.585   442   462 I ActivityManager: Start proc 13938:com.android.bluetooth/1002 for service com.android.bluetooth/.btservice.AdapterService
09-01 01:03:26.669 13938 13938 I chatty  : uid=1002(bluetooth) com.android.bluetooth expire 13 lines
09-01 01:03:26.710 13938 13955 I chatty  : uid=1002(bluetooth) com.android.bluetooth expire 1 line
09-01 01:03:26.710 13938 13956 I chatty  : uid=1002(bluetooth) com.android.bluetooth expire 20 lines
09-01 01:03:26.713 13938 13959 I chatty  : uid=1002(bluetooth) com.android.bluetooth expire 1 line
09-01 01:03:26.713 13938 13960 I chatty  : uid=1002(bluetooth) com.android.bluetooth expire 1 line
09-01 01:03:26.715 13938 13961 I chatty  : uid=1002(bluetooth) com.android.bluetooth expire 3 lines
09-01 01:03:26.715 13938 13938 I chatty  : uid=1002(bluetooth) com.android.bluetooth expire 23 lines
09-01 01:03:26.719   442   442 D BluetoothManagerService: Bluetooth Adapter name changed to AOSP on navi_ref
09-01 01:03:26.719   442   442 D BluetoothManagerService: Stored Bluetooth name: AOSP on navi_ref
09-01 01:03:26.723   442   442 D BluetoothManagerService: BluetoothServiceConnection: com.android.bluetooth.btservice.AdapterService
09-01 01:03:26.723   442   462 D BluetoothManagerService: MESSAGE_BLUETOOTH_SERVICE_CONNECTED: 1
09-01 01:03:26.726 13938 13952 I chatty  : uid=1002(bluetooth) com.android.bluetooth expire 2 lines
09-01 01:03:26.729   442   462 D BluetoothManagerService: Broadcasting onBluetoothServiceUp() to 5 receivers.
09-01 01:03:26.730   442   462 D BluetoothAdapter: onBluetoothServiceUp: android.bluetooth.IBluetooth$Stub$Proxy@e0885dd
09-01 01:03:26.730   670 12016 D BluetoothAdapter: onBluetoothServiceUp: android.bluetooth.IBluetooth$Stub$Proxy@9d1076d
09-01 01:03:26.730   567   590 D BluetoothAdapter: onBluetoothServiceUp: android.bluetooth.IBluetooth$Stub$Proxy@f24d5fc
09-01 01:03:26.730   653   666 D BluetoothAdapter: onBluetoothServiceUp: android.bluetooth.IBluetooth$Stub$Proxy@db6e051
09-01 01:03:26.731 13938 13953 I chatty  : uid=1002(bluetooth) com.android.bluetooth expire 1 line
09-01 01:03:26.732 13938 13955 I chatty  : uid=1002(bluetooth) com.android.bluetooth expire 11 lines
09-01 01:03:26.733   442   462 D BluetoothManagerService: MESSAGE_BLUETOOTH_STATE_CHANGE: OFF > BLE_TURNING_ON
09-01 01:03:26.733   442   462 D BluetoothManagerService: Sending BLE State Change: OFF > BLE_TURNING_ON
09-01 01:03:26.737 13938 13962 I chatty  : uid=1002(bluetooth) com.android.bluetooth expire 1 line
09-01 01:03:26.753 13938 13956 I chatty  : uid=1002(bluetooth) com.android.bluetooth expire 19 lines
09-01 01:03:26.753 13938 13965 I chatty  : uid=1002(bluetooth) com.android.bluetooth expire 7 lines
09-01 01:03:27.414 13938 13966 I chatty  : uid=1002(bluetooth) com.android.bluetooth expire 1 line
09-01 01:03:34.758 13938 13959 I chatty  : uid=1002(bluetooth) com.android.bluetooth expire 3 lines
09-01 01:03:34.761 13938 13967 I chatty  : uid=1002(bluetooth) com.android.bluetooth expire 21 lines
09-01 01:03:34.766 13938 13968 I chatty  : uid=1002(bluetooth) com.android.bluetooth expire 2 lines
09-01 01:03:35.445   442  1374 I ActivityManager: Process com.android.bluetooth (pid 13938) has died
09-01 01:03:35.445   442  1374 D ActivityManager: cleanUpApplicationRecord -- 13938
09-01 01:03:35.445   442  1374 W ActivityManager: Scheduling restart of crashed service com.android.bluetooth/.gatt.GattService in 1000ms
09-01 01:03:35.446   442  1374 W ActivityManager: Scheduling restart of crashed service com.android.bluetooth/.btservice.AdapterService in 1000ms
09-01 01:03:35.449   442   442 D BluetoothManagerService: BluetoothServiceConnection, disconnected: com.android.bluetooth.btservice.AdapterService
09-01 01:03:35.449   442   462 E BluetoothManagerService: MESSAGE_BLUETOOTH_SERVICE_DISCONNECTED(1)
09-01 01:03:35.449   442   462 D BluetoothManagerService: Broadcasting onBluetoothServiceDown() to 4 receivers.
09-01 01:03:35.450   442   462 D BluetoothAdapter: onBluetoothServiceDown: android.bluetooth.IBluetooth$Stub$Proxy@e0885dd
09-01 01:03:35.450   670 12016 D BluetoothAdapter: onBluetoothServiceDown: android.bluetooth.IBluetooth$Stub$Proxy@9d1076d
09-01 01:03:35.450   567   590 D BluetoothAdapter: onBluetoothServiceDown: android.bluetooth.IBluetooth$Stub$Proxy@f24d5fc
09-01 01:03:35.450   653   666 D BluetoothAdapter: onBluetoothServiceDown: android.bluetooth.IBluetooth$Stub$Proxy@db6e051
09-01 01:03:35.649   442   462 D BluetoothManagerService: MESSAGE_RESTART_BLUETOOTH_SERVICE
09-01 01:03:35.680   442   462 I ActivityManager: Start proc 13969:com.android.bluetooth/1002 for service com.android.bluetooth/.btservice.AdapterService
09-01 01:03:35.768 13969 13969 I chatty  : uid=1002(bluetooth) com.android.bluetooth expire 36 lines
09-01 01:03:35.810 13969 13985 I chatty  : uid=1002(bluetooth) com.android.bluetooth expire 12 lines
09-01 01:03:35.811 13969 13986 I chatty  : uid=1002(bluetooth) com.android.bluetooth expire 39 lines
09-01 01:03:35.815 13969 13989 I chatty  : uid=1002(bluetooth) com.android.bluetooth expire 4 lines
09-01 01:03:35.815 13969 13990 I chatty  : uid=1002(bluetooth) com.android.bluetooth expire 1 line
09-01 01:03:35.816 13969 13991 I chatty  : uid=1002(bluetooth) com.android.bluetooth expire 3 lines
09-01 01:03:35.820   442   442 D BluetoothManagerService: Bluetooth Adapter name changed to AOSP on navi_ref
09-01 01:03:35.821   442   442 D BluetoothManagerService: Stored Bluetooth name: AOSP on navi_ref
09-01 01:03:35.828   442   442 D BluetoothManagerService: BluetoothServiceConnection: com.android.bluetooth.btservice.AdapterService
09-01 01:03:35.828   442   462 D BluetoothManagerService: MESSAGE_BLUETOOTH_SERVICE_CONNECTED: 1
09-01 01:03:35.830 13969 13983 I chatty  : uid=1002(bluetooth) com.android.bluetooth expire 2 lines
09-01 01:03:35.832   442   462 D BluetoothManagerService: Broadcasting onBluetoothServiceUp() to 5 receivers.
09-01 01:03:35.832   442   462 D BluetoothAdapter: onBluetoothServiceUp: android.bluetooth.IBluetooth$Stub$Proxy@af3a976
09-01 01:03:35.832   670 12016 D BluetoothAdapter: onBluetoothServiceUp: android.bluetooth.IBluetooth$Stub$Proxy@9918fa2
09-01 01:03:35.833   567   590 D BluetoothAdapter: onBluetoothServiceUp: android.bluetooth.IBluetooth$Stub$Proxy@8ca1485
09-01 01:03:35.833   653   666 D BluetoothAdapter: onBluetoothServiceUp: android.bluetooth.IBluetooth$Stub$Proxy@edc60b6
09-01 01:03:35.834 13969 13982 I chatty  : uid=1002(bluetooth) com.android.bluetooth expire 1 line
09-01 01:03:35.837   442   462 D BluetoothManagerService: MESSAGE_BLUETOOTH_STATE_CHANGE: OFF > BLE_TURNING_ON
09-01 01:03:35.837   442   462 D BluetoothManagerService: Sending BLE State Change: OFF > BLE_TURNING_ON
09-01 01:03:35.841 13969 13992 I chatty  : uid=1002(bluetooth) com.android.bluetooth expire 1 line
09-01 01:03:35.858 13969 13995 I chatty  : uid=1002(bluetooth) com.android.bluetooth expire 7 lines
09-01 01:03:36.519 13969 13996 I chatty  : uid=1002(bluetooth) com.android.bluetooth expire 1 line
09-01 01:03:43.864 13969 13997 I chatty  : uid=1002(bluetooth) com.android.bluetooth expire 21 lines
09-01 01:03:43.870 13969 13998 I chatty  : uid=1002(bluetooth) com.android.bluetooth expire 2 lines
09-01 01:03:44.571   442   442 D BluetoothManagerService: BluetoothServiceConnection, disconnected: com.android.bluetooth.btservice.AdapterService
09-01 01:03:44.572   442   704 I ActivityManager: Process com.android.bluetooth (pid 13969) has died
09-01 01:03:44.572   442   704 D ActivityManager: cleanUpApplicationRecord -- 13969
09-01 01:03:44.572   442   704 W ActivityManager: Scheduling restart of crashed service com.android.bluetooth/.gatt.GattService in 1000ms
09-01 01:03:44.572   442   704 W ActivityManager: Scheduling restart of crashed service com.android.bluetooth/.btservice.AdapterService in 1000ms
09-01 01:03:44.572   442   462 E BluetoothManagerService: MESSAGE_BLUETOOTH_SERVICE_DISCONNECTED(1)
09-01 01:03:44.572   442   462 D BluetoothManagerService: Broadcasting onBluetoothServiceDown() to 4 receivers.
09-01 01:03:44.573   670 12016 D BluetoothAdapter: onBluetoothServiceDown: android.bluetooth.IBluetooth$Stub$Proxy@9918fa2
09-01 01:03:44.575   653   666 D BluetoothAdapter: onBluetoothServiceDown: android.bluetooth.IBluetooth$Stub$Proxy@edc60b6
09-01 01:03:44.576   442   462 D BluetoothAdapter: onBluetoothServiceDown: android.bluetooth.IBluetooth$Stub$Proxy@af3a976
09-01 01:03:44.576   567   590 D BluetoothAdapter: onBluetoothServiceDown: android.bluetooth.IBluetooth$Stub$Proxy@8ca1485
09-01 01:03:44.772   442   462 D BluetoothManagerService: MESSAGE_RESTART_BLUETOOTH_SERVICE
09-01 01:03:44.801   442   462 I ActivityManager: Start proc 14000:com.android.bluetooth/1002 for service com.android.bluetooth/.btservice.AdapterService
09-01 01:03:44.887 14000 14000 I chatty  : uid=1002(bluetooth) com.android.bluetooth expire 13 lines
09-01 01:03:44.935 14000 14017 I chatty  : uid=1002(bluetooth) com.android.bluetooth expire 1 line
09-01 01:03:44.936 14000 14018 I chatty  : uid=1002(bluetooth) com.android.bluetooth expire 16 lines
09-01 01:03:44.938 14000 14021 I chatty  : uid=1002(bluetooth) com.android.bluetooth expire 1 line
09-01 01:03:44.939 14000 14022 I chatty  : uid=1002(bluetooth) com.android.bluetooth expire 1 line
09-01 01:03:44.939 14000 14018 I chatty  : uid=1002(bluetooth) com.android.bluetooth expire 23 lines
09-01 01:03:44.941 14000 14023 I chatty  : uid=1002(bluetooth) com.android.bluetooth expire 3 lines
09-01 01:03:44.941 14000 14000 I chatty  : uid=1002(bluetooth) com.android.bluetooth expire 23 lines
09-01 01:03:44.946   442   442 D BluetoothManagerService: Bluetooth Adapter name changed to AOSP on navi_ref
09-01 01:03:44.947   442   442 D BluetoothManagerService: Stored Bluetooth name: AOSP on navi_ref
09-01 01:03:44.950   442   442 D BluetoothManagerService: BluetoothServiceConnection: com.android.bluetooth.btservice.AdapterService
09-01 01:03:44.951   442   462 D BluetoothManagerService: MESSAGE_BLUETOOTH_SERVICE_CONNECTED: 1
09-01 01:03:44.952 14000 14015 I chatty  : uid=1002(bluetooth) com.android.bluetooth expire 2 lines
09-01 01:03:44.954   442   462 D BluetoothManagerService: Broadcasting onBluetoothServiceUp() to 5 receivers.
09-01 01:03:44.954   670 12016 D BluetoothAdapter: onBluetoothServiceUp: android.bluetooth.IBluetooth$Stub$Proxy@609b433
09-01 01:03:44.954   442   462 D BluetoothAdapter: onBluetoothServiceUp: android.bluetooth.IBluetooth$Stub$Proxy@62b868b
09-01 01:03:44.954   653   666 D BluetoothAdapter: onBluetoothServiceUp: android.bluetooth.IBluetooth$Stub$Proxy@c10d1b7
09-01 01:03:44.955   567   590 D BluetoothAdapter: onBluetoothServiceUp: android.bluetooth.IBluetooth$Stub$Proxy@42972da
09-01 01:03:44.956 14000 14012 I chatty  : uid=1002(bluetooth) com.android.bluetooth expire 1 line
09-01 01:03:44.956 14000 14017 I chatty  : uid=1002(bluetooth) com.android.bluetooth expire 11 lines
09-01 01:03:44.959   442   462 D BluetoothManagerService: MESSAGE_BLUETOOTH_STATE_CHANGE: OFF > BLE_TURNING_ON
09-01 01:03:44.959   442   462 D BluetoothManagerService: Sending BLE State Change: OFF > BLE_TURNING_ON
09-01 01:03:44.961 14000 14024 I chatty  : uid=1002(bluetooth) com.android.bluetooth expire 1 line
09-01 01:03:44.980 14000 14027 I chatty  : uid=1002(bluetooth) com.android.bluetooth expire 7 lines
09-01 01:03:45.639 14000 14028 I chatty  : uid=1002(bluetooth) com.android.bluetooth expire 1 line
09-01 01:03:52.984 14000 14021 I chatty  : uid=1002(bluetooth) com.android.bluetooth expire 3 lines
09-01 01:03:52.985 14000 14029 I chatty  : uid=1002(bluetooth) com.android.bluetooth expire 21 lines
09-01 01:03:52.994 14000 14030 I chatty  : uid=1002(bluetooth) com.android.bluetooth expire 2 lines
09-01 01:03:53.665   442   669 I ActivityManager: Process com.android.bluetooth (pid 14000) has died
09-01 01:03:53.665   442   442 D BluetoothManagerService: BluetoothServiceConnection, disconnected: com.android.bluetooth.btservice.AdapterService
09-01 01:03:53.665   442   669 D ActivityManager: cleanUpApplicationRecord -- 14000
09-01 01:03:53.666   442   462 E BluetoothManagerService: MESSAGE_BLUETOOTH_SERVICE_DISCONNECTED(1)
09-01 01:03:53.666   442   669 W ActivityManager: Scheduling restart of crashed service com.android.bluetooth/.gatt.GattService in 1000ms
09-01 01:03:53.666   442   462 D BluetoothManagerService: Broadcasting onBluetoothServiceDown() to 4 receivers.
09-01 01:03:53.667   442   669 W ActivityManager: Scheduling restart of crashed service com.android.bluetooth/.btservice.AdapterService in 1000ms
09-01 01:03:53.667   442   462 D BluetoothAdapter: onBluetoothServiceDown: android.bluetooth.IBluetooth$Stub$Proxy@62b868b
09-01 01:03:53.667   670 12016 D BluetoothAdapter: onBluetoothServiceDown: android.bluetooth.IBluetooth$Stub$Proxy@609b433
09-01 01:03:53.667   653   666 D BluetoothAdapter: onBluetoothServiceDown: android.bluetooth.IBluetooth$Stub$Proxy@c10d1b7
09-01 01:03:53.668   567   590 D BluetoothAdapter: onBluetoothServiceDown: android.bluetooth.IBluetooth$Stub$Proxy@42972da
09-01 01:03:53.867   442   462 D BluetoothManagerService: MESSAGE_RESTART_BLUETOOTH_SERVICE
09-01 01:03:53.901   442   462 I ActivityManager: Start proc 14031:com.android.bluetooth/1002 for service com.android.bluetooth/.btservice.AdapterService
09-01 01:03:53.983 14031 14031 I chatty  : uid=1002(bluetooth) com.android.bluetooth expire 36 lines
09-01 01:03:54.025 14031 14047 I chatty  : uid=1002(bluetooth) com.android.bluetooth expire 12 lines
09-01 01:03:54.025 14031 14048 I chatty  : uid=1002(bluetooth) com.android.bluetooth expire 39 lines
09-01 01:03:54.029 14031 14051 I chatty  : uid=1002(bluetooth) com.android.bluetooth expire 4 lines
09-01 01:03:54.029 14031 14052 I chatty  : uid=1002(bluetooth) com.android.bluetooth expire 1 line
09-01 01:03:54.030 14031 14053 I chatty  : uid=1002(bluetooth) com.android.bluetooth expire 3 lines
09-01 01:03:54.035   442   442 D BluetoothManagerService: Bluetooth Adapter name changed to AOSP on navi_ref
09-01 01:03:54.035   442   442 D BluetoothManagerService: Stored Bluetooth name: AOSP on navi_ref
09-01 01:03:54.039   442   442 D BluetoothManagerService: BluetoothServiceConnection: com.android.bluetooth.btservice.AdapterService
09-01 01:03:54.039   442   462 D BluetoothManagerService: MESSAGE_BLUETOOTH_SERVICE_CONNECTED: 1
09-01 01:03:54.041 14031 14045 I chatty  : uid=1002(bluetooth) com.android.bluetooth expire 2 lines
09-01 01:03:54.043   442   462 D BluetoothManagerService: Broadcasting onBluetoothServiceUp() to 5 receivers.
09-01 01:03:54.043   442   462 D BluetoothAdapter: onBluetoothServiceUp: android.bluetooth.IBluetooth$Stub$Proxy@eb8bbac
09-01 01:03:54.043   670 12016 D BluetoothAdapter: onBluetoothServiceUp: android.bluetooth.IBluetooth$Stub$Proxy@97b73f0
09-01 01:03:54.044   653   666 D BluetoothAdapter: onBluetoothServiceUp: android.bluetooth.IBluetooth$Stub$Proxy@d993d24
09-01 01:03:54.044   567   590 D BluetoothAdapter: onBluetoothServiceUp: android.bluetooth.IBluetooth$Stub$Proxy@540830b
09-01 01:03:54.045 14031 14044 I chatty  : uid=1002(bluetooth) com.android.bluetooth expire 1 line
09-01 01:03:54.046   442   462 D BluetoothManagerService: MESSAGE_BLUETOOTH_STATE_CHANGE: OFF > BLE_TURNING_ON
09-01 01:03:54.046   442   462 D BluetoothManagerService: Sending BLE State Change: OFF > BLE_TURNING_ON
09-01 01:03:54.049 14031 14054 I chatty  : uid=1002(bluetooth) com.android.bluetooth expire 1 line
09-01 01:03:54.069 14031 14057 I chatty  : uid=1002(bluetooth) com.android.bluetooth expire 7 lines
09-01 01:03:54.734 14031 14058 I chatty  : uid=1002(bluetooth) com.android.bluetooth expire 1 line
09-01 01:04:02.078 14031 14059 I chatty  : uid=1002(bluetooth) com.android.bluetooth expire 21 lines
09-01 01:04:02.084 14031 14060 I chatty  : uid=1002(bluetooth) com.android.bluetooth expire 2 lines
09-01 01:04:02.768   442   704 I ActivityManager: Process com.android.bluetooth (pid 14031) has died
09-01 01:04:02.768   442   442 D BluetoothManagerService: BluetoothServiceConnection, disconnected: com.android.bluetooth.btservice.AdapterService
09-01 01:04:02.768   442   704 D ActivityManager: cleanUpApplicationRecord -- 14031
09-01 01:04:02.769   442   704 W ActivityManager: Scheduling restart of crashed service com.android.bluetooth/.gatt.GattService in 1000ms
09-01 01:04:02.769   442   704 W ActivityManager: Scheduling restart of crashed service com.android.bluetooth/.btservice.AdapterService in 1000ms
09-01 01:04:02.772   442   462 E BluetoothManagerService: MESSAGE_BLUETOOTH_SERVICE_DISCONNECTED(1)
09-01 01:04:02.772   442   462 D BluetoothManagerService: Broadcasting onBluetoothServiceDown() to 4 receivers.
09-01 01:04:02.772   442   462 D BluetoothAdapter: onBluetoothServiceDown: android.bluetooth.IBluetooth$Stub$Proxy@eb8bbac
09-01 01:04:02.772   670 12016 D BluetoothAdapter: onBluetoothServiceDown: android.bluetooth.IBluetooth$Stub$Proxy@97b73f0
09-01 01:04:02.772   653   666 D BluetoothAdapter: onBluetoothServiceDown: android.bluetooth.IBluetooth$Stub$Proxy@d993d24
09-01 01:04:02.775   567   590 D BluetoothAdapter: onBluetoothServiceDown: android.bluetooth.IBluetooth$Stub$Proxy@540830b
09-01 01:04:02.973   442   462 D BluetoothManagerService: MESSAGE_RESTART_BLUETOOTH_SERVICE
09-01 01:04:03.001   442   462 I ActivityManager: Start proc 14061:com.android.bluetooth/1002 for service com.android.bluetooth/.btservice.AdapterService
09-01 01:04:03.089 14061 14061 I chatty  : uid=1002(bluetooth) com.android.bluetooth expire 13 lines
09-01 01:04:03.131 14061 14078 I chatty  : uid=1002(bluetooth) com.android.bluetooth expire 13 lines
09-01 01:04:03.132 14061 14077 I chatty  : uid=1002(bluetooth) com.android.bluetooth expire 12 lines
09-01 01:04:03.135 14061 14081 I chatty  : uid=1002(bluetooth) com.android.bluetooth expire 4 lines
09-01 01:04:03.135 14061 14082 I chatty  : uid=1002(bluetooth) com.android.bluetooth expire 1 line
09-01 01:04:03.135 14061 14078 I chatty  : uid=1002(bluetooth) com.android.bluetooth expire 26 lines
09-01 01:04:03.137 14061 14083 I chatty  : uid=1002(bluetooth) com.android.bluetooth expire 3 lines
09-01 01:04:03.137 14061 14061 I chatty  : uid=1002(bluetooth) com.android.bluetooth expire 23 lines
09-01 01:04:03.143   442   442 D BluetoothManagerService: Bluetooth Adapter name changed to AOSP on navi_ref
09-01 01:04:03.143   442   442 D BluetoothManagerService: Stored Bluetooth name: AOSP on navi_ref
09-01 01:04:03.147   442   442 D BluetoothManagerService: BluetoothServiceConnection: com.android.bluetooth.btservice.AdapterService
09-01 01:04:03.147   442   462 D BluetoothManagerService: MESSAGE_BLUETOOTH_SERVICE_CONNECTED: 1
09-01 01:04:03.148 14061 14075 I chatty  : uid=1002(bluetooth) com.android.bluetooth expire 2 lines
09-01 01:04:03.150   442   462 D BluetoothManagerService: Broadcasting onBluetoothServiceUp() to 5 receivers.
09-01 01:04:03.151   670 12016 D BluetoothAdapter: onBluetoothServiceUp: android.bluetooth.IBluetooth$Stub$Proxy@283ad69
09-01 01:04:03.151   442   462 D BluetoothAdapter: onBluetoothServiceUp: android.bluetooth.IBluetooth$Stub$Proxy@ba84b29
09-01 01:04:03.151   653   666 D BluetoothAdapter: onBluetoothServiceUp: android.bluetooth.IBluetooth$Stub$Proxy@8b8308d
09-01 01:04:03.152   567   590 D BluetoothAdapter: onBluetoothServiceUp: android.bluetooth.IBluetooth$Stub$Proxy@9e755e8
09-01 01:04:03.153 14061 14074 I chatty  : uid=1002(bluetooth) com.android.bluetooth expire 1 line
09-01 01:04:03.157   442   462 D BluetoothManagerService: MESSAGE_BLUETOOTH_STATE_CHANGE: OFF > BLE_TURNING_ON
09-01 01:04:03.157   442   462 D BluetoothManagerService: Sending BLE State Change: OFF > BLE_TURNING_ON
09-01 01:04:03.160 14061 14084 I chatty  : uid=1002(bluetooth) com.android.bluetooth expire 1 line
09-01 01:04:03.179 14061 14087 I chatty  : uid=1002(bluetooth) com.android.bluetooth expire 7 lines
09-01 01:04:03.841 14061 14088 I chatty  : uid=1002(bluetooth) com.android.bluetooth expire 1 line
09-01 01:04:11.187 14061 14089 I chatty  : uid=1002(bluetooth) com.android.bluetooth expire 21 lines
09-01 01:04:11.192 14061 14090 I chatty  : uid=1002(bluetooth) com.android.bluetooth expire 2 lines
09-01 01:04:11.868   442   442 D BluetoothManagerService: BluetoothServiceConnection, disconnected: com.android.bluetooth.btservice.AdapterService
09-01 01:04:11.868   442   462 E BluetoothManagerService: MESSAGE_BLUETOOTH_SERVICE_DISCONNECTED(1)
09-01 01:04:11.868   442   462 D BluetoothManagerService: Broadcasting onBluetoothServiceDown() to 4 receivers.
09-01 01:04:11.868   442   462 D BluetoothAdapter: onBluetoothServiceDown: android.bluetooth.IBluetooth$Stub$Proxy@ba84b29
09-01 01:04:11.868   670 12016 D BluetoothAdapter: onBluetoothServiceDown: android.bluetooth.IBluetooth$Stub$Proxy@283ad69
09-01 01:04:11.868   653   666 D BluetoothAdapter: onBluetoothServiceDown: android.bluetooth.IBluetooth$Stub$Proxy@8b8308d
09-01 01:04:11.869   567   590 D BluetoothAdapter: onBluetoothServiceDown: android.bluetooth.IBluetooth$Stub$Proxy@9e755e8
09-01 01:04:11.869   442   669 I ActivityManager: Process com.android.bluetooth (pid 14061) has died
09-01 01:04:11.869   442   669 D ActivityManager: cleanUpApplicationRecord -- 14061
09-01 01:04:11.869   442   669 W ActivityManager: Scheduling restart of crashed service com.android.bluetooth/.gatt.GattService in 1000ms
09-01 01:04:11.869   442   669 W ActivityManager: Scheduling restart of crashed service com.android.bluetooth/.btservice.AdapterService in 1000ms
09-01 01:04:12.069   442   462 D BluetoothManagerService: MESSAGE_RESTART_BLUETOOTH_SERVICE
09-01 01:04:12.103   442   462 I ActivityManager: Start proc 14091:com.android.bluetooth/1002 for service com.android.bluetooth/.btservice.AdapterService
09-01 01:04:12.182 14091 14091 I chatty  : uid=1002(bluetooth) com.android.bluetooth expire 36 lines
09-01 01:04:12.224 14091 14107 I chatty  : uid=1002(bluetooth) com.android.bluetooth expire 12 lines
09-01 01:04:12.225 14091 14108 I chatty  : uid=1002(bluetooth) com.android.bluetooth expire 39 lines
09-01 01:04:12.227 14091 14111 I chatty  : uid=1002(bluetooth) com.android.bluetooth expire 4 lines
09-01 01:04:12.227 14091 14112 I chatty  : uid=1002(bluetooth) com.android.bluetooth expire 1 line
09-01 01:04:12.228 14091 14113 I chatty  : uid=1002(bluetooth) com.android.bluetooth expire 3 lines
09-01 01:04:12.232   442   442 D BluetoothManagerService: Bluetooth Adapter name changed to AOSP on navi_ref
09-01 01:04:12.232   442   442 D BluetoothManagerService: Stored Bluetooth name: AOSP on navi_ref
09-01 01:04:12.237   442   442 D BluetoothManagerService: BluetoothServiceConnection: com.android.bluetooth.btservice.AdapterService
09-01 01:04:12.237   442   462 D BluetoothManagerService: MESSAGE_BLUETOOTH_SERVICE_CONNECTED: 1
09-01 01:04:12.238 14091 14104 I chatty  : uid=1002(bluetooth) com.android.bluetooth expire 2 lines
09-01 01:04:12.239   442   462 D BluetoothManagerService: Broadcasting onBluetoothServiceUp() to 5 receivers.
09-01 01:04:12.240   442   462 D BluetoothAdapter: onBluetoothServiceUp: android.bluetooth.IBluetooth$Stub$Proxy@c3cd412
09-01 01:04:12.240   670 12016 D BluetoothAdapter: onBluetoothServiceUp: android.bluetooth.IBluetooth$Stub$Proxy@91d03ee
09-01 01:04:12.240   653   666 D BluetoothAdapter: onBluetoothServiceUp: android.bluetooth.IBluetooth$Stub$Proxy@f45d242
09-01 01:04:12.240   567   590 D BluetoothAdapter: onBluetoothServiceUp: android.bluetooth.IBluetooth$Stub$Proxy@d1c7401
09-01 01:04:12.242 14091 14105 I chatty  : uid=1002(bluetooth) com.android.bluetooth expire 1 line
09-01 01:04:12.248   442   462 D BluetoothManagerService: MESSAGE_BLUETOOTH_STATE_CHANGE: OFF > BLE_TURNING_ON
09-01 01:04:12.248   442   462 D BluetoothManagerService: Sending BLE State Change: OFF > BLE_TURNING_ON
09-01 01:04:12.252 14091 14114 I chatty  : uid=1002(bluetooth) com.android.bluetooth expire 1 line
09-01 01:04:12.275 14091 14117 I chatty  : uid=1002(bluetooth) com.android.bluetooth expire 7 lines
09-01 01:04:12.938 14091 14118 I chatty  : uid=1002(bluetooth) com.android.bluetooth expire 1 line
09-01 01:04:20.282 14091 14119 I chatty  : uid=1002(bluetooth) com.android.bluetooth expire 21 lines
09-01 01:04:20.289 14091 14120 I chatty  : uid=1002(bluetooth) com.android.bluetooth expire 2 lines
09-01 01:04:20.964   442   442 D BluetoothManagerService: BluetoothServiceConnection, disconnected: com.android.bluetooth.btservice.AdapterService
09-01 01:04:20.964   442   462 E BluetoothManagerService: MESSAGE_BLUETOOTH_SERVICE_DISCONNECTED(1)
09-01 01:04:20.964   442   462 D BluetoothManagerService: Broadcasting onBluetoothServiceDown() to 4 receivers.
09-01 01:04:20.965   670 12016 D BluetoothAdapter: onBluetoothServiceDown: android.bluetooth.IBluetooth$Stub$Proxy@91d03ee
09-01 01:04:20.965   653   666 D BluetoothAdapter: onBluetoothServiceDown: android.bluetooth.IBluetooth$Stub$Proxy@f45d242
09-01 01:04:20.965   442   462 D BluetoothAdapter: onBluetoothServiceDown: android.bluetooth.IBluetooth$Stub$Proxy@c3cd412
09-01 01:04:20.965   567   590 D BluetoothAdapter: onBluetoothServiceDown: android.bluetooth.IBluetooth$Stub$Proxy@d1c7401
09-01 01:04:20.965   442   669 I ActivityManager: Process com.android.bluetooth (pid 14091) has died
09-01 01:04:20.965   442   669 D ActivityManager: cleanUpApplicationRecord -- 14091
09-01 01:04:20.966   442   669 W ActivityManager: Scheduling restart of crashed service com.android.bluetooth/.gatt.GattService in 1000ms
09-01 01:04:20.966   442   669 W ActivityManager: Scheduling restart of crashed service com.android.bluetooth/.btservice.AdapterService in 1000ms
09-01 01:04:21.164   442   462 D BluetoothManagerService: MESSAGE_RESTART_BLUETOOTH_SERVICE
09-01 01:04:21.195   442   462 I ActivityManager: Start proc 14122:com.android.bluetooth/1002 for service com.android.bluetooth/.btservice.AdapterService
09-01 01:04:21.278 14122 14122 I chatty  : uid=1002(bluetooth) com.android.bluetooth expire 13 lines
09-01 01:04:21.323 14122 14138 I chatty  : uid=1002(bluetooth) com.android.bluetooth expire 1 line
09-01 01:04:21.323 14122 14139 I chatty  : uid=1002(bluetooth) com.android.bluetooth expire 39 lines
09-01 01:04:21.325 14122 14142 I chatty  : uid=1002(bluetooth) com.android.bluetooth expire 4 lines
09-01 01:04:21.325 14122 14143 I chatty  : uid=1002(bluetooth) com.android.bluetooth expire 1 line
09-01 01:04:21.327 14122 14144 I chatty  : uid=1002(bluetooth) com.android.bluetooth expire 3 lines
09-01 01:04:21.327 14122 14122 I chatty  : uid=1002(bluetooth) com.android.bluetooth expire 23 lines
09-01 01:04:21.332   442   442 D BluetoothManagerService: Bluetooth Adapter name changed to AOSP on navi_ref
09-01 01:04:21.332   442   442 D BluetoothManagerService: Stored Bluetooth name: AOSP on navi_ref
09-01 01:04:21.335   442   442 D BluetoothManagerService: BluetoothServiceConnection: com.android.bluetooth.btservice.AdapterService
09-01 01:04:21.335   442   462 D BluetoothManagerService: MESSAGE_BLUETOOTH_SERVICE_CONNECTED: 1
09-01 01:04:21.336 14122 14136 I chatty  : uid=1002(bluetooth) com.android.bluetooth expire 2 lines
09-01 01:04:21.338   442   462 D BluetoothManagerService: Broadcasting onBluetoothServiceUp() to 5 receivers.
09-01 01:04:21.338   442   462 D BluetoothAdapter: onBluetoothServiceUp: android.bluetooth.IBluetooth$Stub$Proxy@d47c4a4
09-01 01:04:21.338   670 12016 D BluetoothAdapter: onBluetoothServiceUp: android.bluetooth.IBluetooth$Stub$Proxy@a1608f
09-01 01:04:21.339   653   666 D BluetoothAdapter: onBluetoothServiceUp: android.bluetooth.IBluetooth$Stub$Proxy@7d6d253
09-01 01:04:21.339   567   590 D BluetoothAdapter: onBluetoothServiceUp: android.bluetooth.IBluetooth$Stub$Proxy@a3be2a6
09-01 01:04:21.340 14122 14134 I chatty  : uid=1002(bluetooth) com.android.bluetooth expire 1 line
09-01 01:04:21.340 14122 14138 I chatty  : uid=1002(bluetooth) com.android.bluetooth expire 11 lines
09-01 01:04:21.341   442   462 D BluetoothManagerService: MESSAGE_BLUETOOTH_STATE_CHANGE: OFF > BLE_TURNING_ON
09-01 01:04:21.341   442   462 D BluetoothManagerService: Sending BLE State Change: OFF > BLE_TURNING_ON
09-01 01:04:21.350 14122 14145 I chatty  : uid=1002(bluetooth) com.android.bluetooth expire 1 line
09-01 01:04:21.380 14122 14148 I chatty  : uid=1002(bluetooth) com.android.bluetooth expire 7 lines
09-01 01:04:22.041 14122 14149 I chatty  : uid=1002(bluetooth) com.android.bluetooth expire 1 line
09-01 01:04:29.385 14122 14150 I chatty  : uid=1002(bluetooth) com.android.bluetooth expire 21 lines
09-01 01:04:29.391 14122 14151 I chatty  : uid=1002(bluetooth) com.android.bluetooth expire 2 lines
09-01 01:04:30.080   442  1514 I ActivityManager: Process com.android.bluetooth (pid 14122) has died
09-01 01:04:30.080   442  1514 D ActivityManager: cleanUpApplicationRecord -- 14122
09-01 01:04:30.080   442  1514 W ActivityManager: Scheduling restart of crashed service com.android.bluetooth/.btservice.AdapterService in 1000ms
09-01 01:04:30.080   442  1514 W ActivityManager: Scheduling restart of crashed service com.android.bluetooth/.gatt.GattService in 11000ms
09-01 01:04:30.083   442   442 D BluetoothManagerService: BluetoothServiceConnection, disconnected: com.android.bluetooth.btservice.AdapterService
09-01 01:04:30.084   442   462 E BluetoothManagerService: MESSAGE_BLUETOOTH_SERVICE_DISCONNECTED(1)
09-01 01:04:30.084   442   462 D BluetoothManagerService: Broadcasting onBluetoothServiceDown() to 4 receivers.
09-01 01:04:30.084   442   462 D BluetoothAdapter: onBluetoothServiceDown: android.bluetooth.IBluetooth$Stub$Proxy@d47c4a4
09-01 01:04:30.084   670 12016 D BluetoothAdapter: onBluetoothServiceDown: android.bluetooth.IBluetooth$Stub$Proxy@a1608f
09-01 01:04:30.085   653   666 D BluetoothAdapter: onBluetoothServiceDown: android.bluetooth.IBluetooth$Stub$Proxy@7d6d253
09-01 01:04:30.085   567   590 D BluetoothAdapter: onBluetoothServiceDown: android.bluetooth.IBluetooth$Stub$Proxy@a3be2a6
09-01 01:04:30.285   442   462 D BluetoothManagerService: MESSAGE_RESTART_BLUETOOTH_SERVICE
09-01 01:04:30.316   442   462 I ActivityManager: Start proc 14152:com.android.bluetooth/1002 for service com.android.bluetooth/.btservice.AdapterService
09-01 01:04:30.400 14152 14152 I chatty  : uid=1002(bluetooth) com.android.bluetooth expire 36 lines
09-01 01:04:30.444 14152 14168 I chatty  : uid=1002(bluetooth) com.android.bluetooth expire 12 lines
09-01 01:04:30.445 14152 14169 I chatty  : uid=1002(bluetooth) com.android.bluetooth expire 39 lines
09-01 01:04:30.446 14152 14172 I chatty  : uid=1002(bluetooth) com.android.bluetooth expire 4 lines
09-01 01:04:30.447 14152 14173 I chatty  : uid=1002(bluetooth) com.android.bluetooth expire 1 line
09-01 01:04:30.448 14152 14174 I chatty  : uid=1002(bluetooth) com.android.bluetooth expire 3 lines
09-01 01:04:30.452   442   442 D BluetoothManagerService: Bluetooth Adapter name changed to AOSP on navi_ref
09-01 01:04:30.453   442   442 D BluetoothManagerService: Stored Bluetooth name: AOSP on navi_ref
09-01 01:04:30.456   442   442 D BluetoothManagerService: BluetoothServiceConnection: com.android.bluetooth.btservice.AdapterService
09-01 01:04:30.456   442   462 D BluetoothManagerService: MESSAGE_BLUETOOTH_SERVICE_CONNECTED: 1
09-01 01:04:30.457 14152 14166 I chatty  : uid=1002(bluetooth) com.android.bluetooth expire 3 lines
09-01 01:04:30.459   442   462 D BluetoothManagerService: Broadcasting onBluetoothServiceUp() to 5 receivers.
09-01 01:04:30.459   442   462 D BluetoothAdapter: onBluetoothServiceUp: android.bluetooth.IBluetooth$Stub$Proxy@4217941
09-01 01:04:30.459   670 12016 D BluetoothAdapter: onBluetoothServiceUp: android.bluetooth.IBluetooth$Stub$Proxy@dbbdf1c
09-01 01:04:30.459   653   666 D BluetoothAdapter: onBluetoothServiceUp: android.bluetooth.IBluetooth$Stub$Proxy@9bf0790
09-01 01:04:30.460   567   590 D BluetoothAdapter: onBluetoothServiceUp: android.bluetooth.IBluetooth$Stub$Proxy@cf244e7
09-01 01:04:30.462   442   462 D BluetoothManagerService: MESSAGE_BLUETOOTH_STATE_CHANGE: OFF > BLE_TURNING_ON
09-01 01:04:30.462   442   462 D BluetoothManagerService: Sending BLE State Change: OFF > BLE_TURNING_ON
09-01 01:04:30.465 14152 14175 I chatty  : uid=1002(bluetooth) com.android.bluetooth expire 1 line
09-01 01:04:30.494 14152 14178 I chatty  : uid=1002(bluetooth) com.android.bluetooth expire 7 lines
09-01 01:04:31.158 14152 14179 I chatty  : uid=1002(bluetooth) com.android.bluetooth expire 1 line
09-01 01:04:38.500 14152 14180 I chatty  : uid=1002(bluetooth) com.android.bluetooth expire 21 lines
09-01 01:04:38.508 14152 14181 I chatty  : uid=1002(bluetooth) com.android.bluetooth expire 2 lines
09-01 01:04:39.187   442   442 D BluetoothManagerService: BluetoothServiceConnection, disconnected: com.android.bluetooth.btservice.AdapterService
09-01 01:04:39.187   442   462 E BluetoothManagerService: MESSAGE_BLUETOOTH_SERVICE_DISCONNECTED(1)
09-01 01:04:39.187   442   462 D BluetoothManagerService: Broadcasting onBluetoothServiceDown() to 4 receivers.
09-01 01:04:39.188   442   462 D BluetoothAdapter: onBluetoothServiceDown: android.bluetooth.IBluetooth$Stub$Proxy@4217941
09-01 01:04:39.189   442   453 I ActivityManager: Process com.android.bluetooth (pid 14152) has died
09-01 01:04:39.189   653   666 D BluetoothAdapter: onBluetoothServiceDown: android.bluetooth.IBluetooth$Stub$Proxy@9bf0790
09-01 01:04:39.189   442   453 D ActivityManager: cleanUpApplicationRecord -- 14152
09-01 01:04:39.189   442   453 W ActivityManager: Scheduling restart of crashed service com.android.bluetooth/.gatt.GattService in 1000ms
09-01 01:04:39.189   442   453 W ActivityManager: Scheduling restart of crashed service com.android.bluetooth/.btservice.AdapterService in 1000ms
09-01 01:04:39.190   567   590 D BluetoothAdapter: onBluetoothServiceDown: android.bluetooth.IBluetooth$Stub$Proxy@cf244e7
09-01 01:04:39.191   670 12016 D BluetoothAdapter: onBluetoothServiceDown: android.bluetooth.IBluetooth$Stub$Proxy@dbbdf1c
09-01 01:04:39.388   442   462 D BluetoothManagerService: MESSAGE_RESTART_BLUETOOTH_SERVICE
09-01 01:04:39.416   442   462 I ActivityManager: Start proc 14182:com.android.bluetooth/1002 for service com.android.bluetooth/.btservice.AdapterService
09-01 01:04:39.505 14182 14182 I chatty  : uid=1002(bluetooth) com.android.bluetooth expire 13 lines
09-01 01:04:39.547 14182 14198 I chatty  : uid=1002(bluetooth) com.android.bluetooth expire 1 line
09-01 01:04:39.547 14182 14199 I chatty  : uid=1002(bluetooth) com.android.bluetooth expire 39 lines
09-01 01:04:39.550 14182 14202 I chatty  : uid=1002(bluetooth) com.android.bluetooth expire 4 lines
09-01 01:04:39.550 14182 14203 I chatty  : uid=1002(bluetooth) com.android.bluetooth expire 1 line
09-01 01:04:39.552 14182 14204 I chatty  : uid=1002(bluetooth) com.android.bluetooth expire 3 lines
09-01 01:04:39.552 14182 14182 I chatty  : uid=1002(bluetooth) com.android.bluetooth expire 23 lines
09-01 01:04:39.556   442   442 D BluetoothManagerService: Bluetooth Adapter name changed to AOSP on navi_ref
09-01 01:04:39.556   442   442 D BluetoothManagerService: Stored Bluetooth name: AOSP on navi_ref
09-01 01:04:39.560   442   442 D BluetoothManagerService: BluetoothServiceConnection: com.android.bluetooth.btservice.AdapterService
09-01 01:04:39.561   442   462 D BluetoothManagerService: MESSAGE_BLUETOOTH_SERVICE_CONNECTED: 1
09-01 01:04:39.561 14182 14196 I chatty  : uid=1002(bluetooth) com.android.bluetooth expire 3 lines
09-01 01:04:39.563   442   462 D BluetoothManagerService: Broadcasting onBluetoothServiceUp() to 5 receivers.
09-01 01:04:39.564   442   462 D BluetoothAdapter: onBluetoothServiceUp: android.bluetooth.IBluetooth$Stub$Proxy@4604eca
09-01 01:04:39.564   670 12016 D BluetoothAdapter: onBluetoothServiceUp: android.bluetooth.IBluetooth$Stub$Proxy@2a0b725
09-01 01:04:39.564   653   666 D BluetoothAdapter: onBluetoothServiceUp: android.bluetooth.IBluetooth$Stub$Proxy@4044889
09-01 01:04:39.564   567   590 D BluetoothAdapter: onBluetoothServiceUp: android.bluetooth.IBluetooth$Stub$Proxy@5cfe894
09-01 01:04:39.565 14182 14198 I chatty  : uid=1002(bluetooth) com.android.bluetooth expire 11 lines
09-01 01:04:39.567   442   462 D BluetoothManagerService: MESSAGE_BLUETOOTH_STATE_CHANGE: OFF > BLE_TURNING_ON
09-01 01:04:39.567   442   462 D BluetoothManagerService: Sending BLE State Change: OFF > BLE_TURNING_ON
09-01 01:04:39.578 14182 14205 I chatty  : uid=1002(bluetooth) com.android.bluetooth expire 1 line
09-01 01:04:39.607 14182 14208 I chatty  : uid=1002(bluetooth) com.android.bluetooth expire 7 lines
09-01 01:04:40.269 14182 14209 I chatty  : uid=1002(bluetooth) com.android.bluetooth expire 1 line
09-01 01:04:47.612 14182 14210 I chatty  : uid=1002(bluetooth) com.android.bluetooth expire 21 lines
09-01 01:04:47.617 14182 14211 I chatty  : uid=1002(bluetooth) com.android.bluetooth expire 2 lines
09-01 01:04:48.296   442  1514 I ActivityManager: Process com.android.bluetooth (pid 14182) has died
09-01 01:04:48.296   442  1514 D ActivityManager: cleanUpApplicationRecord -- 14182
09-01 01:04:48.296   442   442 D BluetoothManagerService: BluetoothServiceConnection, disconnected: com.android.bluetooth.btservice.AdapterService
09-01 01:04:48.296   442  1514 W ActivityManager: Scheduling restart of crashed service com.android.bluetooth/.gatt.GattService in 1000ms
09-01 01:04:48.296   442  1514 W ActivityManager: Scheduling restart of crashed service com.android.bluetooth/.btservice.AdapterService in 1000ms
09-01 01:04:48.298   442   462 E BluetoothManagerService: MESSAGE_BLUETOOTH_SERVICE_DISCONNECTED(1)
09-01 01:04:48.298   442   462 D BluetoothManagerService: Broadcasting onBluetoothServiceDown() to 4 receivers.
