09-01 01:01:10.176   670 12016 D BluetoothAdapter: onBluetoothServiceUp: android.bluetooth.IBluetooth$Stub$Proxy@a5fc5f2
09-01 01:01:10.176   442   462 D BluetoothAdapter: onBluetoothServiceUp: android.bluetooth.IBluetooth$Stub$Proxy@93cacba
09-01 01:01:10.177   653   666 D BluetoothAdapter: onBluetoothServiceUp: android.bluetooth.IBluetooth$Stub$Proxy@95f6a06
09-01 01:01:10.177   567   590 D BluetoothAdapter: onBluetoothServiceUp: android.bluetooth.IBluetooth$Stub$Proxy@2f0fc15
09-01 01:01:10.178 13459 13471 I chatty  : uid=1002(bluetooth) com.android.bluetooth expire 1 line
09-01 01:01:10.191 13459 13482 I chatty  : uid=1002(bluetooth) com.android.bluetooth expire 1 line
09-01 01:01:10.218 13459 13485 I chatty  : uid=1002(bluetooth) com.android.bluetooth expire 7 lines
09-01 01:01:10.878 13459 13486 I chatty  : uid=1002(bluetooth) com.android.bluetooth expire 1 line
09-01 01:01:18.224 13459 13487 I chatty  : uid=1002(bluetooth) com.android.bluetooth expire 21 lines
09-01 01:01:18.232 13459 13488 I chatty  : uid=1002(bluetooth) com.android.bluetooth expire 2 lines
09-01 01:01:18.908   442   462 D BluetoothAdapter: onBluetoothServiceDown: android.bluetooth.IBluetooth$Stub$Proxy@93cacba
09-01 01:01:18.909   670 12016 D BluetoothAdapter: onBluetoothServiceDown: android.bluetooth.IBluetooth$Stub$Proxy@a5fc5f2
09-01 01:01:18.909   567   590 D BluetoothAdapter: onBluetoothServiceDown: android.bluetooth.IBluetooth$Stub$Proxy@2f0fc15
09-01 01:01:18.910   653   666 D BluetoothAdapter: onBluetoothServiceDown: android.bluetooth.IBluetooth$Stub$Proxy@95f6a06
09-01 01:01:19.231 13489 13489 I chatty  : uid=1002(bluetooth) com.android.bluetooth expire 33 lines
09-01 01:01:19.273 13489 13505 I chatty  : uid=1002(bluetooth) com.android.bluetooth expire 10 lines
09-01 01:01:19.274 13489 13506 I chatty  : uid=1002(bluetooth) com.android.bluetooth expire 20 lines
09-01 01:01:19.276 13489 13509 I chatty  : uid=1002(bluetooth) com.android.bluetooth expire 1 line
09-01 01:01:19.277 13489 13510 I chatty  : uid=1002(bluetooth) com.android.bluetooth expire 1 line
09-01 01:01:19.278 13489 13511 I chatty  : uid=1002(bluetooth) com.android.bluetooth expire 3 lines
09-01 01:01:19.293 13489 13501 I chatty  : uid=1002(bluetooth) com.android.bluetooth expire 3 lines
09-01 01:01:19.295   442   462 D BluetoothAdapter: onBluetoothServiceUp: android.bluetooth.IBluetooth$Stub$Proxy@f6c9d0c
09-01 01:01:19.295   670 12016 D BluetoothAdapter: onBluetoothServiceUp: android.bluetooth.IBluetooth$Stub$Proxy@4433443
09-01 01:01:19.296   653   666 D BluetoothAdapter: onBluetoothServiceUp: android.bluetooth.IBluetooth$Stub$Proxy@69228c7
09-01 01:01:19.296   567   590 D BluetoothAdapter: onBluetoothServiceUp: android.bluetooth.IBluetooth$Stub$Proxy@aa7eb2a
09-01 01:01:19.300 13489 13512 I chatty  : uid=1002(bluetooth) com.android.bluetooth expire 1 line
09-01 01:01:19.316 13489 13489 I chatty  : uid=1002(bluetooth) com.android.bluetooth expire 3 lines
09-01 01:01:19.316 13489 13505 I chatty  : uid=1002(bluetooth) com.android.bluetooth expire 2 lines
09-01 01:01:19.317 13489 13506 I chatty  : uid=1002(bluetooth) com.android.bluetooth expire 19 lines
09-01 01:01:19.318 13489 13515 I chatty  : uid=1002(bluetooth) com.android.bluetooth expire 7 lines
09-01 01:01:19.980 13489 13516 I chatty  : uid=1002(bluetooth) com.android.bluetooth expire 1 line
09-01 01:01:27.322 13489 13509 I chatty  : uid=1002(bluetooth) com.android.bluetooth expire 3 lines
09-01 01:01:27.324 13489 13517 I chatty  : uid=1002(bluetooth) com.android.bluetooth expire 21 lines
09-01 01:01:27.333 13489 13518 I chatty  : uid=1002(bluetooth) com.android.bluetooth expire 2 lines
09-01 01:01:28.008   442   699 D ActivityManager: cleanUpApplicationRecord -- 13489
09-01 01:01:28.009   442   699 W ActivityManager: Scheduling restart of crashed service com.android.bluetooth/.gatt.GattService in 1000ms
09-01 01:01:28.009   442   442 D BluetoothManagerService: BluetoothServiceConnection, disconnected: com.android.bluetooth.btservice.AdapterService
09-01 01:01:28.009   442   699 W ActivityManager: Scheduling restart of crashed service com.android.bluetooth/.btservice.AdapterService in 1000ms
09-01 01:01:28.010   442   462 E BluetoothManagerService: MESSAGE_BLUETOOTH_SERVICE_DISCONNECTED(1)
09-01 01:01:28.010   442   462 D BluetoothManagerService: Broadcasting onBluetoothServiceDown() to 4 receivers.
09-01 01:01:28.010   442   462 D BluetoothAdapter: onBluetoothServiceDown: android.bluetooth.IBluetooth$Stub$Proxy@f6c9d0c
09-01 01:01:28.011   670 12016 D BluetoothAdapter: onBluetoothServiceDown: android.bluetooth.IBluetooth$Stub$Proxy@4433443
09-01 01:01:28.011   653   666 D BluetoothAdapter: onBluetoothServiceDown: android.bluetooth.IBluetooth$Stub$Proxy@69228c7
09-01 01:01:28.012   567   590 D BluetoothAdapter: onBluetoothServiceDown: android.bluetooth.IBluetooth$Stub$Proxy@aa7eb2a
09-01 01:01:28.210   442   462 D BluetoothManagerService: MESSAGE_RESTART_BLUETOOTH_SERVICE
09-01 01:01:28.238   442   462 I ActivityManager: Start proc 13519:com.android.bluetooth/1002 for service com.android.bluetooth/.btservice.AdapterService
09-01 01:01:28.333 13519 13519 I chatty  : uid=1002(bluetooth) com.android.bluetooth expire 36 lines
09-01 01:01:28.374 13519 13535 I chatty  : uid=1002(bluetooth) com.android.bluetooth expire 12 lines
09-01 01:01:28.374 13519 13536 I chatty  : uid=1002(bluetooth) com.android.bluetooth expire 39 lines
09-01 01:01:28.376 13519 13539 I chatty  : uid=1002(bluetooth) com.android.bluetooth expire 4 lines
09-01 01:01:28.377 13519 13540 I chatty  : uid=1002(bluetooth) com.android.bluetooth expire 1 line
09-01 01:01:28.379 13519 13541 I chatty  : uid=1002(bluetooth) com.android.bluetooth expire 3 lines
09-01 01:01:28.383   442   442 D BluetoothManagerService: Bluetooth Adapter name changed to AOSP on navi_ref
09-01 01:01:28.383   442   442 D BluetoothManagerService: Stored Bluetooth name: AOSP on navi_ref
09-01 01:01:28.387   442   442 D BluetoothManagerService: BluetoothServiceConnection: com.android.bluetooth.btservice.AdapterService
09-01 01:01:28.387   442   462 D BluetoothManagerService: MESSAGE_BLUETOOTH_SERVICE_CONNECTED: 1
09-01 01:01:28.388 13519 13533 I chatty  : uid=1002(bluetooth) com.android.bluetooth expire 2 lines
09-01 01:01:28.389   442   462 D BluetoothManagerService: Broadcasting onBluetoothServiceUp() to 5 receivers.
09-01 01:01:28.390   670 12016 D BluetoothAdapter: onBluetoothServiceUp: android.bluetooth.IBluetooth$Stub$Proxy@95bdac0
09-01 01:01:28.390   442   462 D BluetoothAdapter: onBluetoothServiceUp: android.bluetooth.IBluetooth$Stub$Proxy@54e9b09
09-01 01:01:28.390   653   666 D BluetoothAdapter: onBluetoothServiceUp: android.bluetooth.IBluetooth$Stub$Proxy@5922ef4
09-01 01:01:28.390   567   590 D BluetoothAdapter: onBluetoothServiceUp: android.bluetooth.IBluetooth$Stub$Proxy@fa21d1b
09-01 01:01:28.391 13519 13531 I chatty  : uid=1002(bluetooth) com.android.bluetooth expire 1 line
09-01 01:01:28.393   442   462 D BluetoothManagerService: MESSAGE_BLUETOOTH_STATE_CHANGE: OFF > BLE_TURNING_ON
09-01 01:01:28.393   442   462 D BluetoothManagerService: Sending BLE State Change: OFF > BLE_TURNING_ON
09-01 01:01:28.397 13519 13542 I chatty  : uid=1002(bluetooth) com.android.bluetooth expire 1 line
09-01 01:01:28.419 13519 13545 I chatty  : uid=1002(bluetooth) com.android.bluetooth expire 7 lines
09-01 01:01:29.080 13519 13546 I chatty  : uid=1002(bluetooth) com.android.bluetooth expire 1 line
09-01 01:01:36.425 13519 13547 I chatty  : uid=1002(bluetooth) com.android.bluetooth expire 21 lines
09-01 01:01:36.433 13519 13548 I chatty  : uid=1002(bluetooth) com.android.bluetooth expire 2 lines
09-01 01:01:37.108   442   699 I ActivityManager: Process com.android.bluetooth (pid 13519) has died
09-01 01:01:37.108   442   442 D BluetoothManagerService: BluetoothServiceConnection, disconnected: com.android.bluetooth.btservice.AdapterService
09-01 01:01:37.108   442   699 D ActivityManager: cleanUpApplicationRecord -- 13519
09-01 01:01:37.109   442   699 W ActivityManager: Scheduling restart of crashed service com.android.bluetooth/.gatt.GattService in 1000ms
09-01 01:01:37.109   442   699 W ActivityManager: Scheduling restart of crashed service com.android.bluetooth/.btservice.AdapterService in 1000ms
09-01 01:01:37.109   442   462 E BluetoothManagerService: MESSAGE_BLUETOOTH_SERVICE_DISCONNECTED(1)
09-01 01:01:37.110   442   462 D BluetoothManagerService: Broadcasting onBluetoothServiceDown() to 4 receivers.
09-01 01:01:37.110   670 12016 D BluetoothAdapter: onBluetoothServiceDown: android.bluetooth.IBluetooth$Stub$Proxy@95bdac0
09-01 01:01:37.110   442   462 D BluetoothAdapter: onBluetoothServiceDown: android.bluetooth.IBluetooth$Stub$Proxy@54e9b09
09-01 01:01:37.110   653   666 D BluetoothAdapter: onBluetoothServiceDown: android.bluetooth.IBluetooth$Stub$Proxy@5922ef4
09-01 01:01:37.111   567   590 D BluetoothAdapter: onBluetoothServiceDown: android.bluetooth.IBluetooth$Stub$Proxy@fa21d1b
09-01 01:01:37.310   442   462 D BluetoothManagerService: MESSAGE_RESTART_BLUETOOTH_SERVICE
09-01 01:01:37.337   442   462 I ActivityManager: Start proc 13549:com.android.bluetooth/1002 for service com.android.bluetooth/.btservice.AdapterService
09-01 01:01:37.433 13549 13549 I chatty  : uid=1002(bluetooth) com.android.bluetooth expire 28 lines
09-01 01:01:37.477 13549 13565 I chatty  : uid=1002(bluetooth) com.android.bluetooth expire 10 lines
09-01 01:01:37.478 13549 13566 I chatty  : uid=1002(bluetooth) com.android.bluetooth expire 20 lines
09-01 01:01:37.479 13549 13569 I chatty  : uid=1002(bluetooth) com.android.bluetooth expire 1 line
09-01 01:01:37.480 13549 13570 I chatty  : uid=1002(bluetooth) com.android.bluetooth expire 1 line
09-01 01:01:37.481 13549 13571 I chatty  : uid=1002(bluetooth) com.android.bluetooth expire 3 lines
09-01 01:01:37.486   442   442 D BluetoothManagerService: Bluetooth Adapter name changed to AOSP on navi_ref
09-01 01:01:37.486   442   442 D BluetoothManagerService: Stored Bluetooth name: AOSP on navi_ref
09-01 01:01:37.495   442   442 D BluetoothManagerService: BluetoothServiceConnection: com.android.bluetooth.btservice.AdapterService
09-01 01:01:37.495   442   462 D BluetoothManagerService: MESSAGE_BLUETOOTH_SERVICE_CONNECTED: 1
09-01 01:01:37.496 13549 13561 I chatty  : uid=1002(bluetooth) com.android.bluetooth expire 2 lines
09-01 01:01:37.497   442   462 D BluetoothManagerService: Broadcasting onBluetoothServiceUp() to 5 receivers.
09-01 01:01:37.498   442   462 D BluetoothAdapter: onBluetoothServiceUp: android.bluetooth.IBluetooth$Stub$Proxy@4618872
09-01 01:01:37.498   670 12016 D BluetoothAdapter: onBluetoothServiceUp: android.bluetooth.IBluetooth$Stub$Proxy@942d3f9
09-01 01:01:37.498   653   666 D BluetoothAdapter: onBluetoothServiceUp: android.bluetooth.IBluetooth$Stub$Proxy@e44861d
09-01 01:01:37.498   567   590 D BluetoothAdapter: onBluetoothServiceUp: android.bluetooth.IBluetooth$Stub$Proxy@ac6ceb8
09-01 01:01:37.499 13549 13563 I chatty  : uid=1002(bluetooth) com.android.bluetooth expire 1 line
09-01 01:01:37.500   442   462 D BluetoothManagerService: MESSAGE_BLUETOOTH_STATE_CHANGE: OFF > BLE_TURNING_ON
09-01 01:01:37.500   442   462 D BluetoothManagerService: Sending BLE State Change: OFF > BLE_TURNING_ON
09-01 01:01:37.503 13549 13572 I chatty  : uid=1002(bluetooth) com.android.bluetooth expire 1 line
09-01 01:01:37.516 13549 13549 I chatty  : uid=1002(bluetooth) com.android.bluetooth expire 8 lines
09-01 01:01:37.517 13549 13565 I chatty  : uid=1002(bluetooth) com.android.bluetooth expire 2 lines
09-01 01:01:37.519 13549 13566 I chatty  : uid=1002(bluetooth) com.android.bluetooth expire 19 lines
09-01 01:01:37.519 13549 13575 I chatty  : uid=1002(bluetooth) com.android.bluetooth expire 7 lines
09-01 01:01:38.178 13549 13576 I chatty  : uid=1002(bluetooth) com.android.bluetooth expire 1 line
09-01 01:01:45.524 13549 13569 I chatty  : uid=1002(bluetooth) com.android.bluetooth expire 3 lines
09-01 01:01:45.525 13549 13577 I chatty  : uid=1002(bluetooth) com.android.bluetooth expire 21 lines
09-01 01:01:45.535 13549 13578 I chatty  : uid=1002(bluetooth) com.android.bluetooth expire 2 lines
09-01 01:01:46.207   442  1210 I ActivityManager: Process com.android.bluetooth (pid 13549) has died
09-01 01:01:46.208   442  1210 D ActivityManager: cleanUpApplicationRecord -- 13549
09-01 01:01:46.208   442   442 D BluetoothManagerService: BluetoothServiceConnection, disconnected: com.android.bluetooth.btservice.AdapterService
09-01 01:01:46.208   442  1210 W ActivityManager: Scheduling restart of crashed service com.android.bluetooth/.gatt.GattService in 1000ms
09-01 01:01:46.208   442  1210 W ActivityManager: Scheduling restart of crashed service com.android.bluetooth/.btservice.AdapterService in 1000ms
09-01 01:01:46.210   442   462 E BluetoothManagerService: MESSAGE_BLUETOOTH_SERVICE_DISCONNECTED(1)
09-01 01:01:46.210   442   462 D BluetoothManagerService: Broadcasting onBluetoothServiceDown() to 4 receivers.
09-01 01:01:46.210   442   462 D BluetoothAdapter: onBluetoothServiceDown: android.bluetooth.IBluetooth$Stub$Proxy@4618872
09-01 01:01:46.210   670 12016 D BluetoothAdapter: onBluetoothServiceDown: android.bluetooth.IBluetooth$Stub$Proxy@942d3f9
09-01 01:01:46.210   653   666 D BluetoothAdapter: onBluetoothServiceDown: android.bluetooth.IBluetooth$Stub$Proxy@e44861d
09-01 01:01:46.210   567   590 D BluetoothAdapter: onBluetoothServiceDown: android.bluetooth.IBluetooth$Stub$Proxy@ac6ceb8
09-01 01:01:46.410   442   462 D BluetoothManagerService: MESSAGE_RESTART_BLUETOOTH_SERVICE
09-01 01:01:46.447   442   462 I ActivityManager: Start proc 13579:com.android.bluetooth/1002 for service com.android.bluetooth/.btservice.AdapterService
09-01 01:01:46.536 13579 13579 I chatty  : uid=1002(bluetooth) com.android.bluetooth expire 36 lines
09-01 01:01:46.581 13579 13596 I chatty  : uid=1002(bluetooth) com.android.bluetooth expire 12 lines
09-01 01:01:46.582 13579 13597 I chatty  : uid=1002(bluetooth) com.android.bluetooth expire 39 lines
09-01 01:01:46.584 13579 13600 I chatty  : uid=1002(bluetooth) com.android.bluetooth expire 4 lines
09-01 01:01:46.584 13579 13601 I chatty  : uid=1002(bluetooth) com.android.bluetooth expire 1 line
09-01 01:01:46.585 13579 13602 I chatty  : uid=1002(bluetooth) com.android.bluetooth expire 3 lines
09-01 01:01:46.589   442   442 D BluetoothManagerService: Bluetooth Adapter name changed to AOSP on navi_ref
09-01 01:01:46.589   442   442 D BluetoothManagerService: Stored Bluetooth name: AOSP on navi_ref
09-01 01:01:46.593   442   442 D BluetoothManagerService: BluetoothServiceConnection: com.android.bluetooth.btservice.AdapterService
09-01 01:01:46.593   442   462 D BluetoothManagerService: MESSAGE_BLUETOOTH_SERVICE_CONNECTED: 1
09-01 01:01:46.594 13579 13594 I chatty  : uid=1002(bluetooth) com.android.bluetooth expire 2 lines
09-01 01:01:46.596   442   462 D BluetoothManagerService: Broadcasting onBluetoothServiceUp() to 5 receivers.
09-01 01:01:46.597   670 12016 D BluetoothAdapter: onBluetoothServiceUp: android.bluetooth.IBluetooth$Stub$Proxy@9a04f3e
09-01 01:01:46.597   442   462 D BluetoothAdapter: onBluetoothServiceUp: android.bluetooth.IBluetooth$Stub$Proxy@1d13e17
09-01 01:01:46.597   653   666 D BluetoothAdapter: onBluetoothServiceUp: android.bluetooth.IBluetooth$Stub$Proxy@b782092
09-01 01:01:46.597   567   590 D BluetoothAdapter: onBluetoothServiceUp: android.bluetooth.IBluetooth$Stub$Proxy@3f24491
09-01 01:01:46.598 13579 13591 I chatty  : uid=1002(bluetooth) com.android.bluetooth expire 1 line
09-01 01:01:46.599   442   462 D BluetoothManagerService: MESSAGE_BLUETOOTH_STATE_CHANGE: OFF > BLE_TURNING_ON
09-01 01:01:46.600   442   462 D BluetoothManagerService: Sending BLE State Change: OFF > BLE_TURNING_ON
09-01 01:01:46.605 13579 13603 I chatty  : uid=1002(bluetooth) com.android.bluetooth expire 1 line
09-01 01:01:46.621 13579 13606 I chatty  : uid=1002(bluetooth) com.android.bluetooth expire 7 lines
09-01 01:01:47.283 13579 13607 I chatty  : uid=1002(bluetooth) com.android.bluetooth expire 1 line
09-01 01:01:54.627 13579 13608 I chatty  : uid=1002(bluetooth) com.android.bluetooth expire 21 lines
09-01 01:01:54.634 13579 13609 I chatty  : uid=1002(bluetooth) com.android.bluetooth expire 2 lines
09-01 01:01:55.310   442  1273 I ActivityManager: Process com.android.bluetooth (pid 13579) has died
09-01 01:01:55.310   442   442 D BluetoothManagerService: BluetoothServiceConnection, disconnected: com.android.bluetooth.btservice.AdapterService
09-01 01:01:55.310   442  1273 D ActivityManager: cleanUpApplicationRecord -- 13579
09-01 01:01:55.311   442  1273 W ActivityManager: Scheduling restart of crashed service com.android.bluetooth/.gatt.GattService in 1000ms
09-01 01:01:55.311   442  1273 W ActivityManager: Scheduling restart of crashed service com.android.bluetooth/.btservice.AdapterService in 1000ms
09-01 01:01:55.312   442   462 E BluetoothManagerService: MESSAGE_BLUETOOTH_SERVICE_DISCONNECTED(1)
09-01 01:01:55.312   442   462 D BluetoothManagerService: Broadcasting onBluetoothServiceDown() to 4 receivers.
09-01 01:01:55.312   442   462 D BluetoothAdapter: onBluetoothServiceDown: android.bluetooth.IBluetooth$Stub$Proxy@1d13e17
09-01 01:01:55.312   670 12016 D BluetoothAdapter: onBluetoothServiceDown: android.bluetooth.IBluetooth$Stub$Proxy@9a04f3e
09-01 01:01:55.312   653   666 D BluetoothAdapter: onBluetoothServiceDown: android.bluetooth.IBluetooth$Stub$Proxy@b782092
09-01 01:01:55.313   567   590 D BluetoothAdapter: onBluetoothServiceDown: android.bluetooth.IBluetooth$Stub$Proxy@3f24491
09-01 01:01:55.513   442   462 D BluetoothManagerService: MESSAGE_RESTART_BLUETOOTH_SERVICE
09-01 01:01:55.546   442   462 I ActivityManager: Start proc 13610:com.android.bluetooth/1002 for service com.android.bluetooth/.btservice.AdapterService
09-01 01:01:55.634 13610 13610 I chatty  : uid=1002(bluetooth) com.android.bluetooth expire 23 lines
09-01 01:01:55.675 13610 13626 I chatty  : uid=1002(bluetooth) com.android.bluetooth expire 10 lines
09-01 01:01:55.676 13610 13627 I chatty  : uid=1002(bluetooth) com.android.bluetooth expire 20 lines
09-01 01:01:55.680 13610 13630 I chatty  : uid=1002(bluetooth) com.android.bluetooth expire 1 line
09-01 01:01:55.680 13610 13631 I chatty  : uid=1002(bluetooth) com.android.bluetooth expire 1 line
09-01 01:01:55.682 13610 13632 I chatty  : uid=1002(bluetooth) com.android.bluetooth expire 3 lines
09-01 01:01:55.686   442   442 D BluetoothManagerService: Bluetooth Adapter name changed to AOSP on navi_ref
09-01 01:01:55.686   442   442 D BluetoothManagerService: Stored Bluetooth name: AOSP on navi_ref
09-01 01:01:55.691   442   442 D BluetoothManagerService: BluetoothServiceConnection: com.android.bluetooth.btservice.AdapterService
09-01 01:01:55.691   442   462 D BluetoothManagerService: MESSAGE_BLUETOOTH_SERVICE_CONNECTED: 1
09-01 01:01:55.692 13610 13624 I chatty  : uid=1002(bluetooth) com.android.bluetooth expire 2 lines
09-01 01:01:55.693   442   462 D BluetoothManagerService: Broadcasting onBluetoothServiceUp() to 5 receivers.
09-01 01:01:55.694   442   462 D BluetoothAdapter: onBluetoothServiceUp: android.bluetooth.IBluetooth$Stub$Proxy@3695521
09-01 01:01:55.694   670 12016 D BluetoothAdapter: onBluetoothServiceUp: android.bluetooth.IBluetooth$Stub$Proxy@95ad19f
09-01 01:01:55.694   653   666 D BluetoothAdapter: onBluetoothServiceUp: android.bluetooth.IBluetooth$Stub$Proxy@efe8a63
09-01 01:01:55.694   567   590 D BluetoothAdapter: onBluetoothServiceUp: android.bluetooth.IBluetooth$Stub$Proxy@8318ff6
09-01 01:01:55.695 13610 13623 I chatty  : uid=1002(bluetooth) com.android.bluetooth expire 1 line
09-01 01:01:55.697   442   462 D BluetoothManagerService: MESSAGE_BLUETOOTH_STATE_CHANGE: OFF > BLE_TURNING_ON
09-01 01:01:55.697   442   462 D BluetoothManagerService: Sending BLE State Change: OFF > BLE_TURNING_ON
09-01 01:01:55.704 13610 13633 I chatty  : uid=1002(bluetooth) com.android.bluetooth expire 1 line
09-01 01:01:55.711 13610 13610 I chatty  : uid=1002(bluetooth) com.android.bluetooth expire 13 lines
09-01 01:01:55.717 13610 13626 I chatty  : uid=1002(bluetooth) com.android.bluetooth expire 2 lines
09-01 01:01:55.719 13610 13627 I chatty  : uid=1002(bluetooth) com.android.bluetooth expire 19 lines
09-01 01:01:55.719 13610 13636 I chatty  : uid=1002(bluetooth) com.android.bluetooth expire 7 lines
09-01 01:01:56.386 13610 13641 I chatty  : uid=1002(bluetooth) com.android.bluetooth expire 1 line
09-01 01:01:56.737 13639 13639 D AndroidRuntime: >>>>>> START com.android.internal.os.RuntimeInit uid 0 <<<<<<
09-01 01:01:56.744 13639 13639 D AndroidRuntime: CheckJNI is OFF
09-01 01:01:56.861 13639 13639 D ICU     : No timezone override file found: /data/misc/zoneinfo/current/icu/icu_tzdata.dat
09-01 01:01:56.927 13639 13639 I Radio-JNI: register_android_hardware_Radio DONE
09-01 01:01:56.952 13639 13639 D AndroidRuntime: Calling main entry com.android.commands.input.Input
09-01 01:01:56.953 13639 13639 I Input   : injectKeyEvent: KeyEvent { action=ACTION_DOWN, keyCode=KEYCODE_MENU, scanCode=0, metaState=0, flags=0x0, repeatCount=0, eventTime=3717888, downTime=3717888, deviceId=-1, source=0x101 }
09-01 01:01:56.957 13639 13639 I Input   : injectKeyEvent: KeyEvent { action=ACTION_UP, keyCode=KEYCODE_MENU, scanCode=0, metaState=0, flags=0x0, repeatCount=0, eventTime=3717888, downTime=3717888, deviceId=-1, source=0x101 }
09-01 01:01:56.958 13639 13639 D AndroidRuntime: Shutting down VM
09-01 01:01:57.839 13650 13650 D AndroidRuntime: >>>>>> START com.android.internal.os.RuntimeInit uid 0 <<<<<<
09-01 01:01:57.849 13650 13650 D AndroidRuntime: CheckJNI is OFF
09-01 01:01:57.962 13650 13650 D ICU     : No timezone override file found: /data/misc/zoneinfo/current/icu/icu_tzdata.dat
09-01 01:01:58.017 13650 13650 I Radio-JNI: register_android_hardware_Radio DONE
09-01 01:01:58.037 13650 13650 D AndroidRuntime: Calling main entry com.android.commands.svc.Svc
09-01 01:01:58.041 13650 13650 D AndroidRuntime: Shutting down VM
09-01 01:02:03.723 13610 13630 I chatty  : uid=1002(bluetooth) com.android.bluetooth expire 3 lines
09-01 01:02:03.725 13610 13660 I chatty  : uid=1002(bluetooth) com.android.bluetooth expire 21 lines
09-01 01:02:03.735 13610 13661 I chatty  : uid=1002(bluetooth) com.android.bluetooth expire 2 lines
09-01 01:02:04.434   442  1307 I ActivityManager: Process com.android.bluetooth (pid 13610) has died
09-01 01:02:04.434   442  1307 D ActivityManager: cleanUpApplicationRecord -- 13610
09-01 01:02:04.434   442  1307 W ActivityManager: Scheduling restart of crashed service com.android.bluetooth/.gatt.GattService in 1000ms
09-01 01:02:04.434   442  1307 W ActivityManager: Scheduling restart of crashed service com.android.bluetooth/.btservice.AdapterService in 1000ms
09-01 01:02:04.437   442   442 D BluetoothManagerService: BluetoothServiceConnection, disconnected: com.android.bluetooth.btservice.AdapterService
09-01 01:02:04.437   442   462 E BluetoothManagerService: MESSAGE_BLUETOOTH_SERVICE_DISCONNECTED(1)
09-01 01:02:04.437   442   462 D BluetoothManagerService: Broadcasting onBluetoothServiceDown() to 4 receivers.
09-01 01:02:04.437   442   462 D BluetoothAdapter: onBluetoothServiceDown: android.bluetooth.IBluetooth$Stub$Proxy@3695521
09-01 01:02:04.437   670 12016 D BluetoothAdapter: onBluetoothServiceDown: android.bluetooth.IBluetooth$Stub$Proxy@95ad19f
09-01 01:02:04.437   653   666 D BluetoothAdapter: onBluetoothServiceDown: android.bluetooth.IBluetooth$Stub$Proxy@efe8a63
09-01 01:02:04.438   567   590 D BluetoothAdapter: onBluetoothServiceDown: android.bluetooth.IBluetooth$Stub$Proxy@8318ff6
09-01 01:02:04.638   442   462 D BluetoothManagerService: MESSAGE_RESTART_BLUETOOTH_SERVICE
09-01 01:02:04.666   442   462 I ActivityManager: Start proc 13662:com.android.bluetooth/1002 for service com.android.bluetooth/.btservice.AdapterService
09-01 01:02:04.757 13662 13662 I chatty  : uid=1002(bluetooth) com.android.bluetooth expire 36 lines
09-01 01:02:04.798 13662 13678 I chatty  : uid=1002(bluetooth) com.android.bluetooth expire 12 lines
09-01 01:02:04.798 13662 13679 I chatty  : uid=1002(bluetooth) com.android.bluetooth expire 39 lines
09-01 01:02:04.804 13662 13682 I chatty  : uid=1002(bluetooth) com.android.bluetooth expire 4 lines
09-01 01:02:04.804 13662 13683 I chatty  : uid=1002(bluetooth) com.android.bluetooth expire 1 line
09-01 01:02:04.805 13662 13684 I chatty  : uid=1002(bluetooth) com.android.bluetooth expire 3 lines
09-01 01:02:04.811   442   442 D BluetoothManagerService: Bluetooth Adapter name changed to AOSP on navi_ref
09-01 01:02:04.811   442   442 D BluetoothManagerService: Stored Bluetooth name: AOSP on navi_ref
09-01 01:02:04.814   442   442 D BluetoothManagerService: BluetoothServiceConnection: com.android.bluetooth.btservice.AdapterService
09-01 01:02:04.814   442   462 D BluetoothManagerService: MESSAGE_BLUETOOTH_SERVICE_CONNECTED: 1
09-01 01:02:04.815 13662 13675 I chatty  : uid=1002(bluetooth) com.android.bluetooth expire 2 lines
09-01 01:02:04.817   442   462 D BluetoothManagerService: Broadcasting onBluetoothServiceUp() to 5 receivers.
09-01 01:02:04.817   442   462 D BluetoothAdapter: onBluetoothServiceUp: android.bluetooth.IBluetooth$Stub$Proxy@952df2a
09-01 01:02:04.817   670 12016 D BluetoothAdapter: onBluetoothServiceUp: android.bluetooth.IBluetooth$Stub$Proxy@783e2ec
09-01 01:02:04.817   567   590 D BluetoothAdapter: onBluetoothServiceUp: android.bluetooth.IBluetooth$Stub$Proxy@53b6ff7
09-01 01:02:04.819   653   666 D BluetoothAdapter: onBluetoothServiceUp: android.bluetooth.IBluetooth$Stub$Proxy@c1d4660
09-01 01:02:04.820 13662 13676 I chatty  : uid=1002(bluetooth) com.android.bluetooth expire 1 line
09-01 01:02:04.821   442   462 D BluetoothManagerService: MESSAGE_BLUETOOTH_STATE_CHANGE: OFF > BLE_TURNING_ON
09-01 01:02:04.821   442   462 D BluetoothManagerService: Sending BLE State Change: OFF > BLE_TURNING_ON
09-01 01:02:04.826 13662 13685 I chatty  : uid=1002(bluetooth) com.android.bluetooth expire 1 line
09-01 01:02:04.842 13662 13688 I chatty  : uid=1002(bluetooth) com.android.bluetooth expire 7 lines
09-01 01:02:05.504 13662 13689 I chatty  : uid=1002(bluetooth) com.android.bluetooth expire 1 line
09-01 01:02:12.848 13662 13690 I chatty  : uid=1002(bluetooth) com.android.bluetooth expire 21 lines
09-01 01:02:12.853 13662 13691 I chatty  : uid=1002(bluetooth) com.android.bluetooth expire 2 lines
09-01 01:02:13.532   442   442 D BluetoothManagerService: BluetoothServiceConnection, disconnected: com.android.bluetooth.btservice.AdapterService
09-01 01:02:13.532   442   462 E BluetoothManagerService: MESSAGE_BLUETOOTH_SERVICE_DISCONNECTED(1)
09-01 01:02:13.532   442   462 D BluetoothManagerService: Broadcasting onBluetoothServiceDown() to 4 receivers.
09-01 01:02:13.533   442   462 D BluetoothAdapter: onBluetoothServiceDown: android.bluetooth.IBluetooth$Stub$Proxy@952df2a
09-01 01:02:13.533   670 12016 D BluetoothAdapter: onBluetoothServiceDown: android.bluetooth.IBluetooth$Stub$Proxy@783e2ec
09-01 01:02:13.534   653   666 D BluetoothAdapter: onBluetoothServiceDown: android.bluetooth.IBluetooth$Stub$Proxy@c1d4660
09-01 01:02:13.534   567   590 D BluetoothAdapter: onBluetoothServiceDown: android.bluetooth.IBluetooth$Stub$Proxy@53b6ff7
09-01 01:02:13.535   442   513 I ActivityManager: Process com.android.bluetooth (pid 13662) has died
09-01 01:02:13.535   442   513 D ActivityManager: cleanUpApplicationRecord -- 13662
09-01 01:02:13.535   442   513 W ActivityManager: Scheduling restart of crashed service com.android.bluetooth/.gatt.GattService in 1000ms
09-01 01:02:13.536   442   513 W ActivityManager: Scheduling restart of crashed service com.android.bluetooth/.btservice.AdapterService in 1000ms
09-01 01:02:13.733   442   462 D BluetoothManagerService: MESSAGE_RESTART_BLUETOOTH_SERVICE
09-01 01:02:13.769   442   462 I ActivityManager: Start proc 13692:com.android.bluetooth/1002 for service com.android.bluetooth/.btservice.AdapterService
09-01 01:02:13.852 13692 13692 I chatty  : uid=1002(bluetooth) com.android.bluetooth expire 18 lines
09-01 01:02:13.893 13692 13708 I chatty  : uid=1002(bluetooth) com.android.bluetooth expire 10 lines
09-01 01:02:13.894 13692 13709 I chatty  : uid=1002(bluetooth) com.android.bluetooth expire 20 lines
09-01 01:02:13.896 13692 13712 I chatty  : uid=1002(bluetooth) com.android.bluetooth expire 1 line
09-01 01:02:13.897 13692 13713 I chatty  : uid=1002(bluetooth) com.android.bluetooth expire 1 line
09-01 01:02:13.898 13692 13714 I chatty  : uid=1002(bluetooth) com.android.bluetooth expire 3 lines
09-01 01:02:13.903   442   442 D BluetoothManagerService: Bluetooth Adapter name changed to AOSP on navi_ref
09-01 01:02:13.903   442   442 D BluetoothManagerService: Stored Bluetooth name: AOSP on navi_ref
09-01 01:02:13.907   442   442 D BluetoothManagerService: BluetoothServiceConnection: com.android.bluetooth.btservice.AdapterService
09-01 01:02:13.907   442   462 D BluetoothManagerService: MESSAGE_BLUETOOTH_SERVICE_CONNECTED: 1
09-01 01:02:13.908 13692 13706 I chatty  : uid=1002(bluetooth) com.android.bluetooth expire 3 lines
09-01 01:02:13.909   442   462 D BluetoothManagerService: Broadcasting onBluetoothServiceUp() to 5 receivers.
09-01 01:02:13.909   442   462 D BluetoothAdapter: onBluetoothServiceUp: android.bluetooth.IBluetooth$Stub$Proxy@bc70aef
09-01 01:02:13.909   670 12016 D BluetoothAdapter: onBluetoothServiceUp: android.bluetooth.IBluetooth$Stub$Proxy@d3b6b5
09-01 01:02:13.910   653   666 D BluetoothAdapter: onBluetoothServiceUp: android.bluetooth.IBluetooth$Stub$Proxy@2286719
09-01 01:02:13.910   567   590 D BluetoothAdapter: onBluetoothServiceUp: android.bluetooth.IBluetooth$Stub$Proxy@6761e64
09-01 01:02:13.911   442   462 D BluetoothManagerService: MESSAGE_BLUETOOTH_STATE_CHANGE: OFF > BLE_TURNING_ON
09-01 01:02:13.911   442   462 D BluetoothManagerService: Sending BLE State Change: OFF > BLE_TURNING_ON
09-01 01:02:13.915 13692 13715 I chatty  : uid=1002(bluetooth) com.android.bluetooth expire 1 line
09-01 01:02:13.927 13692 13692 I chatty  : uid=1002(bluetooth) com.android.bluetooth expire 18 lines
09-01 01:02:13.938 13692 13708 I chatty  : uid=1002(bluetooth) com.android.bluetooth expire 2 lines
09-01 01:02:13.939 13692 13709 I chatty  : uid=1002(bluetooth) com.android.bluetooth expire 19 lines
09-01 01:02:13.940 13692 13719 I chatty  : uid=1002(bluetooth) com.android.bluetooth expire 7 lines
09-01 01:02:14.599 13692 13720 I chatty  : uid=1002(bluetooth) com.android.bluetooth expire 1 line
09-01 01:02:21.944 13692 13712 I chatty  : uid=1002(bluetooth) com.android.bluetooth expire 3 lines
09-01 01:02:21.946 13692 13721 I chatty  : uid=1002(bluetooth) com.android.bluetooth expire 21 lines
09-01 01:02:21.951 13692 13722 I chatty  : uid=1002(bluetooth) com.android.bluetooth expire 2 lines
09-01 01:02:22.629   442   442 D BluetoothManagerService: BluetoothServiceConnection, disconnected: com.android.bluetooth.btservice.AdapterService
09-01 01:02:22.629   442   699 I ActivityManager: Process com.android.bluetooth (pid 13692) has died
09-01 01:02:22.629   442   699 D ActivityManager: cleanUpApplicationRecord -- 13692
09-01 01:02:22.629   442   462 E BluetoothManagerService: MESSAGE_BLUETOOTH_SERVICE_DISCONNECTED(1)
09-01 01:02:22.629   442   462 D BluetoothManagerService: Broadcasting onBluetoothServiceDown() to 4 receivers.
09-01 01:02:22.629   442   699 W ActivityManager: Scheduling restart of crashed service com.android.bluetooth/.gatt.GattService in 1000ms
09-01 01:02:22.630   442   462 D BluetoothAdapter: onBluetoothServiceDown: android.bluetooth.IBluetooth$Stub$Proxy@bc70aef
09-01 01:02:22.630   442   699 W ActivityManager: Scheduling restart of crashed service com.android.bluetooth/.btservice.AdapterService in 1000ms
09-01 01:02:22.630   670 12016 D BluetoothAdapter: onBluetoothServiceDown: android.bluetooth.IBluetooth$Stub$Proxy@d3b6b5
09-01 01:02:22.630   567   590 D BluetoothAdapter: onBluetoothServiceDown: android.bluetooth.IBluetooth$Stub$Proxy@6761e64
09-01 01:02:22.631   653   666 D BluetoothAdapter: onBluetoothServiceDown: android.bluetooth.IBluetooth$Stub$Proxy@2286719
09-01 01:02:22.829   442   462 D BluetoothManagerService: MESSAGE_RESTART_BLUETOOTH_SERVICE
09-01 01:02:22.863   442   462 I ActivityManager: Start proc 13723:com.android.bluetooth/1002 for service com.android.bluetooth/.btservice.AdapterService
09-01 01:02:22.968 13723 13723 I chatty  : uid=1002(bluetooth) com.android.bluetooth expire 36 lines
09-01 01:02:23.009 13723 13739 I chatty  : uid=1002(bluetooth) com.android.bluetooth expire 12 lines
09-01 01:02:23.013 13723 13740 I chatty  : uid=1002(bluetooth) com.android.bluetooth expire 39 lines
09-01 01:02:23.015 13723 13743 I chatty  : uid=1002(bluetooth) com.android.bluetooth expire 4 lines
09-01 01:02:23.015 13723 13744 I chatty  : uid=1002(bluetooth) com.android.bluetooth expire 1 line
09-01 01:02:23.016 13723 13745 I chatty  : uid=1002(bluetooth) com.android.bluetooth expire 3 lines
09-01 01:02:23.021   442   442 D BluetoothManagerService: Bluetooth Adapter name changed to AOSP on navi_ref
09-01 01:02:23.021   442   442 D BluetoothManagerService: Stored Bluetooth name: AOSP on navi_ref
09-01 01:02:23.030   442   442 D BluetoothManagerService: BluetoothServiceConnection: com.android.bluetooth.btservice.AdapterService
09-01 01:02:23.030   442   462 D BluetoothManagerService: MESSAGE_BLUETOOTH_SERVICE_CONNECTED: 1
09-01 01:02:23.031 13723 13737 I chatty  : uid=1002(bluetooth) com.android.bluetooth expire 2 lines
09-01 01:02:23.033   442   462 D BluetoothManagerService: Broadcasting onBluetoothServiceUp() to 5 receivers.
09-01 01:02:23.033   442   462 D BluetoothAdapter: onBluetoothServiceUp: android.bluetooth.IBluetooth$Stub$Proxy@256a639
09-01 01:02:23.033   670 12016 D BluetoothAdapter: onBluetoothServiceUp: android.bluetooth.IBluetooth$Stub$Proxy@ce214a
09-01 01:02:23.033   653   666 D BluetoothAdapter: onBluetoothServiceUp: android.bluetooth.IBluetooth$Stub$Proxy@f3b3de
09-01 01:02:23.034   567   590 D BluetoothAdapter: onBluetoothServiceUp: android.bluetooth.IBluetooth$Stub$Proxy@2e598cd
09-01 01:02:23.035 13723 13735 I chatty  : uid=1002(bluetooth) com.android.bluetooth expire 1 line
09-01 01:02:23.036   442   462 D BluetoothManagerService: MESSAGE_BLUETOOTH_STATE_CHANGE: OFF > BLE_TURNING_ON
09-01 01:02:23.036   442   462 D BluetoothManagerService: Sending BLE State Change: OFF > BLE_TURNING_ON
09-01 01:02:23.038 13723 13746 I chatty  : uid=1002(bluetooth) com.android.bluetooth expire 1 line
09-01 01:02:23.055 13723 13749 I chatty  : uid=1002(bluetooth) com.android.bluetooth expire 7 lines
09-01 01:02:23.718 13723 13750 I chatty  : uid=1002(bluetooth) com.android.bluetooth expire 1 line
09-01 01:02:31.061 13723 13751 I chatty  : uid=1002(bluetooth) com.android.bluetooth expire 21 lines
09-01 01:02:31.067 13723 13752 I chatty  : uid=1002(bluetooth) com.android.bluetooth expire 2 lines
09-01 01:02:31.748   442  1307 I ActivityManager: Process com.android.bluetooth (pid 13723) has died
09-01 01:02:31.749   442  1307 D ActivityManager: cleanUpApplicationRecord -- 13723
09-01 01:02:31.749   442  1307 W ActivityManager: Scheduling restart of crashed service com.android.bluetooth/.gatt.GattService in 1000ms
09-01 01:02:31.749   442  1307 W ActivityManager: Scheduling restart of crashed service com.android.bluetooth/.btservice.AdapterService in 1000ms
09-01 01:02:31.752   442   442 D BluetoothManagerService: BluetoothServiceConnection, disconnected: com.android.bluetooth.btservice.AdapterService
09-01 01:02:31.752   442   462 E BluetoothManagerService: MESSAGE_BLUETOOTH_SERVICE_DISCONNECTED(1)
09-01 01:02:31.752   442   462 D BluetoothManagerService: Broadcasting onBluetoothServiceDown() to 4 receivers.
09-01 01:02:31.753   442   462 D BluetoothAdapter: onBluetoothServiceDown: android.bluetooth.IBluetooth$Stub$Proxy@256a639
09-01 01:02:31.753   670 12016 D BluetoothAdapter: onBluetoothServiceDown: android.bluetooth.IBluetooth$Stub$Proxy@ce214a
09-01 01:02:31.753   653   666 D BluetoothAdapter: onBluetoothServiceDown: android.bluetooth.IBluetooth$Stub$Proxy@f3b3de
09-01 01:02:31.753   567   590 D BluetoothAdapter: onBluetoothServiceDown: android.bluetooth.IBluetooth$Stub$Proxy@2e598cd
09-01 01:02:31.952   442   462 D BluetoothManagerService: MESSAGE_RESTART_BLUETOOTH_SERVICE
09-01 01:02:31.981   442   462 I ActivityManager: Start proc 13753:com.android.bluetooth/1002 for service com.android.bluetooth/.btservice.AdapterService
09-01 01:02:32.069 13753 13753 I chatty  : uid=1002(bluetooth) com.android.bluetooth expire 18 lines
09-01 01:02:32.111 13753 13769 I chatty  : uid=1002(bluetooth) com.android.bluetooth expire 6 lines
09-01 01:02:32.112 13753 13770 I chatty  : uid=1002(bluetooth) com.android.bluetooth expire 20 lines
09-01 01:02:32.115 13753 13773 I chatty  : uid=1002(bluetooth) com.android.bluetooth expire 1 line
09-01 01:02:32.115 13753 13774 I chatty  : uid=1002(bluetooth) com.android.bluetooth expire 1 line
09-01 01:02:32.116 13753 13775 I chatty  : uid=1002(bluetooth) com.android.bluetooth expire 3 lines
09-01 01:02:32.122   442   442 D BluetoothManagerService: Bluetooth Adapter name changed to AOSP on navi_ref
09-01 01:02:32.123   442   442 D BluetoothManagerService: Stored Bluetooth name: AOSP on navi_ref
09-01 01:02:32.126   442   442 D BluetoothManagerService: BluetoothServiceConnection: com.android.bluetooth.btservice.AdapterService
09-01 01:02:32.126   442   462 D BluetoothManagerService: MESSAGE_BLUETOOTH_SERVICE_CONNECTED: 1
09-01 01:02:32.127 13753 13765 I chatty  : uid=1002(bluetooth) com.android.bluetooth expire 2 lines
09-01 01:02:32.129   442   462 D BluetoothManagerService: Broadcasting onBluetoothServiceUp() to 5 receivers.
09-01 01:02:32.129   670 12016 D BluetoothAdapter: onBluetoothServiceUp: android.bluetooth.IBluetooth$Stub$Proxy@f24e8bb
09-01 01:02:32.129   442   462 D BluetoothAdapter: onBluetoothServiceUp: android.bluetooth.IBluetooth$Stub$Proxy@b4e90e2
09-01 01:02:32.130   653   666 D BluetoothAdapter: onBluetoothServiceUp: android.bluetooth.IBluetooth$Stub$Proxy@44569bf
09-01 01:02:32.130 13753 13767 I chatty  : uid=1002(bluetooth) com.android.bluetooth expire 1 line
09-01 01:02:32.131   567   590 D BluetoothAdapter: onBluetoothServiceUp: android.bluetooth.IBluetooth$Stub$Proxy@bdeb582
09-01 01:02:32.132   442   462 D BluetoothManagerService: MESSAGE_BLUETOOTH_STATE_CHANGE: OFF > BLE_TURNING_ON
09-01 01:02:32.132   442   462 D BluetoothManagerService: Sending BLE State Change: OFF > BLE_TURNING_ON
09-01 01:02:32.132 13753 13769 I chatty  : uid=1002(bluetooth) com.android.bluetooth expire 6 lines
09-01 01:02:32.135 13753 13776 I chatty  : uid=1002(bluetooth) com.android.bluetooth expire 1 line
09-01 01:02:32.143 13753 13753 I chatty  : uid=1002(bluetooth) com.android.bluetooth expire 18 lines
09-01 01:02:32.154 13753 13770 I chatty  : uid=1002(bluetooth) com.android.bluetooth expire 19 lines
09-01 01:02:32.155 13753 13779 I chatty  : uid=1002(bluetooth) com.android.bluetooth expire 7 lines
09-01 01:02:32.816 13753 13780 I chatty  : uid=1002(bluetooth) com.android.bluetooth expire 1 line
09-01 01:02:40.160 13753 13773 I chatty  : uid=1002(bluetooth) com.android.bluetooth expire 3 lines
09-01 01:02:40.161 13753 13781 I chatty  : uid=1002(bluetooth) com.android.bluetooth expire 21 lines
09-01 01:02:40.170 13753 13782 I chatty  : uid=1002(bluetooth) com.android.bluetooth expire 2 lines
09-01 01:02:40.843   442  1307 I ActivityManager: Process com.android.bluetooth (pid 13753) has died
09-01 01:02:40.844   442  1307 D ActivityManager: cleanUpApplicationRecord -- 13753
09-01 01:02:40.844   442  1307 W ActivityManager: Scheduling restart of crashed service com.android.bluetooth/.gatt.GattService in 1000ms
09-01 01:02:40.844   442   442 D BluetoothManagerService: BluetoothServiceConnection, disconnected: com.android.bluetooth.btservice.AdapterService
09-01 01:02:40.844   442  1307 W ActivityManager: Scheduling restart of crashed service com.android.bluetooth/.btservice.AdapterService in 1000ms
09-01 01:02:40.844   442   462 E BluetoothManagerService: MESSAGE_BLUETOOTH_SERVICE_DISCONNECTED(1)
09-01 01:02:40.844   442   462 D BluetoothManagerService: Broadcasting onBluetoothServiceDown() to 4 receivers.
09-01 01:02:40.845   442   462 D BluetoothAdapter: onBluetoothServiceDown: android.bluetooth.IBluetooth$Stub$Proxy@b4e90e2
09-01 01:02:40.845   670 12016 D BluetoothAdapter: onBluetoothServiceDown: android.bluetooth.IBluetooth$Stub$Proxy@f24e8bb
09-01 01:02:40.845   567   590 D BluetoothAdapter: onBluetoothServiceDown: android.bluetooth.IBluetooth$Stub$Proxy@bdeb582
09-01 01:02:40.845   653   666 D BluetoothAdapter: onBluetoothServiceDown: android.bluetooth.IBluetooth$Stub$Proxy@44569bf
09-01 01:02:41.044   442   462 D BluetoothManagerService: MESSAGE_RESTART_BLUETOOTH_SERVICE
09-01 01:02:41.077   442   462 I ActivityManager: Start proc 13783:com.android.bluetooth/1002 for service com.android.bluetooth/.btservice.AdapterService
09-01 01:02:41.170 13783 13783 I chatty  : uid=1002(bluetooth) com.android.bluetooth expire 36 lines
09-01 01:02:41.215 13783 13800 I chatty  : uid=1002(bluetooth) com.android.bluetooth expire 12 lines
09-01 01:02:41.216 13783 13801 I chatty  : uid=1002(bluetooth) com.android.bluetooth expire 39 lines
09-01 01:02:41.218 13783 13804 I chatty  : uid=1002(bluetooth) com.android.bluetooth expire 4 lines
09-01 01:02:41.218 13783 13805 I chatty  : uid=1002(bluetooth) com.android.bluetooth expire 1 line
09-01 01:02:41.219 13783 13806 I chatty  : uid=1002(bluetooth) com.android.bluetooth expire 3 lines
09-01 01:02:41.223   442   442 D BluetoothManagerService: Bluetooth Adapter name changed to AOSP on navi_ref
09-01 01:02:41.223   442   442 D BluetoothManagerService: Stored Bluetooth name: AOSP on navi_ref
09-01 01:02:41.228   442   442 D BluetoothManagerService: BluetoothServiceConnection: com.android.bluetooth.btservice.AdapterService
09-01 01:02:41.228   442   462 D BluetoothManagerService: MESSAGE_BLUETOOTH_SERVICE_CONNECTED: 1
09-01 01:02:41.229 13783 13798 I chatty  : uid=1002(bluetooth) com.android.bluetooth expire 2 lines
09-01 01:02:41.230   442   462 D BluetoothManagerService: Broadcasting onBluetoothServiceUp() to 5 receivers.
09-01 01:02:41.231   670 12016 D BluetoothAdapter: onBluetoothServiceUp: android.bluetooth.IBluetooth$Stub$Proxy@d4241d8
09-01 01:02:41.231   442   462 D BluetoothAdapter: onBluetoothServiceUp: android.bluetooth.IBluetooth$Stub$Proxy@43366c7
09-01 01:02:41.231   567   590 D BluetoothAdapter: onBluetoothServiceUp: android.bluetooth.IBluetooth$Stub$Proxy@dad1493
09-01 01:02:41.231   653   666 D BluetoothAdapter: onBluetoothServiceUp: android.bluetooth.IBluetooth$Stub$Proxy@80688c
09-01 01:02:41.232 13783 13795 I chatty  : uid=1002(bluetooth) com.android.bluetooth expire 1 line
09-01 01:02:41.233   442   462 D BluetoothManagerService: MESSAGE_BLUETOOTH_STATE_CHANGE: OFF > BLE_TURNING_ON
09-01 01:02:41.233   442   462 D BluetoothManagerService: Sending BLE State Change: OFF > BLE_TURNING_ON
09-01 01:02:41.237 13783 13807 I chatty  : uid=1002(bluetooth) com.android.bluetooth expire 1 line
09-01 01:02:41.257 13783 13810 I chatty  : uid=1002(bluetooth) com.android.bluetooth expire 7 lines
09-01 01:02:41.917 13783 13811 I chatty  : uid=1002(bluetooth) com.android.bluetooth expire 1 line
09-01 01:02:49.263 13783 13812 I chatty  : uid=1002(bluetooth) com.android.bluetooth expire 21 lines
09-01 01:02:49.267 13783 13813 I chatty  : uid=1002(bluetooth) com.android.bluetooth expire 2 lines
09-01 01:02:49.948   442   442 D BluetoothManagerService: BluetoothServiceConnection, disconnected: com.android.bluetooth.btservice.AdapterService
09-01 01:02:49.949   442   669 I ActivityManager: Process com.android.bluetooth (pid 13783) has died
09-01 01:02:49.949   442   669 D ActivityManager: cleanUpApplicationRecord -- 13783
09-01 01:02:49.949   442   462 E BluetoothManagerService: MESSAGE_BLUETOOTH_SERVICE_DISCONNECTED(1)
09-01 01:02:49.949   442   462 D BluetoothManagerService: Broadcasting onBluetoothServiceDown() to 4 receivers.
09-01 01:02:49.949   442   669 W ActivityManager: Scheduling restart of crashed service com.android.bluetooth/.gatt.GattService in 1000ms
09-01 01:02:49.949   442   462 D BluetoothAdapter: onBluetoothServiceDown: android.bluetooth.IBluetooth$Stub$Proxy@43366c7
09-01 01:02:49.949   442   669 W ActivityManager: Scheduling restart of crashed service com.android.bluetooth/.btservice.AdapterService in 1000ms
09-01 01:02:49.950   670 12016 D BluetoothAdapter: onBluetoothServiceDown: android.bluetooth.IBluetooth$Stub$Proxy@d4241d8
09-01 01:02:49.950   567   590 D BluetoothAdapter: onBluetoothServiceDown: android.bluetooth.IBluetooth$Stub$Proxy@dad1493
09-01 01:02:49.950   653   666 D BluetoothAdapter: onBluetoothServiceDown: android.bluetooth.IBluetooth$Stub$Proxy@80688c
09-01 01:02:50.149   442   462 D BluetoothManagerService: MESSAGE_RESTART_BLUETOOTH_SERVICE
09-01 01:02:50.180   442   462 I ActivityManager: Start proc 13814:com.android.bluetooth/1002 for service com.android.bluetooth/.btservice.AdapterService
09-01 01:02:50.274 13814 13814 I chatty  : uid=1002(bluetooth) com.android.bluetooth expire 18 lines
09-01 01:02:50.324 13814 13831 I chatty  : uid=1002(bluetooth) com.android.bluetooth expire 1 line
09-01 01:02:50.324 13814 13832 I chatty  : uid=1002(bluetooth) com.android.bluetooth expire 20 lines
09-01 01:02:50.326 13814 13835 I chatty  : uid=1002(bluetooth) com.android.bluetooth expire 1 line
09-01 01:02:50.327 13814 13836 I chatty  : uid=1002(bluetooth) com.android.bluetooth expire 1 line
09-01 01:02:50.328 13814 13837 I chatty  : uid=1002(bluetooth) com.android.bluetooth expire 3 lines
09-01 01:02:50.332   442   442 D BluetoothManagerService: Bluetooth Adapter name changed to AOSP on navi_ref
09-01 01:02:50.333   442   442 D BluetoothManagerService: Stored Bluetooth name: AOSP on navi_ref
09-01 01:02:50.344   442   442 D BluetoothManagerService: BluetoothServiceConnection: com.android.bluetooth.btservice.AdapterService
09-01 01:02:50.344   442   462 D BluetoothManagerService: MESSAGE_BLUETOOTH_SERVICE_CONNECTED: 1
09-01 01:02:50.345 13814 13827 I chatty  : uid=1002(bluetooth) com.android.bluetooth expire 2 lines
09-01 01:02:50.346   442   462 D BluetoothManagerService: Broadcasting onBluetoothServiceUp() to 5 receivers.
09-01 01:02:50.346   442   462 D BluetoothAdapter: onBluetoothServiceUp: android.bluetooth.IBluetooth$Stub$Proxy@fe00778
09-01 01:02:50.347   670 12016 D BluetoothAdapter: onBluetoothServiceUp: android.bluetooth.IBluetooth$Stub$Proxy@a560931
09-01 01:02:50.347   653   666 D BluetoothAdapter: onBluetoothServiceUp: android.bluetooth.IBluetooth$Stub$Proxy@ecf5bd5
09-01 01:02:50.348   567   590 D BluetoothAdapter: onBluetoothServiceUp: android.bluetooth.IBluetooth$Stub$Proxy@ba8bcd0
09-01 01:02:50.348 13814 13829 I chatty  : uid=1002(bluetooth) com.android.bluetooth expire 1 line
09-01 01:02:50.348 13814 13831 I chatty  : uid=1002(bluetooth) com.android.bluetooth expire 11 lines
09-01 01:02:50.349   442   462 D BluetoothManagerService: MESSAGE_BLUETOOTH_STATE_CHANGE: OFF > BLE_TURNING_ON
09-01 01:02:50.349   442   462 D BluetoothManagerService: Sending BLE State Change: OFF > BLE_TURNING_ON
09-01 01:02:50.352 13814 13838 I chatty  : uid=1002(bluetooth) com.android.bluetooth expire 1 line
09-01 01:02:50.357 13814 13814 I chatty  : uid=1002(bluetooth) com.android.bluetooth expire 18 lines
09-01 01:02:50.371 13814 13832 I chatty  : uid=1002(bluetooth) com.android.bluetooth expire 19 lines
09-01 01:02:50.371 13814 13841 I chatty  : uid=1002(bluetooth) com.android.bluetooth expire 7 lines
09-01 01:02:51.034 13814 13842 I chatty  : uid=1002(bluetooth) com.android.bluetooth expire 1 line
09-01 01:02:58.376 13814 13835 I chatty  : uid=1002(bluetooth) com.android.bluetooth expire 3 lines
09-01 01:02:58.377 13814 13843 I chatty  : uid=1002(bluetooth) com.android.bluetooth expire 21 lines
09-01 01:02:58.387 13814 13844 I chatty  : uid=1002(bluetooth) com.android.bluetooth expire 2 lines
09-01 01:02:59.062   442   669 I ActivityManager: Process com.android.bluetooth (pid 13814) has died
09-01 01:02:59.062   442   442 D BluetoothManagerService: BluetoothServiceConnection, disconnected: com.android.bluetooth.btservice.AdapterService
09-01 01:02:59.062   442   669 D ActivityManager: cleanUpApplicationRecord -- 13814
09-01 01:02:59.062   442   462 E BluetoothManagerService: MESSAGE_BLUETOOTH_SERVICE_DISCONNECTED(1)
09-01 01:02:59.062   442   462 D BluetoothManagerService: Broadcasting onBluetoothServiceDown() to 4 receivers.
09-01 01:02:59.062   442   669 W ActivityManager: Scheduling restart of crashed service com.android.bluetooth/.gatt.GattService in 1000ms
09-01 01:02:59.062   442   669 W ActivityManager: Scheduling restart of crashed service com.android.bluetooth/.btservice.AdapterService in 1000ms
09-01 01:02:59.063   670 12016 D BluetoothAdapter: onBluetoothServiceDown: android.bluetooth.IBluetooth$Stub$Proxy@a560931
09-01 01:02:59.063   653   666 D BluetoothAdapter: onBluetoothServiceDown: android.bluetooth.IBluetooth$Stub$Proxy@ecf5bd5
09-01 01:02:59.063   442   462 D BluetoothAdapter: onBluetoothServiceDown: android.bluetooth.IBluetooth$Stub$Proxy@fe00778
09-01 01:02:59.064   567   590 D BluetoothAdapter: onBluetoothServiceDown: android.bluetooth.IBluetooth$Stub$Proxy@ba8bcd0
09-01 01:02:59.262   442   462 D BluetoothManagerService: MESSAGE_RESTART_BLUETOOTH_SERVICE
09-01 01:02:59.295   442   462 I ActivityManager: Start proc 13845:com.android.bluetooth/1002 for service com.android.bluetooth/.btservice.AdapterService
09-01 01:02:59.386 13845 13845 I chatty  : uid=1002(bluetooth) com.android.bluetooth expire 36 lines
09-01 01:02:59.432 13845 13862 I chatty  : uid=1002(bluetooth) com.android.bluetooth expire 12 lines
09-01 01:02:59.432 13845 13863 I chatty  : uid=1002(bluetooth) com.android.bluetooth expire 39 lines
