09-01 00:50:51.671 11279 11279 W ViewRootImpl[WebViewBrowserActivity]: Cancelling event due to no window focus: KeyEvent { action=ACTION_UP, keyCode=KEYCODE_MENU, scanCode=0, metaState=0, flags=0x28, repeatCount=0, eventTime=3052570, downTime=3052570, deviceId=-1, source=0x101 }
09-01 00:50:52.328 11200 11200 W ViewRootImpl[GrantPermissionsActivity]: Cancelling event due to no window focus: KeyEvent { action=ACTION_UP, keyCode=KEYCODE_DPAD_RIGHT, scanCode=0, metaState=0, flags=0x28, repeatCount=0, eventTime=3052890, downTime=3052890, deviceId=-1, source=0x101 }
09-01 00:50:52.328 11200 11200 W ViewRootImpl[GrantPermissionsActivity]: Cancelling event due to no window focus: KeyEvent { action=ACTION_UP, keyCode=KEYCODE_DPAD_RIGHT, scanCode=0, metaState=0, flags=0x28, repeatCount=0, eventTime=3052890, downTime=3052890, deviceId=-1, source=0x101 }
09-01 00:50:52.328 11200 11200 W ViewRootImpl[GrantPermissionsActivity]: Cancelling event due to no window focus: KeyEvent { action=ACTION_UP, keyCode=KEYCODE_DPAD_RIGHT, scanCode=0, metaState=0, flags=0x28, repeatCount=0, eventTime=3052890, downTime=3052890, deviceId=-1, source=0x101 }
09-01 00:50:52.328 11200 11200 W ViewRootImpl[GrantPermissionsActivity]: Cancelling event due to no window focus: KeyEvent { action=ACTION_UP, keyCode=KEYCODE_DPAD_RIGHT, scanCode=0, metaState=0, flags=0x28, repeatCount=0, eventTime=3052890, downTime=3052890, deviceId=-1, source=0x101 }
09-01 00:50:52.328 11200 11200 W ViewRootImpl[GrantPermissionsActivity]: Cancelling event due to no window focus: KeyEvent { action=ACTION_UP, keyCode=KEYCODE_DPAD_RIGHT, scanCode=0, metaState=0, flags=0x28, repeatCount=0, eventTime=3052890, downTime=3052890, deviceId=-1, source=0x101 }
09-01 00:50:52.328 11200 11200 W ViewRootImpl[GrantPermissionsActivity]: Cancelling event due to no window focus: KeyEvent { action=ACTION_UP, keyCode=KEYCODE_DPAD_RIGHT, scanCode=0, metaState=0, flags=0x28, repeatCount=0, eventTime=3052890, downTime=3052890, deviceId=-1, source=0x101 }
09-01 00:50:52.328 11200 11200 W ViewRootImpl[GrantPermissionsActivity]: Cancelling event due to no window focus: KeyEvent { action=ACTION_UP, keyCode=KEYCODE_DPAD_RIGHT, scanCode=0, metaState=0, flags=0x28, repeatCount=0, eventTime=3052890, downTime=3052890, deviceId=-1, source=0x101 }
09-01 00:50:52.329 11200 11200 W ViewRootImpl[GrantPermissionsActivity]: Cancelling event due to no window focus: KeyEvent { action=ACTION_UP, keyCode=KEYCODE_DPAD_RIGHT, scanCode=0, metaState=0, flags=0x28, repeatCount=0, eventTime=3052890, downTime=3052890, deviceId=-1, source=0x101 }
09-01 00:50:52.329 11200 11200 W ViewRootImpl[GrantPermissionsActivity]: Cancelling event due to no window focus: KeyEvent { action=ACTION_UP, keyCode=KEYCODE_DPAD_RIGHT, scanCode=0, metaState=0, flags=0x28, repeatCount=0, eventTime=3052890, downTime=3052890, deviceId=-1, source=0x101 }
09-01 00:50:52.354 11200 11200 W ViewRootImpl[GrantPermissionsActivity]: Dropping event due to no window focus: KeyEvent { action=ACTION_DOWN, keyCode=KEYCODE_DPAD_CENTER, scanCode=0, metaState=0, flags=0x8, repeatCount=0, eventTime=3053223, downTime=3053223, deviceId=-1, source=0x101 }
09-01 00:50:52.566 11200 11200 W ViewRootImpl[GrantPermissionsActivity]: Dropping event due to no window focus: KeyEvent { action=ACTION_DOWN, keyCode=KEYCODE_MENU, scanCode=0, metaState=0, flags=0x8, repeatCount=0, eventTime=3053463, downTime=3053463, deviceId=-1, source=0x101 }
09-01 00:50:52.609 11200 11200 W ViewRootImpl[GrantPermissionsActivity]: Cancelling event due to no window focus: KeyEvent { action=ACTION_UP, keyCode=KEYCODE_MENU, scanCode=0, metaState=0, flags=0x28, repeatCount=0, eventTime=3053498, downTime=3053498, deviceId=-1, source=0x101 }
09-01 00:50:52.609 11200 11200 W ViewRootImpl[GrantPermissionsActivity]: Cancelling event due to no window focus: KeyEvent { action=ACTION_UP, keyCode=KEYCODE_MENU, scanCode=0, metaState=0, flags=0x28, repeatCount=0, eventTime=3053498, downTime=3053498, deviceId=-1, source=0x101 }
09-01 00:50:52.610 11200 11200 W ViewRootImpl[GrantPermissionsActivity]: Cancelling event due to no window focus: KeyEvent { action=ACTION_UP, keyCode=KEYCODE_MENU, scanCode=0, metaState=0, flags=0x28, repeatCount=0, eventTime=3053498, downTime=3053498, deviceId=-1, source=0x101 }
09-01 00:50:52.610 11200 11200 W ViewRootImpl[GrantPermissionsActivity]: Cancelling event due to no window focus: KeyEvent { action=ACTION_UP, keyCode=KEYCODE_MENU, scanCode=0, metaState=0, flags=0x28, repeatCount=0, eventTime=3053498, downTime=3053498, deviceId=-1, source=0x101 }
09-01 00:50:52.610 11200 11200 W ViewRootImpl[GrantPermissionsActivity]: Cancelling event due to no window focus: KeyEvent { action=ACTION_UP, keyCode=KEYCODE_MENU, scanCode=0, metaState=0, flags=0x28, repeatCount=0, eventTime=3053498, downTime=3053498, deviceId=-1, source=0x101 }
09-01 00:50:52.610 11200 11200 W ViewRootImpl[GrantPermissionsActivity]: Cancelling event due to no window focus: KeyEvent { action=ACTION_UP, keyCode=KEYCODE_MENU, scanCode=0, metaState=0, flags=0x28, repeatCount=0, eventTime=3053498, downTime=3053498, deviceId=-1, source=0x101 }
09-01 00:50:53.269   442  2090 I chatty  : uid=1000(system) Binder:442_14 expire 3 lines
09-01 00:50:53.491 11200 11200 W ViewRootImpl[GrantPermissionsActivity]: Dropping event due to no window focus: KeyEvent { action=ACTION_DOWN, keyCode=KEYCODE_DPAD_RIGHT, scanCode=0, metaState=0, flags=0x8, repeatCount=0, eventTime=3053823, downTime=3053823, deviceId=-1, source=0x101 }
09-01 00:50:53.493   442   453 I chatty  : uid=1000(system) Binder:442_1 expire 5 lines
09-01 00:50:53.508 11200 11200 W ViewRootImpl[GrantPermissionsActivity]: Cancelling event due to no window focus: KeyEvent { action=ACTION_UP, keyCode=KEYCODE_DPAD_RIGHT, scanCode=0, metaState=0, flags=0x28, repeatCount=0, eventTime=3054403, downTime=3054403, deviceId=-1, source=0x101 }
09-01 00:50:53.509 11200 11200 W ViewRootImpl[GrantPermissionsActivity]: Cancelling event due to no window focus: KeyEvent { action=ACTION_UP, keyCode=KEYCODE_DPAD_RIGHT, scanCode=0, metaState=0, flags=0x28, repeatCount=0, eventTime=3054403, downTime=3054403, deviceId=-1, source=0x101 }
09-01 00:50:53.509 11200 11200 W ViewRootImpl[GrantPermissionsActivity]: Cancelling event due to no window focus: KeyEvent { action=ACTION_UP, keyCode=KEYCODE_DPAD_RIGHT, scanCode=0, metaState=0, flags=0x28, repeatCount=0, eventTime=3054403, downTime=3054403, deviceId=-1, source=0x101 }
09-01 00:50:53.509 11200 11200 W ViewRootImpl[GrantPermissionsActivity]: Cancelling event due to no window focus: KeyEvent { action=ACTION_UP, keyCode=KEYCODE_DPAD_RIGHT, scanCode=0, metaState=0, flags=0x28, repeatCount=0, eventTime=3054403, downTime=3054403, deviceId=-1, source=0x101 }
09-01 00:50:53.509 11200 11200 W ViewRootImpl[GrantPermissionsActivity]: Cancelling event due to no window focus: KeyEvent { action=ACTION_UP, keyCode=KEYCODE_DPAD_RIGHT, scanCode=0, metaState=0, flags=0x28, repeatCount=0, eventTime=3054403, downTime=3054403, deviceId=-1, source=0x101 }
09-01 00:50:53.509 11200 11200 W ViewRootImpl[GrantPermissionsActivity]: Cancelling event due to no window focus: KeyEvent { action=ACTION_UP, keyCode=KEYCODE_DPAD_RIGHT, scanCode=0, metaState=0, flags=0x28, repeatCount=0, eventTime=3054403, downTime=3054403, deviceId=-1, source=0x101 }
09-01 00:50:53.510 11200 11200 W ViewRootImpl[GrantPermissionsActivity]: Cancelling event due to no window focus: KeyEvent { action=ACTION_UP, keyCode=KEYCODE_DPAD_RIGHT, scanCode=0, metaState=0, flags=0x28, repeatCount=0, eventTime=3054403, downTime=3054403, deviceId=-1, source=0x101 }
09-01 00:50:53.510 11200 11200 W ViewRootImpl[GrantPermissionsActivity]: Cancelling event due to no window focus: KeyEvent { action=ACTION_UP, keyCode=KEYCODE_DPAD_RIGHT, scanCode=0, metaState=0, flags=0x28, repeatCount=0, eventTime=3054403, downTime=3054403, deviceId=-1, source=0x101 }
09-01 00:50:53.510 11200 11200 W ViewRootImpl[GrantPermissionsActivity]: Cancelling event due to no window focus: KeyEvent { action=ACTION_UP, keyCode=KEYCODE_DPAD_RIGHT, scanCode=0, metaState=0, flags=0x28, repeatCount=0, eventTime=3054403, downTime=3054403, deviceId=-1, source=0x101 }
09-01 00:50:53.679  1074  1074 W ViewRootImpl[AccountSetupFinal]: Dropping event due to no window focus: KeyEvent { action=ACTION_DOWN, keyCode=KEYCODE_DPAD_DOWN, scanCode=0, metaState=0, flags=0x8, repeatCount=0, eventTime=3054538, downTime=3054538, deviceId=-1, source=0x101 }
09-01 00:50:53.705  1074  1074 W ViewRootImpl[AccountSetupFinal]: Cancelling event due to no window focus: KeyEvent { action=ACTION_UP, keyCode=KEYCODE_DPAD_DOWN, scanCode=0, metaState=0, flags=0x28, repeatCount=0, eventTime=3054611, downTime=3054611, deviceId=-1, source=0x101 }
09-01 00:50:53.705  1074  1074 W ViewRootImpl[AccountSetupFinal]: Cancelling event due to no window focus: KeyEvent { action=ACTION_UP, keyCode=KEYCODE_DPAD_DOWN, scanCode=0, metaState=0, flags=0x28, repeatCount=0, eventTime=3054611, downTime=3054611, deviceId=-1, source=0x101 }
09-01 00:50:53.705  1074  1074 W ViewRootImpl[AccountSetupFinal]: Cancelling event due to no window focus: KeyEvent { action=ACTION_UP, keyCode=KEYCODE_DPAD_DOWN, scanCode=0, metaState=0, flags=0x28, repeatCount=0, eventTime=3054611, downTime=3054611, deviceId=-1, source=0x101 }
09-01 00:50:53.705  1074  1074 W ViewRootImpl[AccountSetupFinal]: Cancelling event due to no window focus: KeyEvent { action=ACTION_UP, keyCode=KEYCODE_DPAD_DOWN, scanCode=0, metaState=0, flags=0x28, repeatCount=0, eventTime=3054611, downTime=3054611, deviceId=-1, source=0x101 }
09-01 00:50:53.705  1074  1074 W ViewRootImpl[AccountSetupFinal]: Cancelling event due to no window focus: KeyEvent { action=ACTION_UP, keyCode=KEYCODE_DPAD_DOWN, scanCode=0, metaState=0, flags=0x28, repeatCount=0, eventTime=3054611, downTime=3054611, deviceId=-1, source=0x101 }
09-01 00:50:53.706  1074  1074 W ViewRootImpl[AccountSetupFinal]: Cancelling event due to no window focus: KeyEvent { action=ACTION_UP, keyCode=KEYCODE_DPAD_DOWN, scanCode=0, metaState=0, flags=0x28, repeatCount=0, eventTime=3054611, downTime=3054611, deviceId=-1, source=0x101 }
09-01 00:50:53.706  1074  1074 W ViewRootImpl[AccountSetupFinal]: Cancelling event due to no window focus: KeyEvent { action=ACTION_UP, keyCode=KEYCODE_DPAD_DOWN, scanCode=0, metaState=0, flags=0x28, repeatCount=0, eventTime=3054611, downTime=3054611, deviceId=-1, source=0x101 }
09-01 00:50:53.706  1074  1074 W ViewRootImpl[AccountSetupFinal]: Cancelling event due to no window focus: KeyEvent { action=ACTION_UP, keyCode=KEYCODE_DPAD_DOWN, scanCode=0, metaState=0, flags=0x28, repeatCount=0, eventTime=3054611, downTime=3054611, deviceId=-1, source=0x101 }
09-01 00:50:53.706  1074  1074 W ViewRootImpl[AccountSetupFinal]: Cancelling event due to no window focus: KeyEvent { action=ACTION_UP, keyCode=KEYCODE_DPAD_DOWN, scanCode=0, metaState=0, flags=0x28, repeatCount=0, eventTime=3054611, downTime=3054611, deviceId=-1, source=0x101 }
09-01 00:50:54.930 11463 11463 W ViewRootImpl[PeopleActivity]: Dropping event due to no window focus: KeyEvent { action=ACTION_DOWN, keyCode=KEYCODE_DPAD_CENTER, scanCode=0, metaState=0, flags=0x8, repeatCount=0, eventTime=3055016, downTime=3055016, deviceId=-1, source=0x101 }
09-01 00:50:54.931 11463 11463 W ViewRootImpl[PeopleActivity]: Cancelling event due to no window focus: KeyEvent { action=ACTION_UP, keyCode=KEYCODE_DPAD_CENTER, scanCode=0, metaState=0, flags=0x28, repeatCount=0, eventTime=3055853, downTime=3055853, deviceId=-1, source=0x101 }
09-01 00:50:54.931 11463 11463 W ViewRootImpl[PeopleActivity]: Cancelling event due to no window focus: KeyEvent { action=ACTION_UP, keyCode=KEYCODE_DPAD_CENTER, scanCode=0, metaState=0, flags=0x28, repeatCount=0, eventTime=3055853, downTime=3055853, deviceId=-1, source=0x101 }
09-01 00:50:54.931 11463 11463 W ViewRootImpl[PeopleActivity]: Cancelling event due to no window focus: KeyEvent { action=ACTION_UP, keyCode=KEYCODE_DPAD_CENTER, scanCode=0, metaState=0, flags=0x28, repeatCount=0, eventTime=3055853, downTime=3055853, deviceId=-1, source=0x101 }
09-01 00:50:54.932 11463 11463 W ViewRootImpl[PeopleActivity]: Cancelling event due to no window focus: KeyEvent { action=ACTION_UP, keyCode=KEYCODE_DPAD_CENTER, scanCode=0, metaState=0, flags=0x28, repeatCount=0, eventTime=3055853, downTime=3055853, deviceId=-1, source=0x101 }
09-01 00:50:54.932 11463 11463 W ViewRootImpl[PeopleActivity]: Cancelling event due to no window focus: KeyEvent { action=ACTION_UP, keyCode=KEYCODE_DPAD_CENTER, scanCode=0, metaState=0, flags=0x28, repeatCount=0, eventTime=3055853, downTime=3055853, deviceId=-1, source=0x101 }
09-01 00:50:54.932 11463 11463 W ViewRootImpl[PeopleActivity]: Cancelling event due to no window focus: KeyEvent { action=ACTION_UP, keyCode=KEYCODE_DPAD_CENTER, scanCode=0, metaState=0, flags=0x28, repeatCount=0, eventTime=3055853, downTime=3055853, deviceId=-1, source=0x101 }
09-01 00:50:54.932 11463 11463 W ViewRootImpl[PeopleActivity]: Cancelling event due to no window focus: KeyEvent { action=ACTION_UP, keyCode=KEYCODE_DPAD_CENTER, scanCode=0, metaState=0, flags=0x28, repeatCount=0, eventTime=3055853, downTime=3055853, deviceId=-1, source=0x101 }
09-01 00:50:54.932 11463 11463 W ViewRootImpl[PeopleActivity]: Cancelling event due to no window focus: KeyEvent { action=ACTION_UP, keyCode=KEYCODE_DPAD_CENTER, scanCode=0, metaState=0, flags=0x28, repeatCount=0, eventTime=3055853, downTime=3055853, deviceId=-1, source=0x101 }
09-01 00:50:54.933 11463 11463 W ViewRootImpl[PeopleActivity]: Cancelling event due to no window focus: KeyEvent { action=ACTION_UP, keyCode=KEYCODE_DPAD_CENTER, scanCode=0, metaState=0, flags=0x28, repeatCount=0, eventTime=3055853, downTime=3055853, deviceId=-1, source=0x101 }
09-01 00:50:54.934 11463 11463 W ViewRootImpl[PeopleActivity]: Dropping event due to no window focus: KeyEvent { action=ACTION_DOWN, keyCode=KEYCODE_MENU, scanCode=0, metaState=0, flags=0x8, repeatCount=0, eventTime=3055866, downTime=3055866, deviceId=-1, source=0x101 }
09-01 00:50:54.941 11463 11463 W ViewRootImpl[PeopleActivity]: Cancelling event due to no window focus: KeyEvent { action=ACTION_UP, keyCode=KEYCODE_MENU, scanCode=0, metaState=0, flags=0x28, repeatCount=0, eventTime=3055870, downTime=3055870, deviceId=-1, source=0x101 }
09-01 00:50:54.941 11463 11463 W ViewRootImpl[PeopleActivity]: Cancelling event due to no window focus: KeyEvent { action=ACTION_UP, keyCode=KEYCODE_MENU, scanCode=0, metaState=0, flags=0x28, repeatCount=0, eventTime=3055870, downTime=3055870, deviceId=-1, source=0x101 }
09-01 00:50:54.941 11463 11463 W ViewRootImpl[PeopleActivity]: Cancelling event due to no window focus: KeyEvent { action=ACTION_UP, keyCode=KEYCODE_MENU, scanCode=0, metaState=0, flags=0x28, repeatCount=0, eventTime=3055870, downTime=3055870, deviceId=-1, source=0x101 }
09-01 00:50:54.941 11463 11463 W ViewRootImpl[PeopleActivity]: Cancelling event due to no window focus: KeyEvent { action=ACTION_UP, keyCode=KEYCODE_MENU, scanCode=0, metaState=0, flags=0x28, repeatCount=0, eventTime=3055870, downTime=3055870, deviceId=-1, source=0x101 }
09-01 00:50:54.941 11463 11463 W ViewRootImpl[PeopleActivity]: Cancelling event due to no window focus: KeyEvent { action=ACTION_UP, keyCode=KEYCODE_MENU, scanCode=0, metaState=0, flags=0x28, repeatCount=0, eventTime=3055870, downTime=3055870, deviceId=-1, source=0x101 }
09-01 00:50:54.941 11463 11463 W ViewRootImpl[PeopleActivity]: Cancelling event due to no window focus: KeyEvent { action=ACTION_UP, keyCode=KEYCODE_MENU, scanCode=0, metaState=0, flags=0x28, repeatCount=0, eventTime=3055870, downTime=3055870, deviceId=-1, source=0x101 }
09-01 00:50:55.056 11463 11463 W ViewRootImpl[PeopleActivity]: Dropping event due to no window focus: KeyEvent { action=ACTION_DOWN, keyCode=KEYCODE_DPAD_CENTER, scanCode=0, metaState=0, flags=0x8, repeatCount=0, eventTime=3055889, downTime=3055889, deviceId=-1, source=0x101 }
09-01 00:50:55.221   567   567 W ViewRootImpl[StatusBar]: Dropping event due to no window focus: KeyEvent { action=ACTION_DOWN, keyCode=KEYCODE_MENU, scanCode=0, metaState=0, flags=0x8, repeatCount=0, eventTime=3056148, downTime=3056148, deviceId=-1, source=0x101 }
09-01 00:50:55.463   442  1273 I chatty  : uid=1000(system) Binder:442_B expire 19 lines
09-01 00:50:58.227   442   442 I chatty  : uid=1000 system_server expire 28 lines
09-01 00:50:58.347   442   462 I chatty  : uid=1000(system) android.io expire 58 lines
09-01 00:50:58.967   442  1582 I chatty  : uid=1000(system) Binder:442_13 expire 8 lines
09-01 00:50:59.762   442  1163 I chatty  : uid=1000(system) Binder:442_8 expire 10 lines
09-01 00:51:00.048   895   895 W ViewRootImpl[DeskClock]: Cancelling event due to no window focus: KeyEvent { action=ACTION_UP, keyCode=KEYCODE_DPAD_UP, scanCode=0, metaState=0, flags=0x28, repeatCount=0, eventTime=3060762, downTime=3060762, deviceId=-1, source=0x101 }
09-01 00:51:00.048   895   895 W ViewRootImpl[DeskClock]: Cancelling event due to no window focus: KeyEvent { action=ACTION_UP, keyCode=KEYCODE_DPAD_UP, scanCode=0, metaState=0, flags=0x28, repeatCount=0, eventTime=3060762, downTime=3060762, deviceId=-1, source=0x101 }
09-01 00:51:00.048   895   895 W ViewRootImpl[DeskClock]: Cancelling event due to no window focus: KeyEvent { action=ACTION_UP, keyCode=KEYCODE_DPAD_UP, scanCode=0, metaState=0, flags=0x28, repeatCount=0, eventTime=3060762, downTime=3060762, deviceId=-1, source=0x101 }
09-01 00:51:00.049   895   895 W ViewRootImpl[DeskClock]: Cancelling event due to no window focus: KeyEvent { action=ACTION_UP, keyCode=KEYCODE_DPAD_UP, scanCode=0, metaState=0, flags=0x28, repeatCount=0, eventTime=3060762, downTime=3060762, deviceId=-1, source=0x101 }
09-01 00:51:00.049   895   895 W ViewRootImpl[DeskClock]: Cancelling event due to no window focus: KeyEvent { action=ACTION_UP, keyCode=KEYCODE_DPAD_UP, scanCode=0, metaState=0, flags=0x28, repeatCount=0, eventTime=3060762, downTime=3060762, deviceId=-1, source=0x101 }
09-01 00:51:00.049   895   895 W ViewRootImpl[DeskClock]: Cancelling event due to no window focus: KeyEvent { action=ACTION_UP, keyCode=KEYCODE_DPAD_UP, scanCode=0, metaState=0, flags=0x28, repeatCount=0, eventTime=3060762, downTime=3060762, deviceId=-1, source=0x101 }
09-01 00:51:00.049   895   895 W ViewRootImpl[DeskClock]: Cancelling event due to no window focus: KeyEvent { action=ACTION_UP, keyCode=KEYCODE_DPAD_UP, scanCode=0, metaState=0, flags=0x28, repeatCount=0, eventTime=3060762, downTime=3060762, deviceId=-1, source=0x101 }
09-01 00:51:00.049   895   895 W ViewRootImpl[DeskClock]: Cancelling event due to no window focus: KeyEvent { action=ACTION_UP, keyCode=KEYCODE_DPAD_UP, scanCode=0, metaState=0, flags=0x28, repeatCount=0, eventTime=3060762, downTime=3060762, deviceId=-1, source=0x101 }
09-01 00:51:00.049   895   895 W ViewRootImpl[DeskClock]: Cancelling event due to no window focus: KeyEvent { action=ACTION_UP, keyCode=KEYCODE_DPAD_UP, scanCode=0, metaState=0, flags=0x28, repeatCount=0, eventTime=3060762, downTime=3060762, deviceId=-1, source=0x101 }
09-01 00:51:00.232 11098 11098 W ViewRootImpl[SearchActivity]: Dropping event due to no window focus: KeyEvent { action=ACTION_DOWN, keyCode=KEYCODE_DPAD_RIGHT, scanCode=0, metaState=0, flags=0x8, repeatCount=0, eventTime=3061047, downTime=3061047, deviceId=-1, source=0x101 }
09-01 00:51:00.496   442  1483 I chatty  : uid=1000(system) Binder:442_11 expire 1 line
09-01 00:51:01.059   895   895 W ViewRootImpl[DeskClock]: Dropping event due to no window focus: KeyEvent { action=ACTION_DOWN, keyCode=KEYCODE_DPAD_CENTER, scanCode=0, metaState=0, flags=0x8, repeatCount=0, eventTime=3061894, downTime=3061894, deviceId=-1, source=0x101 }
09-01 00:51:01.111   442  1452 I chatty  : uid=1000(system) Binder:442_10 expire 5 lines
09-01 00:51:01.260   895   895 W ViewRootImpl[DeskClock]: Dropping event due to no window focus: KeyEvent { action=ACTION_DOWN, keyCode=KEYCODE_DPAD_CENTER, scanCode=0, metaState=0, flags=0x8, repeatCount=0, eventTime=3062139, downTime=3062139, deviceId=-1, source=0x101 }
09-01 00:51:01.319   895   895 W ViewRootImpl[DeskClock]: Cancelling event due to no window focus: KeyEvent { action=ACTION_UP, keyCode=KEYCODE_DPAD_CENTER, scanCode=0, metaState=0, flags=0x28, repeatCount=0, eventTime=3062191, downTime=3062191, deviceId=-1, source=0x101 }
09-01 00:51:01.319   895   895 W ViewRootImpl[DeskClock]: Cancelling event due to no window focus: KeyEvent { action=ACTION_UP, keyCode=KEYCODE_DPAD_CENTER, scanCode=0, metaState=0, flags=0x28, repeatCount=0, eventTime=3062191, downTime=3062191, deviceId=-1, source=0x101 }
09-01 00:51:01.320   895   895 W ViewRootImpl[DeskClock]: Cancelling event due to no window focus: KeyEvent { action=ACTION_UP, keyCode=KEYCODE_DPAD_CENTER, scanCode=0, metaState=0, flags=0x28, repeatCount=0, eventTime=3062191, downTime=3062191, deviceId=-1, source=0x101 }
09-01 00:51:01.320   895   895 W ViewRootImpl[DeskClock]: Cancelling event due to no window focus: KeyEvent { action=ACTION_UP, keyCode=KEYCODE_DPAD_CENTER, scanCode=0, metaState=0, flags=0x28, repeatCount=0, eventTime=3062191, downTime=3062191, deviceId=-1, source=0x101 }
09-01 00:51:01.320   895   895 W ViewRootImpl[DeskClock]: Cancelling event due to no window focus: KeyEvent { action=ACTION_UP, keyCode=KEYCODE_DPAD_CENTER, scanCode=0, metaState=0, flags=0x28, repeatCount=0, eventTime=3062191, downTime=3062191, deviceId=-1, source=0x101 }
09-01 00:51:01.320   895   895 W ViewRootImpl[DeskClock]: Cancelling event due to no window focus: KeyEvent { action=ACTION_UP, keyCode=KEYCODE_DPAD_CENTER, scanCode=0, metaState=0, flags=0x28, repeatCount=0, eventTime=3062191, downTime=3062191, deviceId=-1, source=0x101 }
09-01 00:51:01.320   895   895 W ViewRootImpl[DeskClock]: Cancelling event due to no window focus: KeyEvent { action=ACTION_UP, keyCode=KEYCODE_DPAD_CENTER, scanCode=0, metaState=0, flags=0x28, repeatCount=0, eventTime=3062191, downTime=3062191, deviceId=-1, source=0x101 }
09-01 00:51:01.320   895   895 W ViewRootImpl[DeskClock]: Cancelling event due to no window focus: KeyEvent { action=ACTION_UP, keyCode=KEYCODE_DPAD_CENTER, scanCode=0, metaState=0, flags=0x28, repeatCount=0, eventTime=3062191, downTime=3062191, deviceId=-1, source=0x101 }
09-01 00:51:01.320   895   895 W ViewRootImpl[DeskClock]: Cancelling event due to no window focus: KeyEvent { action=ACTION_UP, keyCode=KEYCODE_DPAD_CENTER, scanCode=0, metaState=0, flags=0x28, repeatCount=0, eventTime=3062191, downTime=3062191, deviceId=-1, source=0x101 }
09-01 00:51:01.386   670   670 W ViewRootImpl[Settings]: Dropping event due to no window focus: KeyEvent { action=ACTION_DOWN, keyCode=KEYCODE_DPAD_CENTER, scanCode=0, metaState=0, flags=0x8, repeatCount=0, eventTime=3062271, downTime=3062271, deviceId=-1, source=0x101 }
09-01 00:51:02.309   670   670 W ViewRootImpl[Settings$DataUsageSummaryActivity]: Dropping event due to no window focus: KeyEvent { action=ACTION_DOWN, keyCode=KEYCODE_DPAD_CENTER, scanCode=0, metaState=0, flags=0x8, repeatCount=0, eventTime=3062712, downTime=3062712, deviceId=-1, source=0x101 }
09-01 00:51:02.310   670   670 W ViewRootImpl[Settings$DataUsageSummaryActivity]: Cancelling event due to no window focus: KeyEvent { action=ACTION_UP, keyCode=KEYCODE_DPAD_CENTER, scanCode=0, metaState=0, flags=0x28, repeatCount=0, eventTime=3063104, downTime=3063104, deviceId=-1, source=0x101 }
09-01 00:51:02.310   670   670 W ViewRootImpl[Settings$DataUsageSummaryActivity]: Cancelling event due to no window focus: KeyEvent { action=ACTION_UP, keyCode=KEYCODE_DPAD_CENTER, scanCode=0, metaState=0, flags=0x28, repeatCount=0, eventTime=3063104, downTime=3063104, deviceId=-1, source=0x101 }
09-01 00:51:02.310   670   670 W ViewRootImpl[Settings$DataUsageSummaryActivity]: Cancelling event due to no window focus: KeyEvent { action=ACTION_UP, keyCode=KEYCODE_DPAD_CENTER, scanCode=0, metaState=0, flags=0x28, repeatCount=0, eventTime=3063104, downTime=3063104, deviceId=-1, source=0x101 }
09-01 00:51:02.310   670   670 W ViewRootImpl[Settings$DataUsageSummaryActivity]: Cancelling event due to no window focus: KeyEvent { action=ACTION_UP, keyCode=KEYCODE_DPAD_CENTER, scanCode=0, metaState=0, flags=0x28, repeatCount=0, eventTime=3063104, downTime=3063104, deviceId=-1, source=0x101 }
09-01 00:51:02.311   670   670 W ViewRootImpl[Settings$DataUsageSummaryActivity]: Cancelling event due to no window focus: KeyEvent { action=ACTION_UP, keyCode=KEYCODE_DPAD_CENTER, scanCode=0, metaState=0, flags=0x28, repeatCount=0, eventTime=3063104, downTime=3063104, deviceId=-1, source=0x101 }
09-01 00:51:02.311   670   670 W ViewRootImpl[Settings$DataUsageSummaryActivity]: Cancelling event due to no window focus: KeyEvent { action=ACTION_UP, keyCode=KEYCODE_DPAD_CENTER, scanCode=0, metaState=0, flags=0x28, repeatCount=0, eventTime=3063104, downTime=3063104, deviceId=-1, source=0x101 }
09-01 00:51:02.311   670   670 W ViewRootImpl[Settings$DataUsageSummaryActivity]: Cancelling event due to no window focus: KeyEvent { action=ACTION_UP, keyCode=KEYCODE_DPAD_CENTER, scanCode=0, metaState=0, flags=0x28, repeatCount=0, eventTime=3063104, downTime=3063104, deviceId=-1, source=0x101 }
09-01 00:51:02.311   670   670 W ViewRootImpl[Settings$DataUsageSummaryActivity]: Cancelling event due to no window focus: KeyEvent { action=ACTION_UP, keyCode=KEYCODE_DPAD_CENTER, scanCode=0, metaState=0, flags=0x28, repeatCount=0, eventTime=3063104, downTime=3063104, deviceId=-1, source=0x101 }
09-01 00:51:02.311   670   670 W ViewRootImpl[Settings$DataUsageSummaryActivity]: Cancelling event due to no window focus: KeyEvent { action=ACTION_UP, keyCode=KEYCODE_DPAD_CENTER, scanCode=0, metaState=0, flags=0x28, repeatCount=0, eventTime=3063104, downTime=3063104, deviceId=-1, source=0x101 }
09-01 00:51:02.363   670   670 W ViewRootImpl[Settings$DataUsageSummaryActivity]: Dropping event due to no window focus: KeyEvent { action=ACTION_DOWN, keyCode=KEYCODE_DPAD_CENTER, scanCode=0, metaState=0, flags=0x8, repeatCount=0, eventTime=3063254, downTime=3063254, deviceId=-1, source=0x101 }
09-01 00:51:02.364   670   670 W ViewRootImpl[Settings$DataUsageSummaryActivity]: Cancelling event due to no window focus: KeyEvent { action=ACTION_UP, keyCode=KEYCODE_DPAD_CENTER, scanCode=0, metaState=0, flags=0x28, repeatCount=0, eventTime=3063258, downTime=3063258, deviceId=-1, source=0x101 }
09-01 00:51:02.364   670   670 W ViewRootImpl[Settings$DataUsageSummaryActivity]: Cancelling event due to no window focus: KeyEvent { action=ACTION_UP, keyCode=KEYCODE_DPAD_CENTER, scanCode=0, metaState=0, flags=0x28, repeatCount=0, eventTime=3063258, downTime=3063258, deviceId=-1, source=0x101 }
09-01 00:51:02.364   670   670 W ViewRootImpl[Settings$DataUsageSummaryActivity]: Cancelling event due to no window focus: KeyEvent { action=ACTION_UP, keyCode=KEYCODE_DPAD_CENTER, scanCode=0, metaState=0, flags=0x28, repeatCount=0, eventTime=3063258, downTime=3063258, deviceId=-1, source=0x101 }
09-01 00:51:02.365   670   670 W ViewRootImpl[Settings$DataUsageSummaryActivity]: Cancelling event due to no window focus: KeyEvent { action=ACTION_UP, keyCode=KEYCODE_DPAD_CENTER, scanCode=0, metaState=0, flags=0x28, repeatCount=0, eventTime=3063258, downTime=3063258, deviceId=-1, source=0x101 }
09-01 00:51:02.365   670   670 W ViewRootImpl[Settings$DataUsageSummaryActivity]: Cancelling event due to no window focus: KeyEvent { action=ACTION_UP, keyCode=KEYCODE_DPAD_CENTER, scanCode=0, metaState=0, flags=0x28, repeatCount=0, eventTime=3063258, downTime=3063258, deviceId=-1, source=0x101 }
09-01 00:51:02.365   670   670 W ViewRootImpl[Settings$DataUsageSummaryActivity]: Cancelling event due to no window focus: KeyEvent { action=ACTION_UP, keyCode=KEYCODE_DPAD_CENTER, scanCode=0, metaState=0, flags=0x28, repeatCount=0, eventTime=3063258, downTime=3063258, deviceId=-1, source=0x101 }
09-01 00:51:02.365   670   670 W ViewRootImpl[Settings$DataUsageSummaryActivity]: Cancelling event due to no window focus: KeyEvent { action=ACTION_UP, keyCode=KEYCODE_DPAD_CENTER, scanCode=0, metaState=0, flags=0x28, repeatCount=0, eventTime=3063258, downTime=3063258, deviceId=-1, source=0x101 }
09-01 00:51:02.365   670   670 W ViewRootImpl[Settings$DataUsageSummaryActivity]: Cancelling event due to no window focus: KeyEvent { action=ACTION_UP, keyCode=KEYCODE_DPAD_CENTER, scanCode=0, metaState=0, flags=0x28, repeatCount=0, eventTime=3063258, downTime=3063258, deviceId=-1, source=0x101 }
09-01 00:51:02.365   670   670 W ViewRootImpl[Settings$DataUsageSummaryActivity]: Cancelling event due to no window focus: KeyEvent { action=ACTION_UP, keyCode=KEYCODE_DPAD_CENTER, scanCode=0, metaState=0, flags=0x28, repeatCount=0, eventTime=3063258, downTime=3063258, deviceId=-1, source=0x101 }
09-01 00:51:02.861   670   670 W ViewRootImpl[SubSettings]: Cancelling event due to no window focus: KeyEvent { action=ACTION_UP, keyCode=KEYCODE_DPAD_CENTER, scanCode=0, metaState=0, flags=0x28, repeatCount=0, eventTime=3063306, downTime=3063306, deviceId=-1, source=0x101 }
09-01 00:51:02.861   670   670 W ViewRootImpl[SubSettings]: Cancelling event due to no window focus: KeyEvent { action=ACTION_UP, keyCode=KEYCODE_DPAD_CENTER, scanCode=0, metaState=0, flags=0x28, repeatCount=0, eventTime=3063306, downTime=3063306, deviceId=-1, source=0x101 }
09-01 00:51:02.861   670   670 W ViewRootImpl[SubSettings]: Cancelling event due to no window focus: KeyEvent { action=ACTION_UP, keyCode=KEYCODE_DPAD_CENTER, scanCode=0, metaState=0, flags=0x28, repeatCount=0, eventTime=3063306, downTime=3063306, deviceId=-1, source=0x101 }
09-01 00:51:02.861   670   670 W ViewRootImpl[SubSettings]: Cancelling event due to no window focus: KeyEvent { action=ACTION_UP, keyCode=KEYCODE_DPAD_CENTER, scanCode=0, metaState=0, flags=0x28, repeatCount=0, eventTime=3063306, downTime=3063306, deviceId=-1, source=0x101 }
09-01 00:51:02.862   670   670 W ViewRootImpl[SubSettings]: Cancelling event due to no window focus: KeyEvent { action=ACTION_UP, keyCode=KEYCODE_DPAD_CENTER, scanCode=0, metaState=0, flags=0x28, repeatCount=0, eventTime=3063306, downTime=3063306, deviceId=-1, source=0x101 }
09-01 00:51:02.862   670   670 W ViewRootImpl[SubSettings]: Cancelling event due to no window focus: KeyEvent { action=ACTION_UP, keyCode=KEYCODE_DPAD_CENTER, scanCode=0, metaState=0, flags=0x28, repeatCount=0, eventTime=3063306, downTime=3063306, deviceId=-1, source=0x101 }
09-01 00:51:02.863   670   670 W ViewRootImpl[SubSettings]: Cancelling event due to no window focus: KeyEvent { action=ACTION_UP, keyCode=KEYCODE_DPAD_CENTER, scanCode=0, metaState=0, flags=0x28, repeatCount=0, eventTime=3063306, downTime=3063306, deviceId=-1, source=0x101 }
09-01 00:51:02.863   670   670 W ViewRootImpl[SubSettings]: Cancelling event due to no window focus: KeyEvent { action=ACTION_UP, keyCode=KEYCODE_DPAD_CENTER, scanCode=0, metaState=0, flags=0x28, repeatCount=0, eventTime=3063306, downTime=3063306, deviceId=-1, source=0x101 }
09-01 00:51:02.863   670   670 W ViewRootImpl[SubSettings]: Cancelling event due to no window focus: KeyEvent { action=ACTION_UP, keyCode=KEYCODE_DPAD_CENTER, scanCode=0, metaState=0, flags=0x28, repeatCount=0, eventTime=3063306, downTime=3063306, deviceId=-1, source=0x101 }
09-01 00:51:02.863   670   670 W ViewRootImpl[SubSettings]: Dropping event due to no window focus: KeyEvent { action=ACTION_DOWN, keyCode=KEYCODE_DPAD_RIGHT, scanCode=0, metaState=0, flags=0x8, repeatCount=0, eventTime=3063688, downTime=3063688, deviceId=-1, source=0x101 }
09-01 00:51:02.871   670   670 W ViewRootImpl[SubSettings]: Cancelling event due to no window focus: KeyEvent { action=ACTION_UP, keyCode=KEYCODE_DPAD_RIGHT, scanCode=0, metaState=0, flags=0x28, repeatCount=0, eventTime=3063799, downTime=3063799, deviceId=-1, source=0x101 }
09-01 00:51:02.871   670   670 W ViewRootImpl[SubSettings]: Cancelling event due to no window focus: KeyEvent { action=ACTION_UP, keyCode=KEYCODE_DPAD_RIGHT, scanCode=0, metaState=0, flags=0x28, repeatCount=0, eventTime=3063799, downTime=3063799, deviceId=-1, source=0x101 }
09-01 00:51:02.871   670   670 W ViewRootImpl[SubSettings]: Cancelling event due to no window focus: KeyEvent { action=ACTION_UP, keyCode=KEYCODE_DPAD_RIGHT, scanCode=0, metaState=0, flags=0x28, repeatCount=0, eventTime=3063799, downTime=3063799, deviceId=-1, source=0x101 }
09-01 00:51:02.871   670   670 W ViewRootImpl[SubSettings]: Cancelling event due to no window focus: KeyEvent { action=ACTION_UP, keyCode=KEYCODE_DPAD_RIGHT, scanCode=0, metaState=0, flags=0x28, repeatCount=0, eventTime=3063799, downTime=3063799, deviceId=-1, source=0x101 }
09-01 00:51:02.872   670   670 W ViewRootImpl[SubSettings]: Cancelling event due to no window focus: KeyEvent { action=ACTION_UP, keyCode=KEYCODE_DPAD_RIGHT, scanCode=0, metaState=0, flags=0x28, repeatCount=0, eventTime=3063799, downTime=3063799, deviceId=-1, source=0x101 }
09-01 00:51:02.872   670   670 W ViewRootImpl[SubSettings]: Cancelling event due to no window focus: KeyEvent { action=ACTION_UP, keyCode=KEYCODE_DPAD_RIGHT, scanCode=0, metaState=0, flags=0x28, repeatCount=0, eventTime=3063799, downTime=3063799, deviceId=-1, source=0x101 }
09-01 00:51:02.872   670   670 W ViewRootImpl[SubSettings]: Cancelling event due to no window focus: KeyEvent { action=ACTION_UP, keyCode=KEYCODE_DPAD_RIGHT, scanCode=0, metaState=0, flags=0x28, repeatCount=0, eventTime=3063799, downTime=3063799, deviceId=-1, source=0x101 }
09-01 00:51:02.872   670   670 W ViewRootImpl[SubSettings]: Cancelling event due to no window focus: KeyEvent { action=ACTION_UP, keyCode=KEYCODE_DPAD_RIGHT, scanCode=0, metaState=0, flags=0x28, repeatCount=0, eventTime=3063799, downTime=3063799, deviceId=-1, source=0x101 }
09-01 00:51:02.872   670   670 W ViewRootImpl[SubSettings]: Cancelling event due to no window focus: KeyEvent { action=ACTION_UP, keyCode=KEYCODE_DPAD_RIGHT, scanCode=0, metaState=0, flags=0x28, repeatCount=0, eventTime=3063799, downTime=3063799, deviceId=-1, source=0x101 }
09-01 00:51:02.874   670   670 W ViewRootImpl[SubSettings]: Dropping event due to no window focus: KeyEvent { action=ACTION_DOWN, keyCode=KEYCODE_DPAD_CENTER, scanCode=0, metaState=0, flags=0x8, repeatCount=0, eventTime=3063800, downTime=3063800, deviceId=-1, source=0x101 }
09-01 00:51:02.877   670   670 W ViewRootImpl[SubSettings]: Cancelling event due to no window focus: KeyEvent { action=ACTION_UP, keyCode=KEYCODE_DPAD_CENTER, scanCode=0, metaState=0, flags=0x28, repeatCount=0, eventTime=3063808, downTime=3063808, deviceId=-1, source=0x101 }
09-01 00:51:02.877   670   670 W ViewRootImpl[SubSettings]: Cancelling event due to no window focus: KeyEvent { action=ACTION_UP, keyCode=KEYCODE_DPAD_CENTER, scanCode=0, metaState=0, flags=0x28, repeatCount=0, eventTime=3063808, downTime=3063808, deviceId=-1, source=0x101 }
09-01 00:51:02.877   670   670 W ViewRootImpl[SubSettings]: Cancelling event due to no window focus: KeyEvent { action=ACTION_UP, keyCode=KEYCODE_DPAD_CENTER, scanCode=0, metaState=0, flags=0x28, repeatCount=0, eventTime=3063808, downTime=3063808, deviceId=-1, source=0x101 }
09-01 00:51:02.877   670   670 W ViewRootImpl[SubSettings]: Cancelling event due to no window focus: KeyEvent { action=ACTION_UP, keyCode=KEYCODE_DPAD_CENTER, scanCode=0, metaState=0, flags=0x28, repeatCount=0, eventTime=3063808, downTime=3063808, deviceId=-1, source=0x101 }
09-01 00:51:02.877   670   670 W ViewRootImpl[SubSettings]: Cancelling event due to no window focus: KeyEvent { action=ACTION_UP, keyCode=KEYCODE_DPAD_CENTER, scanCode=0, metaState=0, flags=0x28, repeatCount=0, eventTime=3063808, downTime=3063808, deviceId=-1, source=0x101 }
09-01 00:51:02.877   670   670 W ViewRootImpl[SubSettings]: Cancelling event due to no window focus: KeyEvent { action=ACTION_UP, keyCode=KEYCODE_DPAD_CENTER, scanCode=0, metaState=0, flags=0x28, repeatCount=0, eventTime=3063808, downTime=3063808, deviceId=-1, source=0x101 }
09-01 00:51:02.878   670   670 W ViewRootImpl[SubSettings]: Cancelling event due to no window focus: KeyEvent { action=ACTION_UP, keyCode=KEYCODE_DPAD_CENTER, scanCode=0, metaState=0, flags=0x28, repeatCount=0, eventTime=3063808, downTime=3063808, deviceId=-1, source=0x101 }
09-01 00:51:02.878   670   670 W ViewRootImpl[SubSettings]: Cancelling event due to no window focus: KeyEvent { action=ACTION_UP, keyCode=KEYCODE_DPAD_CENTER, scanCode=0, metaState=0, flags=0x28, repeatCount=0, eventTime=3063808, downTime=3063808, deviceId=-1, source=0x101 }
09-01 00:51:02.878   670   670 W ViewRootImpl[SubSettings]: Cancelling event due to no window focus: KeyEvent { action=ACTION_UP, keyCode=KEYCODE_DPAD_CENTER, scanCode=0, metaState=0, flags=0x28, repeatCount=0, eventTime=3063808, downTime=3063808, deviceId=-1, source=0x101 }
09-01 00:51:03.144   670   670 W ViewRootImpl[SubSettings]: Dropping event due to no window focus: KeyEvent { action=ACTION_DOWN, keyCode=KEYCODE_DPAD_LEFT, scanCode=0, metaState=0, flags=0x8, repeatCount=0, eventTime=3064065, downTime=3064065, deviceId=-1, source=0x101 }
09-01 00:51:03.147   670   670 W ViewRootImpl[SubSettings]: Cancelling event due to no window focus: KeyEvent { action=ACTION_UP, keyCode=KEYCODE_DPAD_LEFT, scanCode=0, metaState=0, flags=0x28, repeatCount=0, eventTime=3064077, downTime=3064077, deviceId=-1, source=0x101 }
09-01 00:51:03.148   670   670 W ViewRootImpl[SubSettings]: Cancelling event due to no window focus: KeyEvent { action=ACTION_UP, keyCode=KEYCODE_DPAD_LEFT, scanCode=0, metaState=0, flags=0x28, repeatCount=0, eventTime=3064077, downTime=3064077, deviceId=-1, source=0x101 }
09-01 00:51:03.148   670   670 W ViewRootImpl[SubSettings]: Cancelling event due to no window focus: KeyEvent { action=ACTION_UP, keyCode=KEYCODE_DPAD_LEFT, scanCode=0, metaState=0, flags=0x28, repeatCount=0, eventTime=3064077, downTime=3064077, deviceId=-1, source=0x101 }
09-01 00:51:03.170   670   670 W ViewRootImpl[SubSettings]: Cancelling event due to no window focus: KeyEvent { action=ACTION_UP, keyCode=KEYCODE_DPAD_LEFT, scanCode=0, metaState=0, flags=0x28, repeatCount=0, eventTime=3064077, downTime=3064077, deviceId=-1, source=0x101 }
09-01 00:51:03.170   670   670 W ViewRootImpl[SubSettings]: Cancelling event due to no window focus: KeyEvent { action=ACTION_UP, keyCode=KEYCODE_DPAD_LEFT, scanCode=0, metaState=0, flags=0x28, repeatCount=0, eventTime=3064077, downTime=3064077, deviceId=-1, source=0x101 }
09-01 00:51:03.172   670   670 W ViewRootImpl[SubSettings]: Cancelling event due to no window focus: KeyEvent { action=ACTION_UP, keyCode=KEYCODE_DPAD_LEFT, scanCode=0, metaState=0, flags=0x28, repeatCount=0, eventTime=3064077, downTime=3064077, deviceId=-1, source=0x101 }
09-01 00:51:03.172   670   670 W ViewRootImpl[SubSettings]: Cancelling event due to no window focus: KeyEvent { action=ACTION_UP, keyCode=KEYCODE_DPAD_LEFT, scanCode=0, metaState=0, flags=0x28, repeatCount=0, eventTime=3064077, downTime=3064077, deviceId=-1, source=0x101 }
09-01 00:51:03.172   670   670 W ViewRootImpl[SubSettings]: Cancelling event due to no window focus: KeyEvent { action=ACTION_UP, keyCode=KEYCODE_DPAD_LEFT, scanCode=0, metaState=0, flags=0x28, repeatCount=0, eventTime=3064077, downTime=3064077, deviceId=-1, source=0x101 }
09-01 00:51:03.172   670   670 W ViewRootImpl[SubSettings]: Cancelling event due to no window focus: KeyEvent { action=ACTION_UP, keyCode=KEYCODE_DPAD_LEFT, scanCode=0, metaState=0, flags=0x28, repeatCount=0, eventTime=3064077, downTime=3064077, deviceId=-1, source=0x101 }
09-01 00:51:03.435   670   670 W ViewRootImpl[SubSettings]: Cancelling event due to no window focus: KeyEvent { action=ACTION_UP, keyCode=KEYCODE_DPAD_CENTER, scanCode=0, metaState=0, flags=0x28, repeatCount=0, eventTime=3064317, downTime=3064317, deviceId=-1, source=0x101 }
09-01 00:51:03.435   670   670 W ViewRootImpl[SubSettings]: Cancelling event due to no window focus: KeyEvent { action=ACTION_UP, keyCode=KEYCODE_DPAD_CENTER, scanCode=0, metaState=0, flags=0x28, repeatCount=0, eventTime=3064317, downTime=3064317, deviceId=-1, source=0x101 }
09-01 00:51:03.435   670   670 W ViewRootImpl[SubSettings]: Cancelling event due to no window focus: KeyEvent { action=ACTION_UP, keyCode=KEYCODE_DPAD_CENTER, scanCode=0, metaState=0, flags=0x28, repeatCount=0, eventTime=3064317, downTime=3064317, deviceId=-1, source=0x101 }
09-01 00:51:03.436   670   670 W ViewRootImpl[SubSettings]: Cancelling event due to no window focus: KeyEvent { action=ACTION_UP, keyCode=KEYCODE_DPAD_CENTER, scanCode=0, metaState=0, flags=0x28, repeatCount=0, eventTime=3064317, downTime=3064317, deviceId=-1, source=0x101 }
09-01 00:51:03.436   670   670 W ViewRootImpl[SubSettings]: Cancelling event due to no window focus: KeyEvent { action=ACTION_UP, keyCode=KEYCODE_DPAD_CENTER, scanCode=0, metaState=0, flags=0x28, repeatCount=0, eventTime=3064317, downTime=3064317, deviceId=-1, source=0x101 }
09-01 00:51:03.436   670   670 W ViewRootImpl[SubSettings]: Cancelling event due to no window focus: KeyEvent { action=ACTION_UP, keyCode=KEYCODE_DPAD_CENTER, scanCode=0, metaState=0, flags=0x28, repeatCount=0, eventTime=3064317, downTime=3064317, deviceId=-1, source=0x101 }
09-01 00:51:04.166   442   699 I chatty  : uid=1000(system) Binder:442_6 expire 6 lines
09-01 00:51:04.930   442  1408 I chatty  : uid=1000(system) Binder:442_F expire 10 lines
09-01 00:51:06.434   442   513 I chatty  : uid=1000(system) Binder:442_3 expire 8 lines
09-01 00:51:15.580   442  1307 I chatty  : uid=1000(system) Binder:442_C expire 8 lines
09-01 00:51:42.833   442  1374 I chatty  : uid=1000(system) Binder:442_E expire 4 lines
09-01 00:52:01.374   442   442 I chatty  : uid=1000 system_server expire 59 lines
09-01 00:52:01.378   442   462 I chatty  : uid=1000(system) android.io expire 118 lines
09-01 00:52:10.103   442  1307 I chatty  : uid=1000(system) Binder:442_C expire 8 lines
09-01 00:52:28.347   442  1163 I chatty  : uid=1000(system) Binder:442_8 expire 8 lines
09-01 00:52:46.538   442   454 I chatty  : uid=1000(system) Binder:442_2 expire 16 lines
09-01 00:53:22.938   442   669 I chatty  : uid=1000(system) Binder:442_5 expire 4 lines
09-01 00:53:32.052   442   639 I chatty  : uid=1000(system) Binder:442_4 expire 4 lines
09-01 00:53:41.151   442  1339 I chatty  : uid=1000(system) Binder:442_D expire 12 lines
09-01 00:54:08.466   442  1210 I chatty  : uid=1000(system) Binder:442_9 expire 20 lines
09-01 00:54:17.758   442   462 I chatty  : uid=1000(system) android.io expire 118 lines
09-01 00:54:17.929   442   442 I chatty  : uid=1000 system_server expire 59 lines
09-01 00:54:35.739   442   513 I chatty  : uid=1000(system) Binder:442_3 expire 10 lines
09-01 00:54:53.965   442  1273 I chatty  : uid=1000(system) Binder:442_B expire 8 lines
09-01 00:55:03.067   442  1483 I chatty  : uid=1000(system) Binder:442_11 expire 12 lines
09-01 00:55:30.373   442  1307 I chatty  : uid=1000(system) Binder:442_C expire 4 lines
09-01 00:55:57.703   442   669 I chatty  : uid=1000(system) Binder:442_5 expire 16 lines
09-01 00:56:34.107   442   442 I chatty  : uid=1000 system_server expire 60 lines
09-01 00:56:34.107   442   513 I chatty  : uid=1000(system) Binder:442_3 expire 10 lines
09-01 00:56:34.108   442   462 I chatty  : uid=1000(system) android.io expire 117 lines
09-01 00:56:43.201   442  1514 I chatty  : uid=1000(system) Binder:442_12 expire 8 lines
09-01 00:56:52.300   442   699 I chatty  : uid=1000(system) Binder:442_6 expire 20 lines
--------- beginning of main
09-01 00:57:09.812 12730 12759 I chatty  : uid=1002(bluetooth) com.android.bluetooth expire 2 lines
09-01 00:57:10.487   670 12016 D BluetoothAdapter: onBluetoothServiceDown: android.bluetooth.IBluetooth$Stub$Proxy@bed65ea
09-01 00:57:10.487   653   666 D BluetoothAdapter: onBluetoothServiceDown: android.bluetooth.IBluetooth$Stub$Proxy@331e7e
09-01 00:57:10.488   442   462 D BluetoothAdapter: onBluetoothServiceDown: android.bluetooth.IBluetooth$Stub$Proxy@a60cabb
09-01 00:57:10.488   567   590 D BluetoothAdapter: onBluetoothServiceDown: android.bluetooth.IBluetooth$Stub$Proxy@7d59fed
09-01 00:57:10.797 12760 12760 I chatty  : uid=1002(bluetooth) com.android.bluetooth expire 36 lines
09-01 00:57:10.838 12760 12775 I chatty  : uid=1002(bluetooth) com.android.bluetooth expire 12 lines
09-01 00:57:10.838 12760 12776 I chatty  : uid=1002(bluetooth) com.android.bluetooth expire 39 lines
09-01 00:57:10.843 12760 12779 I chatty  : uid=1002(bluetooth) com.android.bluetooth expire 4 lines
09-01 00:57:10.844 12760 12780 I chatty  : uid=1002(bluetooth) com.android.bluetooth expire 1 line
09-01 00:57:10.845 12760 12781 I chatty  : uid=1002(bluetooth) com.android.bluetooth expire 3 lines
09-01 00:57:10.857 12760 12773 I chatty  : uid=1002(bluetooth) com.android.bluetooth expire 3 lines
09-01 00:57:10.859   442   462 D BluetoothAdapter: onBluetoothServiceUp: android.bluetooth.IBluetooth$Stub$Proxy@b11f91c
09-01 00:57:10.859   670 12016 D BluetoothAdapter: onBluetoothServiceUp: android.bluetooth.IBluetooth$Stub$Proxy@61de0db
09-01 00:57:10.860   567   590 D BluetoothAdapter: onBluetoothServiceUp: android.bluetooth.IBluetooth$Stub$Proxy@afd7e22
09-01 00:57:10.861   653   666 D BluetoothAdapter: onBluetoothServiceUp: android.bluetooth.IBluetooth$Stub$Proxy@c828fdf
09-01 00:57:10.866 12760 12782 I chatty  : uid=1002(bluetooth) com.android.bluetooth expire 1 line
09-01 00:57:10.884 12760 12786 I chatty  : uid=1002(bluetooth) com.android.bluetooth expire 7 lines
09-01 00:57:11.543 12760 12787 I chatty  : uid=1002(bluetooth) com.android.bluetooth expire 1 line
09-01 00:57:18.890 12760 12788 I chatty  : uid=1002(bluetooth) com.android.bluetooth expire 21 lines
09-01 00:57:18.895 12760 12789 I chatty  : uid=1002(bluetooth) com.android.bluetooth expire 2 lines
09-01 00:57:19.573   442   462 D BluetoothAdapter: onBluetoothServiceDown: android.bluetooth.IBluetooth$Stub$Proxy@b11f91c
09-01 00:57:19.573   670 12016 D BluetoothAdapter: onBluetoothServiceDown: android.bluetooth.IBluetooth$Stub$Proxy@61de0db
09-01 00:57:19.573   653   666 D BluetoothAdapter: onBluetoothServiceDown: android.bluetooth.IBluetooth$Stub$Proxy@c828fdf
09-01 00:57:19.574   567   590 D BluetoothAdapter: onBluetoothServiceDown: android.bluetooth.IBluetooth$Stub$Proxy@afd7e22
09-01 00:57:19.574   442   454 I chatty  : uid=1000(system) Binder:442_2 expire 8 lines
09-01 00:57:19.886 12790 12790 I chatty  : uid=1002(bluetooth) com.android.bluetooth expire 36 lines
09-01 00:57:19.930 12790 12806 I chatty  : uid=1002(bluetooth) com.android.bluetooth expire 12 lines
09-01 00:57:19.930 12790 12807 I chatty  : uid=1002(bluetooth) com.android.bluetooth expire 39 lines
09-01 00:57:19.932 12790 12810 I chatty  : uid=1002(bluetooth) com.android.bluetooth expire 4 lines
09-01 00:57:19.932 12790 12811 I chatty  : uid=1002(bluetooth) com.android.bluetooth expire 1 line
09-01 00:57:19.933 12790 12812 I chatty  : uid=1002(bluetooth) com.android.bluetooth expire 3 lines
09-01 00:57:19.943 12790 12804 I chatty  : uid=1002(bluetooth) com.android.bluetooth expire 2 lines
09-01 00:57:19.947   442   462 D BluetoothAdapter: onBluetoothServiceUp: android.bluetooth.IBluetooth$Stub$Proxy@efcce9e
09-01 00:57:19.947   670 12016 D BluetoothAdapter: onBluetoothServiceUp: android.bluetooth.IBluetooth$Stub$Proxy@99da778
09-01 00:57:19.947   653   666 D BluetoothAdapter: onBluetoothServiceUp: android.bluetooth.IBluetooth$Stub$Proxy@e7642c
09-01 00:57:19.947   567   590 D BluetoothAdapter: onBluetoothServiceUp: android.bluetooth.IBluetooth$Stub$Proxy@aa940b3
09-01 00:57:19.948 12790 12802 I chatty  : uid=1002(bluetooth) com.android.bluetooth expire 1 line
09-01 00:57:19.954 12790 12813 I chatty  : uid=1002(bluetooth) com.android.bluetooth expire 1 line
09-01 00:57:19.970 12790 12816 I chatty  : uid=1002(bluetooth) com.android.bluetooth expire 7 lines
09-01 00:57:20.629 12790 12817 I chatty  : uid=1002(bluetooth) com.android.bluetooth expire 1 line
09-01 00:57:27.977 12790 12818 I chatty  : uid=1002(bluetooth) com.android.bluetooth expire 21 lines
09-01 00:57:27.985 12790 12819 I chatty  : uid=1002(bluetooth) com.android.bluetooth expire 2 lines
09-01 00:57:28.655   442   462 D BluetoothAdapter: onBluetoothServiceDown: android.bluetooth.IBluetooth$Stub$Proxy@efcce9e
09-01 00:57:28.655   670 12016 D BluetoothAdapter: onBluetoothServiceDown: android.bluetooth.IBluetooth$Stub$Proxy@99da778
09-01 00:57:28.655   653   666 D BluetoothAdapter: onBluetoothServiceDown: android.bluetooth.IBluetooth$Stub$Proxy@e7642c
09-01 00:57:28.656   567   590 D BluetoothAdapter: onBluetoothServiceDown: android.bluetooth.IBluetooth$Stub$Proxy@aa940b3
09-01 00:57:28.970 12820 12820 I chatty  : uid=1002(bluetooth) com.android.bluetooth expire 36 lines
09-01 00:57:29.013 12820 12836 I chatty  : uid=1002(bluetooth) com.android.bluetooth expire 12 lines
09-01 00:57:29.013 12820 12837 I chatty  : uid=1002(bluetooth) com.android.bluetooth expire 39 lines
09-01 00:57:29.015 12820 12840 I chatty  : uid=1002(bluetooth) com.android.bluetooth expire 2 lines
09-01 00:57:29.016 12820 12841 I chatty  : uid=1002(bluetooth) com.android.bluetooth expire 1 line
09-01 00:57:29.017 12820 12842 I chatty  : uid=1002(bluetooth) com.android.bluetooth expire 3 lines
09-01 00:57:29.029 12820 12832 I chatty  : uid=1002(bluetooth) com.android.bluetooth expire 2 lines
09-01 00:57:29.032   670 12016 D BluetoothAdapter: onBluetoothServiceUp: android.bluetooth.IBluetooth$Stub$Proxy@ff70e51
09-01 00:57:29.032   442   462 D BluetoothAdapter: onBluetoothServiceUp: android.bluetooth.IBluetooth$Stub$Proxy@b9c6a13
09-01 00:57:29.032   653   666 D BluetoothAdapter: onBluetoothServiceUp: android.bluetooth.IBluetooth$Stub$Proxy@9133ef5
09-01 00:57:29.032   567   590 D BluetoothAdapter: onBluetoothServiceUp: android.bluetooth.IBluetooth$Stub$Proxy@9394670
09-01 00:57:29.033 12820 12834 I chatty  : uid=1002(bluetooth) com.android.bluetooth expire 1 line
09-01 00:57:29.038 12820 12843 I chatty  : uid=1002(bluetooth) com.android.bluetooth expire 1 line
