--------- beginning of main
08-31 23:59:59.644 W/auditd  (  126): type=2000 audit(0.0:1): initialized
09-01 00:00:01.591 I/auditd  (  126): type=1403 audit(0.0:2): policy loaded auid=4294967295 ses=4294967295
09-01 00:00:01.592 W/auditd  (  126): type=1404 audit(0.0:3): enforcing=1 old_enforcing=0 auid=4294967295 ses=4294967295
09-01 00:00:02.084 W/e2fsck  (  118): type=1400 audit(0.0:4): avc: denied { getattr } for path="/dev/block/mmcblk0p5" dev="tmpfs" ino=9881 scontext=u:r:fsck:s0 tcontext=u:object_r:block_device:s0 tclass=blk_file permissive=0
09-01 00:00:02.085 W/e2fsck  (  118): type=1400 audit(0.0:5): avc: denied { getattr } for path="/dev/block/mmcblk0p5" dev="tmpfs" ino=9881 scontext=u:r:fsck:s0 tcontext=u:object_r:block_device:s0 tclass=blk_file permissive=0
09-01 00:00:02.085 W/e2fsck  (  118): type=1400 audit(0.0:6): avc: denied { read write } for name="mmcblk0p5" dev="tmpfs" ino=9881 scontext=u:r:fsck:s0 tcontext=u:object_r:block_device:s0 tclass=blk_file permissive=0
09-01 00:00:02.147 W/e2fsck  (  123): type=1400 audit(0.0:7): avc: denied { getattr } for path="/dev/block/mmcblk0p8" dev="tmpfs" ino=9890 scontext=u:r:fsck:s0 tcontext=u:object_r:block_device:s0 tclass=blk_file permissive=0
09-01 00:00:02.147 W/e2fsck  (  123): type=1400 audit(0.0:8): avc: denied { getattr } for path="/dev/block/mmcblk0p8" dev="tmpfs" ino=9890 scontext=u:r:fsck:s0 tcontext=u:object_r:block_device:s0 tclass=blk_file permissive=0
09-01 00:00:02.147 W/e2fsck  (  123): type=1400 audit(0.0:9): avc: denied { read write } for name="mmcblk0p8" dev="tmpfs" ino=9890 scontext=u:r:fsck:s0 tcontext=u:object_r:block_device:s0 tclass=blk_file permissive=0
--------- beginning of system
09-01 00:00:02.541 I/vold    (  132): Vold 3.0 (the awakening) firing up
09-01 00:00:02.541 V/vold    (  132): Detected support for: exfat ext4 ntfs vfat
09-01 00:00:02.543 I/SurfaceFlinger(  128): SurfaceFlinger is starting
09-01 00:00:02.546 I/SurfaceFlinger(  128): SurfaceFlinger's main thread ready to run. Initializing graphics H/W...
09-01 00:00:02.574 D/libEGL  (  128): loaded /system/lib/egl/libGLES_mali.so
09-01 00:00:02.587 D/vold    (  132): e4crypt_init_user0
09-01 00:00:02.591 D/vold    (  132): e4crypt_prepare_user_storage for volume null, user 0, serial 0, flags 1
09-01 00:00:02.591 D/vold    (  132): Preparing: /data/system/users/0
09-01 00:00:02.594 D/vold    (  132): Preparing: /data/misc/profiles/cur/0
09-01 00:00:02.596 D/vold    (  132): Preparing: /data/misc/profiles/cur/0/foreign-dex
09-01 00:00:02.600 D/vold    (  132): Preparing: /data/system_de/0
09-01 00:00:02.601 D/vold    (  132): Preparing: /data/misc_de/0
09-01 00:00:02.602 D/vold    (  132): Preparing: /data/user_de/0
09-01 00:00:02.603 D/vold    (  132): e4crypt_unlock_user_key 0 serial=0 token_present=0
09-01 00:00:02.607 I/vdc     (    1): 200 139 Command succeeded
09-01 00:00:02.647 I//system/bin/tzdatacheck(  148): tzdata file /data/misc/zoneinfo/current/tzdata does not exist. No action required.
09-01 00:00:02.683 I/bootstat(  149): Service started: /system/bin/bootstat -r post_decrypt_time_elapsed 
09-01 00:00:02.759 I/SurfaceFlinger(  128): Using composer version 1.4
09-01 00:00:02.759 I/SurfaceFlinger(  128): EGL information:
09-01 00:00:02.759 I/SurfaceFlinger(  128): vendor    : Android
09-01 00:00:02.759 I/SurfaceFlinger(  128): version   : 1.4 Android META-EGL
09-01 00:00:02.759 I/SurfaceFlinger(  128): extensions: EGL_KHR_get_all_proc_addresses EGL_ANDROID_presentation_time EGL_KHR_swap_buffers_with_damage EGL_ANDROID_create_native_client_buffer EGL_ANDROID_front_buffer_auto_refresh EGL_KHR_image EGL_KHR_image_base EGL_KHR_image_pixmap EGL_KHR_gl_texture_2D_image EGL_KHR_gl_texture_cubemap_image EGL_KHR_gl_renderbuffer_image EGL_KHR_fence_sync EGL_KHR_create_context EGL_EXT_create_context_robustness EGL_ANDROID_image_native_buffer EGL_ANDROID_recordable EGL_KHR_partial_update EGL_KHR_create_context_no_error EGL_EXT_yuv_surface 
09-01 00:00:02.759 I/SurfaceFlinger(  128): Client API: OpenGL_ES
09-01 00:00:02.759 I/SurfaceFlinger(  128): EGLSurface: 8-8-8-0, config=0x60000018
09-01 00:00:02.795 I/SurfaceFlinger(  128): OpenGL ES informations:
09-01 00:00:02.795 I/SurfaceFlinger(  128): vendor    : ARM_1.7_32BIT
09-01 00:00:02.795 I/SurfaceFlinger(  128): renderer  : Mali-400 MP
09-01 00:00:02.795 I/SurfaceFlinger(  128): version   : OpenGL ES 2.0
09-01 00:00:02.795 I/SurfaceFlinger(  128): extensions: GL_EXT_debug_marker GL_OES_texture_npot GL_OES_vertex_array_object GL_OES_compressed_ETC1_RGB8_texture GL_EXT_compressed_ETC1_RGB8_sub_texture GL_OES_standard_derivatives GL_OES_EGL_image GL_OES_depth24 GL_ARM_rgba8 GL_ARM_mali_shader_binary GL_OES_depth_texture GL_OES_packed_depth_stencil GL_EXT_texture_format_BGRA8888 GL_OES_vertex_half_float GL_EXT_blend_minmax GL_OES_EGL_image_external GL_OES_EGL_sync GL_OES_rgb8_rgba8 GL_EXT_multisampled_render_to_texture GL_EXT_discard_framebuffer GL_OES_get_program_binary GL_ARM_mali_program_binary GL_EXT_shader_texture_lod GL_EXT_robustness GL_OES_depth_texture_cube_map GL_KHR_debug GL_ARM_shader_framebuffer_fetch GL_ARM_shader_framebuffer_fetch_depth_stencil GL_OES_mapbuffer GL_KHR_no_error
09-01 00:00:02.795 I/SurfaceFlinger(  128): GL_MAX_TEXTURE_SIZE = 4096
09-01 00:00:02.795 I/SurfaceFlinger(  128): GL_MAX_VIEWPORT_DIMS = 4096
09-01 00:00:02.954 I/        (  179): installd firing up
09-01 00:00:02.960 I/lowmemorykiller(  160): Using in-kernel low memory killer interface
09-01 00:00:03.047 I/gatekeeperd(  188): Starting gatekeeperd...
09-01 00:00:03.048 W/gatekeeperd(  188): falling back to software GateKeeper
09-01 00:00:03.098 D/SurfaceFlinger(  128): shader cache generated - 24 shaders in 206.739197 ms
09-01 00:00:03.099 I/perfprofd(  189): starting Android Wide Profiling daemon
09-01 00:00:03.102 D/SurfaceFlinger(  128): Set power mode=2, type=0 flinger=0xb63b2000
09-01 00:00:03.102 D/hwc-drm-resources(  128): Display 0 SetDpmsMode 0
09-01 00:00:03.102 E/perfprofd(  189): unable to open configuration file /data/data/com.google.android.gms/files/perfprofd.conf
09-01 00:00:03.103 I/perfprofd(  189): random seed set to 223772479
09-01 00:00:03.114 D/        (  128): [nexellimporter] IMPORT 0xb6115000
09-01 00:00:03.135 I/Netd    (  185): Netd 1.0 starting
09-01 00:00:03.143 D/TetherController(  185): Setting IP forward enable = 0
09-01 00:00:03.165 I/keystore(  180): Found keymaster0 module Keymaster OpenSSL HAL, version 2
09-01 00:00:03.178 I/SoftKeymaster(  180): system/keymaster/soft_keymaster_device.cpp, Line 131: Creating device
09-01 00:00:03.178 D/SoftKeymaster(  180): system/keymaster/soft_keymaster_device.cpp, Line 132: Device address: 0xb2332000
09-01 00:00:03.182 I/keystore(  180): Keymaster0 module is software-only.  Using SoftKeymasterDevice instead.
09-01 00:00:03.182 I/SoftKeymaster(  180): system/keymaster/soft_keymaster_device.cpp, Line 131: Creating device
09-01 00:00:03.182 D/SoftKeymaster(  180): system/keymaster/soft_keymaster_device.cpp, Line 132: Device address: 0xb2332200
09-01 00:00:03.189 D/hwc-drm-resources(  128): Display 0 SetDpmsMode 0
09-01 00:00:03.467 I/cameraserver(  177): ServiceManager: 0xb5e193a0
09-01 00:00:03.467 I/CameraService(  177): CameraService started (pid=177)
09-01 00:00:03.467 I/CameraService(  177): CameraService process starting
09-01 00:00:03.467 W/BatteryNotifier(  177): batterystats service unavailable!
09-01 00:00:03.467 W/BatteryNotifier(  177): batterystats service unavailable!
09-01 00:00:03.480 I/CameraService(  177): Loaded "Camera HAL3" camera module
09-01 00:00:03.484 I/CameraService(  177): setUpVendorTags: No vendor tags defined for this device.
09-01 00:00:03.485 I/ServiceManager(  177): Waiting for service media.camera.proxy...
09-01 00:00:03.533 I/mediacodec(  181): @@@ mediacodecservice starting
09-01 00:00:03.536 W//system/bin/mediacodec(  181): libminijail: allowing syscall: clock_gettime
09-01 00:00:03.537 W//system/bin/mediacodec(  181): libminijail: allowing syscall: connect
09-01 00:00:03.537 W//system/bin/mediacodec(  181): libminijail: allowing syscall: fcntl64
09-01 00:00:03.537 W//system/bin/mediacodec(  181): libminijail: allowing syscall: socket
09-01 00:00:03.537 W//system/bin/mediacodec(  181): libminijail: allowing syscall: writev
09-01 00:00:03.542 W//system/bin/mediacodec(  181): libminijail: logging seccomp filter failures
09-01 00:00:03.584 I/        (  176): sMaxFastTracks = 8
09-01 00:00:03.585 I/audioserver(  176): ServiceManager: 0xaad193a0
09-01 00:00:03.591 W/BatteryNotifier(  176): batterystats service unavailable!
09-01 00:00:03.591 I/AudioFlinger(  176): Using default 3000 mSec as standby time.
09-01 00:00:03.593 I/AudioPolicyService(  176): AudioPolicyService CSTOR in new mode
09-01 00:00:03.635 I/mediaserver(  182): ServiceManager: 0xb1a19400
09-01 00:00:03.637 I/mediaserver(  184): ServiceManager: 0xaef19400
09-01 00:00:03.638 V/MediaUtils(  183): physMem: 1846812672
09-01 00:00:03.638 V/MediaUtils(  183): requested limit: 369362520
09-01 00:00:03.638 V/MediaUtils(  183): actual limit: 369362520
09-01 00:00:03.638 V/MediaUtils(  183): original limits: 4294967295/4294967295
09-01 00:00:03.638 V/MediaUtils(  183): new limits: 369362520/4294967295
09-01 00:00:03.639 W//system/bin/mediaextractor(  183): libminijail: allowing syscall: clock_gettime
09-01 00:00:03.639 W//system/bin/mediaextractor(  183): libminijail: allowing syscall: connect
09-01 00:00:03.639 W//system/bin/mediaextractor(  183): libminijail: allowing syscall: fcntl64
09-01 00:00:03.639 W//system/bin/mediaextractor(  183): libminijail: allowing syscall: socket
09-01 00:00:03.639 W//system/bin/mediaextractor(  183): libminijail: allowing syscall: writev
09-01 00:00:03.641 W//system/bin/mediaextractor(  183): libminijail: logging seccomp filter failures
09-01 00:00:03.679 W/BatteryNotifier(  184): batterystats service unavailable!
09-01 00:00:03.687 I/AudioFlinger(  176): loadHwModule() Loaded primary audio interface from Nexell Audio HAL (audio) handle 10
09-01 00:00:03.687 I/AudioFlinger(  176): openOutput(), module 10 Device 2, SamplingRate 48000, Format 0x000001, Channels 3, flags a
09-01 00:00:03.691 I/AudioFlinger(  176): HAL output buffer size 1920 frames, normal sink buffer size 1920 frames
09-01 00:00:03.708 I/BufferProvider(  176): found effect "Multichannel Downmix To Stereo" from The Android Open Source Project
09-01 00:00:03.709 I/AudioFlinger(  176): AudioFlinger's thread 0xaa8039c0 ready to run
09-01 00:00:03.709 W/BatteryNotifier(  176): batterystats service unavailable!
09-01 00:00:03.710 W/BatteryNotifier(  176): batterystats service unavailable!
09-01 00:00:03.711 I/AudioFlinger(  176): Using module 10 has the primary audio interface
09-01 00:00:03.712 W/BatteryNotifier(  176): batterystats service unavailable!
09-01 00:00:03.713 W/AudioFlinger(  176): no wake lock to update, system not ready yet
09-01 00:00:03.716 I/AudioFlinger(  176): AudioFlinger's thread 0xaa603300 ready to run
09-01 00:00:03.721 I/bt_a2dp_hw(  176): adev_open:  adev_open in A2dp_hw module
09-01 00:00:03.721 I/AudioFlinger(  176): loadHwModule() Loaded a2dp audio interface from A2DP Audio HW HAL (audio) handle 18
09-01 00:00:03.728 I/AudioFlinger(  176): loadHwModule() Loaded usb audio interface from USB audio HW HAL (audio) handle 26
09-01 00:00:03.732 I/r_submix(  176): adev_open(name=audio_hw_if)
09-01 00:00:03.732 I/r_submix(  176): adev_init_check()
09-01 00:00:03.732 I/AudioFlinger(  176): loadHwModule() Loaded r_submix audio interface from Wifi Display audio HAL (audio) handle 34
09-01 00:00:03.732 D/r_submix(  176): adev_open_input_stream(addr=0)
09-01 00:00:03.732 D/r_submix(  176): submix_audio_device_create_pipe_l(addr=0, idx=9)
09-01 00:00:03.732 D/r_submix(  176):   now using address 0 for route 9
09-01 00:00:03.733 I/AudioFlinger(  176): AudioFlinger's thread 0xaa583200 ready to run
09-01 00:00:03.733 D/r_submix(  176): adev_close_input_stream()
09-01 00:00:03.733 D/r_submix(  176): submix_audio_device_release_pipe_l(idx=9) addr=0
09-01 00:00:03.733 D/r_submix(  176): submix_audio_device_destroy_pipe_l(): pipe destroyed
09-01 00:00:03.734 I/RadioService(  176): RadioService
09-01 00:00:03.735 I/RadioService(  176): onFirstRef
09-01 00:00:03.735 E/RadioService(  176): couldn't load radio module radio.primary (No such file or directory)
09-01 00:00:03.736 E/SoundTriggerHwService(  176): couldn't load sound trigger module sound_trigger.primary (No such file or directory)
09-01 00:00:04.485 I/ServiceManager(  177): Waiting for service media.camera.proxy...
09-01 00:00:04.558 D/AndroidRuntime(  175): >>>>>> START com.android.internal.os.ZygoteInit uid 0 <<<<<<
09-01 00:00:04.565 D/libEGL  (  129): loaded /system/lib/egl/libGLES_mali.so
09-01 00:00:04.566 D/        (  128): [nexellimporter] IMPORT 0xb6115050
09-01 00:00:04.683 D/AndroidRuntime(  175): CheckJNI is OFF
09-01 00:00:04.710 I/art     (  175): option[0]=-Xzygote
09-01 00:00:04.711 I/art     (  175): option[1]=-Xstacktracefile:/data/anr/traces.txt
09-01 00:00:04.711 I/art     (  175): option[2]=exit
09-01 00:00:04.711 I/art     (  175): option[3]=vfprintf
09-01 00:00:04.711 I/art     (  175): option[4]=sensitiveThread
09-01 00:00:04.711 I/art     (  175): option[5]=-verbose:gc
09-01 00:00:04.711 I/art     (  175): option[6]=-Xms16m
09-01 00:00:04.711 I/art     (  175): option[7]=-Xmx512m
09-01 00:00:04.711 I/art     (  175): option[8]=-XX:HeapGrowthLimit=256m
09-01 00:00:04.711 I/art     (  175): option[9]=-XX:HeapMinFree=512k
09-01 00:00:04.711 I/art     (  175): option[10]=-XX:HeapMaxFree=8m
09-01 00:00:04.711 I/art     (  175): option[11]=-XX:HeapTargetUtilization=0.75
09-01 00:00:04.711 I/art     (  175): option[12]=-Xusejit:true
09-01 00:00:04.711 I/art     (  175): option[13]=-Xjitsaveprofilinginfo
09-01 00:00:04.711 I/art     (  175): option[14]=-agentlib:jdwp=transport=dt_android_adb,suspend=n,server=y
09-01 00:00:04.711 I/art     (  175): option[15]=-Xlockprofthreshold:500
09-01 00:00:04.711 I/art     (  175): option[16]=-Ximage-compiler-option
09-01 00:00:04.711 I/art     (  175): option[17]=--runtime-arg
09-01 00:00:04.711 I/art     (  175): option[18]=-Ximage-compiler-option
09-01 00:00:04.711 I/art     (  175): option[19]=-Xms64m
09-01 00:00:04.711 I/art     (  175): option[20]=-Ximage-compiler-option
09-01 00:00:04.711 I/art     (  175): option[21]=--runtime-arg
09-01 00:00:04.711 I/art     (  175): option[22]=-Ximage-compiler-option
09-01 00:00:04.711 I/art     (  175): option[23]=-Xmx64m
09-01 00:00:04.711 I/art     (  175): option[24]=-Ximage-compiler-option
09-01 00:00:04.711 I/art     (  175): option[25]=--image-classes=/system/etc/preloaded-classes
09-01 00:00:04.711 I/art     (  175): option[26]=-Ximage-compiler-option
09-01 00:00:04.712 I/art     (  175): option[27]=--compiled-classes=/system/etc/compiled-classes
09-01 00:00:04.712 I/art     (  175): option[28]=-Xcompiler-option
09-01 00:00:04.712 I/art     (  175): option[29]=--runtime-arg
09-01 00:00:04.712 I/art     (  175): option[30]=-Xcompiler-option
09-01 00:00:04.712 I/art     (  175): option[31]=-Xms64m
09-01 00:00:04.712 I/art     (  175): option[32]=-Xcompiler-option
09-01 00:00:04.712 I/art     (  175): option[33]=--runtime-arg
09-01 00:00:04.712 I/art     (  175): option[34]=-Xcompiler-option
09-01 00:00:04.712 I/art     (  175): option[35]=-Xmx512m
09-01 00:00:04.712 I/art     (  175): option[36]=-Xcompiler-option
09-01 00:00:04.712 I/art     (  175): option[37]=-j4
09-01 00:00:04.712 I/art     (  175): option[38]=-Ximage-compiler-option
09-01 00:00:04.712 I/art     (  175): option[39]=-j4
09-01 00:00:04.712 I/art     (  175): option[40]=-Ximage-compiler-option
09-01 00:00:04.712 I/art     (  175): option[41]=--instruction-set-variant=cortex-a9
09-01 00:00:04.712 I/art     (  175): option[42]=-Xcompiler-option
09-01 00:00:04.712 I/art     (  175): option[43]=--instruction-set-variant=cortex-a9
09-01 00:00:04.712 I/art     (  175): option[44]=-Ximage-compiler-option
09-01 00:00:04.712 I/art     (  175): option[45]=--instruction-set-features=default
09-01 00:00:04.712 I/art     (  175): option[46]=-Xcompiler-option
09-01 00:00:04.712 I/art     (  175): option[47]=--instruction-set-features=default
09-01 00:00:04.712 I/art     (  175): option[48]=-Duser.locale=en-US
09-01 00:00:04.712 I/art     (  175): option[49]=--cpu-abilist=armeabi-v7a,armeabi
09-01 00:00:04.712 I/art     (  175): option[50]=-Xfingerprint:Android/aosp_navi_ref/navi_ref:7.1.2/N2G48H/45:userdebug/dev-keys
09-01 00:00:04.798 D/        (  128): [nexellimporter] IMPORT 0xb61150a0
09-01 00:00:05.486 I/ServiceManager(  177): Waiting for service media.camera.proxy...
09-01 00:00:05.664 D/ICU     (  175): No timezone override file found: /data/misc/zoneinfo/current/icu/icu_tzdata.dat
09-01 00:00:06.445 I/Radio-JNI(  175): register_android_hardware_Radio DONE
09-01 00:00:06.486 I/ServiceManager(  177): Waiting for service media.camera.proxy...
09-01 00:00:06.523 I/SamplingProfilerIntegration(  175): Profiling disabled.
09-01 00:00:06.532 D/Zygote  (  175): begin preload
09-01 00:00:06.532 I/Zygote  (  175): Installing ICU cache reference pinning...
09-01 00:00:06.534 I/Zygote  (  175): Preloading ICU data...
09-01 00:00:06.718 W/BatteryNotifier(  176): batterystats service unavailable!
09-01 00:00:06.774 I/Zygote  (  175): Preloading classes...
09-01 00:00:06.802 W/Zygote  (  175): Class not found for preloading: [Landroid.view.Display$ColorTransform;
09-01 00:00:07.414 V/NatController(  185): runCmd(/system/bin/iptables -w -F natctrl_FORWARD) res=0
09-01 00:00:07.435 V/NatController(  185): runCmd(/system/bin/ip6tables -w -F natctrl_FORWARD) res=0
09-01 00:00:07.457 V/NatController(  185): runCmd(/system/bin/iptables -w -A natctrl_FORWARD -j DROP) res=0
09-01 00:00:07.480 V/NatController(  185): runCmd(/system/bin/iptables -w -t nat -F natctrl_nat_POSTROUTING) res=0
09-01 00:00:07.503 V/NatController(  185): runCmd(/system/bin/ip6tables -w -t raw -F natctrl_raw_PREROUTING) res=0
09-01 00:00:07.523 V/NatController(  185): runCmd(/system/bin/iptables -w -F natctrl_tether_counters) res=1
09-01 00:00:07.545 V/NatController(  185): runCmd(/system/bin/ip6tables -w -F natctrl_tether_counters) res=1
09-01 00:00:07.549 E/Typeface(  175): Error mapping font file /system/fonts/DroidSansFallback.ttf
09-01 00:00:07.570 V/NatController(  185): runCmd(/system/bin/iptables -w -X natctrl_tether_counters) res=1
09-01 00:00:07.588 V/NatController(  185): runCmd(/system/bin/ip6tables -w -X natctrl_tether_counters) res=1
09-01 00:00:07.605 V/NatController(  185): runCmd(/system/bin/iptables -w -N natctrl_tether_counters) res=0
09-01 00:00:07.630 V/NatController(  185): runCmd(/system/bin/ip6tables -w -N natctrl_tether_counters) res=0
09-01 00:00:07.654 V/NatController(  185): runCmd(/system/bin/iptables -w -t mangle -A natctrl_mangle_FORWARD -p tcp --tcp-flags SYN SYN -j TCPMSS --clamp-mss-to-pmtu) res=0
09-01 00:00:07.943 E/Netd    (  185): cannot find interface dummy0
09-01 00:00:07.945 D/MDnsDS  (  185): MDnsSdListener::Hander starting up
09-01 00:00:07.945 D/MDnsDS  (  185): MDnsSdListener starting to monitor
09-01 00:00:07.945 D/MDnsDS  (  185): Going to poll with pollCount 1
09-01 00:00:08.142 I/art     (  175): Thread[1,tid=175,Native,Thread*=0xac205400,peer=0x12c060d0,"main"] recursive attempt to load library "/system/lib/libmedia_jni.so"
09-01 00:00:08.144 D/MtpDeviceJNI(  175): register_android_mtp_MtpDevice
09-01 00:00:08.145 I/art     (  175): Thread[1,tid=175,Native,Thread*=0xac205400,peer=0x12c060d0,"main"] recursive attempt to load library "/system/lib/libmedia_jni.so"
09-01 00:00:08.147 I/art     (  175): Thread[1,tid=175,Native,Thread*=0xac205400,peer=0x12c060d0,"main"] recursive attempt to load library "/system/lib/libmedia_jni.so"
09-01 00:00:09.097 W/Zygote  (  175): Class not found for preloading: android.view.Display$ColorTransform
09-01 00:00:09.097 W/Zygote  (  175): Class not found for preloading: android.view.Display$ColorTransform$1
09-01 00:00:09.489 I/System  (  175): Loaded time zone names for "" in 93ms (89ms in ICU)
09-01 00:00:09.531 I/System  (  175): Loaded time zone names for "en_US" in 41ms (37ms in ICU)
09-01 00:00:09.615 I/Zygote  (  175): ...preloaded 4158 classes in 2841ms.
09-01 00:00:09.615 I/art     (  175): VMRuntime.preloadDexCaches starting
09-01 00:00:09.919 I/art     (  175): VMRuntime.preloadDexCaches strings total=284366 before=39774 after=39774
09-01 00:00:09.919 I/art     (  175): VMRuntime.preloadDexCaches types total=23615 before=7880 after=7908
09-01 00:00:09.919 I/art     (  175): VMRuntime.preloadDexCaches fields total=112265 before=40953 after=41170
09-01 00:00:09.919 I/art     (  175): VMRuntime.preloadDexCaches methods total=197811 before=82504 after=83070
09-01 00:00:09.920 I/art     (  175): VMRuntime.preloadDexCaches finished
09-01 00:00:09.921 I/Zygote  (  175): Preloading resources...
09-01 00:00:10.028 W/Resources(  175): Preloaded drawable resource #0x108025c (android:drawable/dialog_background_material) that varies with configuration!!
09-01 00:00:10.040 W/Resources(  175): Preloaded color resource #0x10600ea (android:color/material_grey_800) that varies with configuration!!
09-01 00:00:10.040 W/Resources(  175): Preloaded drawable resource #0x10802c9 (android:drawable/floating_popup_background_dark) that varies with configuration!!
09-01 00:00:10.180 I/Zygote  (  175): ...preloaded 114 resources in 258ms.
09-01 00:00:10.187 W/Resources(  175): Preloaded color resource #0x1060114 (android:color/background_cache_hint_selector_material_dark) that varies with configuration!!
09-01 00:00:10.188 W/Resources(  175): Preloaded color resource #0x1060119 (android:color/btn_default_material_dark) that varies with configuration!!
09-01 00:00:10.190 I/Zygote  (  175): ...preloaded 41 resources in 9ms.
09-01 00:00:10.192 D/libEGL  (  175): loaded /system/lib/egl/libGLES_mali.so
09-01 00:00:10.261 I/Zygote  (  175): Preloading shared libraries...
09-01 00:00:10.312 I/Zygote  (  175): Uninstalled ICU cache reference pinning...
09-01 00:00:10.321 I/Zygote  (  175): Installed AndroidKeyStoreProvider in 8ms.
09-01 00:00:10.343 I/Zygote  (  175): Warmed up JCA providers in 23ms.
09-01 00:00:10.343 D/Zygote  (  175): end preload
09-01 00:00:10.344 I/art     (  175): Starting a blocking GC Explicit
09-01 00:00:10.392 I/art     (  175): Explicit concurrent mark sweep GC freed 55523(6MB) AllocSpace objects, 133(2MB) LOS objects, 39% free, 2MB/4MB, paused 329us total 48.292ms
09-01 00:00:10.399 I/art     (  175): Starting a blocking GC Explicit
09-01 00:00:10.419 I/art     (  175): Explicit concurrent mark sweep GC freed 4824(178KB) AllocSpace objects, 0(0B) LOS objects, 39% free, 2MB/3MB, paused 318us total 19.743ms
09-01 00:00:10.421 I/art     (  175): Starting a blocking GC HeapTrim
09-01 00:00:10.426 I/art     (  175): Starting a blocking GC Background
09-01 00:00:10.498 I/Zygote  (  175): System server process 435 has been created
09-01 00:00:10.502 I/Zygote  (  175): Accepting command socket connections
09-01 00:00:10.517 I/InstallerConnection(  435): connecting...
09-01 00:00:10.520 I/        (  179): new connection
09-01 00:00:10.540 I/InstallerConnection(  435): disconnecting...
09-01 00:00:10.541 E/        (  179): eof
09-01 00:00:10.541 E/        (  179): failed to read size
09-01 00:00:10.541 I/        (  179): closing connection
09-01 00:00:10.667 I/SystemServer(  435): Entered the Android system server!
09-01 00:00:11.053 I/SystemServiceManager(  435): Starting com.android.server.pm.Installer
09-01 00:00:11.060 I/Installer(  435): Waiting for installd to be ready.
09-01 00:00:11.060 I/InstallerConnection(  435): connecting...
09-01 00:00:11.060 I/        (  179): new connection
09-01 00:00:11.063 I/SystemServiceManager(  435): Starting com.android.server.am.ActivityManagerService$Lifecycle
09-01 00:00:11.143 I/ActivityManager(  435): Memory class: 256
09-01 00:00:11.156 I/ServiceThread(  435): Enabled StrictMode logging for ActivityManager looper.
09-01 00:00:11.162 I/ServiceThread(  435): Enabled StrictMode logging for android.ui looper.
09-01 00:00:11.243 D/BatteryStatsImpl(  435): Reading daily items from /data/system/batterystats-daily.xml
09-01 00:00:11.418 I/AppOps  (  435): No existing app ops /data/system/appops.xml; starting empty
09-01 00:00:11.520 I/IntentFirewall(  435): Read new rules (A:0 B:0 S:0)
09-01 00:00:11.545 I/ServiceThread(  435): Enabled StrictMode logging for android.display looper.
09-01 00:00:11.557 D/AppOps  (  435): AppOpsService published
09-01 00:00:11.558 I/SystemServiceManager(  435): Starting com.android.server.power.PowerManagerService
09-01 00:00:11.567 I/ServiceThread(  435): Enabled StrictMode logging for PowerManagerService looper.
09-01 00:00:11.571 W/libsuspend(  435): Error opening /sys/power/state: No such file or directory
09-01 00:00:11.571 E/libsuspend(  435): Error opening /sys/power/state: No such file or directory
09-01 00:00:11.571 E/libsuspend(  435): failed to initialize autosuspend
09-01 00:00:11.585 I/SystemServiceManager(  435): Starting com.android.server.lights.LightsService
09-01 00:00:11.597 I/SystemServiceManager(  435): Starting com.android.server.display.DisplayManagerService
09-01 00:00:11.614 I/SystemServiceManager(  435): Starting phase 100
09-01 00:00:11.630 I/DisplayManagerService(  435): Display device added: DisplayDeviceInfo{"Built-in Screen": uniqueId="local:0", 1024 x 600, modeId 1, defaultModeId 1, supportedModes [{id=1, width=1024, height=600, fps=78.0}], colorMode 0, supportedColorModes [0], HdrCapabilities android.view.Display$HdrCapabilities@a69d6308, density 160, 213.0 x 213.0 dpi, appVsyncOff 1000000, presDeadline 12820513, touch INTERNAL, rotation 0, type BUILT_IN, state UNKNOWN, FLAG_DEFAULT_DISPLAY, FLAG_ROTATES_WITH_CONTENT, FLAG_SECURE, FLAG_SUPPORTS_PROTECTED_BUFFERS}
09-01 00:00:11.633 D/SurfaceFlinger(  128): Set power mode=2, type=0 flinger=0xb63b2000
09-01 00:00:11.633 D/SurfaceFlinger(  128): Screen type=0 is already mode=2
09-01 00:00:11.636 I/SystemServer(  435): StartPackageManagerService
09-01 00:00:11.636 I/DisplayManagerService(  435): Display device changed state: "Built-in Screen", ON
09-01 00:00:11.764 W/SystemConfig(  435): No directory /system/etc/sysconfig, skipping
09-01 00:00:11.859 D/SELinuxMMAC(  435): Using policy file /system/etc/security/mac_permissions.xml
09-01 00:00:12.070 E/art     (  435): DexFile_getDexOptNeeded file '/system/framework/org.apache.http.legacy.jar' does not exist
09-01 00:00:12.070 W/PackageManager(  435): Library not found: /system/framework/org.apache.http.legacy.jar
09-01 00:00:12.080 D/PackageManager(  435): No files in app dir /vendor/overlay
09-01 00:00:12.096 W/PackageManager(  435): Failed to parse /system/framework/arm: Missing base APK in /system/framework/arm
09-01 00:00:12.169 W/PackageManager(  435): Failed to parse /system/framework/oat: Missing base APK in /system/framework/oat
09-01 00:00:12.319 W/PackageParser(  435): No actions in intent filter at /system/priv-app/Contacts/Contacts.apk Binary XML file line #409
09-01 00:00:12.433 W/PackageManager(  435): Permission android.permission.DOWNLOAD_WITHOUT_NOTIFICATION from package com.android.providers.downloads in an unknown group android.permission-group.NETWORK
09-01 00:00:13.010 W/PackageParser(  435): Ignoring duplicate uses-permissions/uses-permissions-sdk-m: android.permission.USE_CREDENTIALS in package: com.android.settings at: Binary XML file line #56
09-01 00:00:13.011 W/PackageParser(  435): Ignoring duplicate uses-permissions/uses-permissions-sdk-m: android.permission.READ_SYNC_SETTINGS in package: com.android.settings at: Binary XML file line #61
09-01 00:00:13.011 W/PackageParser(  435): Ignoring duplicate uses-permissions/uses-permissions-sdk-m: android.permission.WRITE_SYNC_SETTINGS in package: com.android.settings at: Binary XML file line #62
09-01 00:00:13.151 W/PackageParser(  435): Ignoring duplicate uses-permissions/uses-permissions-sdk-m: android.permission.INSTALL_GRANT_RUNTIME_PERMISSIONS in package: com.android.shell at: Binary XML file line #102
09-01 00:00:13.439 W/PackageParser(  435): Ignoring duplicate uses-permissions/uses-permissions-sdk-m: android.permission.CONFIGURE_WIFI_DISPLAY in package: com.android.systemui at: Binary XML file line #123
09-01 00:00:13.774 W/PackageParser(  435): Ignoring duplicate uses-permissions/uses-permissions-sdk-m: android.permission.READ_CONTACTS in package: com.android.bluetooth at: Binary XML file line #61
09-01 00:00:13.777 W/PackageParser(  435): No actions in intent filter at /system/app/Bluetooth/Bluetooth.apk Binary XML file line #222
09-01 00:00:13.867 W/PackageManager(  435): Non-privileged app; cap priority to 0; package: com.android.calendar activity: com.android.calendar.GoogleCalendarUriIntentFilter origPrio: 50
09-01 00:00:13.976 W/PackageManager(  435): Non-privileged app; cap priority to 0; package: com.android.cts.ctsshim activity: com.android.cts.ctsshim.InstallPriority origPrio: 100
09-01 00:00:13.976 W/PackageManager(  435): Non-privileged app; cap priority to 0; package: com.android.cts.ctsshim activity: com.android.cts.ctsshim.InstallPriority origPrio: 100
09-01 00:00:13.976 W/PackageManager(  435): Non-privileged app; cap priority to 0; package: com.android.cts.ctsshim activity: com.android.cts.ctsshim.InstallPriority origPrio: 100
09-01 00:00:13.976 W/PackageManager(  435): Non-privileged app; cap priority to 0; package: com.android.cts.ctsshim activity: com.android.cts.ctsshim.InstallPriority origPrio: 100
09-01 00:00:13.976 W/PackageManager(  435): Non-privileged app; cap priority to 0; package: com.android.cts.ctsshim activity: com.android.cts.ctsshim.InstallPriority origPrio: 100
09-01 00:00:14.219 W/PackageParser(  435): Ignoring duplicate uses-permissions/uses-permissions-sdk-m: android.permission.WRITE_CONTACTS in package: com.android.email at: Binary XML file line #40
09-01 00:00:14.348 W/PackageParser(  435): Unknown element under <application>: permission at /system/app/Gallery2/Gallery2.apk Binary XML file line #238
09-01 00:00:14.348 W/PackageParser(  435): Unknown element under <application>: permission at /system/app/Gallery2/Gallery2.apk Binary XML file line #241
09-01 00:00:14.500 W/art     (  435): Receiving file descriptor from ADB failed (socket 32): Connection reset by peer
09-01 00:00:14.612 W/PackageManager(  435): Permission com.android.launcher3.permission.READ_SETTINGS from package com.android.launcher3 in an unknown group android.permission-group.SYSTEM_TOOLS
09-01 00:00:14.612 W/PackageManager(  435): Permission com.android.launcher3.permission.WRITE_SETTINGS from package com.android.launcher3 in an unknown group android.permission-group.SYSTEM_TOOLS
09-01 00:00:14.612 W/PackageManager(  435): Permission com.android.launcher.permission.INSTALL_SHORTCUT from package com.android.launcher3 in an unknown group android.permission-group.SYSTEM_TOOLS
09-01 00:00:14.853 D/PackageManager(  435): No files in app dir /system/vendor/app
09-01 00:00:14.854 D/PackageManager(  435): No files in app dir /oem/app
09-01 00:00:14.858 D/PackageManager(  435): No files in app dir /data/app
09-01 00:00:14.858 D/PackageManager(  435): No files in app dir /data/app-private
09-01 00:00:14.859 D/PackageManager(  435): No files in app dir /data/app-ephemeral
09-01 00:00:14.864 W/PackageManager(  435): Protected action; cap priority to 0; package: com.android.cts.priv.ctsshim activity: com.android.cts.priv.ctsshim.InstallPriority origPrio: 100
09-01 00:00:14.864 W/PackageManager(  435): Protected action; cap priority to 0; package: com.android.cts.priv.ctsshim activity: com.android.cts.priv.ctsshim.InstallPriority origPrio: 100
09-01 00:00:14.864 W/PackageManager(  435): Protected action; cap priority to 0; package: com.android.cts.priv.ctsshim activity: com.android.cts.priv.ctsshim.InstallPriority origPrio: 100
09-01 00:00:14.864 W/PackageManager(  435): Protected action; cap priority to 0; package: com.android.cts.priv.ctsshim activity: com.android.cts.priv.ctsshim.InstallPriority origPrio: 100
09-01 00:00:14.864 W/PackageManager(  435): Protected action; cap priority to 0; package: com.android.packageinstaller activity: com.android.packageinstaller.PackageInstallerActivity origPrio: 1
09-01 00:00:14.864 W/PackageManager(  435): Package com.android.gallery3d desires unavailable shared library com.google.android.media.effects; ignoring!
09-01 00:00:14.864 W/PackageManager(  435): Package com.android.gallery3d desires unavailable shared library com.google.android.media.effects; ignoring!
09-01 00:00:14.865 I/PackageManager(  435): Adjusting ABI for com.android.providers.downloads.ui to armeabi-v7a (requirer=com.android.mtp, scannedPackage=null)
09-01 00:00:14.866 I/PackageManager(  435): Adjusting ABI for com.android.providers.media to armeabi-v7a (requirer=com.android.mtp, scannedPackage=null)
09-01 00:00:14.867 I/PackageManager(  435): Adjusting ABI for com.android.providers.downloads to armeabi-v7a (requirer=com.android.mtp, scannedPackage=null)
09-01 00:00:14.867 I/PackageManager(  435): Adjusting ABI for com.android.providers.settings to armeabi-v7a (requirer=android, scannedPackage=null)
09-01 00:00:14.868 I/PackageManager(  435): Adjusting ABI for com.android.location.fused to armeabi-v7a (requirer=android, scannedPackage=null)
09-01 00:00:14.868 I/PackageManager(  435): Adjusting ABI for com.android.settings to armeabi-v7a (requirer=android, scannedPackage=null)
09-01 00:00:14.869 I/PackageManager(  435): Adjusting ABI for com.android.keychain to armeabi-v7a (requirer=android, scannedPackage=null)
09-01 00:00:14.870 I/PackageManager(  435): Adjusting ABI for com.android.wallpaperbackup to armeabi-v7a (requirer=android, scannedPackage=null)
09-01 00:00:14.870 I/PackageManager(  435): Adjusting ABI for com.android.inputdevices to armeabi-v7a (requirer=android, scannedPackage=null)
09-01 00:00:14.871 I/PackageManager(  435): Adjusting ABI for com.android.server.telecom to armeabi-v7a (requirer=android, scannedPackage=null)
09-01 00:00:14.875 I/PackageManager(  435): Time to scan packages: 2.824 seconds
09-01 00:00:14.876 W/PackageManager(  435): Unknown permission com.google.android.googleapps.permission.GOOGLE_AUTH in package com.android.providers.calendar
09-01 00:00:14.876 W/PackageManager(  435): Unknown permission com.google.android.googleapps.permission.GOOGLE_AUTH.cl in package com.android.providers.calendar
09-01 00:00:14.877 W/PackageManager(  435): Not granting permission android.permission.GLOBAL_SEARCH to package com.android.quicksearchbox (protectionLevel=18 flags=0x3808be45)
09-01 00:00:14.877 W/PackageManager(  435): Not granting permission android.permission.BIND_WALLPAPER to package com.android.camera2 (protectionLevel=18 flags=0x3058bc45)
09-01 00:00:14.877 W/PackageManager(  435): Unknown permission com.android.launcher.permission.READ_SETTINGS in package com.android.launcher3
09-01 00:00:14.877 W/PackageManager(  435): Unknown permission com.android.launcher.permission.WRITE_SETTINGS in package com.android.launcher3
09-01 00:00:14.877 W/PackageManager(  435): Not granting permission android.permission.BIND_APPWIDGET to package com.android.launcher3 (protectionLevel=18 flags=0x3c4bbe45)
09-01 00:00:14.878 W/PackageManager(  435): Unknown permission com.google.android.googleapps.permission.GOOGLE_AUTH.mail in package com.android.calendar
09-01 00:00:14.878 W/PackageManager(  435): Unknown permission com.android.launcher.permission.READ_SETTINGS in package com.android.onetimeinitializer
09-01 00:00:14.878 W/PackageManager(  435): Unknown permission com.android.launcher.permission.WRITE_SETTINGS in package com.android.onetimeinitializer
09-01 00:00:14.878 W/PackageManager(  435): Unknown permission com.google.android.permission.INSTALL_WEARABLE_PACKAGES in package com.android.packageinstaller
09-01 00:00:14.878 W/PackageManager(  435): Not granting permission android.permission.DELETE_PACKAGES to package com.svox.pico (protectionLevel=18 flags=0x3808be45)
09-01 00:00:14.878 W/PackageManager(  435): Unknown permission android.permission.RUN_INSTRUMENTATION in package org.chromium.webview_shell
09-01 00:00:14.878 W/PackageManager(  435): Unknown permission com.google.android.gallery3d.permission.PICASA_STORE in package com.android.dreams.phototable
09-01 00:00:14.879 W/PackageManager(  435): Unknown permission com.google.android.googleapps.permission.GOOGLE_AUTH in package com.android.settings
09-01 00:00:14.879 W/PackageManager(  435): Unknown permission com.android.launcher.permission.READ_SETTINGS in package com.android.settings
09-01 00:00:14.879 W/PackageManager(  435): Unknown permission com.android.launcher.permission.WRITE_SETTINGS in package com.android.settings
09-01 00:00:14.881 W/PackageManager(  435): Unknown permission com.google.android.gallery3d.permission.GALLERY_PROVIDER in package com.android.bluetooth
09-01 00:00:14.882 V/PackageManager(  435): reconcileAppsData for null u0 0x3
09-01 00:00:14.888 I/SELinux (  179): SELinux: Loaded file_contexts contexts from /file_contexts.bin.
09-01 00:00:15.341 V/PackageManager(  435): reconcileAppsData finished 69 packages
09-01 00:00:15.434 E/PackageManager(  435): There should probably be a verifier, but, none were found
09-01 00:00:15.440 D/PackageManager(  435): Ephemeral resolver NOT found; no matching intent filters
09-01 00:00:15.441 I/PackageManager(  435): Ephemeral deactivated; missing resolver and installer
09-01 00:00:15.442 I/art     (  435): Starting a blocking GC Explicit
09-01 00:00:15.490 I/art     (  435): Explicit concurrent mark sweep GC freed 3771(274KB) AllocSpace objects, 4(80KB) LOS objects, 33% free, 2MB/4MB, paused 739us total 47.852ms
09-01 00:00:15.490 I/art     (  435): WaitForGcToComplete blocked for 44.856ms for cause HeapTrim
09-01 00:00:15.497 I/SystemServer(  435): StartOtaDexOptService
09-01 00:00:15.500 I/SystemServer(  435): StartUserManagerService
09-01 00:00:15.501 I/SystemServiceManager(  435): Starting com.android.server.pm.UserManagerService$LifeCycle
09-01 00:00:15.521 I/lowmemorykiller(  160): ActivityManager connected
09-01 00:00:15.525 I/SystemServiceManager(  435): Starting com.android.server.BatteryService
09-01 00:00:15.526 D/SensorService(  435): nuSensorService starting...
09-01 00:00:15.526 E/SensorService(  435): couldn't load sensors module (No such file or directory)
09-01 00:00:15.546 I/SystemServiceManager(  435): Starting com.android.server.usage.UsageStatsService
09-01 00:00:15.581 I/SystemServiceManager(  435): Starting com.android.server.webkit.WebViewUpdateService
09-01 00:00:15.596 I/SystemServer(  435): Reading configuration...
09-01 00:00:15.596 I/SystemServer(  435): StartSchedulingPolicyService
09-01 00:00:15.598 I/SystemServiceManager(  435): Starting com.android.server.telecom.TelecomLoaderService
09-01 00:00:15.602 I/SystemServer(  435): StartTelephonyRegistry
09-01 00:00:15.620 I/SystemServer(  435): StartEntropyMixer
09-01 00:00:15.637 W/EntropyMixer(  435): Failed to add HW RNG output to entropy pool
09-01 00:00:15.637 W/EntropyMixer(  435): java.io.IOException: read failed: ENODEV (No such device)
09-01 00:00:15.637 W/EntropyMixer(  435): 	at libcore.io.IoBridge.read(IoBridge.java:481)
09-01 00:00:15.637 W/EntropyMixer(  435): 	at java.io.FileInputStream.read(FileInputStream.java:252)
09-01 00:00:15.637 W/EntropyMixer(  435): 	at com.android.server.RandomBlock.fromStream(RandomBlock.java:56)
09-01 00:00:15.637 W/EntropyMixer(  435): 	at com.android.server.RandomBlock.fromFile(RandomBlock.java:46)
09-01 00:00:15.637 W/EntropyMixer(  435): 	at com.android.server.EntropyMixer.addHwRandomEntropy(EntropyMixer.java:192)
09-01 00:00:15.637 W/EntropyMixer(  435): 	at com.android.server.EntropyMixer.<init>(EntropyMixer.java:112)
09-01 00:00:15.637 W/EntropyMixer(  435): 	at com.android.server.EntropyMixer.<init>(EntropyMixer.java:94)
09-01 00:00:15.637 W/EntropyMixer(  435): 	at com.android.server.SystemServer.startOtherServices(SystemServer.java:589)
09-01 00:00:15.637 W/EntropyMixer(  435): 	at com.android.server.SystemServer.run(SystemServer.java:342)
09-01 00:00:15.637 W/EntropyMixer(  435): 	at com.android.server.SystemServer.main(SystemServer.java:224)
09-01 00:00:15.637 W/EntropyMixer(  435): 	at java.lang.reflect.Method.invoke(Native Method)
09-01 00:00:15.637 W/EntropyMixer(  435): 	at com.android.internal.os.ZygoteInit$MethodAndArgsCaller.run(ZygoteInit.java:889)
09-01 00:00:15.637 W/EntropyMixer(  435): 	at com.android.internal.os.ZygoteInit.main(ZygoteInit.java:779)
09-01 00:00:15.637 W/EntropyMixer(  435): Caused by: android.system.ErrnoException: read failed: ENODEV (No such device)
09-01 00:00:15.637 W/EntropyMixer(  435): 	at libcore.io.Posix.readBytes(Native Method)
09-01 00:00:15.637 W/EntropyMixer(  435): 	at libcore.io.Posix.read(Posix.java:169)
09-01 00:00:15.637 W/EntropyMixer(  435): 	at libcore.io.BlockGuardOs.read(BlockGuardOs.java:231)
09-01 00:00:15.637 W/EntropyMixer(  435): 	at libcore.io.IoBridge.read(IoBridge.java:471)
09-01 00:00:15.637 W/EntropyMixer(  435): 	... 12 more
09-01 00:00:15.637 I/EntropyMixer(  435): Writing entropy...
09-01 00:00:15.648 I/SystemServer(  435): Camera Service
09-01 00:00:15.650 I/SystemServiceManager(  435): Starting com.android.server.camera.CameraService
09-01 00:00:15.659 I/ServiceThread(  435): Enabled StrictMode logging for CameraService_proxy looper.
09-01 00:00:15.661 I/SystemServer(  435): StartAccountManagerService
09-01 00:00:15.664 I/SystemServiceManager(  435): Starting com.android.server.accounts.AccountManagerService$Lifecycle
09-01 00:00:15.699 I/SystemServer(  435): StartContentService
09-01 00:00:15.703 I/SystemServiceManager(  435): Starting com.android.server.content.ContentService$Lifecycle
09-01 00:00:15.714 I/SystemServer(  435): InstallSystemProviders
09-01 00:00:15.729 W/System  (  435): ClassLoader referenced unknown path: /system/priv-app/SettingsProvider/lib/arm
09-01 00:00:15.795 I/SystemServer(  435): StartVibratorService
09-01 00:00:15.800 E/        (  435): Vibrator file does not exist : -1
09-01 00:00:15.800 E/        (  435): Vibrator device does not exist. Cannot start vibrator
09-01 00:00:15.800 W/VibratorService(  435): Tried to stop vibrating but there is no vibrator device.
09-01 00:00:15.803 I/SystemServer(  435): StartAlarmManagerService
09-01 00:00:15.803 I/SystemServiceManager(  435): Starting com.android.server.AlarmManagerService
09-01 00:00:15.827 I/SystemServer(  435): InitWatchdog
09-01 00:00:15.828 I/SystemServer(  435): StartInputManagerService
09-01 00:00:15.832 I/InputManager(  435): Initializing input manager, mUseDevInputEventForAudioJack=false
09-01 00:00:15.839 I/SystemServer(  435): StartWindowManagerService
09-01 00:00:15.942 I/WindowManager(  435): No existing display settings /data/system/display_settings.xml; starting empty
09-01 00:00:16.083 I/InputManager(  435): Starting input manager
09-01 00:00:16.087 D/EventHub(  435): No input device configuration file found for device 'gpio_keys'.
09-01 00:00:16.091 E/KeyLayoutMap(  435): /system/usr/keylayout/gpio_keys.kl:16: Expected key flag label, got 'WAKE'.
09-01 00:00:16.091 I/SystemServiceManager(  435): Starting com.android.server.BluetoothService
09-01 00:00:16.098 W/EventHub(  435): Unable to disable kernel key repeat for /dev/input/event1: Function not implemented
09-01 00:00:16.098 I/EventHub(  435): New device: id=1, fd=96, path='/dev/input/event1', name='gpio_keys', classes=0x1, configuration='', keyLayout='/system/usr/keylayout/Generic.kl', keyCharacterMap='/system/usr/keychars/gpio_keys.kcm', builtinKeyboard=false, wakeMechanism=EPOLLWAKEUP, usingClockIoctl=true
09-01 00:00:16.100 E/EventHub(  435): could not get driver version for /dev/input/mouse0, Not a typewriter
09-01 00:00:16.102 I/EventHub(  435): TS Device fd: 97
09-01 00:00:16.102 I/EventHub(  435): tslib: call ts_config
09-01 00:00:16.102 E/        (  435): tslib: ts_config file read succeed
09-01 00:00:16.104 D/BluetoothManagerService(  435): Loading stored name and address
09-01 00:00:16.105 D/BluetoothManagerService(  435): Stored bluetooth Name=AOSP on navi_ref,Address=22:22:5F:14:41:FA
09-01 00:00:16.105 D/BluetoothManagerService(  435): Bluetooth persisted state: 1
09-01 00:00:16.105 D/BluetoothManagerService(  435): Startup: Bluetooth persisted state is ON.
09-01 00:00:16.105 I/SystemServer(  435): ConnectivityMetricsLoggerService
09-01 00:00:16.107 I/SystemServiceManager(  435): Starting com.android.server.connectivity.MetricsLoggerService
09-01 00:00:16.116 I/SystemServer(  435): IpConnectivityMetrics
09-01 00:00:16.116 I/EventHub(  435): New device: id=2, fd=97, path='/dev/input/event0', name='TSC2007 Touchscreen', classes=0x4, configuration='/system/usr/idc/TSC2007_Touchscreen.idc', keyLayout='', keyCharacterMap='', builtinKeyboard=false, wakeMechanism=EPOLLWAKEUP, usingClockIoctl=true
09-01 00:00:16.116 E/EventHub(  435): could not get driver version for /dev/input/mice, Not a typewriter
09-01 00:00:16.117 I/SystemServiceManager(  435): Starting com.android.server.connectivity.IpConnectivityMetrics
09-01 00:00:16.123 I/SystemServer(  435): PinnerService
09-01 00:00:16.123 I/SystemServiceManager(  435): Starting com.android.server.PinnerService
09-01 00:00:16.123 I/InputReader(  435): Device added: id=-1, name='Virtual', sources=0x00000301
09-01 00:00:16.125 I/InputReader(  435):   Touch device 'TSC2007 Touchscreen' could not query the properties of its associated display.  The device will be inoperable until the display size becomes available.
09-01 00:00:16.125 I/InputReader(  435): Device added: id=2, name='TSC2007 Touchscreen', sources=0x00001002
09-01 00:00:16.125 I/InputReader(  435): Device added: id=1, name='gpio_keys', sources=0x00000101
09-01 00:00:16.126 I/SystemServiceManager(  435): Starting com.android.server.InputMethodManagerService$Lifecycle
09-01 00:00:16.265 I/SystemServer(  435): StartAccessibilityManagerService
09-01 00:00:16.285 I/ActivityManager(  435): Config changes=1df8 {1.0 ?mcc?mnc [en_US] ldltr sw600dp w1024dp h600dp 160dpi lrg long land ?uimode ?night -touch -keyb/v/h -nav/h s.2}
09-01 00:00:16.292 I/ActivityManager(  435): Config changes=408 {1.0 ?mcc?mnc [en_US] ldltr sw600dp w1024dp h528dp 160dpi lrg long land ?uimode ?night finger -keyb/v/h -nav/h s.3}
09-01 00:00:16.303 I/UsageStatsService(  435): User[0] Rollover scheduled @ 2009-09-02 00:00:16(1251849616290)
09-01 00:00:16.304 E/AppIdleHistory(  435): Unable to read app idle file for user 0
09-01 00:00:16.305 I/ActivityManager(  435): Config changes=100 {1.0 ?mcc?mnc [en_US] ldltr sw600dp w1024dp h528dp 160dpi lrg land ?uimode ?night finger -keyb/v/h -nav/h s.4}
09-01 00:00:16.317 I/SystemServiceManager(  435): Starting com.android.server.MountService$Lifecycle
09-01 00:00:16.330 I/InputReader(  435): Reconfiguring input devices.  changes=0x00000004
09-01 00:00:16.330 I/InputReader(  435): Device reconfigured: id=2, name='TSC2007 Touchscreen', size 1024x600, orientation 0, mode 1, display id 0
09-01 00:00:16.343 I/SystemServiceManager(  435): Starting com.android.server.UiModeManagerService
09-01 00:00:16.344 D/MountService(  435): Thinking about init, mSystemReady=false, mDaemonConnected=true
09-01 00:00:16.344 D/MountService(  435): Thinking about reset, mSystemReady=false, mDaemonConnected=true
09-01 00:00:16.344 D/MountService(  435): Thinking about init, mSystemReady=false, mDaemonConnected=true
09-01 00:00:16.344 D/MountService(  435): Thinking about reset, mSystemReady=false, mDaemonConnected=true
09-01 00:00:16.347 D/CryptdConnector(  435): SND -> {1 cryptfs getfield SystemLocale}
09-01 00:00:16.349 I/ActivityManager(  435): Config changes=200 {1.0 ?mcc?mnc [en_US] ldltr sw600dp w1024dp h528dp 160dpi lrg land finger -keyb/v/h -nav/h s.5}
09-01 00:00:16.351 D/CryptdConnector(  435): RCV <- {200 1 -1}
09-01 00:00:16.356 W/MountService(  435): No primary storage mounted!
09-01 00:00:16.356 D/VoldConnector(  435): SND -> {1 asec list}
09-01 00:00:16.358 D/VoldConnector(  435): RCV <- {200 1 asec operation succeeded}
09-01 00:00:16.359 I/PackageManager(  435): No secure containers found
09-01 00:00:16.359 W/PackageManager(  435): Unknown permission com.google.android.googleapps.permission.GOOGLE_AUTH in package com.android.providers.calendar
09-01 00:00:16.359 W/PackageManager(  435): Unknown permission com.google.android.googleapps.permission.GOOGLE_AUTH.cl in package com.android.providers.calendar
09-01 00:00:16.359 W/PackageManager(  435): Not granting permission android.permission.GLOBAL_SEARCH to package com.android.quicksearchbox (protectionLevel=18 flags=0x3808be45)
09-01 00:00:16.360 W/PackageManager(  435): Not granting permission android.permission.BIND_WALLPAPER to package com.android.camera2 (protectionLevel=18 flags=0x3058bc45)
09-01 00:00:16.360 W/PackageManager(  435): Unknown permission com.android.launcher.permission.READ_SETTINGS in package com.android.launcher3
09-01 00:00:16.360 W/PackageManager(  435): Unknown permission com.android.launcher.permission.WRITE_SETTINGS in package com.android.launcher3
09-01 00:00:16.360 W/PackageManager(  435): Not granting permission android.permission.BIND_APPWIDGET to package com.android.launcher3 (protectionLevel=18 flags=0x3c4bbe45)
09-01 00:00:16.360 W/PackageManager(  435): Unknown permission com.google.android.googleapps.permission.GOOGLE_AUTH.mail in package com.android.calendar
09-01 00:00:16.360 W/PackageManager(  435): Unknown permission com.android.launcher.permission.READ_SETTINGS in package com.android.onetimeinitializer
09-01 00:00:16.361 W/PackageManager(  435): Unknown permission com.android.launcher.permission.WRITE_SETTINGS in package com.android.onetimeinitializer
09-01 00:00:16.361 W/PackageManager(  435): Unknown permission com.google.android.permission.INSTALL_WEARABLE_PACKAGES in package com.android.packageinstaller
