09-01 00:00:19.679 W/ACodec  (  182): do not know color format 0x7f000789 = 2130708361
09-01 00:00:19.681 I/MediaPlayerService(  182): MediaPlayerService::getOMX
09-01 00:00:19.681 I/OMXClient(  182): MuxOMX ctor
09-01 00:00:19.682 I/OMXMaster(  178): makeComponentInstance(OMX.NX.VIDEO_ENCODER.mpeg4) in mediacodec process
09-01 00:00:19.694 W/ACodec  (  182): do not know color format 0x7f000789 = 2130708361
09-01 00:00:19.700 I/MediaPlayerService(  182): MediaPlayerService::getOMX
09-01 00:00:19.702 I/OMXClient(  182): MuxOMX ctor
09-01 00:00:19.703 I/OMXMaster(  178): makeComponentInstance(OMX.google.mpeg4.decoder) in mediacodec process
09-01 00:00:19.732 I/Telecom (  442): SystemStateProvider: Registering car mode receiver: android.content.IntentFilter@f218969: TS.init@AAA
09-01 00:00:19.759 I/LatinIME:LogUtils(  538): Dictionary info: dictionary = main:en ; version = 54 ; date = 1414726273
09-01 00:00:19.801 I/Telecom (  442): Telecom: Non-call EVENT: AUDIO_ROUTE, Entering state QuiescentEarpieceRoute
09-01 00:00:19.817 I/Telecom (  442): CallAudioModeStateMachine: Message received: null.: TS.init->CAMSM.pM_1@AAA_0
09-01 00:00:19.819 E/OMXNodeInstance(  178): getExtensionIndex(b2001b:google.mpeg4.decoder, OMX.google.android.index.configureVideoTunnelMode) ERROR: UnsupportedIndex(0x8000101a)
09-01 00:00:19.819 W/OMXNodeInstance(  178): [b2001b:google.mpeg4.decoder] component does not support metadata mode; using fallback
09-01 00:00:19.824 I/MediaPlayerService(  182): MediaPlayerService::getOMX
09-01 00:00:19.825 I/OMXClient(  182): MuxOMX ctor
09-01 00:00:19.826 I/OMXMaster(  178): makeComponentInstance(OMX.google.h263.decoder) in mediacodec process
09-01 00:00:19.859 E/ActivityThread(  442): Failed to find provider info for call_log
09-01 00:00:19.881 I/OpenGLRenderer(  670): Initialized EGL, version 1.4
09-01 00:00:19.881 D/OpenGLRenderer(  670): Swap behavior 1
09-01 00:00:19.902 I/Telecom (  442): Class: TelecomSystem.INSTANCE being set
09-01 00:00:19.907 W/ContextImpl(  442): Calling a method in the system process without a qualified user: android.app.ContextImpl.startService:1357 android.content.ContextWrapper.startService:613 com.android.server.telecom.components.TelecomService.initializeTelecomSystem:186 com.android.server.telecom.components.TelecomService.onBind:62 android.app.ActivityThread.handleBindService:3219 
09-01 00:00:19.915 W/ContextImpl(  442): Calling a method in the system process without a qualified user: android.app.ContextImpl.startService:1357 com.android.server.content.SyncManager$13.run:658 android.os.Handler.handleCallback:751 android.os.Handler.dispatchMessage:95 android.os.Looper.loop:154 
09-01 00:00:19.921 I/vol.Events(  567): writeEvent collection_started
09-01 00:00:19.954 I/vol.Events(  567): writeEvent external_ringer_mode_changed normal
09-01 00:00:19.956 W/System  (  442): ClassLoader referenced unknown path: /system/priv-app/FusedLocation/lib/arm
09-01 00:00:19.958 D/ApplicationLoaders(  442): ignored Vulkan layer search path /system/priv-app/FusedLocation/lib/arm:/system/priv-app/FusedLocation/FusedLocation.apk!/lib/armeabi-v7a:/system/lib:/vendor/lib for namespace 0xb4c30150
09-01 00:00:19.970 I/vol.Events(  567): writeEvent internal_ringer_mode_changed normal
09-01 00:00:19.987 E/OMXNodeInstance(  178): getExtensionIndex(b2001c:google.h263.decoder, OMX.google.android.index.configureVideoTunnelMode) ERROR: UnsupportedIndex(0x8000101a)
09-01 00:00:19.987 W/OMXNodeInstance(  178): [b2001c:google.h263.decoder] component does not support metadata mode; using fallback
09-01 00:00:19.995 I/MediaPlayerService(  182): MediaPlayerService::getOMX
09-01 00:00:20.001 I/OMXClient(  182): MuxOMX ctor
09-01 00:00:20.002 I/OMXMaster(  178): makeComponentInstance(OMX.google.h264.decoder) in mediacodec process
09-01 00:00:20.007 D/NotificationSQLiteLog(  442): Pruned event entries: 0
09-01 00:00:20.012 V/WiredAccessoryManager(  442): init()
09-01 00:00:20.046 I/ActivityManager(  442): Displayed com.android.settings/.FallbackHome: +874ms
09-01 00:00:20.050 V/KeyguardServiceDelegate(  442): *** Keyguard started
09-01 00:00:20.051 W/KeyguardServiceDelegate(  442): onScreenTurningOn(): no keyguard service!
09-01 00:00:20.059 I/WindowManager(  442): Screen frozen for +743ms due to AppWindowToken{18b45d5 token=Token{f3c35de ActivityRecord{619b119 u0 com.android.settings/.FallbackHome t1}}}
09-01 00:00:20.133 W/VibratorService(  442): Tried to stop vibrating but there is no vibrator device.
09-01 00:00:20.143 D/ConditionProviders.SCP(  442): onSubscribe condition://android/schedule?days=1.2.3.4.5&start=22.0&end=7.0&exitAtAlarm=false
09-01 00:00:20.145 D/ConditionProviders.SCP(  442): setRegistered true
09-01 00:00:20.146 D/ConditionProviders.SCP(  442): notifyCondition condition://android/schedule?days=1.2.3.4.5&start=22.0&end=7.0&exitAtAlarm=false STATE_TRUE reason=meetsSchedule
09-01 00:00:20.148 D/ConditionProviders.SCP(  442): Scheduling evaluate for Tue Sep 01 07:00:00 GMT+00:00 2009 (1251788400000), in +6h59m39s854ms, now=Tue Sep 01 00:00:20 GMT+00:00 2009 (1251763220146)
09-01 00:00:20.149 D/ConditionProviders.SCP(  442): onSubscribe condition://android/schedule?days=6.7&start=23.30&end=10.0&exitAtAlarm=false
09-01 00:00:20.151 D/ConditionProviders.SCP(  442): notifyCondition condition://android/schedule?days=6.7&start=23.30&end=10.0&exitAtAlarm=false STATE_FALSE reason=!meetsSchedule
09-01 00:00:20.152 D/ConditionProviders.SCP(  442): notifyCondition condition://android/schedule?days=1.2.3.4.5&start=22.0&end=7.0&exitAtAlarm=false STATE_TRUE reason=meetsSchedule
09-01 00:00:20.157 D/ConditionProviders.SCP(  442): Scheduling evaluate for Tue Sep 01 07:00:00 GMT+00:00 2009 (1251788400000), in +6h59m39s850ms, now=Tue Sep 01 00:00:20 GMT+00:00 2009 (1251763220150)
09-01 00:00:20.159 D/BluetoothManagerService(  442): Bluetooth Adapter name changed to AOSP on navi_ref
09-01 00:00:20.159 D/BluetoothManagerService(  442): Stored Bluetooth name: AOSP on navi_ref
09-01 00:00:20.159 D/BluetoothManagerService(  442): BluetoothServiceConnection: com.android.bluetooth.btservice.AdapterService
09-01 00:00:20.160 D/BluetoothManagerService(  442): MESSAGE_BLUETOOTH_SERVICE_CONNECTED: 1
09-01 00:00:20.165 I/Telecom (  442): WiredHeadsetManager: ACTION_HEADSET_PLUG event, plugged in: false, : WHC.oADA@AAE
09-01 00:00:20.168 I/bt_btif (  522): config_hci_snoop_log
09-01 00:00:20.178 D/BluetoothManagerService(  442): Broadcasting onBluetoothServiceUp() to 2 receivers.
09-01 00:00:20.179 D/BluetoothAdapter(  442): onBluetoothServiceUp: android.bluetooth.IBluetooth$Stub$Proxy@603970
09-01 00:00:20.179 D/BluetoothAdapter(  522): onBluetoothServiceUp: com.android.bluetooth.btservice.AdapterService$AdapterServiceBinder@f4a248f
09-01 00:00:20.180 D/BluetoothAdapterService(  522): enable() - Enable called with quiet mode status =  false
09-01 00:00:20.181 D/BluetoothAdapterState(  522): Current state: OFF, message: 0
09-01 00:00:20.181 D/BluetoothAdapterProperties(  522): Setting state to 14
09-01 00:00:20.181 I/BluetoothAdapterState(  522): Bluetooth adapter state changed: 10-> 14
09-01 00:00:20.182 D/BluetoothAdapterService(  522): updateAdapterState() - Broadcasting state to 1 receivers.
09-01 00:00:20.183 D/BluetoothManagerService(  442): MESSAGE_BLUETOOTH_STATE_CHANGE: OFF > BLE_TURNING_ON
09-01 00:00:20.183 D/BluetoothManagerService(  442): Sending BLE State Change: OFF > BLE_TURNING_ON
09-01 00:00:20.183 D/BluetoothAdapterService(  522): BleOnProcessStart()
09-01 00:00:20.184 D/BluetoothAdapterService(  522): BleOnProcessStart() - Make Bond State Machine
09-01 00:00:20.185 D/BluetoothBondStateMachine(  522): make
09-01 00:00:20.191 I/BluetoothBondStateMachine(  522): StableState(): Entering Off State
09-01 00:00:20.192 E/ActivityThread(  442): Failed to find provider info for com.android.calendar
09-01 00:00:20.194 E/ActivityThread(  442): Failed to find provider info for com.android.calendar
09-01 00:00:20.196 I/ActivityManager(  442): user 0 is still locked. Cannot load recents
09-01 00:00:20.202 D/BluetoothAdapterService(  522): setProfileServiceState() - Starting service com.android.bluetooth.gatt.GattService
09-01 00:00:20.208 I/BluetoothAdapterState(  522): Entering PendingCommandState
09-01 00:00:20.214 I/BtGatt.JNI(  522): classInitNative(L922): classInitNative: Success!
09-01 00:00:20.229 W/ACodec  (  182): [OMX.google.h264.decoder] stopping checking profiles after 32: 2/8000
09-01 00:00:20.231 D/BtGatt.DebugUtils(  522): handleDebugAction() action=null
09-01 00:00:20.232 D/BluetoothAdapterService(  522): getAdapterService() - returning com.android.bluetooth.btservice.AdapterService@4ffa7f0
09-01 00:00:20.233 D/BtGatt.GattService(  522): Received start request. Starting profile...
09-01 00:00:20.233 D/BtGatt.GattService(  522): start()
09-01 00:00:20.233 I/bt_btif (  522): get_profile_interface gatt
09-01 00:00:20.233 I/SyncManager(  442): Got SyncJobService instance.
09-01 00:00:20.235 D/BluetoothAdapterService(  522): getAdapterService() - returning com.android.bluetooth.btservice.AdapterService@4ffa7f0
09-01 00:00:20.235 D/BtGatt.AdvertiseManager(  522): advertise manager created
09-01 00:00:20.244 E/OMXNodeInstance(  178): getExtensionIndex(b2001d:google.h264.decoder, OMX.google.android.index.configureVideoTunnelMode) ERROR: UnsupportedIndex(0x8000101a)
09-01 00:00:20.244 W/OMXNodeInstance(  178): [b2001d:google.h264.decoder] component does not support metadata mode; using fallback
09-01 00:00:20.249 I/MediaPlayerService(  182): MediaPlayerService::getOMX
09-01 00:00:20.251 I/OMXClient(  182): MuxOMX ctor
09-01 00:00:20.251 I/OMXMaster(  178): makeComponentInstance(OMX.google.hevc.decoder) in mediacodec process
09-01 00:00:20.259 D/BluetoothAdapterService(  522): getAdapterService() - returning com.android.bluetooth.btservice.AdapterService@4ffa7f0
09-01 00:00:20.260 I/FusedLocation(  442): engine started (com.android.location.fused)
09-01 00:00:20.274 D/BluetoothAdapterService(  522): handleMessage() - Message: 1
09-01 00:00:20.274 D/BluetoothAdapterService(  522): handleMessage() - MESSAGE_PROFILE_SERVICE_STATE_CHANGED
09-01 00:00:20.277 D/BluetoothAdapterService(  522): processProfileServiceStateChanged() serviceName=com.android.bluetooth.gatt.GattService, state=12, doUpdate=true
09-01 00:00:20.277 V/BluetoothAdapterState(  522): isTurningOff()=false
09-01 00:00:20.277 V/BluetoothAdapterState(  522): isTurningOn()=false
09-01 00:00:20.277 V/BluetoothAdapterState(  522): isBleTurningOn()=true
09-01 00:00:20.277 V/BluetoothAdapterState(  522): isBleTurningOff()=false
09-01 00:00:20.279 D/BluetoothAdapterService(  522): processProfileServiceStateChanged() - serviceName=com.android.bluetooth.gatt.GattService isTurningOn=false isTurningOff=false isBleTurningOn=true isBleTurningOff=false
09-01 00:00:20.280 D/BluetoothAdapterService(  522): GattService is started
09-01 00:00:20.281 D/BluetoothAdapterState(  522): Current state: PENDING_COMMAND, message: 4
09-01 00:00:20.284 I/bt_btif (  522): enable: start restricted = 0
09-01 00:00:20.287 I/bt_stack_manager(  522): event_start_up_stack is bringing up the stack
09-01 00:00:20.287 I/bt_core_module(  522): module_start_up Starting module "btif_config_module"
09-01 00:00:20.288 I/bt_core_module(  522): module_start_up Started module "btif_config_module"
09-01 00:00:20.288 I/bt_core_module(  522): module_start_up Starting module "btsnoop_module"
09-01 00:00:20.288 I/bt_core_module(  522): module_start_up Started module "btsnoop_module"
09-01 00:00:20.288 I/bt_core_module(  522): module_start_up Starting module "hci_module"
09-01 00:00:20.288 I/bt_hci  (  522): start_up
09-01 00:00:20.293 I/art     (  442): Background sticky concurrent mark sweep GC freed 13462(1163KB) AllocSpace objects, 2(60KB) LOS objects, 23% free, 5MB/6MB, paused 4.898ms total 105.243ms
09-01 00:00:20.293 W/bt_osi_thread(  522): run_thread: thread id 783, thread name hci_thread started
09-01 00:00:20.308 I/bt_vendor(  522): alloc value 0xaac26d11
09-01 00:00:20.308 I/bt_vendor(  522): init
09-01 00:00:20.308 I/bt_vnd_conf(  522): Attempt to load conf from /etc/bluetooth/bt_vendor.conf
09-01 00:00:20.310 D/bt_vendor(  522): op for 0
09-01 00:00:20.310 D/bt_upio (  522): is_emulator_context : 0
09-01 00:00:20.310 D/bt_upio (  522): is_rfkill_disabled ? [0]
09-01 00:00:20.310 D/bt_upio (  522): is_rfkill_disabled ? [0]
09-01 00:00:20.311 D/bt_vendor(  522): op for 0
09-01 00:00:20.311 D/bt_upio (  522): is_emulator_context : 0
09-01 00:00:20.311 D/bt_upio (  522): is_rfkill_disabled ? [0]
09-01 00:00:20.380 E/OMXNodeInstance(  178): getExtensionIndex(b2001e:google.hevc.decoder, OMX.google.android.index.configureVideoTunnelMode) ERROR: UnsupportedIndex(0x8000101a)
09-01 00:00:20.380 W/OMXNodeInstance(  178): [b2001e:google.hevc.decoder] component does not support metadata mode; using fallback
09-01 00:00:20.387 I/MediaPlayerService(  182): MediaPlayerService::getOMX
09-01 00:00:20.389 I/OMXClient(  182): MuxOMX ctor
09-01 00:00:20.389 I/OMXMaster(  178): makeComponentInstance(OMX.google.vp8.decoder) in mediacodec process
09-01 00:00:20.466 W/SystemConfig(  653): No directory /system/etc/sysconfig, skipping
09-01 00:00:20.484 I/vol.Events(  567): writeEvent level_changed STREAM_ALARM 6
09-01 00:00:20.486 E/OMXNodeInstance(  178): getExtensionIndex(b2001f:google.vp8.decoder, OMX.google.android.index.configureVideoTunnelMode) ERROR: UnsupportedIndex(0x8000101a)
09-01 00:00:20.486 I/vol.Events(  567): writeEvent level_changed STREAM_BLUETOOTH_SCO 7
09-01 00:00:20.486 W/OMXNodeInstance(  178): [b2001f:google.vp8.decoder] component does not support metadata mode; using fallback
09-01 00:00:20.488 I/vol.Events(  567): writeEvent level_changed STREAM_MUSIC 11
09-01 00:00:20.491 I/MediaPlayerService(  182): MediaPlayerService::getOMX
09-01 00:00:20.492 I/OMXClient(  182): MuxOMX ctor
09-01 00:00:20.492 I/OMXMaster(  178): makeComponentInstance(OMX.google.vp9.decoder) in mediacodec process
09-01 00:00:20.494 I/vol.Events(  567): writeEvent level_changed STREAM_RING 5
09-01 00:00:20.496 I/vol.Events(  567): writeEvent level_changed STREAM_SYSTEM 5
09-01 00:00:20.499 I/vol.Events(  567): writeEvent level_changed STREAM_VOICE_CALL 4
09-01 00:00:20.541 D/PhoneSwitcherNetworkRequstListener(  653): Registering NetworkFactory
09-01 00:00:20.543 D/ConnectivityService(  442): Got NetworkFactory Messenger for PhoneSwitcherNetworkRequstListener
09-01 00:00:20.557 D/ConnectivityService(  442): Got NetworkFactory Messenger for TelephonyNetworkFactory[0]
09-01 00:00:20.578 E/OMXNodeInstance(  178): getExtensionIndex(b20020:google.vp9.decoder, OMX.google.android.index.configureVideoTunnelMode) ERROR: UnsupportedIndex(0x8000101a)
09-01 00:00:20.579 W/OMXNodeInstance(  178): [b20020:google.vp9.decoder] component does not support metadata mode; using fallback
09-01 00:00:20.582 I/MediaPlayerService(  182): MediaPlayerService::getOMX
09-01 00:00:20.583 I/OMXClient(  182): MuxOMX ctor
09-01 00:00:20.584 I/OMXMaster(  178): makeComponentInstance(OMX.google.h263.encoder) in mediacodec process
09-01 00:00:20.600 D/StorageNotification(  567): Notifying about private volume: VolumeInfo{private}:
09-01 00:00:20.600 D/StorageNotification(  567):     type=PRIVATE diskId=null partGuid=null mountFlags=0 mountUserId=-1 
09-01 00:00:20.600 D/StorageNotification(  567):     state=MOUNTED 
09-01 00:00:20.600 D/StorageNotification(  567):     fsType=null fsUuid=null fsLabel=null 
09-01 00:00:20.600 D/StorageNotification(  567):     path=/data internalPath=null 
09-01 00:00:20.612 E/ActivityThread(  653): Failed to find provider info for com.android.contacts
09-01 00:00:20.612 W/CallerInfoCache(  653): cursor is null
09-01 00:00:20.621 D/CarrierConfigLoader(  653): CarrierConfigLoader has started
09-01 00:00:20.681 I/SoftMPEG4Encoder(  178): Construct SoftMPEG4Encoder
09-01 00:00:20.687 W/ACodec  (  182): do not know color format 0x7f000789 = 2130708361
09-01 00:00:20.689 E/OMXNodeInstance(  178): getConfig(b20021:google.h263.encoder, ConfigAndroidIntraRefresh(0x6f60000a)) ERROR: Undefined(0x80001001)
09-01 00:00:20.690 I/Telephony(  653): TtyManager: updateUiTtyMode -1 -> 0
09-01 00:00:20.694 I/MediaPlayerService(  182): MediaPlayerService::getOMX
09-01 00:00:20.695 I/OMXClient(  182): MuxOMX ctor
09-01 00:00:20.696 I/OMXMaster(  178): makeComponentInstance(OMX.google.h264.encoder) in mediacodec process
09-01 00:00:20.702 V/KeyguardServiceDelegate(  442): *** Keyguard connected (yay!)
09-01 00:00:20.715 I/art     (  567): Background sticky concurrent mark sweep GC freed 12050(1181KB) AllocSpace objects, 2(40KB) LOS objects, 41% free, 2MB/3MB, paused 6.666ms total 69.145ms
09-01 00:00:20.728 D/CryptdConnector(  442): SND -> {3 cryptfs getpw}
09-01 00:00:20.729 D/VoldCryptCmdListener(  131): cryptfs getpw
09-01 00:00:20.737 D/CryptdConnector(  442): RCV <- {200 3 -1}
09-01 00:00:20.738 D/CryptdConnector(  442): SND -> {4 cryptfs clearpw}
09-01 00:00:20.739 D/VoldCryptCmdListener(  131): cryptfs clearpw
09-01 00:00:20.740 D/CryptdConnector(  442): RCV <- {200 4 0}
09-01 00:00:20.813 D/PhoneSwitcherNetworkRequstListener(  653): got request NetworkRequest [ REQUEST id=1, [ Capabilities: INTERNET&NOT_RESTRICTED&TRUSTED&NOT_VPN] ] with score 0
09-01 00:00:20.814 D/bt_hci  (  522): start_up starting async portion
09-01 00:00:20.814 I/bt_hci  (  522): event_finish_startup
09-01 00:00:20.814 I/bt_hci_h4(  522): hal_open
09-01 00:00:20.814 D/bt_vendor(  522): op for 3
09-01 00:00:20.814 I/bt_userial_vendor(  522): userial vendor open: opening /dev/ttyAMA1
09-01 00:00:20.818 D/TelephonyDebugService(  653): TelephonyDebugService()
09-01 00:00:20.821 D/CarrierConfigLoader(  653): mHandler: 12 phoneId: 0
09-01 00:00:20.822 I/StatusBarManagerService(  442): registerStatusBar bar=com.android.internal.statusbar.IStatusBar$Stub$Proxy@da79b5
09-01 00:00:20.831 W/ACodec  (  182): do not know color format 0x7f000789 = 2130708361
09-01 00:00:20.835 I/MediaPlayerService(  182): MediaPlayerService::getOMX
09-01 00:00:20.836 I/OMXClient(  182): MuxOMX ctor
09-01 00:00:20.836 I/OMXMaster(  178): makeComponentInstance(OMX.google.mpeg4.encoder) in mediacodec process
09-01 00:00:20.840 E/PhoneInterfaceManager(  653): [PhoneIntfMgr] getIccId: No UICC
09-01 00:00:20.855 W/Telecom (  442): : registerPhoneAccount not allowed on non-voice capable device.: TSI.rPA@AAM
09-01 00:00:20.857 I/Telephony(  653): AccountEntry: Registered phoneAccount: [[ ] PhoneAccount: ComponentInfo{com.android.phone/com.android.services.telephony.TelephonyConnectionService}, [e0184adedf913b076626646d3f52c3b49c39ad6d], UserHandle{0} Capabilities: CallProvider MultiUser PlaceEmerg SimSub  Audio Routes: BESW Schemes: tel voicemail  Extras: null GroupId: [da39a3ee5e6b4b0d3255bfef95601890afd80709]] with handle: ComponentInfo{com.android.phone/com.android.services.telephony.TelephonyConnectionService}, [e0184adedf913b076626646d3f52c3b49c39ad6d], UserHandle{0}
09-01 00:00:20.863 I/Telephony(  653): PstnIncomingCallNotifier: Registering: Handler (com.android.internal.telephony.GsmCdmaPhone) {9c83557}
09-01 00:00:20.897 E/PhoneInterfaceManager(  653): [PhoneIntfMgr] getIccId: No UICC
09-01 00:00:20.918 W/Telecom (  442): : registerPhoneAccount not allowed on non-voice capable device.: TSI.rPA@AAY
09-01 00:00:20.925 I/SoftMPEG4Encoder(  178): Construct SoftMPEG4Encoder
09-01 00:00:20.928 W/ACodec  (  182): do not know color format 0x7f000789 = 2130708361
09-01 00:00:20.929 E/OMXNodeInstance(  178): getConfig(b20023:google.mpeg4.encoder, ConfigAndroidIntraRefresh(0x6f60000a)) ERROR: Undefined(0x80001001)
09-01 00:00:20.933 I/MediaPlayerService(  182): MediaPlayerService::getOMX
09-01 00:00:20.933 I/OMXClient(  182): MuxOMX ctor
09-01 00:00:20.934 I/OMXMaster(  178): makeComponentInstance(OMX.google.vp8.encoder) in mediacodec process
09-01 00:00:20.966 I/bt_userial_vendor(  522): device fd = 72 open
09-01 00:00:20.967 W/bt_osi_thread(  522): run_thread: thread id 813, thread name hci_single_chann started
09-01 00:00:20.967 D/bt_vendor(  522): op for 1
09-01 00:00:21.021 W/ACodec  (  182): do not know color format 0x7f000789 = 2130708361
09-01 00:00:21.021 E/OMXNodeInstance(  178): getConfig(b20024:google.vp8.encoder, ConfigAndroidIntraRefresh(0x6f60000a)) ERROR: Undefined(0x80001001)
09-01 00:00:21.024 I/MediaPlayerService(  182): MediaPlayerService::getOMX
09-01 00:00:21.027 I/OMXClient(  182): MuxOMX ctor
09-01 00:00:21.030 I/MediaPlayerService(  182): MediaPlayerService::getOMX
09-01 00:00:21.032 I/OMXClient(  182): MuxOMX ctor
09-01 00:00:21.033 W/MediaCodecList(  182): unable to open media codecs configuration xml file: /data/misc/media/media_codecs_profiling_results.xml
09-01 00:00:21.034 I/MediaPlayerService(  182): MediaPlayerService::getOMX
09-01 00:00:21.035 I/MediaPlayerService(  182): MediaPlayerService::getOMX
09-01 00:00:21.036 I/OMXClient(  567): MuxOMX ctor
09-01 00:00:21.037 I/OMXClient(  442): MuxOMX ctor
09-01 00:00:21.039 I/OMXMaster(  178): makeComponentInstance(OMX.google.vorbis.decoder) in mediacodec process
09-01 00:00:21.052 W/WindowManager(  442): Keyguard drawn timeout. Setting mKeyguardDrawComplete
09-01 00:00:21.125 I/OMXMaster(  178): makeComponentInstance(OMX.google.vorbis.decoder) in mediacodec process
09-01 00:00:21.189 I/MediaExtractor(  181): Autodetected media content as 'application/ogg' with confidence 0.20
09-01 00:00:21.201 I/MediaPlayerService(  182): MediaPlayerService::getOMX
09-01 00:00:21.203 I/OMXClient(  442): MuxOMX ctor
09-01 00:00:21.205 I/OMXMaster(  178): makeComponentInstance(OMX.google.vorbis.decoder) in mediacodec process
09-01 00:00:21.230 I/MediaExtractor(  181): Autodetected media content as 'application/ogg' with confidence 0.20
09-01 00:00:21.241 I/MediaPlayerService(  182): MediaPlayerService::getOMX
09-01 00:00:21.242 I/OMXClient(  567): MuxOMX ctor
09-01 00:00:21.246 I/OMXMaster(  178): makeComponentInstance(OMX.google.vorbis.decoder) in mediacodec process
09-01 00:00:21.287 I/MediaExtractor(  181): Autodetected media content as 'application/ogg' with confidence 0.20
09-01 00:00:21.299 I/MediaPlayerService(  182): MediaPlayerService::getOMX
09-01 00:00:21.300 I/OMXClient(  442): MuxOMX ctor
09-01 00:00:21.301 I/OMXMaster(  178): makeComponentInstance(OMX.google.vorbis.decoder) in mediacodec process
09-01 00:00:21.351 I/MediaExtractor(  181): Autodetected media content as 'application/ogg' with confidence 0.20
09-01 00:00:21.365 I/MediaPlayerService(  182): MediaPlayerService::getOMX
09-01 00:00:21.367 I/OMXClient(  567): MuxOMX ctor
09-01 00:00:21.373 I/OMXMaster(  178): makeComponentInstance(OMX.google.vorbis.decoder) in mediacodec process
09-01 00:00:21.385 I/art     (  567): Background partial concurrent mark sweep GC freed 7952(957KB) AllocSpace objects, 0(0B) LOS objects, 40% free, 2MB/4MB, paused 6.374ms total 102.345ms
09-01 00:00:21.398 I/MediaExtractor(  181): Autodetected media content as 'application/ogg' with confidence 0.20
09-01 00:00:21.419 I/MediaPlayerService(  182): MediaPlayerService::getOMX
09-01 00:00:21.421 I/OMXClient(  442): MuxOMX ctor
09-01 00:00:21.423 I/OMXMaster(  178): makeComponentInstance(OMX.google.vorbis.decoder) in mediacodec process
09-01 00:00:21.478 I/MediaExtractor(  181): Autodetected media content as 'application/ogg' with confidence 0.20
09-01 00:00:21.481 W/System  (  567): ClassLoader referenced unknown path: 
09-01 00:00:21.483 D/ApplicationLoaders(  567): ignored Vulkan layer search path /system/app/Camera2/lib/arm:/system/app/Camera2/Camera2.apk!/lib/armeabi-v7a:/system/lib:/vendor/lib for namespace 0xb4c30090
09-01 00:00:21.485 I/MediaPlayerService(  182): MediaPlayerService::getOMX
09-01 00:00:21.486 I/OMXClient(  442): MuxOMX ctor
09-01 00:00:21.488 I/OMXMaster(  178): makeComponentInstance(OMX.google.vorbis.decoder) in mediacodec process
09-01 00:00:21.614 I/MediaExtractor(  181): Autodetected media content as 'application/ogg' with confidence 0.20
09-01 00:00:21.623 I/MediaPlayerService(  182): MediaPlayerService::getOMX
09-01 00:00:21.624 I/OMXClient(  442): MuxOMX ctor
09-01 00:00:21.626 I/OMXMaster(  178): makeComponentInstance(OMX.google.vorbis.decoder) in mediacodec process
09-01 00:00:21.675 D/LocalBluetoothProfileManager(  567): Adding local MAP profile
09-01 00:00:21.677 D/BluetoothMap(  567): Create BluetoothMap proxy object
09-01 00:00:21.685 D/LocalBluetoothProfileManager(  567): LocalBluetoothProfileManager construction complete
09-01 00:00:21.712 I/CameraManagerGlobal(  567): Connecting to camera service
09-01 00:00:21.719 I/StatusBar(  567): isKeyguardShowing() called before startKeyguard(), returning true
09-01 00:00:21.721 W/StatusBar(  567): isKeyguardSecure() called before startKeyguard(), returning false
09-01 00:00:21.721 W/StatusBar(  567): java.lang.Throwable
09-01 00:00:21.721 W/StatusBar(  567): 	at com.android.systemui.statusbar.BaseStatusBar.isKeyguardSecure(BaseStatusBar.java:2652)
09-01 00:00:21.721 W/StatusBar(  567): 	at com.android.systemui.statusbar.BaseStatusBar.isCameraAllowedByAdmin(BaseStatusBar.java:2675)
09-01 00:00:21.721 W/StatusBar(  567): 	at com.android.systemui.statusbar.phone.KeyguardBottomAreaView.updateCameraVisibility(KeyguardBottomAreaView.java:309)
09-01 00:00:21.721 W/StatusBar(  567): 	at com.android.systemui.statusbar.phone.KeyguardBottomAreaView.setPhoneStatusBar(KeyguardBottomAreaView.java:272)
09-01 00:00:21.721 W/StatusBar(  567): 	at com.android.systemui.statusbar.phone.PhoneStatusBar.makeStatusBarView(PhoneStatusBar.java:909)
09-01 00:00:21.721 W/StatusBar(  567): 	at com.android.systemui.statusbar.phone.PhoneStatusBar.addStatusBarWindow(PhoneStatusBar.java:3467)
09-01 00:00:21.721 W/StatusBar(  567): 	at com.android.systemui.statusbar.phone.PhoneStatusBar.createAndAddWindows(PhoneStatusBar.java:3463)
09-01 00:00:21.721 W/StatusBar(  567): 	at com.android.systemui.statusbar.BaseStatusBar.start(BaseStatusBar.java:763)
09-01 00:00:21.721 W/StatusBar(  567): 	at com.android.systemui.statusbar.phone.PhoneStatusBar.start(PhoneStatusBar.java:687)
09-01 00:00:21.721 W/StatusBar(  567): 	at com.android.systemui.statusbar.SystemBars.createStatusBarFromConfig(SystemBars.java:106)
09-01 00:00:21.721 W/StatusBar(  567): 	at com.android.systemui.statusbar.SystemBars.onNoService(SystemBars.java:58)
09-01 00:00:21.721 W/StatusBar(  567): 	at com.android.systemui.statusbar.ServiceMonitor.startService(ServiceMonitor.java:230)
09-01 00:00:21.721 W/StatusBar(  567): 	at com.android.systemui.statusbar.ServiceMonitor.-wrap5(ServiceMonitor.java)
09-01 00:00:21.721 W/StatusBar(  567): 	at com.android.systemui.statusbar.ServiceMonitor$1.handleMessage(ServiceMonitor.java:73)
09-01 00:00:21.721 W/StatusBar(  567): 	at android.os.Handler.dispatchMessage(Handler.java:102)
09-01 00:00:21.721 W/StatusBar(  567): 	at android.os.Looper.loop(Looper.java:154)
09-01 00:00:21.721 W/StatusBar(  567): 	at android.app.ActivityThread.main(ActivityThread.java:6121)
09-01 00:00:21.721 W/StatusBar(  567): 	at java.lang.reflect.Method.invoke(Native Method)
09-01 00:00:21.721 W/StatusBar(  567): 	at com.android.internal.os.ZygoteInit$MethodAndArgsCaller.run(ZygoteInit.java:889)
09-01 00:00:21.721 W/StatusBar(  567): 	at com.android.internal.os.ZygoteInit.main(ZygoteInit.java:779)
09-01 00:00:21.724 I/StatusBar(  567): isKeyguardShowing() called before startKeyguard(), returning true
09-01 00:00:21.727 W/StatusBar(  567): isKeyguardSecure() called before startKeyguard(), returning false
09-01 00:00:21.727 W/StatusBar(  567): java.lang.Throwable
09-01 00:00:21.727 W/StatusBar(  567): 	at com.android.systemui.statusbar.BaseStatusBar.isKeyguardSecure(BaseStatusBar.java:2652)
09-01 00:00:21.727 W/StatusBar(  567): 	at com.android.systemui.statusbar.BaseStatusBar.isCameraAllowedByAdmin(BaseStatusBar.java:2675)
09-01 00:00:21.727 W/StatusBar(  567): 	at com.android.systemui.statusbar.phone.KeyguardBottomAreaView.updateCameraVisibility(KeyguardBottomAreaView.java:309)
09-01 00:00:21.727 W/StatusBar(  567): 	at com.android.systemui.statusbar.phone.KeyguardBottomAreaView.setUserSetupComplete(KeyguardBottomAreaView.java:281)
09-01 00:00:21.727 W/StatusBar(  567): 	at com.android.systemui.statusbar.phone.PhoneStatusBar.makeStatusBarView(PhoneStatusBar.java:910)
09-01 00:00:21.727 W/StatusBar(  567): 	at com.android.systemui.statusbar.phone.PhoneStatusBar.addStatusBarWindow(PhoneStatusBar.java:3467)
09-01 00:00:21.727 W/StatusBar(  567): 	at com.android.systemui.statusbar.phone.PhoneStatusBar.createAndAddWindows(PhoneStatusBar.java:3463)
09-01 00:00:21.727 W/StatusBar(  567): 	at com.android.systemui.statusbar.BaseStatusBar.start(BaseStatusBar.java:763)
09-01 00:00:21.727 W/StatusBar(  567): 	at com.android.systemui.statusbar.phone.PhoneStatusBar.start(PhoneStatusBar.java:687)
09-01 00:00:21.727 W/StatusBar(  567): 	at com.android.systemui.statusbar.SystemBars.createStatusBarFromConfig(SystemBars.java:106)
09-01 00:00:21.727 W/StatusBar(  567): 	at com.android.systemui.statusbar.SystemBars.onNoService(SystemBars.java:58)
09-01 00:00:21.727 W/StatusBar(  567): 	at com.android.systemui.statusbar.ServiceMonitor.startService(ServiceMonitor.java:230)
09-01 00:00:21.727 W/StatusBar(  567): 	at com.android.systemui.statusbar.ServiceMonitor.-wrap5(ServiceMonitor.java)
09-01 00:00:21.727 W/StatusBar(  567): 	at com.android.systemui.statusbar.ServiceMonitor$1.handleMessage(ServiceMonitor.java:73)
09-01 00:00:21.727 W/StatusBar(  567): 	at android.os.Handler.dispatchMessage(Handler.java:102)
09-01 00:00:21.727 W/StatusBar(  567): 	at android.os.Looper.loop(Looper.java:154)
09-01 00:00:21.727 W/StatusBar(  567): 	at android.app.ActivityThread.main(ActivityThread.java:6121)
09-01 00:00:21.727 W/StatusBar(  567): 	at java.lang.reflect.Method.invoke(Native Method)
09-01 00:00:21.727 W/StatusBar(  567): 	at com.android.internal.os.ZygoteInit$MethodAndArgsCaller.run(ZygoteInit.java:889)
09-01 00:00:21.727 W/StatusBar(  567): 	at com.android.internal.os.ZygoteInit.main(ZygoteInit.java:779)
09-01 00:00:21.841 E/ActivityThread(  567): Failed to find provider info for com.android.contacts
09-01 00:00:21.841 I/StatusBar(  567): isKeyguardShowing() called before startKeyguard(), returning true
09-01 00:00:21.843 W/StatusBar(  567): isKeyguardSecure() called before startKeyguard(), returning false
09-01 00:00:21.843 W/StatusBar(  567): java.lang.Throwable
09-01 00:00:21.843 W/StatusBar(  567): 	at com.android.systemui.statusbar.BaseStatusBar.isKeyguardSecure(BaseStatusBar.java:2652)
09-01 00:00:21.843 W/StatusBar(  567): 	at com.android.systemui.statusbar.BaseStatusBar.isCameraAllowedByAdmin(BaseStatusBar.java:2675)
09-01 00:00:21.843 W/StatusBar(  567): 	at com.android.systemui.statusbar.phone.KeyguardBottomAreaView.updateCameraVisibility(KeyguardBottomAreaView.java:309)
09-01 00:00:21.843 W/StatusBar(  567): 	at com.android.systemui.statusbar.phone.KeyguardBottomAreaView.setUserSetupComplete(KeyguardBottomAreaView.java:281)
09-01 00:00:21.843 W/StatusBar(  567): 	at com.android.systemui.statusbar.phone.PhoneStatusBar$1.onChange(PhoneStatusBar.java:445)
09-01 00:00:21.843 W/StatusBar(  567): 	at com.android.systemui.statusbar.phone.PhoneStatusBar.resetUserSetupObserver(PhoneStatusBar.java:3714)
09-01 00:00:21.843 W/StatusBar(  567): 	at com.android.systemui.statusbar.phone.PhoneStatusBar.makeStatusBarView(PhoneStatusBar.java:1014)
09-01 00:00:21.843 W/StatusBar(  567): 	at com.android.systemui.statusbar.phone.PhoneStatusBar.addStatusBarWindow(PhoneStatusBar.java:3467)
09-01 00:00:21.843 W/StatusBar(  567): 	at com.android.systemui.statusbar.phone.PhoneStatusBar.createAndAddWindows(PhoneStatusBar.java:3463)
09-01 00:00:21.843 W/StatusBar(  567): 	at com.android.systemui.statusbar.BaseStatusBar.start(BaseStatusBar.java:763)
09-01 00:00:21.843 W/StatusBar(  567): 	at com.android.systemui.statusbar.phone.PhoneStatusBar.start(PhoneStatusBar.java:687)
09-01 00:00:21.843 W/StatusBar(  567): 	at com.android.systemui.statusbar.SystemBars.createStatusBarFromConfig(SystemBars.java:106)
09-01 00:00:21.843 W/StatusBar(  567): 	at com.android.systemui.statusbar.SystemBars.onNoService(SystemBars.java:58)
09-01 00:00:21.843 W/StatusBar(  567): 	at com.android.systemui.statusbar.ServiceMonitor.startService(ServiceMonitor.java:230)
09-01 00:00:21.843 W/StatusBar(  567): 	at com.android.systemui.statusbar.ServiceMonitor.-wrap5(ServiceMonitor.java)
09-01 00:00:21.843 W/StatusBar(  567): 	at com.android.systemui.statusbar.ServiceMonitor$1.handleMessage(ServiceMonitor.java:73)
09-01 00:00:21.843 W/StatusBar(  567): 	at android.os.Handler.dispatchMessage(Handler.java:102)
09-01 00:00:21.843 W/StatusBar(  567): 	at android.os.Looper.loop(Looper.java:154)
09-01 00:00:21.843 W/StatusBar(  567): 	at android.app.ActivityThread.main(ActivityThread.java:6121)
09-01 00:00:21.843 W/StatusBar(  567): 	at java.lang.reflect.Method.invoke(Native Method)
09-01 00:00:21.843 W/StatusBar(  567): 	at com.android.internal.os.ZygoteInit$MethodAndArgsCaller.run(ZygoteInit.java:889)
09-01 00:00:21.843 W/StatusBar(  567): 	at com.android.internal.os.ZygoteInit.main(ZygoteInit.java:779)
09-01 00:00:21.847 D/OpenGLRenderer(  567): profile bars disabled
09-01 00:00:21.848 D/OpenGLRenderer(  567): ambientRatio = 1.50
09-01 00:00:21.863 D/PhoneStatusBar(  567): disable: < EXPAND* icons alerts system_info BACK* HOME* RECENT* clock SEARCH* quick_settings >
09-01 00:00:21.972 D/PhoneStatusBar(  567): heads up is enabled
09-01 00:00:22.080 I/art     (  567): Background sticky concurrent mark sweep GC freed 61(4KB) AllocSpace objects, 0(0B) LOS objects, 0% free, 5MB/5MB, paused 10.322ms total 31.091ms
09-01 00:00:22.149 I/art     (  442): Background partial concurrent mark sweep GC freed 14103(1206KB) AllocSpace objects, 10(556KB) LOS objects, 33% free, 4MB/7MB, paused 10.124ms total 153.622ms
09-01 00:00:22.164 W/KeyguardUpdateMonitor(  567): invalid subId in handleSimStateChange()
09-01 00:00:22.166 I/ActivityManager(  442): Setting hasTopUi=true for pid=567
09-01 00:00:22.166 I/SurfaceFlinger(  127): Boot is finished (19680 ms)
09-01 00:00:22.210 D/PhoneStatusBar(  567): disable: < EXPAND ICONS* alerts SYSTEM_INFO* BACK HOME RECENT clock SEARCH quick_settings >
09-01 00:00:22.228 W/FingerprintManager(  567): isFingerprintHardwareDetected(): Service not connected!
09-01 00:00:22.228 D/PhoneStatusBar(  567): disable: < EXPAND ICONS alerts SYSTEM_INFO BACK HOME RECENT clock SEARCH quick_settings >
09-01 00:00:22.230 W/FingerprintManager(  567): isFingerprintHardwareDetected(): Service not connected!
09-01 00:00:22.250 W/FingerprintManager(  567): isFingerprintHardwareDetected(): Service not connected!
09-01 00:00:22.260 V/KeyguardServiceDelegate(  442): **** SHOWN CALLED ****
09-01 00:00:22.260 I/Choreographer(  567): Skipped 51 frames!  The application may be doing too much work on its main thread.
09-01 00:00:22.277 I/SystemServiceManager(  442): Starting phase 1000
09-01 00:00:22.278 D/ViewRootImpl[StatusBar](  567): changeCanvasOpacity: opaque=true
09-01 00:00:22.305 I/ActivityManager(  442): Start proc 864:android.ext.services/u0a8 for on-hold
09-01 00:00:22.308 D/ActivityManager(  442): Finishing user boot 0
09-01 00:00:22.313 D/CryptdConnector(  442): SND -> {5 cryptfs prepare_user_storage ! 0 0 2}
09-01 00:00:22.315 D/vold    (  131): e4crypt_prepare_user_storage for volume null, user 0, serial 0, flags 2
09-01 00:00:22.315 D/vold    (  131): Preparing: /data/system_ce/0
09-01 00:00:22.316 D/vold    (  131): Preparing: /data/misc_ce/0
09-01 00:00:22.316 D/vold    (  131): Preparing: /data/media/0
09-01 00:00:22.316 D/vold    (  131): Preparing: /data/data
09-01 00:00:22.317 D/CryptdConnector(  442): RCV <- {200 5 Command succeeded}
09-01 00:00:22.318 V/UserManagerService(  442): Found /data/user/0 with serial number 0
09-01 00:00:22.318 V/UserManagerService(  442): Found /data/system_ce/0 with serial number 0
09-01 00:00:22.320 V/PackageManager(  442): reconcileAppsData for null u0 0x2
09-01 00:00:22.430 I/bootstat(  889): Service started: /system/bin/bootstat --record_boot_complete 
09-01 00:00:22.432 I/bootstat(  889): Logging histogram: bootstat_mtime_matches_content 1
09-01 00:00:22.444 I/bootstat(  889): Logging histogram: bootstat_mtime_matches_content 1
09-01 00:00:22.445 I/bootstat(  889): Logging histogram: bootstat_mtime_matches_content 1
09-01 00:00:22.471 I/bootstat(  890): Service started: /system/bin/bootstat --record_boot_reason 
09-01 00:00:22.471 I/bootstat(  890): Unknown boot reason: 
09-01 00:00:22.498 I/bootstat(  891): Service started: /system/bin/bootstat --record_time_since_factory_reset 
09-01 00:00:22.498 I/bootstat(  891): Logging histogram: factory_reset_current_time 1251763222
09-01 00:00:22.501 I/bootstat(  891): Logging histogram: bootstat_mtime_matches_content 1
09-01 00:00:22.501 I/bootstat(  891): Logging histogram: factory_reset_record_value 1251763240
09-01 00:00:22.528 I/bootstat(  892): Service started: /system/bin/bootstat -l 
09-01 00:00:22.528 I/bootstat(  892): Logging histogram: bootstat_mtime_matches_content 1
09-01 00:00:22.529 I/bootstat(  892): Logging histogram: bootstat_mtime_matches_content 1
09-01 00:00:22.529 I/bootstat(  892): Logging histogram: bootstat_mtime_matches_content 1
09-01 00:00:22.529 I/bootstat(  892): Logging histogram: bootstat_mtime_matches_content 1
09-01 00:00:22.530 I/bootstat(  892): Logging histogram: bootstat_mtime_matches_content 1
09-01 00:00:22.531 I/bootstat(  892): Logging histogram: bootstat_mtime_matches_content 1
09-01 00:00:22.531 I/bootstat(  892): Logging histogram: bootstat_mtime_matches_content 1
09-01 00:00:22.531 I/bootstat(  892): Logging histogram: bootstat_mtime_matches_content 1
09-01 00:00:22.531 I/bootstat(  892): Logging histogram: bootstat_mtime_matches_content 1
09-01 00:00:22.531 I/bootstat(  892): Logging histogram: bootstat_mtime_matches_content 1
09-01 00:00:22.531 I/bootstat(  892): Logging histogram: bootstat_mtime_matches_content 1
09-01 00:00:22.531 I/bootstat(  892): Logging histogram: bootstat_mtime_matches_content 1
09-01 00:00:22.531 I/bootstat(  892): Logging histogram: bootstat_mtime_matches_content 1
09-01 00:00:22.531 I/bootstat(  892): Logging histogram: bootstat_mtime_matches_content 1
09-01 00:00:22.532 I/bootstat(  892): Logging histogram: post_decrypt_time_elapsed 3
09-01 00:00:22.532 I/bootstat(  892): Logging histogram: last_boot_time_utc 1251763222
09-01 00:00:22.532 I/bootstat(  892): Logging histogram: build_date 1548182105
09-01 00:00:22.532 I/bootstat(  892): Logging histogram: boot_decryption_complete 23
09-01 00:00:22.532 I/bootstat(  892): Logging histogram: ota_boot_complete_post_decrypt 37
09-01 00:00:22.532 I/bootstat(  892): Logging histogram: ota_boot_complete 40
09-01 00:00:22.532 I/bootstat(  892): Logging histogram: boot_reason 1
09-01 00:00:22.532 I/bootstat(  892): Logging histogram: factory_reset_current_time 1251763222
09-01 00:00:22.532 I/bootstat(  892): Logging histogram: factory_reset 1251763240
09-01 00:00:22.532 I/bootstat(  892): Logging histogram: time_since_last_boot 0
09-01 00:00:22.532 I/bootstat(  892): Logging histogram: boot_complete_post_decrypt 20
09-01 00:00:22.532 I/bootstat(  892): Logging histogram: boot_complete 23
09-01 00:00:22.532 I/bootstat(  892): Logging histogram: factory_reset_record_value 1251763240
09-01 00:00:22.532 I/bootstat(  892): Logging histogram: time_since_factory_reset -18
09-01 00:00:22.715 V/PackageManager(  442): reconcileAppsData finished 69 packages
09-01 00:00:22.716 W/art     (  442): Long monitor contention with owner android.display (463) at void com.android.server.am.ActivityManagerService.finishBooting()(ActivityManagerService.java:6852) waiters=1 in android.content.pm.UserInfo com.android.server.am.UserController.getCurrentUser() for 419ms
09-01 00:00:22.717 W/art     (  442): Long monitor contention with owner android.display (463) at void com.android.server.am.ActivityManagerService.finishBooting()(ActivityManagerService.java:6852) waiters=2 in void com.android.server.am.BroadcastQueue.processNextBroadcast(boolean) for 408ms
09-01 00:00:22.724 D/BluetoothManagerService(  442): User 0 unlocked
09-01 00:00:22.724 D/MountService(  442): onUnlockUser 0
09-01 00:00:22.725 D/WIFI    (  442): Registering NetworkFactory
09-01 00:00:22.725 D/WIFI_UT (  442): Registering NetworkFactory
09-01 00:00:22.725 D/ConnectivityService(  442): Got NetworkFactory Messenger for WIFI
09-01 00:00:22.725 D/ConnectivityService(  442): Got NetworkFactory Messenger for WIFI_UT
09-01 00:00:22.726 D/BluetoothManagerService(  442): MESSAGE_USER_UNLOCKED
09-01 00:00:22.727 D/WIFI    (  442): got request NetworkRequest [ REQUEST id=1, [ Capabilities: INTERNET&NOT_RESTRICTED&TRUSTED&NOT_VPN] ] with score 0
09-01 00:00:22.727 D/WIFI_UT (  442): got request NetworkRequest [ REQUEST id=1, [ Capabilities: INTERNET&NOT_RESTRICTED&TRUSTED&NOT_VPN] ] with score 0
09-01 00:00:22.730 I/Choreographer(  442): Skipped 34 frames!  The application may be doing too much work on its main thread.
09-01 00:00:22.732 D/VoldConnector(  442): SND -> {6 volume user_started 0}
09-01 00:00:22.735 D/vold    (  131): Linking /storage/emulated/0 to /mnt/user/0/primary
09-01 00:00:22.736 D/VoldConnector(  442): RCV <- {200 6 Command succeeded}
09-01 00:00:22.750 D/MountService(  442): Volume emulated broadcasting mounted to UserHandle{0}
09-01 00:00:22.753 I/ActivityManager(  442): Start proc 895:com.android.deskclock/u0a31 for broadcast com.android.deskclock/.AlarmInitReceiver
09-01 00:00:22.809 W/System  (  864): ClassLoader referenced unknown path: /system/priv-app/ExtServices/lib/arm
09-01 00:00:22.972 I/SELinux (  442): SELinux: Loaded file_contexts contexts from /file_contexts.bin.
09-01 00:00:22.985 I/ActivityManager(  442): Loading recents for user 0 into memory.
09-01 00:00:23.000 D/ActivityManager(  442): Sending BOOT_COMPLETE user #0
09-01 00:00:23.007 I/InputAttributes(  538): InputType.TYPE_NULL is specified
09-01 00:00:23.049 D/FallbackHome(  670): User unlocked and real home found; let's go!
09-01 00:00:23.054 D/CarrierSvcBindHelper(  653): Received android.intent.action.USER_UNLOCKED
09-01 00:00:23.113 I/ActivityManager(  442): Start proc 927:com.android.smspush/u0a49 for service com.android.smspush/.WapPushManager
09-01 00:00:23.124 W/System  (  895): ClassLoader referenced unknown path: /system/app/DeskClock/lib/arm
09-01 00:00:23.148 I/OpenGLRenderer(  567): Initialized EGL, version 1.4
09-01 00:00:23.148 D/OpenGLRenderer(  567): Swap behavior 1
09-01 00:00:23.192 W/ResourceType(  442): No known package when getting value for resource number 0x7f0200fc
09-01 00:00:23.192 W/ResourceType(  442): No known package when getting value for resource number 0x7f0e03ac
09-01 00:00:23.192 W/ResourceType(  442): No known package when getting value for resource number 0x7f0200fb
09-01 00:00:23.192 W/ResourceType(  442): No known package when getting value for resource number 0x7f0e0930
09-01 00:00:23.193 W/ResourceType(  442): No known package when getting value for resource number 0x7f0200fa
09-01 00:00:23.193 W/ResourceType(  442): No known package when getting value for resource number 0x7f0e07ea
09-01 00:00:23.202 I/art     (  442): Background sticky concurrent mark sweep GC freed 31038(2MB) AllocSpace objects, 2(40KB) LOS objects, 29% free, 5MB/7MB, paused 5.529ms total 105.411ms
09-01 00:00:23.204 I/AccountManagerService(  442): User 0 is unlocked - opening CE database
09-01 00:00:23.218 I/ActivityManager(  442): Start proc 943:com.android.keychain/1000 for service com.android.keychain/.KeyChainService
09-01 00:00:23.271 W/art     (  442): Long monitor contention with owner Thread-5 (912) at java.lang.Object[] java.util.ArrayList.toArray(java.lang.Object[])(ArrayList.java:-1) waiters=0 in void com.android.server.pm.ShortcutService.handleOnUidStateChanged(int, int) for 103ms
09-01 00:00:23.282 D/WifiService(  442): New client listening to asynchronous messages
09-01 00:00:23.297 I/ActivityManager(  442): START u0 {act=android.intent.action.MAIN cat=[android.intent.category.HOME] flg=0x10000100 cmp=com.android.launcher3/.Launcher} from uid 0 on display 0
09-01 00:00:23.323 W/System  (  927): ClassLoader referenced unknown path: /system/app/WAPPushManager/lib/arm
09-01 00:00:23.357 I/ActivityManager(  442): Start proc 969:com.android.launcher3/u0a39 for activity com.android.launcher3/.Launcher
09-01 00:00:23.460 W/System  (  943): ClassLoader referenced unknown path: /system/app/KeyChain/lib/arm
09-01 00:00:23.461 W/FingerprintManager(  567): isFingerprintHardwareDetected(): Service not connected!
09-01 00:00:23.464 W/FingerprintManager(  567): isFingerprintHardwareDetected(): Service not connected!
09-01 00:00:23.469 W/KeyguardUpdateMonitor(  567): invalid subId in handleServiceStateChange()
09-01 00:00:23.469 I/Choreographer(  567): Skipped 93 frames!  The application may be doing too much work on its main thread.
09-01 00:00:23.515 W/System  (  969): ClassLoader referenced unknown path: /system/app/Launcher3/lib/arm
09-01 00:00:23.536 D/PhoneStatusBar(  567): disable: < expand* ICONS alerts SYSTEM_INFO back* HOME RECENT clock SEARCH quick_settings >
09-01 00:00:23.686 D/LauncherProvider(  969): Launcher process started
09-01 00:00:23.727 I/AlarmClock(  895): AlarmInitReceiver android.intent.action.LOCKED_BOOT_COMPLETED
09-01 00:00:23.780 V/Launcher(  969): LauncherAppState inited
09-01 00:00:23.787 D/AlarmClock/Events(  895): [Stopwatch] [Reset] [Reboot]
09-01 00:00:23.853 V/AlarmClock(  895): AlarmInitReceiver finished
09-01 00:00:23.872 I/ActivityManager(  442): Start proc 998:android.process.media/u0a7 for broadcast com.android.providers.downloads/.DownloadReceiver
09-01 00:00:23.890 W/KeyguardUpdateMonitor(  567): invalid subId in handleSimStateChange()
09-01 00:00:23.961 W/ActivityManager(  442): Activity pause timeout for ActivityRecord{aab8263 u0 com.android.launcher3/.Launcher t2}
09-01 00:00:23.984 W/ProcessCpuTracker(  442): Skipping unknown process pid 1003
09-01 00:00:24.033 W/System  (  998): ClassLoader referenced unknown path: /system/priv-app/DownloadProvider/lib/arm
09-01 00:00:24.074 I/art     (  442): Starting a blocking GC Explicit
09-01 00:00:24.181 W/System  (  998): ClassLoader referenced unknown path: /system/priv-app/MediaProvider/lib/arm
09-01 00:00:24.183 D/ApplicationLoaders(  998): ignored Vulkan layer search path /system/priv-app/MediaProvider/lib/arm:/system/priv-app/MediaProvider/MediaProvider.apk!/lib/armeabi-v7a:/system/lib:/vendor/lib for namespace 0xb4c30090
09-01 00:00:24.188 I/art     (  442): Explicit concurrent mark sweep GC freed 9618(733KB) AllocSpace objects, 5(104KB) LOS objects, 33% free, 4MB/7MB, paused 2.488ms total 114.088ms
09-01 00:00:24.483 V/GridSizeMigrationTask(  969): Workspace migration completed in 51
09-01 00:00:24.484 D/Launcher.Model(  969): loadWorkspace: loading default favorites
09-01 00:00:24.519 I/OpenGLRenderer(  969): Initialized EGL, version 1.4
09-01 00:00:24.519 D/OpenGLRenderer(  969): Swap behavior 1
09-01 00:00:24.598 I/ActivityManager(  442): Displayed com.android.launcher3/.Launcher: +1s138ms (total +1s260ms)
09-01 00:00:24.700 D/MediaScannerReceiver(  998): action: android.intent.action.MEDIA_MOUNTED path: /storage/emulated/0
09-01 00:00:24.758 D/CarrierConfigLoader(  653): mHandler: 13 phoneId: 0
09-01 00:00:24.765 I/RecoverySystem(  442): No recovery log file
09-01 00:00:24.777 I/ActivityManager(  442): Start proc 1049:com.android.calendar/u0a26 for broadcast com.android.calendar/.alerts.AlertReceiver
09-01 00:00:24.779 I/BootReceiver(  442): Copying audit failures to DropBox
09-01 00:00:24.779 I/BootReceiver(  442): Checking for fsck errors
09-01 00:00:24.849 W/System  ( 1049): ClassLoader referenced unknown path: /system/app/Calendar/lib/arm
09-01 00:00:24.958 D/ExtensionsFactory( 1049): No custom extensions.
09-01 00:00:24.976 D/AlertReceiver( 1049): onReceive: a=android.intent.action.BOOT_COMPLETED Intent { act=android.intent.action.BOOT_COMPLETED flg=0x9000010 cmp=com.android.calendar/.alerts.AlertReceiver (has extras) }
09-01 00:00:24.983 I/AlarmClock(  895): AlarmInitReceiver android.intent.action.BOOT_COMPLETED
09-01 00:00:25.022 I/LatinIME(  538): Timeout waiting for dictionary load
09-01 00:00:25.040 V/MediaScanner(  998): pruneDeadThumbnailFiles... android.content.ContentProviderClient$CursorWrapperInner@f4a248f
09-01 00:00:25.041 D/AlertService( 1049): 0 Action = android.intent.action.BOOT_COMPLETED
09-01 00:00:25.043 V/MediaScanner(  998): /pruneDeadThumbnailFiles... android.content.ContentProviderClient$CursorWrapperInner@f4a248f
09-01 00:00:25.045 V/AlarmClock(  895): AlarmInitReceiver finished
09-01 00:00:25.051 I/ActivityManager(  442): Start proc 1074:com.android.email/u0a33 for broadcast com.android.email/.service.EmailBroadcastReceiver
09-01 00:00:25.059 D/AlertService( 1049): Scheduling next alarm with AlarmScheduler. sEventReminderReceived: null
09-01 00:00:25.091 I/ActivityManager(  442): Start proc 1089:com.android.providers.calendar/u0a2 for content provider com.android.providers.calendar/.CalendarProvider2
09-01 00:00:25.127 W/System  ( 1074): ClassLoader referenced unknown path: /system/app/Email/lib/arm
09-01 00:00:25.175 W/System  ( 1089): ClassLoader referenced unknown path: /system/priv-app/CalendarProvider/lib/arm
09-01 00:00:25.382 I/CalendarProvider2( 1089): Created com.android.providers.calendar.CalendarAlarmManager@d67ad31(com.android.providers.calendar.CalendarProvider2@cfdc16)
09-01 00:00:25.458 D/AlarmScheduler( 1049): No events found starting within 1 week.
09-01 00:00:25.588 W/ActivityManager(  442): Unable to start service Intent { act=com.android.email.EXCHANGE_INTENT pkg=com.android.exchange } U=0: not found
09-01 00:00:25.619 D/ActivityThread( 1074): Loading provider com.android.email.provider;com.android.email.notifier: com.android.email.provider.EmailProvider
