--------- beginning of main
08-31 23:59:59.643 W/auditd  (  125): type=2000 audit(0.0:1): initialized
09-01 00:00:01.591 I/auditd  (  125): type=1403 audit(0.0:2): policy loaded auid=4294967295 ses=4294967295
09-01 00:00:01.592 W/auditd  (  125): type=1404 audit(0.0:3): enforcing=1 old_enforcing=0 auid=4294967295 ses=4294967295
09-01 00:00:02.042 W/e2fsck  (  117): type=1400 audit(0.0:4): avc: denied { getattr } for path="/dev/block/mmcblk0p5" dev="tmpfs" ino=10058 scontext=u:r:fsck:s0 tcontext=u:object_r:block_device:s0 tclass=blk_file permissive=0
09-01 00:00:02.043 W/e2fsck  (  117): type=1400 audit(0.0:5): avc: denied { getattr } for path="/dev/block/mmcblk0p5" dev="tmpfs" ino=10058 scontext=u:r:fsck:s0 tcontext=u:object_r:block_device:s0 tclass=blk_file permissive=0
09-01 00:00:02.043 W/e2fsck  (  117): type=1400 audit(0.0:6): avc: denied { read write } for name="mmcblk0p5" dev="tmpfs" ino=10058 scontext=u:r:fsck:s0 tcontext=u:object_r:block_device:s0 tclass=blk_file permissive=0
09-01 00:00:02.104 W/e2fsck  (  122): type=1400 audit(0.0:7): avc: denied { getattr } for path="/dev/block/mmcblk0p8" dev="tmpfs" ino=10067 scontext=u:r:fsck:s0 tcontext=u:object_r:block_device:s0 tclass=blk_file permissive=0
09-01 00:00:02.105 W/e2fsck  (  122): type=1400 audit(0.0:8): avc: denied { getattr } for path="/dev/block/mmcblk0p8" dev="tmpfs" ino=10067 scontext=u:r:fsck:s0 tcontext=u:object_r:block_device:s0 tclass=blk_file permissive=0
09-01 00:00:02.105 W/e2fsck  (  122): type=1400 audit(0.0:9): avc: denied { read write } for name="mmcblk0p8" dev="tmpfs" ino=10067 scontext=u:r:fsck:s0 tcontext=u:object_r:block_device:s0 tclass=blk_file permissive=0
09-01 00:00:02.360 I/        (  130): debuggerd: starting
--------- beginning of system
09-01 00:00:02.475 I/vold    (  131): Vold 3.0 (the awakening) firing up
09-01 00:00:02.475 V/vold    (  131): Detected support for: exfat ext4 ntfs vfat
09-01 00:00:02.494 I/SurfaceFlinger(  127): SurfaceFlinger is starting
09-01 00:00:02.496 I/SurfaceFlinger(  127): SurfaceFlinger's main thread ready to run. Initializing graphics H/W...
09-01 00:00:02.516 D/libEGL  (  127): loaded /system/lib/egl/libGLES_mali.so
09-01 00:00:02.518 D/vold    (  131): e4crypt_init_user0
09-01 00:00:02.523 D/vold    (  131): e4crypt_prepare_user_storage for volume null, user 0, serial 0, flags 1
09-01 00:00:02.523 D/vold    (  131): Preparing: /data/system/users/0
09-01 00:00:02.525 D/vold    (  131): Preparing: /data/misc/profiles/cur/0
09-01 00:00:02.528 D/vold    (  131): Preparing: /data/misc/profiles/cur/0/foreign-dex
09-01 00:00:02.531 D/vold    (  131): Preparing: /data/system_de/0
09-01 00:00:02.533 D/vold    (  131): Preparing: /data/misc_de/0
09-01 00:00:02.536 D/vold    (  131): Preparing: /data/user_de/0
09-01 00:00:02.539 D/vold    (  131): e4crypt_unlock_user_key 0 serial=0 token_present=0
09-01 00:00:02.544 I/vdc     (    1): 200 140 Command succeeded
09-01 00:00:02.590 I//system/bin/tzdatacheck(  147): tzdata file /data/misc/zoneinfo/current/tzdata does not exist. No action required.
09-01 00:00:02.634 I/bootstat(  148): Service started: /system/bin/bootstat -r post_decrypt_time_elapsed 
09-01 00:00:02.684 I/SurfaceFlinger(  127): Using composer version 1.4
09-01 00:00:02.684 I/SurfaceFlinger(  127): EGL information:
09-01 00:00:02.685 I/SurfaceFlinger(  127): vendor    : Android
09-01 00:00:02.685 I/SurfaceFlinger(  127): version   : 1.4 Android META-EGL
09-01 00:00:02.685 I/SurfaceFlinger(  127): extensions: EGL_KHR_get_all_proc_addresses EGL_ANDROID_presentation_time EGL_KHR_swap_buffers_with_damage EGL_ANDROID_create_native_client_buffer EGL_ANDROID_front_buffer_auto_refresh EGL_KHR_image EGL_KHR_image_base EGL_KHR_image_pixmap EGL_KHR_gl_texture_2D_image EGL_KHR_gl_texture_cubemap_image EGL_KHR_gl_renderbuffer_image EGL_KHR_fence_sync EGL_KHR_create_context EGL_EXT_create_context_robustness EGL_ANDROID_image_native_buffer EGL_ANDROID_recordable EGL_KHR_partial_update EGL_KHR_create_context_no_error EGL_EXT_yuv_surface 
09-01 00:00:02.685 I/SurfaceFlinger(  127): Client API: OpenGL_ES
09-01 00:00:02.685 I/SurfaceFlinger(  127): EGLSurface: 8-8-8-0, config=0x60000018
09-01 00:00:02.712 I/SurfaceFlinger(  127): OpenGL ES informations:
09-01 00:00:02.713 I/SurfaceFlinger(  127): vendor    : ARM_1.7_32BIT
09-01 00:00:02.713 I/SurfaceFlinger(  127): renderer  : Mali-400 MP
09-01 00:00:02.713 I/SurfaceFlinger(  127): version   : OpenGL ES 2.0
09-01 00:00:02.713 I/SurfaceFlinger(  127): extensions: GL_EXT_debug_marker GL_OES_texture_npot GL_OES_vertex_array_object GL_OES_compressed_ETC1_RGB8_texture GL_EXT_compressed_ETC1_RGB8_sub_texture GL_OES_standard_derivatives GL_OES_EGL_image GL_OES_depth24 GL_ARM_rgba8 GL_ARM_mali_shader_binary GL_OES_depth_texture GL_OES_packed_depth_stencil GL_EXT_texture_format_BGRA8888 GL_OES_vertex_half_float GL_EXT_blend_minmax GL_OES_EGL_image_external GL_OES_EGL_sync GL_OES_rgb8_rgba8 GL_EXT_multisampled_render_to_texture GL_EXT_discard_framebuffer GL_OES_get_program_binary GL_ARM_mali_program_binary GL_EXT_shader_texture_lod GL_EXT_robustness GL_OES_depth_texture_cube_map GL_KHR_debug GL_ARM_shader_framebuffer_fetch GL_ARM_shader_framebuffer_fetch_depth_stencil GL_OES_mapbuffer GL_KHR_no_error
09-01 00:00:02.713 I/SurfaceFlinger(  127): GL_MAX_TEXTURE_SIZE = 4096
09-01 00:00:02.713 I/SurfaceFlinger(  127): GL_MAX_VIEWPORT_DIMS = 4096
09-01 00:00:02.839 I/lowmemorykiller(  163): Using in-kernel low memory killer interface
09-01 00:00:02.875 I/        (  176): installd firing up
09-01 00:00:03.013 I/perfprofd(  186): starting Android Wide Profiling daemon
09-01 00:00:03.022 E/perfprofd(  186): unable to open configuration file /data/data/com.google.android.gms/files/perfprofd.conf
09-01 00:00:03.023 I/perfprofd(  186): random seed set to 3172513314
09-01 00:00:03.067 D/SurfaceFlinger(  127): shader cache generated - 24 shaders in 279.550507 ms
09-01 00:00:03.073 D/SurfaceFlinger(  127): Set power mode=2, type=0 flinger=0xb57b2000
09-01 00:00:03.073 D/hwc-drm-resources(  127): Display 0 SetDpmsMode 0
09-01 00:00:03.086 D/        (  127): [nexellimporter] IMPORT 0xb5515000
09-01 00:00:03.100 I/gatekeeperd(  185): Starting gatekeeperd...
09-01 00:00:03.102 W/gatekeeperd(  185): falling back to software GateKeeper
09-01 00:00:03.104 I/keystore(  177): Found keymaster0 module Keymaster OpenSSL HAL, version 2
09-01 00:00:03.108 I/SoftKeymaster(  177): system/keymaster/soft_keymaster_device.cpp, Line 131: Creating device
09-01 00:00:03.108 D/SoftKeymaster(  177): system/keymaster/soft_keymaster_device.cpp, Line 132: Device address: 0xab832000
09-01 00:00:03.111 I/keystore(  177): Keymaster0 module is software-only.  Using SoftKeymasterDevice instead.
09-01 00:00:03.111 I/SoftKeymaster(  177): system/keymaster/soft_keymaster_device.cpp, Line 131: Creating device
09-01 00:00:03.111 D/SoftKeymaster(  177): system/keymaster/soft_keymaster_device.cpp, Line 132: Device address: 0xab832200
09-01 00:00:03.124 I/Netd    (  183): Netd 1.0 starting
09-01 00:00:03.163 D/hwc-drm-resources(  127): Display 0 SetDpmsMode 0
09-01 00:00:03.166 D/TetherController(  183): Setting IP forward enable = 0
09-01 00:00:03.355 I/cameraserver(  174): ServiceManager: 0xb63193a0
09-01 00:00:03.355 I/CameraService(  174): CameraService started (pid=174)
09-01 00:00:03.355 I/CameraService(  174): CameraService process starting
09-01 00:00:03.356 W/BatteryNotifier(  174): batterystats service unavailable!
09-01 00:00:03.356 W/BatteryNotifier(  174): batterystats service unavailable!
09-01 00:00:03.369 I/CameraService(  174): Loaded "Camera HAL3" camera module
09-01 00:00:03.372 I/CameraService(  174): setUpVendorTags: No vendor tags defined for this device.
09-01 00:00:03.374 I/ServiceManager(  174): Waiting for service media.camera.proxy...
09-01 00:00:03.375 I/mediacodec(  178): @@@ mediacodecservice starting
09-01 00:00:03.381 W//system/bin/mediacodec(  178): libminijail: allowing syscall: clock_gettime
09-01 00:00:03.381 W//system/bin/mediacodec(  178): libminijail: allowing syscall: connect
09-01 00:00:03.381 W//system/bin/mediacodec(  178): libminijail: allowing syscall: fcntl64
09-01 00:00:03.381 W//system/bin/mediacodec(  178): libminijail: allowing syscall: socket
09-01 00:00:03.381 W//system/bin/mediacodec(  178): libminijail: allowing syscall: writev
09-01 00:00:03.382 W//system/bin/mediacodec(  178): libminijail: logging seccomp filter failures
09-01 00:00:03.499 I/        (  172): sMaxFastTracks = 8
09-01 00:00:03.509 I/audioserver(  172): ServiceManager: 0xb05193a0
09-01 00:00:03.512 W/BatteryNotifier(  172): batterystats service unavailable!
09-01 00:00:03.512 I/AudioFlinger(  172): Using default 3000 mSec as standby time.
09-01 00:00:03.513 I/AudioPolicyService(  172): AudioPolicyService CSTOR in new mode
09-01 00:00:03.558 I/mediaserver(  179): ServiceManager: 0xaee19400
09-01 00:00:03.570 V/MediaUtils(  181): physMem: 1846812672
09-01 00:00:03.570 V/MediaUtils(  181): requested limit: 369362520
09-01 00:00:03.570 V/MediaUtils(  181): actual limit: 369362520
09-01 00:00:03.570 V/MediaUtils(  181): original limits: 4294967295/4294967295
09-01 00:00:03.570 V/MediaUtils(  181): new limits: 369362520/4294967295
09-01 00:00:03.571 W//system/bin/mediaextractor(  181): libminijail: allowing syscall: clock_gettime
09-01 00:00:03.571 W//system/bin/mediaextractor(  181): libminijail: allowing syscall: connect
09-01 00:00:03.571 W//system/bin/mediaextractor(  181): libminijail: allowing syscall: fcntl64
09-01 00:00:03.571 W//system/bin/mediaextractor(  181): libminijail: allowing syscall: socket
09-01 00:00:03.571 W//system/bin/mediaextractor(  181): libminijail: allowing syscall: writev
09-01 00:00:03.572 W//system/bin/mediaextractor(  181): libminijail: logging seccomp filter failures
09-01 00:00:03.602 I/mediaserver(  182): ServiceManager: 0xb1819400
09-01 00:00:03.612 I/AudioFlinger(  172): loadHwModule() Loaded primary audio interface from Nexell Audio HAL (audio) handle 10
09-01 00:00:03.612 I/AudioFlinger(  172): openOutput(), module 10 Device 2, SamplingRate 48000, Format 0x000001, Channels 3, flags a
09-01 00:00:03.617 I/AudioFlinger(  172): HAL output buffer size 1920 frames, normal sink buffer size 1920 frames
09-01 00:00:03.619 W/BatteryNotifier(  182): batterystats service unavailable!
09-01 00:00:03.642 I/BufferProvider(  172): found effect "Multichannel Downmix To Stereo" from The Android Open Source Project
09-01 00:00:03.643 I/AudioFlinger(  172): AudioFlinger's thread 0xb0003180 ready to run
09-01 00:00:03.644 W/BatteryNotifier(  172): batterystats service unavailable!
09-01 00:00:03.644 W/BatteryNotifier(  172): batterystats service unavailable!
09-01 00:00:03.645 I/AudioFlinger(  172): Using module 10 has the primary audio interface
09-01 00:00:03.646 W/BatteryNotifier(  172): batterystats service unavailable!
09-01 00:00:03.646 W/AudioFlinger(  172): no wake lock to update, system not ready yet
09-01 00:00:03.648 I/AudioFlinger(  172): AudioFlinger's thread 0xafe03140 ready to run
09-01 00:00:03.653 I/bt_a2dp_hw(  172): adev_open:  adev_open in A2dp_hw module
09-01 00:00:03.653 I/AudioFlinger(  172): loadHwModule() Loaded a2dp audio interface from A2DP Audio HW HAL (audio) handle 18
09-01 00:00:03.660 I/AudioFlinger(  172): loadHwModule() Loaded usb audio interface from USB audio HW HAL (audio) handle 26
09-01 00:00:03.664 I/r_submix(  172): adev_open(name=audio_hw_if)
09-01 00:00:03.664 I/r_submix(  172): adev_init_check()
09-01 00:00:03.664 I/AudioFlinger(  172): loadHwModule() Loaded r_submix audio interface from Wifi Display audio HAL (audio) handle 34
09-01 00:00:03.664 D/r_submix(  172): adev_open_input_stream(addr=0)
09-01 00:00:03.664 D/r_submix(  172): submix_audio_device_create_pipe_l(addr=0, idx=9)
09-01 00:00:03.664 D/r_submix(  172):   now using address 0 for route 9
09-01 00:00:03.665 I/AudioFlinger(  172): AudioFlinger's thread 0xafd832c0 ready to run
09-01 00:00:03.666 D/r_submix(  172): adev_close_input_stream()
09-01 00:00:03.666 D/r_submix(  172): submix_audio_device_release_pipe_l(idx=9) addr=0
09-01 00:00:03.666 D/r_submix(  172): submix_audio_device_destroy_pipe_l(): pipe destroyed
09-01 00:00:03.667 I/RadioService(  172): RadioService
09-01 00:00:03.667 I/RadioService(  172): onFirstRef
09-01 00:00:03.667 E/RadioService(  172): couldn't load radio module radio.primary (No such file or directory)
09-01 00:00:03.668 E/SoundTriggerHwService(  172): couldn't load sound trigger module sound_trigger.primary (No such file or directory)
09-01 00:00:04.369 D/AndroidRuntime(  171): >>>>>> START com.android.internal.os.ZygoteInit uid 0 <<<<<<
09-01 00:00:04.373 D/libEGL  (  128): loaded /system/lib/egl/libGLES_mali.so
09-01 00:00:04.380 I/ServiceManager(  174): Waiting for service media.camera.proxy...
09-01 00:00:04.380 D/        (  127): [nexellimporter] IMPORT 0xb5515050
09-01 00:00:04.432 D/AndroidRuntime(  171): CheckJNI is OFF
09-01 00:00:04.451 I/art     (  171): option[0]=-Xzygote
09-01 00:00:04.451 I/art     (  171): option[1]=-Xstacktracefile:/data/anr/traces.txt
09-01 00:00:04.451 I/art     (  171): option[2]=exit
09-01 00:00:04.451 I/art     (  171): option[3]=vfprintf
09-01 00:00:04.451 I/art     (  171): option[4]=sensitiveThread
09-01 00:00:04.451 I/art     (  171): option[5]=-verbose:gc
09-01 00:00:04.451 I/art     (  171): option[6]=-Xms16m
09-01 00:00:04.451 I/art     (  171): option[7]=-Xmx512m
09-01 00:00:04.451 I/art     (  171): option[8]=-XX:HeapGrowthLimit=256m
09-01 00:00:04.451 I/art     (  171): option[9]=-XX:HeapMinFree=512k
09-01 00:00:04.451 I/art     (  171): option[10]=-XX:HeapMaxFree=8m
09-01 00:00:04.451 I/art     (  171): option[11]=-XX:HeapTargetUtilization=0.75
09-01 00:00:04.451 I/art     (  171): option[12]=-Xusejit:true
09-01 00:00:04.451 I/art     (  171): option[13]=-Xjitsaveprofilinginfo
09-01 00:00:04.451 I/art     (  171): option[14]=-agentlib:jdwp=transport=dt_android_adb,suspend=n,server=y
09-01 00:00:04.451 I/art     (  171): option[15]=-Xlockprofthreshold:500
09-01 00:00:04.451 I/art     (  171): option[16]=-Ximage-compiler-option
09-01 00:00:04.451 I/art     (  171): option[17]=--runtime-arg
09-01 00:00:04.451 I/art     (  171): option[18]=-Ximage-compiler-option
09-01 00:00:04.451 I/art     (  171): option[19]=-Xms64m
09-01 00:00:04.451 I/art     (  171): option[20]=-Ximage-compiler-option
09-01 00:00:04.451 I/art     (  171): option[21]=--runtime-arg
09-01 00:00:04.451 I/art     (  171): option[22]=-Ximage-compiler-option
09-01 00:00:04.451 I/art     (  171): option[23]=-Xmx64m
09-01 00:00:04.451 I/art     (  171): option[24]=-Ximage-compiler-option
09-01 00:00:04.452 I/art     (  171): option[25]=--image-classes=/system/etc/preloaded-classes
09-01 00:00:04.452 I/art     (  171): option[26]=-Ximage-compiler-option
09-01 00:00:04.452 I/art     (  171): option[27]=--compiled-classes=/system/etc/compiled-classes
09-01 00:00:04.452 I/art     (  171): option[28]=-Xcompiler-option
09-01 00:00:04.452 I/art     (  171): option[29]=--runtime-arg
09-01 00:00:04.452 I/art     (  171): option[30]=-Xcompiler-option
09-01 00:00:04.452 I/art     (  171): option[31]=-Xms64m
09-01 00:00:04.452 I/art     (  171): option[32]=-Xcompiler-option
09-01 00:00:04.452 I/art     (  171): option[33]=--runtime-arg
09-01 00:00:04.452 I/art     (  171): option[34]=-Xcompiler-option
09-01 00:00:04.452 I/art     (  171): option[35]=-Xmx512m
09-01 00:00:04.452 I/art     (  171): option[36]=-Xcompiler-option
09-01 00:00:04.452 I/art     (  171): option[37]=-j4
09-01 00:00:04.452 I/art     (  171): option[38]=-Ximage-compiler-option
09-01 00:00:04.452 I/art     (  171): option[39]=-j4
09-01 00:00:04.452 I/art     (  171): option[40]=-Ximage-compiler-option
09-01 00:00:04.452 I/art     (  171): option[41]=--instruction-set-variant=cortex-a9
09-01 00:00:04.452 I/art     (  171): option[42]=-Xcompiler-option
09-01 00:00:04.452 I/art     (  171): option[43]=--instruction-set-variant=cortex-a9
09-01 00:00:04.452 I/art     (  171): option[44]=-Ximage-compiler-option
09-01 00:00:04.452 I/art     (  171): option[45]=--instruction-set-features=default
09-01 00:00:04.452 I/art     (  171): option[46]=-Xcompiler-option
09-01 00:00:04.452 I/art     (  171): option[47]=--instruction-set-features=default
09-01 00:00:04.452 I/art     (  171): option[48]=-Duser.locale=en-US
09-01 00:00:04.452 I/art     (  171): option[49]=--cpu-abilist=armeabi-v7a,armeabi
09-01 00:00:04.452 I/art     (  171): option[50]=-Xfingerprint:Android/aosp_navi_ref/navi_ref:7.1.2/N2G48H/45:userdebug/dev-keys
09-01 00:00:04.606 D/        (  127): [nexellimporter] IMPORT 0xb55150a0
09-01 00:00:05.380 I/ServiceManager(  174): Waiting for service media.camera.proxy...
09-01 00:00:05.469 D/ICU     (  171): No timezone override file found: /data/misc/zoneinfo/current/icu/icu_tzdata.dat
09-01 00:00:06.243 I/Radio-JNI(  171): register_android_hardware_Radio DONE
09-01 00:00:06.324 I/SamplingProfilerIntegration(  171): Profiling disabled.
09-01 00:00:06.332 D/Zygote  (  171): begin preload
09-01 00:00:06.332 I/Zygote  (  171): Installing ICU cache reference pinning...
09-01 00:00:06.334 I/Zygote  (  171): Preloading ICU data...
09-01 00:00:06.381 I/ServiceManager(  174): Waiting for service media.camera.proxy...
09-01 00:00:06.569 I/Zygote  (  171): Preloading classes...
09-01 00:00:06.594 W/Zygote  (  171): Class not found for preloading: [Landroid.view.Display$ColorTransform;
09-01 00:00:06.650 W/BatteryNotifier(  172): batterystats service unavailable!
09-01 00:00:07.292 V/NatController(  183): runCmd(/system/bin/iptables -w -F natctrl_FORWARD) res=0
09-01 00:00:07.318 V/NatController(  183): runCmd(/system/bin/ip6tables -w -F natctrl_FORWARD) res=0
09-01 00:00:07.341 V/NatController(  183): runCmd(/system/bin/iptables -w -A natctrl_FORWARD -j DROP) res=0
09-01 00:00:07.356 E/Typeface(  171): Error mapping font file /system/fonts/DroidSansFallback.ttf
09-01 00:00:07.363 V/NatController(  183): runCmd(/system/bin/iptables -w -t nat -F natctrl_nat_POSTROUTING) res=0
09-01 00:00:07.389 V/NatController(  183): runCmd(/system/bin/ip6tables -w -t raw -F natctrl_raw_PREROUTING) res=0
09-01 00:00:07.406 V/NatController(  183): runCmd(/system/bin/iptables -w -F natctrl_tether_counters) res=1
09-01 00:00:07.432 V/NatController(  183): runCmd(/system/bin/ip6tables -w -F natctrl_tether_counters) res=1
09-01 00:00:07.458 V/NatController(  183): runCmd(/system/bin/iptables -w -X natctrl_tether_counters) res=1
09-01 00:00:07.482 V/NatController(  183): runCmd(/system/bin/ip6tables -w -X natctrl_tether_counters) res=1
09-01 00:00:07.507 V/NatController(  183): runCmd(/system/bin/iptables -w -N natctrl_tether_counters) res=0
09-01 00:00:07.531 V/NatController(  183): runCmd(/system/bin/ip6tables -w -N natctrl_tether_counters) res=0
09-01 00:00:07.555 V/NatController(  183): runCmd(/system/bin/iptables -w -t mangle -A natctrl_mangle_FORWARD -p tcp --tcp-flags SYN SYN -j TCPMSS --clamp-mss-to-pmtu) res=0
09-01 00:00:07.866 E/Netd    (  183): cannot find interface dummy0
09-01 00:00:07.870 D/MDnsDS  (  183): MDnsSdListener::Hander starting up
09-01 00:00:07.871 D/MDnsDS  (  183): MDnsSdListener starting to monitor
09-01 00:00:07.871 D/MDnsDS  (  183): Going to poll with pollCount 1
09-01 00:00:07.973 I/art     (  171): Thread[1,tid=171,Native,Thread*=0xb2005400,peer=0x12c060d0,"main"] recursive attempt to load library "/system/lib/libmedia_jni.so"
09-01 00:00:07.976 D/MtpDeviceJNI(  171): register_android_mtp_MtpDevice
09-01 00:00:07.976 I/art     (  171): Thread[1,tid=171,Native,Thread*=0xb2005400,peer=0x12c060d0,"main"] recursive attempt to load library "/system/lib/libmedia_jni.so"
09-01 00:00:07.979 I/art     (  171): Thread[1,tid=171,Native,Thread*=0xb2005400,peer=0x12c060d0,"main"] recursive attempt to load library "/system/lib/libmedia_jni.so"
09-01 00:00:08.936 W/Zygote  (  171): Class not found for preloading: android.view.Display$ColorTransform
09-01 00:00:08.936 W/Zygote  (  171): Class not found for preloading: android.view.Display$ColorTransform$1
09-01 00:00:09.333 I/System  (  171): Loaded time zone names for "" in 99ms (94ms in ICU)
09-01 00:00:09.375 I/System  (  171): Loaded time zone names for "en_US" in 41ms (38ms in ICU)
09-01 00:00:09.451 I/Zygote  (  171): ...preloaded 4158 classes in 2882ms.
09-01 00:00:09.451 I/art     (  171): VMRuntime.preloadDexCaches starting
09-01 00:00:09.764 I/art     (  171): VMRuntime.preloadDexCaches strings total=284366 before=39774 after=39774
09-01 00:00:09.764 I/art     (  171): VMRuntime.preloadDexCaches types total=23615 before=7880 after=7908
09-01 00:00:09.764 I/art     (  171): VMRuntime.preloadDexCaches fields total=112265 before=40953 after=41170
09-01 00:00:09.764 I/art     (  171): VMRuntime.preloadDexCaches methods total=197811 before=82504 after=83070
09-01 00:00:09.765 I/art     (  171): VMRuntime.preloadDexCaches finished
09-01 00:00:09.766 I/Zygote  (  171): Preloading resources...
09-01 00:00:09.878 W/Resources(  171): Preloaded drawable resource #0x108025c (android:drawable/dialog_background_material) that varies with configuration!!
09-01 00:00:09.890 W/Resources(  171): Preloaded color resource #0x10600ea (android:color/material_grey_800) that varies with configuration!!
09-01 00:00:09.890 W/Resources(  171): Preloaded drawable resource #0x10802c9 (android:drawable/floating_popup_background_dark) that varies with configuration!!
09-01 00:00:10.030 I/Zygote  (  171): ...preloaded 114 resources in 264ms.
09-01 00:00:10.038 W/Resources(  171): Preloaded color resource #0x1060114 (android:color/background_cache_hint_selector_material_dark) that varies with configuration!!
09-01 00:00:10.039 W/Resources(  171): Preloaded color resource #0x1060119 (android:color/btn_default_material_dark) that varies with configuration!!
09-01 00:00:10.040 I/Zygote  (  171): ...preloaded 41 resources in 10ms.
09-01 00:00:10.043 D/libEGL  (  171): loaded /system/lib/egl/libGLES_mali.so
09-01 00:00:10.108 I/Zygote  (  171): Preloading shared libraries...
09-01 00:00:10.158 I/Zygote  (  171): Uninstalled ICU cache reference pinning...
09-01 00:00:10.167 I/Zygote  (  171): Installed AndroidKeyStoreProvider in 9ms.
09-01 00:00:10.196 I/Zygote  (  171): Warmed up JCA providers in 29ms.
09-01 00:00:10.197 D/Zygote  (  171): end preload
09-01 00:00:10.197 I/art     (  171): Starting a blocking GC Explicit
09-01 00:00:10.247 I/art     (  171): Explicit concurrent mark sweep GC freed 55522(6MB) AllocSpace objects, 133(2MB) LOS objects, 39% free, 2MB/4MB, paused 377us total 49.986ms
09-01 00:00:10.255 I/art     (  171): Starting a blocking GC Explicit
09-01 00:00:10.276 I/art     (  171): Explicit concurrent mark sweep GC freed 4824(178KB) AllocSpace objects, 0(0B) LOS objects, 40% free, 2MB/3MB, paused 275us total 20.724ms
09-01 00:00:10.277 I/art     (  171): Starting a blocking GC HeapTrim
09-01 00:00:10.282 I/art     (  171): Starting a blocking GC Background
09-01 00:00:10.344 I/Zygote  (  171): System server process 442 has been created
09-01 00:00:10.347 I/Zygote  (  171): Accepting command socket connections
09-01 00:00:10.364 I/InstallerConnection(  442): connecting...
09-01 00:00:10.367 I/        (  176): new connection
09-01 00:00:10.388 I/InstallerConnection(  442): disconnecting...
09-01 00:00:10.389 E/        (  176): eof
09-01 00:00:10.389 E/        (  176): failed to read size
09-01 00:00:10.389 I/        (  176): closing connection
09-01 00:00:10.512 I/SystemServer(  442): Entered the Android system server!
09-01 00:00:10.887 I/SystemServiceManager(  442): Starting com.android.server.pm.Installer
09-01 00:00:10.893 I/Installer(  442): Waiting for installd to be ready.
09-01 00:00:10.893 I/InstallerConnection(  442): connecting...
09-01 00:00:10.894 I/        (  176): new connection
09-01 00:00:10.896 I/SystemServiceManager(  442): Starting com.android.server.am.ActivityManagerService$Lifecycle
09-01 00:00:10.967 I/ActivityManager(  442): Memory class: 256
09-01 00:00:10.979 I/ServiceThread(  442): Enabled StrictMode logging for ActivityManager looper.
09-01 00:00:10.984 I/ServiceThread(  442): Enabled StrictMode logging for android.ui looper.
09-01 00:00:11.065 D/BatteryStatsImpl(  442): Reading daily items from /data/system/batterystats-daily.xml
09-01 00:00:11.365 I/IntentFirewall(  442): Read new rules (A:0 B:0 S:0)
09-01 00:00:11.389 I/ServiceThread(  442): Enabled StrictMode logging for android.display looper.
09-01 00:00:11.401 D/AppOps  (  442): AppOpsService published
09-01 00:00:11.402 I/SystemServiceManager(  442): Starting com.android.server.power.PowerManagerService
09-01 00:00:11.410 I/ServiceThread(  442): Enabled StrictMode logging for PowerManagerService looper.
09-01 00:00:11.414 W/libsuspend(  442): Error opening /sys/power/state: No such file or directory
09-01 00:00:11.414 E/libsuspend(  442): Error opening /sys/power/state: No such file or directory
09-01 00:00:11.414 E/libsuspend(  442): failed to initialize autosuspend
09-01 00:00:11.427 I/SystemServiceManager(  442): Starting com.android.server.lights.LightsService
09-01 00:00:11.438 I/SystemServiceManager(  442): Starting com.android.server.display.DisplayManagerService
09-01 00:00:11.458 I/SystemServiceManager(  442): Starting phase 100
09-01 00:00:11.472 I/DisplayManagerService(  442): Display device added: DisplayDeviceInfo{"Built-in Screen": uniqueId="local:0", 1024 x 600, modeId 1, defaultModeId 1, supportedModes [{id=1, width=1024, height=600, fps=78.0}], colorMode 0, supportedColorModes [0], HdrCapabilities android.view.Display$HdrCapabilities@a69d6308, density 160, 213.0 x 213.0 dpi, appVsyncOff 1000000, presDeadline 12820513, touch INTERNAL, rotation 0, type BUILT_IN, state UNKNOWN, FLAG_DEFAULT_DISPLAY, FLAG_ROTATES_WITH_CONTENT, FLAG_SECURE, FLAG_SUPPORTS_PROTECTED_BUFFERS}
09-01 00:00:11.475 D/SurfaceFlinger(  127): Set power mode=2, type=0 flinger=0xb57b2000
09-01 00:00:11.475 D/SurfaceFlinger(  127): Screen type=0 is already mode=2
09-01 00:00:11.478 I/DisplayManagerService(  442): Display device changed state: "Built-in Screen", ON
09-01 00:00:11.479 I/SystemServer(  442): StartPackageManagerService
09-01 00:00:11.613 W/SystemConfig(  442): No directory /system/etc/sysconfig, skipping
09-01 00:00:11.700 D/SELinuxMMAC(  442): Using policy file /system/etc/security/mac_permissions.xml
09-01 00:00:11.936 E/art     (  442): DexFile_getDexOptNeeded file '/system/framework/org.apache.http.legacy.jar' does not exist
09-01 00:00:11.936 W/PackageManager(  442): Library not found: /system/framework/org.apache.http.legacy.jar
09-01 00:00:11.949 D/PackageManager(  442): No files in app dir /vendor/overlay
09-01 00:00:11.971 W/PackageManager(  442): Failed to parse /system/framework/arm: Missing base APK in /system/framework/arm
09-01 00:00:12.056 W/PackageManager(  442): Failed to parse /system/framework/oat: Missing base APK in /system/framework/oat
09-01 00:00:12.209 W/PackageParser(  442): No actions in intent filter at /system/priv-app/Contacts/Contacts.apk Binary XML file line #409
09-01 00:00:12.319 W/PackageManager(  442): Permission android.permission.DOWNLOAD_WITHOUT_NOTIFICATION from package com.android.providers.downloads in an unknown group android.permission-group.NETWORK
09-01 00:00:12.927 W/PackageParser(  442): Ignoring duplicate uses-permissions/uses-permissions-sdk-m: android.permission.USE_CREDENTIALS in package: com.android.settings at: Binary XML file line #56
09-01 00:00:12.927 W/PackageParser(  442): Ignoring duplicate uses-permissions/uses-permissions-sdk-m: android.permission.READ_SYNC_SETTINGS in package: com.android.settings at: Binary XML file line #61
09-01 00:00:12.927 W/PackageParser(  442): Ignoring duplicate uses-permissions/uses-permissions-sdk-m: android.permission.WRITE_SYNC_SETTINGS in package: com.android.settings at: Binary XML file line #62
09-01 00:00:13.055 W/PackageParser(  442): Ignoring duplicate uses-permissions/uses-permissions-sdk-m: android.permission.INSTALL_GRANT_RUNTIME_PERMISSIONS in package: com.android.shell at: Binary XML file line #102
09-01 00:00:13.345 W/PackageParser(  442): Ignoring duplicate uses-permissions/uses-permissions-sdk-m: android.permission.CONFIGURE_WIFI_DISPLAY in package: com.android.systemui at: Binary XML file line #123
09-01 00:00:13.675 W/PackageParser(  442): Ignoring duplicate uses-permissions/uses-permissions-sdk-m: android.permission.READ_CONTACTS in package: com.android.bluetooth at: Binary XML file line #61
09-01 00:00:13.678 W/PackageParser(  442): No actions in intent filter at /system/app/Bluetooth/Bluetooth.apk Binary XML file line #222
09-01 00:00:13.772 W/PackageManager(  442): Non-privileged app; cap priority to 0; package: com.android.calendar activity: com.android.calendar.GoogleCalendarUriIntentFilter origPrio: 50
09-01 00:00:13.882 W/PackageManager(  442): Non-privileged app; cap priority to 0; package: com.android.cts.ctsshim activity: com.android.cts.ctsshim.InstallPriority origPrio: 100
09-01 00:00:13.882 W/PackageManager(  442): Non-privileged app; cap priority to 0; package: com.android.cts.ctsshim activity: com.android.cts.ctsshim.InstallPriority origPrio: 100
09-01 00:00:13.882 W/PackageManager(  442): Non-privileged app; cap priority to 0; package: com.android.cts.ctsshim activity: com.android.cts.ctsshim.InstallPriority origPrio: 100
09-01 00:00:13.883 W/PackageManager(  442): Non-privileged app; cap priority to 0; package: com.android.cts.ctsshim activity: com.android.cts.ctsshim.InstallPriority origPrio: 100
09-01 00:00:13.883 W/PackageManager(  442): Non-privileged app; cap priority to 0; package: com.android.cts.ctsshim activity: com.android.cts.ctsshim.InstallPriority origPrio: 100
09-01 00:00:14.125 W/PackageParser(  442): Ignoring duplicate uses-permissions/uses-permissions-sdk-m: android.permission.WRITE_CONTACTS in package: com.android.email at: Binary XML file line #40
09-01 00:00:14.272 W/PackageParser(  442): Unknown element under <application>: permission at /system/app/Gallery2/Gallery2.apk Binary XML file line #238
09-01 00:00:14.272 W/PackageParser(  442): Unknown element under <application>: permission at /system/app/Gallery2/Gallery2.apk Binary XML file line #241
09-01 00:00:14.531 W/PackageManager(  442): Permission com.android.launcher3.permission.READ_SETTINGS from package com.android.launcher3 in an unknown group android.permission-group.SYSTEM_TOOLS
09-01 00:00:14.531 W/PackageManager(  442): Permission com.android.launcher3.permission.WRITE_SETTINGS from package com.android.launcher3 in an unknown group android.permission-group.SYSTEM_TOOLS
09-01 00:00:14.531 W/PackageManager(  442): Permission com.android.launcher.permission.INSTALL_SHORTCUT from package com.android.launcher3 in an unknown group android.permission-group.SYSTEM_TOOLS
09-01 00:00:14.764 D/PackageManager(  442): No files in app dir /system/vendor/app
09-01 00:00:14.764 D/PackageManager(  442): No files in app dir /oem/app
09-01 00:00:14.767 D/PackageManager(  442): No files in app dir /data/app
09-01 00:00:14.767 D/PackageManager(  442): No files in app dir /data/app-private
09-01 00:00:14.767 D/PackageManager(  442): No files in app dir /data/app-ephemeral
09-01 00:00:14.773 W/PackageManager(  442): Protected action; cap priority to 0; package: com.android.cts.priv.ctsshim activity: com.android.cts.priv.ctsshim.InstallPriority origPrio: 100
09-01 00:00:14.773 W/PackageManager(  442): Protected action; cap priority to 0; package: com.android.cts.priv.ctsshim activity: com.android.cts.priv.ctsshim.InstallPriority origPrio: 100
09-01 00:00:14.773 W/PackageManager(  442): Protected action; cap priority to 0; package: com.android.cts.priv.ctsshim activity: com.android.cts.priv.ctsshim.InstallPriority origPrio: 100
09-01 00:00:14.773 W/PackageManager(  442): Protected action; cap priority to 0; package: com.android.cts.priv.ctsshim activity: com.android.cts.priv.ctsshim.InstallPriority origPrio: 100
09-01 00:00:14.773 W/PackageManager(  442): Protected action; cap priority to 0; package: com.android.packageinstaller activity: com.android.packageinstaller.PackageInstallerActivity origPrio: 1
09-01 00:00:14.773 W/PackageManager(  442): Package com.android.gallery3d desires unavailable shared library com.google.android.media.effects; ignoring!
09-01 00:00:14.774 W/PackageManager(  442): Package com.android.gallery3d desires unavailable shared library com.google.android.media.effects; ignoring!
09-01 00:00:14.774 I/PackageManager(  442): Adjusting ABI for com.android.providers.downloads to armeabi-v7a (requirer=com.android.mtp, scannedPackage=null)
09-01 00:00:14.775 I/PackageManager(  442): Adjusting ABI for com.android.providers.downloads.ui to armeabi-v7a (requirer=com.android.mtp, scannedPackage=null)
09-01 00:00:14.776 I/PackageManager(  442): Adjusting ABI for com.android.providers.media to armeabi-v7a (requirer=com.android.mtp, scannedPackage=null)
09-01 00:00:14.777 I/PackageManager(  442): Adjusting ABI for com.android.keychain to armeabi-v7a (requirer=android, scannedPackage=null)
09-01 00:00:14.778 I/PackageManager(  442): Adjusting ABI for com.android.server.telecom to armeabi-v7a (requirer=android, scannedPackage=null)
09-01 00:00:14.778 I/PackageManager(  442): Adjusting ABI for com.android.location.fused to armeabi-v7a (requirer=android, scannedPackage=null)
09-01 00:00:14.779 I/PackageManager(  442): Adjusting ABI for com.android.wallpaperbackup to armeabi-v7a (requirer=android, scannedPackage=null)
09-01 00:00:14.780 I/PackageManager(  442): Adjusting ABI for com.android.providers.settings to armeabi-v7a (requirer=android, scannedPackage=null)
09-01 00:00:14.780 I/PackageManager(  442): Adjusting ABI for com.android.inputdevices to armeabi-v7a (requirer=android, scannedPackage=null)
09-01 00:00:14.781 I/PackageManager(  442): Adjusting ABI for com.android.settings to armeabi-v7a (requirer=android, scannedPackage=null)
09-01 00:00:14.786 I/PackageManager(  442): Time to scan packages: 2.872 seconds
09-01 00:00:14.787 W/PackageManager(  442): Unknown permission com.google.android.googleapps.permission.GOOGLE_AUTH in package com.android.providers.calendar
09-01 00:00:14.787 W/PackageManager(  442): Unknown permission com.google.android.googleapps.permission.GOOGLE_AUTH.cl in package com.android.providers.calendar
09-01 00:00:14.788 W/PackageManager(  442): Not granting permission android.permission.GLOBAL_SEARCH to package com.android.quicksearchbox (protectionLevel=18 flags=0x3808be45)
09-01 00:00:14.788 W/PackageManager(  442): Not granting permission android.permission.BIND_WALLPAPER to package com.android.camera2 (protectionLevel=18 flags=0x3058bc45)
09-01 00:00:14.788 W/PackageManager(  442): Unknown permission com.android.launcher.permission.READ_SETTINGS in package com.android.launcher3
09-01 00:00:14.788 W/PackageManager(  442): Unknown permission com.android.launcher.permission.WRITE_SETTINGS in package com.android.launcher3
09-01 00:00:14.788 W/PackageManager(  442): Not granting permission android.permission.BIND_APPWIDGET to package com.android.launcher3 (protectionLevel=18 flags=0x3c4bbe45)
09-01 00:00:14.788 W/PackageManager(  442): Unknown permission com.google.android.googleapps.permission.GOOGLE_AUTH.mail in package com.android.calendar
09-01 00:00:14.789 W/PackageManager(  442): Unknown permission com.android.launcher.permission.READ_SETTINGS in package com.android.onetimeinitializer
09-01 00:00:14.789 W/PackageManager(  442): Unknown permission com.android.launcher.permission.WRITE_SETTINGS in package com.android.onetimeinitializer
09-01 00:00:14.789 W/PackageManager(  442): Unknown permission com.google.android.permission.INSTALL_WEARABLE_PACKAGES in package com.android.packageinstaller
09-01 00:00:14.789 W/PackageManager(  442): Not granting permission android.permission.DELETE_PACKAGES to package com.svox.pico (protectionLevel=18 flags=0x3808be45)
09-01 00:00:14.789 W/PackageManager(  442): Unknown permission android.permission.RUN_INSTRUMENTATION in package org.chromium.webview_shell
09-01 00:00:14.789 W/PackageManager(  442): Unknown permission com.google.android.gallery3d.permission.PICASA_STORE in package com.android.dreams.phototable
09-01 00:00:14.789 W/PackageManager(  442): Unknown permission com.google.android.googleapps.permission.GOOGLE_AUTH in package com.android.settings
09-01 00:00:14.790 W/PackageManager(  442): Unknown permission com.android.launcher.permission.READ_SETTINGS in package com.android.settings
09-01 00:00:14.790 W/PackageManager(  442): Unknown permission com.android.launcher.permission.WRITE_SETTINGS in package com.android.settings
09-01 00:00:14.791 W/PackageManager(  442): Unknown permission com.google.android.gallery3d.permission.GALLERY_PROVIDER in package com.android.bluetooth
09-01 00:00:14.792 V/PackageManager(  442): reconcileAppsData for null u0 0x3
09-01 00:00:14.801 I/SELinux (  176): SELinux: Loaded file_contexts contexts from /file_contexts.bin.
09-01 00:00:15.219 V/PackageManager(  442): reconcileAppsData finished 69 packages
09-01 00:00:15.292 E/PackageManager(  442): There should probably be a verifier, but, none were found
09-01 00:00:15.305 D/PackageManager(  442): Ephemeral resolver NOT found; no matching intent filters
09-01 00:00:15.306 I/PackageManager(  442): Ephemeral deactivated; missing resolver and installer
09-01 00:00:15.307 I/art     (  442): Waiting for a blocking GC Explicit
09-01 00:00:15.315 I/art     (  442): WaitForGcToComplete blocked for 7.992ms for cause Explicit
09-01 00:00:15.315 I/art     (  442): Starting a blocking GC Explicit
09-01 00:00:15.366 I/art     (  442): Explicit concurrent mark sweep GC freed 8115(580KB) AllocSpace objects, 2(40KB) LOS objects, 33% free, 3MB/4MB, paused 665us total 50.295ms
09-01 00:00:15.373 I/SystemServer(  442): StartOtaDexOptService
09-01 00:00:15.377 I/SystemServer(  442): StartUserManagerService
09-01 00:00:15.377 I/SystemServiceManager(  442): Starting com.android.server.pm.UserManagerService$LifeCycle
09-01 00:00:15.396 I/lowmemorykiller(  163): ActivityManager connected
09-01 00:00:15.399 I/SystemServiceManager(  442): Starting com.android.server.BatteryService
09-01 00:00:15.400 D/SensorService(  442): nuSensorService starting...
09-01 00:00:15.400 E/SensorService(  442): couldn't load sensors module (No such file or directory)
09-01 00:00:15.420 I/SystemServiceManager(  442): Starting com.android.server.usage.UsageStatsService
09-01 00:00:15.452 I/SystemServiceManager(  442): Starting com.android.server.webkit.WebViewUpdateService
09-01 00:00:15.464 I/SystemServer(  442): Reading configuration...
09-01 00:00:15.465 I/SystemServer(  442): StartSchedulingPolicyService
09-01 00:00:15.466 I/SystemServiceManager(  442): Starting com.android.server.telecom.TelecomLoaderService
09-01 00:00:15.471 I/SystemServer(  442): StartTelephonyRegistry
09-01 00:00:15.488 I/SystemServer(  442): StartEntropyMixer
09-01 00:00:15.508 W/EntropyMixer(  442): Failed to add HW RNG output to entropy pool
09-01 00:00:15.508 W/EntropyMixer(  442): java.io.IOException: read failed: ENODEV (No such device)
09-01 00:00:15.508 W/EntropyMixer(  442): 	at libcore.io.IoBridge.read(IoBridge.java:481)
09-01 00:00:15.508 W/EntropyMixer(  442): 	at java.io.FileInputStream.read(FileInputStream.java:252)
09-01 00:00:15.508 W/EntropyMixer(  442): 	at com.android.server.RandomBlock.fromStream(RandomBlock.java:56)
09-01 00:00:15.508 W/EntropyMixer(  442): 	at com.android.server.RandomBlock.fromFile(RandomBlock.java:46)
09-01 00:00:15.508 W/EntropyMixer(  442): 	at com.android.server.EntropyMixer.addHwRandomEntropy(EntropyMixer.java:192)
09-01 00:00:15.508 W/EntropyMixer(  442): 	at com.android.server.EntropyMixer.<init>(EntropyMixer.java:112)
09-01 00:00:15.508 W/EntropyMixer(  442): 	at com.android.server.EntropyMixer.<init>(EntropyMixer.java:94)
09-01 00:00:15.508 W/EntropyMixer(  442): 	at com.android.server.SystemServer.startOtherServices(SystemServer.java:589)
09-01 00:00:15.508 W/EntropyMixer(  442): 	at com.android.server.SystemServer.run(SystemServer.java:342)
09-01 00:00:15.508 W/EntropyMixer(  442): 	at com.android.server.SystemServer.main(SystemServer.java:224)
09-01 00:00:15.508 W/EntropyMixer(  442): 	at java.lang.reflect.Method.invoke(Native Method)
09-01 00:00:15.508 W/EntropyMixer(  442): 	at com.android.internal.os.ZygoteInit$MethodAndArgsCaller.run(ZygoteInit.java:889)
09-01 00:00:15.508 W/EntropyMixer(  442): 	at com.android.internal.os.ZygoteInit.main(ZygoteInit.java:779)
09-01 00:00:15.508 W/EntropyMixer(  442): Caused by: android.system.ErrnoException: read failed: ENODEV (No such device)
09-01 00:00:15.508 W/EntropyMixer(  442): 	at libcore.io.Posix.readBytes(Native Method)
09-01 00:00:15.508 W/EntropyMixer(  442): 	at libcore.io.Posix.read(Posix.java:169)
09-01 00:00:15.508 W/EntropyMixer(  442): 	at libcore.io.BlockGuardOs.read(BlockGuardOs.java:231)
09-01 00:00:15.508 W/EntropyMixer(  442): 	at libcore.io.IoBridge.read(IoBridge.java:471)
09-01 00:00:15.508 W/EntropyMixer(  442): 	... 12 more
09-01 00:00:15.508 I/EntropyMixer(  442): Writing entropy...
09-01 00:00:15.516 I/SystemServer(  442): Camera Service
09-01 00:00:15.518 I/SystemServiceManager(  442): Starting com.android.server.camera.CameraService
09-01 00:00:15.526 I/ServiceThread(  442): Enabled StrictMode logging for CameraService_proxy looper.
09-01 00:00:15.529 I/SystemServer(  442): StartAccountManagerService
09-01 00:00:15.532 I/SystemServiceManager(  442): Starting com.android.server.accounts.AccountManagerService$Lifecycle
09-01 00:00:15.568 I/SystemServer(  442): StartContentService
09-01 00:00:15.572 I/SystemServiceManager(  442): Starting com.android.server.content.ContentService$Lifecycle
09-01 00:00:15.583 I/SystemServer(  442): InstallSystemProviders
09-01 00:00:15.595 W/System  (  442): ClassLoader referenced unknown path: /system/priv-app/SettingsProvider/lib/arm
09-01 00:00:15.664 I/SystemServer(  442): StartVibratorService
09-01 00:00:15.668 E/        (  442): Vibrator file does not exist : -1
09-01 00:00:15.668 E/        (  442): Vibrator device does not exist. Cannot start vibrator
09-01 00:00:15.668 W/VibratorService(  442): Tried to stop vibrating but there is no vibrator device.
09-01 00:00:15.671 I/SystemServer(  442): StartAlarmManagerService
09-01 00:00:15.671 I/SystemServiceManager(  442): Starting com.android.server.AlarmManagerService
09-01 00:00:15.693 I/SystemServer(  442): InitWatchdog
09-01 00:00:15.694 I/SystemServer(  442): StartInputManagerService
09-01 00:00:15.699 I/InputManager(  442): Initializing input manager, mUseDevInputEventForAudioJack=false
09-01 00:00:15.706 I/SystemServer(  442): StartWindowManagerService
09-01 00:00:15.811 I/WindowManager(  442): No existing display settings /data/system/display_settings.xml; starting empty
09-01 00:00:15.936 I/InputManager(  442): Starting input manager
09-01 00:00:15.943 I/SystemServiceManager(  442): Starting com.android.server.BluetoothService
09-01 00:00:15.945 D/EventHub(  442): No input device configuration file found for device 'gpio_keys'.
09-01 00:00:15.949 E/KeyLayoutMap(  442): /system/usr/keylayout/gpio_keys.kl:16: Expected key flag label, got 'WAKE'.
09-01 00:00:15.956 D/BluetoothManagerService(  442): Loading stored name and address
09-01 00:00:15.956 D/BluetoothManagerService(  442): Stored bluetooth Name=AOSP on navi_ref,Address=22:22:5F:14:41:FA
09-01 00:00:15.956 D/BluetoothManagerService(  442): Bluetooth persisted state: 1
09-01 00:00:15.956 D/BluetoothManagerService(  442): Startup: Bluetooth persisted state is ON.
09-01 00:00:15.957 I/SystemServer(  442): ConnectivityMetricsLoggerService
09-01 00:00:15.958 W/EventHub(  442): Unable to disable kernel key repeat for /dev/input/event1: Function not implemented
09-01 00:00:15.958 I/EventHub(  442): New device: id=1, fd=92, path='/dev/input/event1', name='gpio_keys', classes=0x1, configuration='', keyLayout='/system/usr/keylayout/Generic.kl', keyCharacterMap='/system/usr/keychars/gpio_keys.kcm', builtinKeyboard=false, wakeMechanism=EPOLLWAKEUP, usingClockIoctl=true
09-01 00:00:15.959 I/SystemServiceManager(  442): Starting com.android.server.connectivity.MetricsLoggerService
09-01 00:00:15.960 E/EventHub(  442): could not get driver version for /dev/input/mouse0, Not a typewriter
09-01 00:00:15.966 I/EventHub(  442): TS Device fd: 93
09-01 00:00:15.966 I/EventHub(  442): tslib: call ts_config
09-01 00:00:15.966 E/        (  442): tslib: ts_config file read succeed
09-01 00:00:15.969 I/SystemServer(  442): IpConnectivityMetrics
09-01 00:00:15.970 I/SystemServiceManager(  442): Starting com.android.server.connectivity.IpConnectivityMetrics
09-01 00:00:15.977 I/SystemServer(  442): PinnerService
09-01 00:00:15.978 I/SystemServiceManager(  442): Starting com.android.server.PinnerService
09-01 00:00:15.980 I/SystemServiceManager(  442): Starting com.android.server.InputMethodManagerService$Lifecycle
09-01 00:00:15.986 I/EventHub(  442): New device: id=2, fd=93, path='/dev/input/event0', name='TSC2007 Touchscreen', classes=0x4, configuration='/system/usr/idc/TSC2007_Touchscreen.idc', keyLayout='', keyCharacterMap='', builtinKeyboard=false, wakeMechanism=EPOLLWAKEUP, usingClockIoctl=true
09-01 00:00:15.986 E/EventHub(  442): could not get driver version for /dev/input/mice, Not a typewriter
09-01 00:00:15.994 I/InputReader(  442): Device added: id=-1, name='Virtual', sources=0x00000301
09-01 00:00:15.996 I/InputReader(  442):   Touch device 'TSC2007 Touchscreen' could not query the properties of its associated display.  The device will be inoperable until the display size becomes available.
09-01 00:00:15.996 I/InputReader(  442): Device added: id=2, name='TSC2007 Touchscreen', sources=0x00001002
09-01 00:00:15.996 I/InputReader(  442): Device added: id=1, name='gpio_keys', sources=0x00000101
09-01 00:00:16.115 I/SystemServer(  442): StartAccessibilityManagerService
09-01 00:00:16.137 I/ActivityManager(  442): Config changes=1df8 {1.0 ?mcc?mnc [en_US] ldltr sw600dp w1024dp h600dp 160dpi lrg long land ?uimode ?night -touch -keyb/v/h -nav/h s.2}
09-01 00:00:16.146 I/ActivityManager(  442): Config changes=408 {1.0 ?mcc?mnc [en_US] ldltr sw600dp w1024dp h528dp 160dpi lrg long land ?uimode ?night finger -keyb/v/h -nav/h s.3}
09-01 00:00:16.153 I/ActivityManager(  442): Config changes=100 {1.0 ?mcc?mnc [en_US] ldltr sw600dp w1024dp h528dp 160dpi lrg land ?uimode ?night finger -keyb/v/h -nav/h s.4}
09-01 00:00:16.176 I/UsageStatsService(  442): User[0] Rollover scheduled @ 2009-09-02 00:00:16(1251849616142)
09-01 00:00:16.178 I/InputReader(  442): Reconfiguring input devices.  changes=0x00000004
09-01 00:00:16.178 I/InputReader(  442): Device reconfigured: id=2, name='TSC2007 Touchscreen', size 1024x600, orientation 0, mode 1, display id 0
09-01 00:00:16.182 I/SystemServiceManager(  442): Starting com.android.server.MountService$Lifecycle
09-01 00:00:16.207 I/SystemServiceManager(  442): Starting com.android.server.UiModeManagerService
09-01 00:00:16.208 D/MountService(  442): Thinking about init, mSystemReady=false, mDaemonConnected=true
09-01 00:00:16.208 D/MountService(  442): Thinking about reset, mSystemReady=false, mDaemonConnected=true
09-01 00:00:16.209 D/MountService(  442): Thinking about init, mSystemReady=false, mDaemonConnected=true
09-01 00:00:16.209 D/MountService(  442): Thinking about reset, mSystemReady=false, mDaemonConnected=true
09-01 00:00:16.214 I/ActivityManager(  442): Config changes=200 {1.0 ?mcc?mnc [en_US] ldltr sw600dp w1024dp h528dp 160dpi lrg land finger -keyb/v/h -nav/h s.5}
09-01 00:00:16.215 D/CryptdConnector(  442): SND -> {1 cryptfs getfield SystemLocale}
09-01 00:00:16.222 D/CryptdConnector(  442): RCV <- {200 1 -1}
09-01 00:00:16.226 W/MountService(  442): No primary storage mounted!
09-01 00:00:16.226 D/VoldConnector(  442): SND -> {1 asec list}
09-01 00:00:16.230 D/VoldConnector(  442): RCV <- {200 1 asec operation succeeded}
09-01 00:00:16.233 I/PackageManager(  442): No secure containers found
09-01 00:00:16.233 W/PackageManager(  442): Unknown permission com.google.android.googleapps.permission.GOOGLE_AUTH in package com.android.providers.calendar
09-01 00:00:16.233 W/PackageManager(  442): Unknown permission com.google.android.googleapps.permission.GOOGLE_AUTH.cl in package com.android.providers.calendar
09-01 00:00:16.234 W/PackageManager(  442): Not granting permission android.permission.GLOBAL_SEARCH to package com.android.quicksearchbox (protectionLevel=18 flags=0x3808be45)
09-01 00:00:16.234 W/PackageManager(  442): Not granting permission android.permission.BIND_WALLPAPER to package com.android.camera2 (protectionLevel=18 flags=0x3058bc45)
09-01 00:00:16.235 W/PackageManager(  442): Unknown permission com.android.launcher.permission.READ_SETTINGS in package com.android.launcher3
09-01 00:00:16.235 W/PackageManager(  442): Unknown permission com.android.launcher.permission.WRITE_SETTINGS in package com.android.launcher3
09-01 00:00:16.235 W/PackageManager(  442): Not granting permission android.permission.BIND_APPWIDGET to package com.android.launcher3 (protectionLevel=18 flags=0x3c4bbe45)
09-01 00:00:16.235 W/PackageManager(  442): Unknown permission com.google.android.googleapps.permission.GOOGLE_AUTH.mail in package com.android.calendar
09-01 00:00:16.235 W/PackageManager(  442): Unknown permission com.android.launcher.permission.READ_SETTINGS in package com.android.onetimeinitializer
09-01 00:00:16.235 W/PackageManager(  442): Unknown permission com.android.launcher.permission.WRITE_SETTINGS in package com.android.onetimeinitializer
09-01 00:00:16.236 W/PackageManager(  442): Unknown permission com.google.android.permission.INSTALL_WEARABLE_PACKAGES in package com.android.packageinstaller
09-01 00:00:16.236 W/PackageManager(  442): Not granting permission android.permission.DELETE_PACKAGES to package com.svox.pico (protectionLevel=18 flags=0x3808be45)
