09-01 00:00:16.236 W/PackageManager(  442): Unknown permission android.permission.RUN_INSTRUMENTATION in package org.chromium.webview_shell
09-01 00:00:16.236 W/PackageManager(  442): Unknown permission com.google.android.gallery3d.permission.PICASA_STORE in package com.android.dreams.phototable
09-01 00:00:16.237 W/PackageManager(  442): Unknown permission com.google.android.googleapps.permission.GOOGLE_AUTH in package com.android.settings
09-01 00:00:16.237 W/PackageManager(  442): Unknown permission com.android.launcher.permission.READ_SETTINGS in package com.android.settings
09-01 00:00:16.237 W/PackageManager(  442): Unknown permission com.android.launcher.permission.WRITE_SETTINGS in package com.android.settings
09-01 00:00:16.239 I/SystemServer(  442): StartLockSettingsService
09-01 00:00:16.239 W/PackageManager(  442): Unknown permission com.google.android.gallery3d.permission.GALLERY_PROVIDER in package com.android.bluetooth
09-01 00:00:16.241 I/SystemServiceManager(  442): Starting com.android.server.LockSettingsService$Lifecycle
09-01 00:00:16.273 I/SystemServiceManager(  442): Starting com.android.server.DeviceIdleController
09-01 00:00:16.309 W/MountService(  442): No primary storage defined yet; hacking together a stub
09-01 00:00:16.310 W/MountService(  442): No primary storage defined yet; hacking together a stub
09-01 00:00:16.314 W/MountService(  442): No primary storage mounted!
09-01 00:00:16.314 D/VoldConnector(  442): SND -> {2 asec list}
09-01 00:00:16.316 D/VoldConnector(  442): RCV <- {200 2 asec operation succeeded}
09-01 00:00:16.317 I/SystemServiceManager(  442): Starting com.android.server.devicepolicy.DevicePolicyManagerService$Lifecycle
09-01 00:00:16.329 I/art     (  442): Background sticky concurrent mark sweep GC freed 15225(814KB) AllocSpace objects, 4(80KB) LOS objects, 20% free, 3MB/4MB, paused 5.007ms total 37.831ms
09-01 00:00:16.353 I/SystemServer(  442): StartStatusBarManagerService
09-01 00:00:16.365 I/SystemServer(  442): StartClipboardService
09-01 00:00:16.373 I/SystemServer(  442): StartNetworkManagementService
09-01 00:00:16.387 I/NetworkManagement(  442): onDaemonConnected()
09-01 00:00:16.391 I/SystemServiceManager(  442): Starting com.android.server.TextServicesManagerService$Lifecycle
09-01 00:00:16.403 I/SystemServer(  442): StartNetworkScoreService
09-01 00:00:16.408 I/SystemServer(  442): StartNetworkStatsService
09-01 00:00:16.428 I/SystemServer(  442): StartNetworkPolicyManagerService
09-01 00:00:16.445 I/SystemServer(  442): No Wi-Fi NAN Service (NAN support Not Present)
09-01 00:00:16.496 I/SystemServiceManager(  442): Starting com.android.server.wifi.p2p.WifiP2pService
09-01 00:00:16.573 I/WifiP2pService(  442): Registering wifip2p
09-01 00:00:16.580 I/SystemServiceManager(  442): Starting com.android.server.wifi.WifiService
09-01 00:00:16.764 D/HS20    (  442): Passpoint is disabled
09-01 00:00:16.809 E/IpManager.wlan0(  442): Failed to disable IPv6java.lang.IllegalStateException: command '1 interface ipv6 wlan0 disable' failed with '400 1 Failed to change IPv6 state (No such file or directory)'
09-01 00:00:16.810 D/CommandListener(  183): Clearing all IP addresses on wlan0
09-01 00:00:17.013 D/WifiHW  (  442): Unable to unload driver module "wlan": No such file or directory
09-01 00:00:17.015 D/WifiApConfigStore(  442): 2G band allowed channels are:1,6,11
09-01 00:00:17.017 E/WifiLogger(  442): no ring buffers found
09-01 00:00:17.017 E/WifiLogger(  442): Failed to start packet fate monitoring
09-01 00:00:17.035 D/WifiController(  442): isAirplaneModeOn = false, isWifiEnabled = false, isScanningAvailable = false
09-01 00:00:17.040 I/WifiService(  442): Registering wifi
09-01 00:00:17.053 I/SystemServiceManager(  442): Starting com.android.server.wifi.scanner.WifiScanningService
09-01 00:00:17.055 I/WifiScanningService(  442): Creating wifiscanner
09-01 00:00:17.061 I/WifiScanningService(  442): Publishing wifiscanner
09-01 00:00:17.065 I/SystemServiceManager(  442): Starting com.android.server.ethernet.EthernetService
09-01 00:00:17.066 I/EthernetServiceImpl(  442): Creating EthernetConfigStore
09-01 00:00:17.072 E/IpConfigStore(  442): Error parsing configuration: java.io.FileNotFoundException: /data/misc/ethernet/ipconfig.txt (No such file or directory)
09-01 00:00:17.072 W/EthernetConfigStore(  442): No Ethernet configuration found. Using default.
09-01 00:00:17.072 I/EthernetServiceImpl(  442): Read stored IP configuration: IP assignment: DHCP
09-01 00:00:17.072 I/EthernetServiceImpl(  442): Proxy settings: NONE
09-01 00:00:17.073 I/EthernetService(  442): Registering service ethernet
09-01 00:00:17.075 I/SystemServer(  442): StartConnectivityService
09-01 00:00:17.097 D/ConnectivityService(  442): ConnectivityService starting up
09-01 00:00:17.106 D/ConnectivityService(  442): wifiOnly=false
09-01 00:00:17.107 E/ConnectivityService(  442): Ignoring protectedNetwork 10
09-01 00:00:17.107 E/ConnectivityService(  442): Ignoring protectedNetwork 11
09-01 00:00:17.107 E/ConnectivityService(  442): Ignoring protectedNetwork 12
09-01 00:00:17.107 E/ConnectivityService(  442): Ignoring protectedNetwork 14
09-01 00:00:17.107 E/ConnectivityService(  442): Ignoring protectedNetwork 15
09-01 00:00:17.139 I/SystemServer(  442): StartNsdService
09-01 00:00:17.153 I/SystemServer(  442): StartUpdateLockService
09-01 00:00:17.157 I/SystemServiceManager(  442): Starting com.android.server.RecoverySystemService
09-01 00:00:17.165 I/SystemServiceManager(  442): Starting com.android.server.notification.NotificationManagerService
09-01 00:00:17.228 D/ConditionProviders.SCP(  442): new ScheduleConditionProvider()
09-01 00:00:17.236 D/ZenLog  (  442): config: readXml,ZenModeConfig[user=0,allowCalls=true,allowRepeatCallers=false,allowMessages=false,allowCallsFrom=contacts,allowMessagesFrom=contacts,allowReminders=true,allowEvents=true,allowWhenScreenOff=true,allowWhenScreenOn=true,automaticRules={2eb364a01dbe4ac7839506a7e9f3efd5=ZenRule[enabled=false,snoozing=false,name=Weeknight,zenMode=ZEN_MODE_ALARMS,conditionId=condition://android/schedule?days=1.2.3.4.5&start=22.0&end=7.0&exitAtAlarm=false,condition=Condition[id=condition://android/schedule?days=1.2.3.4.5&start=22.0&end=7.0&exitAtAlarm=false,summary=...,line1=...,line2=...,icon=0,state=STATE_TRUE,flags=2],component=ComponentInfo{android/com.android.server.notification.ScheduleConditionProvider},id=2eb364a01dbe4ac7839506a7e9f3efd5,creationTime=1251763233154,enabler=null], 0bdbd09bfb664db19b023136cce8cb7d=ZenRule[enabled=false,snoozing=false,name=Event,zenMode=ZEN_MODE_ALARMS,conditionId=condition://android/event?userId=-10000&calendar=&reply=1,condition=Condition[id=condition://android/event?userId=-10000&calendar=&reply=1,summary=...,line1=...,line2=...,icon=0,state=STATE_FALSE,flags=2],component=ComponentInfo{android/com.android.server.notification.EventConditionProvider},id=0bdbd09bfb664db19b023136cce8cb7d,creationTime=1251763233156,enabler=null], ab221c0865c743dc992e5312c09fe803=ZenRule[enabled=false,snoozing=false,name=Weekend,zenMode=ZEN_MODE_ALARMS,conditionId=condition://android/schedule?days=6.7&start=23.30&end=10.0&exitAtAlarm=false,condition=Condition[id=condition://android/schedule?days=6.7&start=23.30&end=10.0&exitAtAlarm=false,summary=...,line1=...,line2=...,icon=0,state=STATE_FALSE,flags=2],component=ComponentInfo{android/com.android.server.notification.ScheduleConditionProvider},id=ab221c0865c743dc992e5312c09fe803,creationTime=1251763233155,enabler=null]},manualRule=null],Diff[automaticRule[2eb364a01dbe4ac7839506a7e9f3efd5]:insert,automaticRule[f3cb3daa38734a569faa88c31b42a68e]:delete,automaticRule[f9a2d5cbe65a4269aefc11a0c9e562f3]:delete,automaticRule[0bdbd09bfb664db19b023136cce8cb7d]:insert,automaticRule[3a1babe0b1734fbba33b5d1b1640d90a]:delete,automaticRule[ab221c0865c743dc992e5312c09fe803]:insert]
09-01 00:00:17.252 D/ZenLog  (  442): set_zen_mode: off,init
09-01 00:00:17.259 I/SystemServiceManager(  442): Starting com.android.server.storage.DeviceStorageMonitorService
09-01 00:00:17.263 I/SystemServer(  442): StartLocationManagerService
09-01 00:00:17.274 I/SystemServer(  442): StartCountryDetectorService
09-01 00:00:17.279 I/SystemServer(  442): StartSearchManagerService
09-01 00:00:17.283 I/SystemServiceManager(  442): Starting com.android.server.search.SearchManagerService$Lifecycle
09-01 00:00:17.289 I/SystemServiceManager(  442): Starting com.android.server.DropBoxManagerService
09-01 00:00:17.292 I/SystemServer(  442): StartWallpaperManagerService
09-01 00:00:17.294 I/SystemServiceManager(  442): Starting com.android.server.wallpaper.WallpaperManagerService$Lifecycle
09-01 00:00:17.304 I/SystemServer(  442): StartAudioService
09-01 00:00:17.305 I/SystemServiceManager(  442): Starting com.android.server.audio.AudioService$Lifecycle
09-01 00:00:17.337 D/PermissionCache(  172): checking android.permission.MODIFY_AUDIO_SETTINGS for uid=1000 => granted (1086 us)
09-01 00:00:17.355 W/TelecomManager(  442): Telecom Service not found.
09-01 00:00:17.361 W/AudioFlinger(  172): no wake lock to update, system not ready yet
09-01 00:00:17.399 I/SystemServiceManager(  442): Starting com.android.server.DockObserver
09-01 00:00:17.405 W/DockObserver(  442): This kernel does not have dock station support
09-01 00:00:17.407 I/SystemServer(  442): StartWiredAccessoryManager
09-01 00:00:17.409 W/WiredAccessoryManager(  442): This kernel does not have wired headset support
09-01 00:00:17.409 W/WiredAccessoryManager(  442): This kernel does not have usb audio support
09-01 00:00:17.410 I/SystemServiceManager(  442): Starting com.android.server.usb.UsbService$Lifecycle
09-01 00:00:17.427 E/UsbDeviceManager(  442): failed to write to /sys/class/android_usb/android0/f_rndis/ethaddr
09-01 00:00:17.445 E/HardwarePropertiesManagerService-JNI(  442): Couldn't load thermal module (No such file or directory)
09-01 00:00:17.447 I/SystemServiceManager(  442): Starting com.android.server.twilight.TwilightService
09-01 00:00:17.450 I/SystemServiceManager(  442): Starting com.android.server.job.JobSchedulerService
09-01 00:00:17.477 I/SystemServiceManager(  442): Starting com.android.server.soundtrigger.SoundTriggerService
09-01 00:00:17.481 I/SystemServiceManager(  442): Starting com.android.server.appwidget.AppWidgetService
09-01 00:00:17.504 I/SystemServer(  442): Gesture Launcher Service
09-01 00:00:17.504 I/SystemServiceManager(  442): Starting com.android.server.GestureLauncherService
09-01 00:00:17.504 I/SystemServiceManager(  442): Starting com.android.server.SensorNotificationService
09-01 00:00:17.505 I/SystemServiceManager(  442): Starting com.android.server.ContextHubSystemService
09-01 00:00:17.511 E/ContextHubService(  442): ** Could not load context_hub module : err No such file or directory
09-01 00:00:17.511 W/ContextHubService(  442): No Context Hub Module present
09-01 00:00:17.511 I/SystemServer(  442): StartDiskStatsService
09-01 00:00:17.516 I/SystemServer(  442): StartNetworkTimeUpdateService
09-01 00:00:17.517 I/SystemServer(  442): StartCommonTimeManagementService
09-01 00:00:17.520 I/SystemServer(  442): CertBlacklister
09-01 00:00:17.523 I/SystemServiceManager(  442): Starting com.android.server.emergency.EmergencyAffordanceService
09-01 00:00:17.527 I/SystemServiceManager(  442): Starting com.android.server.dreams.DreamManagerService
09-01 00:00:17.534 I/SystemServer(  442): StartAssetAtlasService
09-01 00:00:17.541 I/SystemServiceManager(  442): Starting com.android.server.restrictions.RestrictionsManagerService
09-01 00:00:17.543 D/AssetAtlas(  442): Loaded configuration: SliceMinArea (576x576) flags=0x2 count=98
09-01 00:00:17.547 I/SystemServiceManager(  442): Starting com.android.server.media.MediaSessionService
09-01 00:00:17.566 I/SystemServer(  442): StartMediaRouterService
09-01 00:00:17.572 I/SystemServiceManager(  442): Starting com.android.server.trust.TrustManagerService
09-01 00:00:17.577 I/SystemServer(  442): StartBackgroundDexOptService
09-01 00:00:17.581 I/SystemServiceManager(  442): Starting com.android.server.pm.ShortcutService$Lifecycle
09-01 00:00:17.595 D/AssetAtlas(  442): Rendered atlas in 35.87ms (20.85+15.03ms)
09-01 00:00:17.600 I/SystemServiceManager(  442): Starting com.android.server.pm.LauncherAppsService
09-01 00:00:17.603 I/SystemServiceManager(  442): Starting com.android.server.media.projection.MediaProjectionManagerService
09-01 00:00:17.612 V/MediaRouter(  442): Adding route: RouteInfo{ name=Tablet, description=null, status=null, category=RouteCategory{ name=null types=ROUTE_TYPE_LIVE_AUDIO ROUTE_TYPE_LIVE_VIDEO  groupable=false }, supportedTypes=ROUTE_TYPE_LIVE_AUDIO ROUTE_TYPE_LIVE_VIDEO , presentationDisplay=null }
09-01 00:00:17.619 V/MediaRouter(  442): Updating audio routes: AudioRoutesInfo{ type=SPEAKER }
09-01 00:00:17.621 V/MediaRouter(  442): Selecting route: RouteInfo{ name=Tablet, description=null, status=null, category=RouteCategory{ name=null types=ROUTE_TYPE_LIVE_AUDIO ROUTE_TYPE_LIVE_VIDEO  groupable=false }, supportedTypes=ROUTE_TYPE_LIVE_AUDIO ROUTE_TYPE_LIVE_VIDEO , presentationDisplay=null }
09-01 00:00:17.626 I/WindowManager(  442): SAFE MODE not enabled
09-01 00:00:17.626 I/SystemServiceManager(  442): Starting com.android.server.MmsServiceBroker
09-01 00:00:17.636 W/VibratorService(  442): Tried to stop vibrating but there is no vibrator device.
09-01 00:00:17.709 E/LockSettingsStorage(  442): Cannot read file java.io.FileNotFoundException: /data/system/gatekeeper.password.key: open failed: ENOENT (No such file or directory)
09-01 00:00:17.710 E/LockSettingsStorage(  442): Cannot read file java.io.FileNotFoundException: /data/system/password.key: open failed: ENOENT (No such file or directory)
09-01 00:00:17.711 E/LockSettingsStorage(  442): Cannot read file java.io.FileNotFoundException: /data/system/gatekeeper.pattern.key: open failed: ENOENT (No such file or directory)
09-01 00:00:17.714 E/LockSettingsStorage(  442): Cannot read file java.io.FileNotFoundException: /data/system/gatekeeper.gesture.key: open failed: ENOENT (No such file or directory)
09-01 00:00:17.715 E/LockSettingsStorage(  442): Cannot read file java.io.FileNotFoundException: /data/system/gesture.key: open failed: ENOENT (No such file or directory)
09-01 00:00:17.716 I/SystemServiceManager(  442): Starting phase 480
09-01 00:00:17.725 I/DevicePolicyManagerService(  442): Set ro.device_owner property to false
09-01 00:00:17.730 W/ShortcutService(  442): Clock rewound
09-01 00:00:17.730 I/SystemServiceManager(  442): Starting phase 500
09-01 00:00:17.734 D/ConnectivityMetricsLoggerService(  442): onBootPhase: PHASE_SYSTEM_SERVICES_READY
09-01 00:00:17.753 I/WifiService(  442): WifiService starting up with Wi-Fi disabled
09-01 00:00:17.758 I/WifiScanningService(  442): Starting wifiscanner
09-01 00:00:17.767 I/EthernetServiceImpl(  442): Starting Ethernet service
09-01 00:00:17.773 D/Ethernet(  442): Registering NetworkFactory
09-01 00:00:17.774 D/ConnectivityService(  442): Got NetworkFactory Messenger for Ethernet
09-01 00:00:17.775 D/Ethernet(  442): got request NetworkRequest [ REQUEST id=1, [ Capabilities: INTERNET&NOT_RESTRICTED&TRUSTED&NOT_VPN] ] with score 0
09-01 00:00:17.778 D/ZenLog  (  442): config: cleanUpZenRules,ZenModeConfig[user=0,allowCalls=true,allowRepeatCallers=false,allowMessages=false,allowCallsFrom=contacts,allowMessagesFrom=contacts,allowReminders=true,allowEvents=true,allowWhenScreenOff=true,allowWhenScreenOn=true,automaticRules={2eb364a01dbe4ac7839506a7e9f3efd5=ZenRule[enabled=false,snoozing=false,name=Weeknight,zenMode=ZEN_MODE_ALARMS,conditionId=condition://android/schedule?days=1.2.3.4.5&start=22.0&end=7.0&exitAtAlarm=false,condition=Condition[id=condition://android/schedule?days=1.2.3.4.5&start=22.0&end=7.0&exitAtAlarm=false,summary=...,line1=...,line2=...,icon=0,state=STATE_TRUE,flags=2],component=ComponentInfo{android/com.android.server.notification.ScheduleConditionProvider},id=2eb364a01dbe4ac7839506a7e9f3efd5,creationTime=1251763233154,enabler=null], 0bdbd09bfb664db19b023136cce8cb7d=ZenRule[enabled=false,snoozing=false,name=Event,zenMode=ZEN_MODE_ALARMS,conditionId=condition://android/event?userId=-10000&calendar=&reply=1,condition=Condition[id=condition://android/event?userId=-10000&calendar=&reply=1,summary=...,line1=...,line2=...,icon=0,state=STATE_FALSE,flags=2],component=ComponentInfo{android/com.android.server.notification.EventConditionProvider},id=0bdbd09bfb664db19b023136cce8cb7d,creationTime=1251763233156,enabler=null], ab221c0865c743dc992e5312c09fe803=ZenRule[enabled=false,snoozing=false,name=Weekend,zenMode=ZEN_MODE_ALARMS,conditionId=condition://android/schedule?days=6.7&start=23.30&end=10.0&exitAtAlarm=false,condition=Condition[id=condition://android/schedule?days=6.7&start=23.30&end=10.0&exitAtAlarm=false,summary=...,line1=...,line2=...,icon=0,state=STATE_FALSE,flags=2],component=ComponentInfo{android/com.android.server.notification.ScheduleConditionProvider},id=ab221c0865c743dc992e5312c09fe803,creationTime=1251763233155,enabler=null]},manualRule=null],Diff[]
09-01 00:00:17.779 D/ZenLog  (  442): set_zen_mode: off,onSystemReady
09-01 00:00:17.790 D/PermissionCache(  172): checking android.permission.CAPTURE_AUDIO_HOTWORD for uid=1000 => granted (354 us)
09-01 00:00:17.790 W/SoundTriggerHelper(  442): listModules status=0, # of modules=0
09-01 00:00:17.790 D/ContextHubSystemService(  442): onBootPhase: PHASE_SYSTEM_SERVICES_READY
09-01 00:00:17.817 I/art     (  442): Background sticky concurrent mark sweep GC freed 3971(372KB) AllocSpace objects, 4(1360KB) LOS objects, 30% free, 4MB/5MB, paused 8.063ms total 37.610ms
09-01 00:00:17.868 W/KeyguardServiceDelegate(  442): onScreenTurningOn(): no keyguard service!
09-01 00:00:17.877 V/UserManagerService(  442): Found /data/user_de/0 with serial number 0
09-01 00:00:17.877 V/UserManagerService(  442): Found /data/user/0 with serial number 0
09-01 00:00:17.877 V/UserManagerService(  442): Found /data/system_de/0 with serial number 0
09-01 00:00:17.877 V/UserManagerService(  442): Found /data/system_ce/0 with serial number 0
09-01 00:00:17.879 I/ActivityManager(  442): System now ready
09-01 00:00:17.888 I/SystemServer(  442): Making services ready
09-01 00:00:17.888 I/SystemServiceManager(  442): Starting phase 550
09-01 00:00:17.952 D/BluetoothManagerService(  442): Bluetooth boot completed
09-01 00:00:17.952 D/BluetoothManagerService(  442): Auto-enabling Bluetooth.
09-01 00:00:17.952 D/BluetoothManagerService(  442): MESSAGE_ENABLE(0): mBluetooth = null
09-01 00:00:17.953 E/InputMethodManagerService(  442): Ignoring updateSystemUiLocked due to an invalid token. uid:1000 token:null
09-01 00:00:17.970 I/Zygote  (  442): Process: zygote socket opened, supported ABIS: armeabi-v7a,armeabi
09-01 00:00:17.986 I/ActivityManager(  442): Start proc 522:com.android.bluetooth/1002 for service com.android.bluetooth/.btservice.AdapterService
09-01 00:00:18.052 I/ActivityManager(  442): Start proc 538:com.android.inputmethod.latin/u0a38 for service com.android.inputmethod.latin/.LatinIME
09-01 00:00:18.053 V/InputMethodManagerService(  442): Adding window token: android.os.Binder@feefad8
09-01 00:00:18.054 D/MountService(  442): Thinking about init, mSystemReady=true, mDaemonConnected=true
09-01 00:00:18.054 D/MountService(  442): Setting up emulation state, initlocked=false
09-01 00:00:18.055 D/CryptdConnector(  442): SND -> {2 cryptfs unlock_user_key 0 0 ! !}
09-01 00:00:18.056 D/vold    (  131): e4crypt_unlock_user_key 0 serial=0 token_present=0
09-01 00:00:18.060 D/CryptdConnector(  442): RCV <- {200 2 Command succeeded}
09-01 00:00:18.062 D/MountService(  442): Thinking about reset, mSystemReady=true, mDaemonConnected=true
09-01 00:00:18.063 D/VoldConnector(  442): SND -> {3 volume reset}
09-01 00:00:18.063 D/UsbAlsaManager(  442): Adding ALSA device AlsaDevice: [card: 0, device: 3, type: 1]
09-01 00:00:18.063 D/UsbAlsaManager(  442): Adding ALSA device AlsaDevice: [card: 0, device: 2, type: 1]
09-01 00:00:18.063 D/UsbAlsaManager(  442): Adding ALSA device AlsaDevice: [card: 0, device: 1, type: 1]
09-01 00:00:18.063 D/UsbAlsaManager(  442): Adding ALSA device AlsaDevice: [card: 0, device: 2, type: 2]
09-01 00:00:18.064 D/UsbAlsaManager(  442): Adding ALSA device AlsaDevice: [card: 0, device: 0, type: 1]
09-01 00:00:18.064 D/UsbAlsaManager(  442): Adding ALSA device AlsaDevice: [card: 0, device: 1, type: 2]
09-01 00:00:18.064 I/ActivityManager(  442): Force stopping com.android.providers.media appid=10007 user=-1: vold reset
09-01 00:00:18.064 D/UsbAlsaManager(  442): Adding ALSA device AlsaDevice: [card: 0, device: 0, type: 2]
09-01 00:00:18.065 D/VoldConnector(  442): RCV <- {651 emulated 7}
09-01 00:00:18.066 D/VoldConnector(  442): RCV <- {659 emulated}
09-01 00:00:18.067 D/VoldConnector(  442): RCV <- {650 emulated 2 "" ""}
09-01 00:00:18.068 D/VoldConnector(  442): RCV <- {651 emulated 0}
09-01 00:00:18.069 D/VoldConnector(  442): RCV <- {200 3 Command succeeded}
09-01 00:00:18.070 D/VoldConnector(  442): SND -> {4 volume user_added 0 0}
09-01 00:00:18.071 D/VoldConnector(  442): RCV <- {200 4 Command succeeded}
09-01 00:00:18.072 V/MountService(  442): Found primary storage at VolumeInfo{emulated}:
09-01 00:00:18.072 V/MountService(  442):     type=EMULATED diskId=null partGuid=null mountFlags=0 mountUserId=-1 
09-01 00:00:18.072 V/MountService(  442):     state=UNMOUNTED 
09-01 00:00:18.072 V/MountService(  442):     fsType=null fsUuid=null fsLabel=null 
09-01 00:00:18.072 V/MountService(  442):     path=null internalPath=null 
09-01 00:00:18.074 D/VoldConnector(  442): SND -> {5 volume mount emulated 3 -1}
09-01 00:00:18.076 I/SystemServer(  442): WebViewFactory preparation
09-01 00:00:18.079 D/VoldConnector(  442): RCV <- {651 emulated 1}
09-01 00:00:18.080 D/VoldConnector(  442): RCV <- {656 emulated /data/media}
09-01 00:00:18.080 D/VoldConnector(  442): RCV <- {655 emulated /storage/emulated}
09-01 00:00:18.085 V/vold    (  131): Waiting for FUSE to spin up...
09-01 00:00:18.086 D/WebViewFactory(  442): Setting new address space to 104857600
09-01 00:00:18.095 D/UsbHostManager(  442): Added device UsbDevice[mName=/dev/bus/usb/002/003,mVendorId=3034,mProductId=33145,mClass=0,mSubclass=0,mProtocol=0,mManufacturerName=Realtek,mProductName=802.11n NIC,mVersion=2.0,mSerialNumber=00E04C0001,mConfigurations=[
09-01 00:00:18.095 D/UsbHostManager(  442): UsbConfiguration[mId=1,mName=null,mAttributes=160,mMaxPower=250,mInterfaces=[
09-01 00:00:18.095 D/UsbHostManager(  442): UsbInterface[mId=0,mAlternateSetting=0,mName=null,mClass=255,mSubclass=255,mProtocol=255,mEndpoints=[
09-01 00:00:18.095 D/UsbHostManager(  442): UsbEndpoint[mAddress=129,mAttributes=2,mMaxPacketSize=512,mInterval=0]
09-01 00:00:18.095 D/UsbHostManager(  442): UsbEndpoint[mAddress=2,mAttributes=2,mMaxPacketSize=512,mInterval=0]
09-01 00:00:18.095 D/UsbHostManager(  442): UsbEndpoint[mAddress=3,mAttributes=2,mMaxPacketSize=512,mInterval=0]]]]
09-01 00:00:18.097 D/BluetoothManagerService(  442): Creating new ProfileServiceConnections object for profile: 1
09-01 00:00:18.101 E/BluetoothA2dp(  442): Could not bind to Bluetooth A2DP Service with Intent { act=android.bluetooth.IBluetoothA2dp }
09-01 00:00:18.110 W/ContextImpl(  442): Calling a method in the system process without a qualified user: android.app.ContextImpl.sendBroadcast:877 com.android.server.usb.UsbSettingsManager.deviceAttached:739 com.android.server.usb.UsbHostManager.endUsbDeviceAdded:225 com.android.server.usb.UsbHostManager.monitorUsbHostBus:-2 com.android.server.usb.UsbHostManager.-wrap0:-1 
09-01 00:00:18.125 W/sdcard  (  547): Device explicitly disabled sdcardfs
09-01 00:00:18.133 I/ActivityManager(  442): Start proc 555:WebViewLoader-armeabi-v7a/1037 [android.webkit.WebViewFactory$RelroFileCreator] for 
09-01 00:00:18.137 D/VoldConnector(  442): RCV <- {651 emulated 2}
09-01 00:00:18.138 D/VoldConnector(  442): RCV <- {200 5 Command succeeded}
09-01 00:00:18.159 I/ActivityManager(  442): Start proc 567:com.android.systemui/u0a19 for service com.android.systemui/.SystemUIService
09-01 00:00:18.161 D/NetworkManagement(  442): enabling bandwidth control
09-01 00:00:18.163 I/AudioFlinger(  172): systemReady
09-01 00:00:18.177 V/WebViewFactory(  555): RelroFileCreator (64bit = false),  32-bit lib: /system/app/webview/webview.apk!/lib/armeabi-v7a/libwebviewchromium.so, 64-bit lib: 
09-01 00:00:18.215 E/WVMExtractor(  442): Failed to open libwvm.so: dlopen failed: library "libwvm.so" not found
09-01 00:00:18.269 I/MediaExtractor(  181): Autodetected media content as 'application/ogg' with confidence 0.20
09-01 00:00:18.298 I/MediaPlayerService(  182): MediaPlayerService::getOMX
09-01 00:00:18.317 W/System  (  567): ClassLoader referenced unknown path: /system/priv-app/SystemUI/lib/arm
09-01 00:00:18.333 D/NXOMXPlugin(  182): 	 ------------------------------------------------------
09-01 00:00:18.333 D/NXOMXPlugin(  182): 	 -                                                    -
09-01 00:00:18.333 D/NXOMXPlugin(  182): 	 -          Nexell Open MAX IL Plugin                 -
09-01 00:00:18.333 D/NXOMXPlugin(  182): 	 -                                                    -
09-01 00:00:18.333 D/NXOMXPlugin(  182): 	 -          Version: 0.90.0.0                      -
09-01 00:00:18.333 D/NXOMXPlugin(  182): 	 ------------------------------------------------------
09-01 00:00:18.346 D/NXOMXPlugin(  178): 	 ------------------------------------------------------
09-01 00:00:18.346 D/NXOMXPlugin(  178): 	 -                                                    -
09-01 00:00:18.346 D/NXOMXPlugin(  178): 	 -          Nexell Open MAX IL Plugin                 -
09-01 00:00:18.346 D/NXOMXPlugin(  178): 	 -                                                    -
09-01 00:00:18.346 D/NXOMXPlugin(  178): 	 -          Version: 0.90.0.0                      -
09-01 00:00:18.346 D/NXOMXPlugin(  178): 	 ------------------------------------------------------
09-01 00:00:18.349 I/OMXClient(  182): MuxOMX ctor
09-01 00:00:18.361 I/MediaPlayerService(  182): MediaPlayerService::getOMX
09-01 00:00:18.361 I/OMXClient(  182): MuxOMX ctor
09-01 00:00:18.362 I/OMXMaster(  178): makeComponentInstance(OMX.google.mp3.decoder) in mediacodec process
09-01 00:00:18.457 I/MediaPlayerService(  182): MediaPlayerService::getOMX
09-01 00:00:18.458 I/OMXClient(  182): MuxOMX ctor
09-01 00:00:18.458 I/OMXMaster(  178): makeComponentInstance(OMX.google.amrnb.decoder) in mediacodec process
09-01 00:00:18.470 W/NetworkManagement(  442): setDataSaverMode(): already false
09-01 00:00:18.485 I/MediaPlayerService(  182): MediaPlayerService::getOMX
09-01 00:00:18.486 I/OMXClient(  182): MuxOMX ctor
09-01 00:00:18.486 I/OMXMaster(  178): makeComponentInstance(OMX.google.amrwb.decoder) in mediacodec process
09-01 00:00:18.492 I/MediaPlayerService(  182): MediaPlayerService::getOMX
09-01 00:00:18.493 I/OMXClient(  182): MuxOMX ctor
09-01 00:00:18.493 I/OMXMaster(  178): makeComponentInstance(OMX.google.aac.decoder) in mediacodec process
09-01 00:00:18.540 I/MediaPlayerService(  182): MediaPlayerService::getOMX
09-01 00:00:18.541 I/OMXClient(  182): MuxOMX ctor
09-01 00:00:18.541 I/OMXMaster(  178): makeComponentInstance(OMX.google.g711.alaw.decoder) in mediacodec process
09-01 00:00:18.648 I/MediaPlayerService(  182): MediaPlayerService::getOMX
09-01 00:00:18.649 I/OMXClient(  182): MuxOMX ctor
09-01 00:00:18.650 I/OMXMaster(  178): makeComponentInstance(OMX.google.g711.mlaw.decoder) in mediacodec process
09-01 00:00:18.661 D/NetworkPolicy(  442): setRestrictBackgroundUL(): false
09-01 00:00:18.662 W/NetworkManagement(  442): setDataSaverMode(): already false
09-01 00:00:18.710 I/art     (  555): System.exit called, status: 0
09-01 00:00:18.711 I/AndroidRuntime(  555): VM exiting with result code 0, cleanup skipped.
09-01 00:00:18.746 I/MediaPlayerService(  182): MediaPlayerService::getOMX
09-01 00:00:18.747 I/OMXClient(  182): MuxOMX ctor
09-01 00:00:18.747 I/OMXMaster(  178): makeComponentInstance(OMX.google.vorbis.decoder) in mediacodec process
09-01 00:00:18.842 V/SystemUIService(  567): Starting SystemUI services for user 0.
09-01 00:00:18.864 I/MediaPlayerService(  182): MediaPlayerService::getOMX
09-01 00:00:18.865 I/OMXClient(  182): MuxOMX ctor
09-01 00:00:18.865 I/OMXMaster(  178): makeComponentInstance(OMX.google.opus.decoder) in mediacodec process
09-01 00:00:18.869 W/WindowManager(  442): Keyguard drawn timeout. Setting mKeyguardDrawComplete
09-01 00:00:18.876 I/LatinIME(  538): Hardware accelerated drawing: true
09-01 00:00:18.880 D/AdapterServiceConfig(  522): Adding HeadsetService
09-01 00:00:18.880 D/AdapterServiceConfig(  522): Adding A2dpSinkService
09-01 00:00:18.880 D/AdapterServiceConfig(  522): Adding HidService
09-01 00:00:18.880 D/AdapterServiceConfig(  522): Adding HealthService
09-01 00:00:18.881 D/AdapterServiceConfig(  522): Adding PanService
09-01 00:00:18.881 D/AdapterServiceConfig(  522): Adding GattService
09-01 00:00:18.881 D/AdapterServiceConfig(  522): Adding BluetoothMapService
09-01 00:00:18.881 D/AdapterServiceConfig(  522): Adding HeadsetClientService
09-01 00:00:18.881 D/AdapterServiceConfig(  522): Adding AvrcpControllerService
09-01 00:00:18.881 D/AdapterServiceConfig(  522): Adding PbapClientService
09-01 00:00:18.933 I/SystemServiceManager(  442): Starting phase 600
09-01 00:00:18.945 V/MediaRouter(  567): Adding route: RouteInfo{ name=Tablet, description=null, status=null, category=RouteCategory{ name=null types=ROUTE_TYPE_LIVE_AUDIO ROUTE_TYPE_LIVE_VIDEO  groupable=false }, supportedTypes=ROUTE_TYPE_LIVE_AUDIO ROUTE_TYPE_LIVE_VIDEO , presentationDisplay=null }
09-01 00:00:18.957 V/MediaRouter(  567): Updating audio routes: AudioRoutesInfo{ type=SPEAKER }
09-01 00:00:18.961 V/MediaRouter(  567): Selecting route: RouteInfo{ name=Tablet, description=null, status=null, category=RouteCategory{ name=null types=ROUTE_TYPE_LIVE_AUDIO ROUTE_TYPE_LIVE_VIDEO  groupable=false }, supportedTypes=ROUTE_TYPE_LIVE_AUDIO ROUTE_TYPE_LIVE_VIDEO , presentationDisplay=null }
09-01 00:00:18.975 D/SensorNotificationService(  442): Cannot obtain dynamic meta sensor, not supported.
09-01 00:00:18.990 I/MediaPlayerService(  182): MediaPlayerService::getOMX
09-01 00:00:18.991 I/OMXClient(  182): MuxOMX ctor
09-01 00:00:18.992 I/OMXMaster(  178): makeComponentInstance(OMX.google.raw.decoder) in mediacodec process
09-01 00:00:18.999 W/LocationManagerService(  442): no network location provider found
09-01 00:00:19.002 I/MediaPlayerService(  182): MediaPlayerService::getOMX
09-01 00:00:19.006 E/LocationManagerService(  442): no geocoder provider found
09-01 00:00:19.006 I/OMXClient(  182): MuxOMX ctor
09-01 00:00:19.007 I/OMXMaster(  178): makeComponentInstance(OMX.google.aac.encoder) in mediacodec process
09-01 00:00:19.008 E/FlpHardwareProvider(  442): Error hw_get_module 'flp': -2
09-01 00:00:19.009 D/LocationManagerService(  442): FLP HAL not supported
09-01 00:00:19.021 D/LocationManagerService(  442): Unable to bind FLP Geofence proxy.
09-01 00:00:19.022 E/ActivityRecognitionHardware(  442): Error hw_get_module: -2
09-01 00:00:19.023 D/LocationManagerService(  442): Hardware Activity-Recognition not supported.
09-01 00:00:19.025 E/ActivityRecognitionProxy(  442): ServiceWatcher could not start.
09-01 00:00:19.025 D/LocationManagerService(  442): Unable to bind ActivityRecognitionProxy.
09-01 00:00:19.045 I/CommonTimeManagementService(  442): No common time service detected on this platform.  Common time services will be unavailable.
09-01 00:00:19.050 I/MediaPlayerService(  182): MediaPlayerService::getOMX
09-01 00:00:19.051 I/OMXClient(  182): MuxOMX ctor
09-01 00:00:19.051 I/OMXMaster(  178): makeComponentInstance(OMX.google.amrnb.encoder) in mediacodec process
09-01 00:00:19.052 I/InputReader(  442): Reconfiguring input devices.  changes=0x00000020
09-01 00:00:19.056 V/FingerprintManager(  567): FingerprintManagerService was null
09-01 00:00:19.064 I/MmsServiceBroker(  442): Delay connecting to MmsService until an API is called
09-01 00:00:19.067 I/MediaPlayerService(  182): MediaPlayerService::getOMX
09-01 00:00:19.069 I/InputReader(  442): Reconfiguring input devices.  changes=0x00000010
09-01 00:00:19.070 I/OMXClient(  182): MuxOMX ctor
09-01 00:00:19.071 I/OMXMaster(  178): makeComponentInstance(OMX.google.amrwb.encoder) in mediacodec process
09-01 00:00:19.072 W/FingerprintManager(  567): isFingerprintHardwareDetected(): Service not connected!
09-01 00:00:19.072 W/FingerprintManager(  567): addLockoutResetCallback(): Service not connected!
09-01 00:00:19.094 I/MediaPlayerService(  182): MediaPlayerService::getOMX
09-01 00:00:19.097 I/OMXClient(  182): MuxOMX ctor
09-01 00:00:19.099 I/ActivityManager(  442): Start proc 653:com.android.phone/1001 for added application com.android.phone
09-01 00:00:19.101 I/OMXMaster(  178): makeComponentInstance(OMX.google.flac.encoder) in mediacodec process
09-01 00:00:19.110 I/ActivityManager(  442): START u0 {act=android.intent.action.MAIN cat=[android.intent.category.HOME] flg=0x10000100 cmp=com.android.settings/.FallbackHome} from uid 0 on display 0
09-01 00:00:19.120 W/System  (  442): ClassLoader referenced unknown path: 
09-01 00:00:19.120 W/System  (  442): ClassLoader referenced unknown path: /system/priv-app/Settings/lib/arm
09-01 00:00:19.125 D/ApplicationLoaders(  442): ignored Vulkan layer search path /system/priv-app/Settings/lib/arm:/system/priv-app/Settings/Settings.apk!/lib/armeabi-v7a:/system/lib:/vendor/lib for namespace 0xb4c300d0
09-01 00:00:19.150 I/ActivityManager(  442): Loaded persisted task ids for user 0
09-01 00:00:19.170 E/WVMExtractor(  567): Failed to open libwvm.so: dlopen failed: library "libwvm.so" not found
09-01 00:00:19.182 I/MediaExtractor(  181): Autodetected media content as 'application/ogg' with confidence 0.20
09-01 00:00:19.191 I/ActivityManager(  442): Start proc 670:com.android.settings/1000 for activity com.android.settings/.FallbackHome
09-01 00:00:19.197 I/SystemServer(  442): Enabled StrictMode for system server main thread.
09-01 00:00:19.199 W/art     (  442): Long monitor contention with owner main (442) at void com.android.server.am.ActivityManagerService.systemReady(java.lang.Runnable)(ActivityManagerService.java:13405) waiters=0 in void com.android.server.am.ActivityManagerService.dispatchUidsChanged() for 116ms
09-01 00:00:19.228 D/ConditionProviders.SCP(  442): onConnected
09-01 00:00:19.230 D/BluetoothAdapterService(  522): onCreate()
09-01 00:00:19.232 D/ZenLog  (  442): set_zen_mode: off,readXml
09-01 00:00:19.238 D/BluetoothAdapterState(  522): make() - Creating AdapterState
09-01 00:00:19.249 I/BluetoothAdapterState(  522): Entering OffState
09-01 00:00:19.251 I/bt_btif (  522): init
09-01 00:00:19.252 D/ConditionProviders(  442): Subscribing to condition://android/schedule?days=1.2.3.4.5&start=22.0&end=7.0&exitAtAlarm=false with ComponentInfo{android/com.android.server.notification.ScheduleConditionProvider}
09-01 00:00:19.252 D/ZenLog  (  442): subscribe: condition://android/schedule?days=1.2.3.4.5&start=22.0&end=7.0&exitAtAlarm=false,ok
09-01 00:00:19.254 D/ConditionProviders(  442): Subscribing to condition://android/event?userId=-10000&calendar=&reply=1 with ComponentInfo{android/com.android.server.notification.EventConditionProvider}
09-01 00:00:19.254 D/ZenLog  (  442): subscribe: condition://android/event?userId=-10000&calendar=&reply=1,ok
09-01 00:00:19.255 D/ConditionProviders(  442): Subscribing to condition://android/schedule?days=6.7&start=23.30&end=10.0&exitAtAlarm=false with ComponentInfo{android/com.android.server.notification.ScheduleConditionProvider}
09-01 00:00:19.255 D/ZenLog  (  442): subscribe: condition://android/schedule?days=6.7&start=23.30&end=10.0&exitAtAlarm=false,ok
09-01 00:00:19.272 W/bt_osi_thread(  522): run_thread: thread id 688, thread name stack_manager started
09-01 00:00:19.273 I/bt_stack_manager(  522): event_init_stack is initializing the stack
09-01 00:00:19.273 I/bt_core_module(  522): module_init Initializing module "osi_module"
09-01 00:00:19.274 I/bt_core_module(  522): module_init Initialized module "osi_module"
09-01 00:00:19.274 I/bt_core_module(  522): module_init Initializing module "bt_utils_module"
09-01 00:00:19.274 I/bt_core_module(  522): module_init Initialized module "bt_utils_module"
09-01 00:00:19.274 I/bt_core_module(  522): module_init Initializing module "btif_config_module"
09-01 00:00:19.279 E/bt_osi_config(  522): config_new unable to open file '/data/misc/bluedroid/bt_config.conf': No such file or directory
09-01 00:00:19.279 W/%s unable to load config file: %s; using backup.(  522): init
09-01 00:00:19.279 E/bt_osi_config(  522): config_new unable to open file '/data/misc/bluedroid/bt_config.bak': No such file or directory
09-01 00:00:19.280 W/%s unable to load backup; attempting to transcode legacy file.(  522): init
09-01 00:00:19.280 E/%s unable to load XML file '%s': %d(  522): config_t *btif_config_transcode(const char *)
09-01 00:00:19.280 E/%s unable to transcode legacy file; creating empty config.(  522): init
09-01 00:00:19.282 W/bt_osi_thread(  522): run_thread: thread id 692, thread name alarm_default_ca started
09-01 00:00:19.283 W/bt_osi_thread(  522): run_thread: thread id 693, thread name alarm_dispatcher started
09-01 00:00:19.283 I/bt_core_module(  522): module_init Initialized module "btif_config_module"
09-01 00:00:19.283 I/bt_core_module(  522): module_init Initializing module "interop_module"
09-01 00:00:19.283 I/bt_core_module(  522): module_init Initialized module "interop_module"
09-01 00:00:19.283 I/bt_core_module(  522): module_init Initializing module "stack_config_module"
09-01 00:00:19.284 I/bt_stack_config(  522): init attempt to load stack conf from /etc/bluetooth/bt_stack.conf
09-01 00:00:19.290 I/bt_core_module(  522): module_init Initialized module "stack_config_module"
09-01 00:00:19.292 W/bt_osi_thread(  522): run_thread: thread id 695, thread name bt_jni_workqueue started
09-01 00:00:19.292 I/bt_stack_manager(  522): event_init_stack finished
09-01 00:00:19.293 I/bt_osi_wakelock(  522): wakelock_set_os_callouts set to non-native
09-01 00:00:19.293 I/bt_btif (  522): get_profile_interface socket
09-01 00:00:19.293 W/System  (  653): ClassLoader referenced unknown path: /system/priv-app/TeleService/lib/arm
09-01 00:00:19.315 D/BluetoothAdapterProperties(  522): Address is:22:22:5F:14:41:FA
09-01 00:00:19.316 I/bt_btif (  522): get_profile_interface sdp
09-01 00:00:19.337 I/MediaPlayerService(  182): MediaPlayerService::getOMX
09-01 00:00:19.338 I/OMXClient(  182): MuxOMX ctor
09-01 00:00:19.339 I/OMXMaster(  178): makeComponentInstance(OMX.NX.VIDEO_DECODER.3gpp) in mediacodec process
09-01 00:00:19.345 D/PermissionCache(  127): checking android.permission.READ_FRAME_BUFFER for uid=1000 => granted (3110 us)
09-01 00:00:19.365 I/art     (  442): Background sticky concurrent mark sweep GC freed 22651(1366KB) AllocSpace objects, 7(132KB) LOS objects, 27% free, 4MB/6MB, paused 5.992ms total 101.167ms
09-01 00:00:19.379 D/NX_VIDDEC(  178): NX_VidDec_SetParameter(): Set new role : in role = video_decoder.h263, comp role = video_decoder.h263
09-01 00:00:19.384 W/ActivityManager(  442): Slow operation: 72ms so far, now at attachApplicationLocked: after mServices.attachApplicationLocked
09-01 00:00:19.387 E/OMXNodeInstance(  178): getExtensionIndex(b2000e:NX._DECODER.3gpp, OMX.google.android.index.configureVideoTunnelMode) ERROR: NotImplemented(0x80001006)
09-01 00:00:19.387 W/OMXNodeInstance(  178): [b2000e:NX._DECODER.3gpp] component does not support metadata mode; using fallback
09-01 00:00:19.388 E/OMXNodeInstance(  178): getExtensionIndex(b2000e:NX._DECODER.3gpp, OMX.google.android.index.prepareForAdaptivePlayback) ERROR: NotImplemented(0x80001006)
09-01 00:00:19.393 I/MediaPlayerService(  182): MediaPlayerService::getOMX
09-01 00:00:19.395 I/OMXClient(  182): MuxOMX ctor
09-01 00:00:19.395 I/OMXMaster(  178): makeComponentInstance(OMX.NX.VIDEO_DECODER.avc) in mediacodec process
09-01 00:00:19.404 D/NX_VIDDEC(  178): NX_VidDec_SetParameter(): Set new role : in role = video_decoder.avc, comp role = video_decoder.avc
09-01 00:00:19.409 D/BluetoothAdapterProperties(  522): Name is: AOSP on navi_ref
09-01 00:00:19.411 D/ZenLog  (  442): set_zen_mode: off,cleanUpZenRules
09-01 00:00:19.412 I/WifiScanningService(  442): wifi driver unloaded
09-01 00:00:19.412 W/InputAttributes(  538): No editor info for this field. Bug?
09-01 00:00:19.414 D/BluetoothAdapterService(  522): setAdapterService() - set to: null
09-01 00:00:19.415 D/BluetoothAdapterService(  522): onBind()
09-01 00:00:19.429 W/System  (  670): ClassLoader referenced unknown path: /system/priv-app/Settings/lib/arm
09-01 00:00:19.438 W/System  (  653): ClassLoader referenced unknown path: /system/priv-app/TelephonyProvider/lib/arm
09-01 00:00:19.440 D/ApplicationLoaders(  653): ignored Vulkan layer search path /system/priv-app/TelephonyProvider/lib/arm:/system/lib:/vendor/lib for namespace 0xb4c30090
09-01 00:00:19.449 W/System  (  442): ClassLoader referenced unknown path: /system/priv-app/Telecom/lib/arm
09-01 00:00:19.452 D/ApplicationLoaders(  442): ignored Vulkan layer search path /system/priv-app/Telecom/lib/arm:/system/priv-app/Telecom/Telecom.apk!/lib/armeabi-v7a:/system/lib:/vendor/lib for namespace 0xb4c30110
09-01 00:00:19.455 W/ACodec  (  182): [OMX.NX.VIDEO_DECODER.avc] stopping checking profiles after 32: 80/10
09-01 00:00:19.459 E/OMXNodeInstance(  178): getExtensionIndex(b2000f:NX._DECODER.avc, OMX.google.android.index.configureVideoTunnelMode) ERROR: NotImplemented(0x80001006)
09-01 00:00:19.460 W/OMXNodeInstance(  178): [b2000f:NX._DECODER.avc] component does not support metadata mode; using fallback
09-01 00:00:19.461 E/OMXNodeInstance(  178): getExtensionIndex(b2000f:NX._DECODER.avc, OMX.google.android.index.prepareForAdaptivePlayback) ERROR: NotImplemented(0x80001006)
09-01 00:00:19.466 I/MediaPlayerService(  182): MediaPlayerService::getOMX
09-01 00:00:19.467 I/OMXClient(  182): MuxOMX ctor
09-01 00:00:19.467 I/OMXMaster(  178): makeComponentInstance(OMX.NX.VIDEO_DECODER.mpeg2) in mediacodec process
09-01 00:00:19.489 D/NX_VIDDEC(  178): NX_VidDec_SetParameter(): Set new role : in role = video_decoder.mpeg2, comp role = video_decoder.mpeg2
09-01 00:00:19.492 E/OMXNodeInstance(  178): getExtensionIndex(b20010:NX._DECODER.mpeg2, OMX.google.android.index.configureVideoTunnelMode) ERROR: NotImplemented(0x80001006)
09-01 00:00:19.492 W/OMXNodeInstance(  178): [b20010:NX._DECODER.mpeg2] component does not support metadata mode; using fallback
09-01 00:00:19.492 E/OMXNodeInstance(  178): getExtensionIndex(b20010:NX._DECODER.mpeg2, OMX.google.android.index.prepareForAdaptivePlayback) ERROR: NotImplemented(0x80001006)
09-01 00:00:19.494 I/MediaPlayerService(  182): MediaPlayerService::getOMX
09-01 00:00:19.495 I/OMXClient(  182): MuxOMX ctor
09-01 00:00:19.495 I/OMXMaster(  178): makeComponentInstance(OMX.NX.VIDEO_DECODER.mpeg4) in mediacodec process
09-01 00:00:19.502 D/NX_VIDDEC(  178): NX_VidDec_SetParameter(): Set new role : in role = video_decoder.mpeg4, comp role = video_decoder.mpeg4
09-01 00:00:19.507 E/OMXNodeInstance(  178): getExtensionIndex(b20011:NX._DECODER.mpeg4, OMX.google.android.index.configureVideoTunnelMode) ERROR: NotImplemented(0x80001006)
09-01 00:00:19.507 W/OMXNodeInstance(  178): [b20011:NX._DECODER.mpeg4] component does not support metadata mode; using fallback
09-01 00:00:19.507 E/OMXNodeInstance(  178): getExtensionIndex(b20011:NX._DECODER.mpeg4, OMX.google.android.index.prepareForAdaptivePlayback) ERROR: NotImplemented(0x80001006)
09-01 00:00:19.509 I/MediaPlayerService(  182): MediaPlayerService::getOMX
09-01 00:00:19.510 I/OMXClient(  182): MuxOMX ctor
09-01 00:00:19.510 I/OMXMaster(  178): makeComponentInstance(OMX.NX.VIDEO_DECODER.mp43) in mediacodec process
09-01 00:00:19.518 D/NX_VIDDEC(  178): NX_VidDec_SetParameter(): Set new role : in role = video_decoder.mp43, comp role = video_decoder.mp43
09-01 00:00:19.525 E/OMXNodeInstance(  178): getExtensionIndex(b20012:NX._DECODER.mp43, OMX.google.android.index.configureVideoTunnelMode) ERROR: NotImplemented(0x80001006)
09-01 00:00:19.526 W/OMXNodeInstance(  178): [b20012:NX._DECODER.mp43] component does not support metadata mode; using fallback
09-01 00:00:19.526 E/OMXNodeInstance(  178): getExtensionIndex(b20012:NX._DECODER.mp43, OMX.google.android.index.prepareForAdaptivePlayback) ERROR: NotImplemented(0x80001006)
09-01 00:00:19.528 I/MediaPlayerService(  182): MediaPlayerService::getOMX
09-01 00:00:19.529 I/OMXClient(  182): MuxOMX ctor
09-01 00:00:19.529 I/OMXMaster(  178): makeComponentInstance(OMX.NX.VIDEO_DECODER.rv) in mediacodec process
09-01 00:00:19.534 D/NX_VIDDEC(  178): NX_VidDec_SetParameter(): Set new role : in role = video_decoder.x-pn-realvideo, comp role = video_decoder.x-pn-realvideo
09-01 00:00:19.536 E/OMXNodeInstance(  178): getExtensionIndex(b20013:NX._DECODER.rv, OMX.google.android.index.configureVideoTunnelMode) ERROR: NotImplemented(0x80001006)
09-01 00:00:19.536 W/OMXNodeInstance(  178): [b20013:NX._DECODER.rv] component does not support metadata mode; using fallback
09-01 00:00:19.536 E/OMXNodeInstance(  178): getExtensionIndex(b20013:NX._DECODER.rv, OMX.google.android.index.prepareForAdaptivePlayback) ERROR: NotImplemented(0x80001006)
09-01 00:00:19.539 I/MediaPlayerService(  182): MediaPlayerService::getOMX
09-01 00:00:19.540 I/OMXClient(  182): MuxOMX ctor
09-01 00:00:19.541 I/OMXMaster(  178): makeComponentInstance(OMX.NX.VIDEO_DECODER.wmv) in mediacodec process
09-01 00:00:19.550 D/NX_VIDDEC(  178): NX_VidDec_SetParameter(): Set new role : in role = video_decoder.x-ms-wmv, comp role = video_decoder.x-ms-wmv
09-01 00:00:19.557 E/OMXNodeInstance(  178): getExtensionIndex(b20014:NX._DECODER.wmv, OMX.google.android.index.configureVideoTunnelMode) ERROR: NotImplemented(0x80001006)
09-01 00:00:19.559 W/OMXNodeInstance(  178): [b20014:NX._DECODER.wmv] component does not support metadata mode; using fallback
09-01 00:00:19.560 E/OMXNodeInstance(  178): getExtensionIndex(b20014:NX._DECODER.wmv, OMX.google.android.index.prepareForAdaptivePlayback) ERROR: NotImplemented(0x80001006)
09-01 00:00:19.564 I/MediaPlayerService(  182): MediaPlayerService::getOMX
09-01 00:00:19.565 I/OMXClient(  182): MuxOMX ctor
09-01 00:00:19.566 I/OMXMaster(  178): makeComponentInstance(OMX.NX.VIDEO_DECODER.wvc1) in mediacodec process
09-01 00:00:19.582 D/NX_VIDDEC(  178): NX_VidDec_SetParameter(): Set new role : in role = video_decoder.wvc1, comp role = video_decoder.wvc1
09-01 00:00:19.586 E/OMXNodeInstance(  178): getExtensionIndex(b20015:NX._DECODER.wvc1, OMX.google.android.index.configureVideoTunnelMode) ERROR: NotImplemented(0x80001006)
09-01 00:00:19.586 W/OMXNodeInstance(  178): [b20015:NX._DECODER.wvc1] component does not support metadata mode; using fallback
09-01 00:00:19.587 E/OMXNodeInstance(  178): getExtensionIndex(b20015:NX._DECODER.wvc1, OMX.google.android.index.prepareForAdaptivePlayback) ERROR: NotImplemented(0x80001006)
09-01 00:00:19.590 I/MediaPlayerService(  182): MediaPlayerService::getOMX
09-01 00:00:19.591 I/OMXClient(  182): MuxOMX ctor
09-01 00:00:19.592 I/OMXMaster(  178): makeComponentInstance(OMX.NX.VIDEO_DECODER.vc1) in mediacodec process
09-01 00:00:19.600 I/LatinIME:LogUtils(  538): Dictionary info: dictionary = userunigram.en_US ; version = 1251763219 ; date = ?
09-01 00:00:19.603 E/ActivityThread(  538): Failed to find provider info for user_dictionary
09-01 00:00:19.605 I/LatinIME:LogUtils(  538): Dictionary info: dictionary = UserHistoryDictionary.en_US ; version = 1251763219 ; date = ?
09-01 00:00:19.608 D/NX_VIDDEC(  178): NX_VidDec_SetParameter(): Set new role : in role = video_decoder.vc1, comp role = video_decoder.vc1
09-01 00:00:19.612 E/OMXNodeInstance(  178): getExtensionIndex(b20016:NX._DECODER.vc1, OMX.google.android.index.configureVideoTunnelMode) ERROR: NotImplemented(0x80001006)
09-01 00:00:19.614 W/OMXNodeInstance(  178): [b20016:NX._DECODER.vc1] component does not support metadata mode; using fallback
09-01 00:00:19.614 E/OMXNodeInstance(  178): getExtensionIndex(b20016:NX._DECODER.vc1, OMX.google.android.index.prepareForAdaptivePlayback) ERROR: NotImplemented(0x80001006)
09-01 00:00:19.617 I/MediaPlayerService(  182): MediaPlayerService::getOMX
09-01 00:00:19.619 I/OMXClient(  182): MuxOMX ctor
09-01 00:00:19.619 I/OMXMaster(  178): makeComponentInstance(OMX.NX.VIDEO_DECODER.flv) in mediacodec process
09-01 00:00:19.640 D/NX_VIDDEC(  178): NX_VidDec_SetParameter(): Set new role : in role = video_decoder.x-flv, comp role = video_decoder.x-flv
09-01 00:00:19.643 E/OMXNodeInstance(  178): getExtensionIndex(b20017:NX._DECODER.flv, OMX.google.android.index.configureVideoTunnelMode) ERROR: NotImplemented(0x80001006)
09-01 00:00:19.644 W/OMXNodeInstance(  178): [b20017:NX._DECODER.flv] component does not support metadata mode; using fallback
09-01 00:00:19.645 E/OMXNodeInstance(  178): getExtensionIndex(b20017:NX._DECODER.flv, OMX.google.android.index.prepareForAdaptivePlayback) ERROR: NotImplemented(0x80001006)
09-01 00:00:19.648 I/MediaPlayerService(  182): MediaPlayerService::getOMX
09-01 00:00:19.649 I/OMXClient(  182): MuxOMX ctor
09-01 00:00:19.650 I/OMXMaster(  178): makeComponentInstance(OMX.NX.VIDEO_ENCODER.avc) in mediacodec process
09-01 00:00:19.656 D/TelephonyProvider(  653): dbh.onOpen: ok, queried table=siminfo
09-01 00:00:19.658 D/TelephonyProvider(  653): dbh.onOpen: ok, queried table=carriers
09-01 00:00:19.671 W/ACodec  (  182): do not know color format 0x7f000789 = 2130708361
09-01 00:00:19.673 I/MediaPlayerService(  182): MediaPlayerService::getOMX
09-01 00:00:19.674 I/OMXClient(  182): MuxOMX ctor
09-01 00:00:19.674 I/OMXMaster(  178): makeComponentInstance(OMX.NX.VIDEO_ENCODER.3gpp) in mediacodec process
