--------- beginning of system
09-01 00:00:02.475   131   131 I vold    : Vold 3.0 (the awakening) firing up
09-01 00:00:02.475   131   131 V vold    : Detected support for: exfat ext4 ntfs vfat
09-01 00:00:02.518   131   146 D vold    : e4crypt_init_user0
09-01 00:00:02.523   131   146 D vold    : e4crypt_prepare_user_storage for volume null, user 0, serial 0, flags 1
09-01 00:00:02.523   131   146 D vold    : Preparing: /data/system/users/0
09-01 00:00:02.525   131   146 D vold    : Preparing: /data/misc/profiles/cur/0
09-01 00:00:02.528   131   146 D vold    : Preparing: /data/misc/profiles/cur/0/foreign-dex
09-01 00:00:02.531   131   146 D vold    : Preparing: /data/system_de/0
09-01 00:00:02.533   131   146 D vold    : Preparing: /data/misc_de/0
09-01 00:00:02.536   131   146 D vold    : Preparing: /data/user_de/0
09-01 00:00:02.539   131   146 D vold    : e4crypt_unlock_user_key 0 serial=0 token_present=0
09-01 00:00:10.364   442   442 I chatty  : uid=1000 system_server expire 212 lines
09-01 00:00:10.979   442   456 I chatty  : uid=1000(system) ActivityManager expire 1 line
09-01 00:00:10.984   442   457 I chatty  : uid=1000(system) android.ui expire 1 line
09-01 00:00:11.389   442   463 I chatty  : uid=1000(system) android.display expire 6 lines
09-01 00:00:11.410   442   465 I chatty  : uid=1000(system) PowerManagerSer expire 1 line
09-01 00:00:15.526   442   476 I chatty  : uid=1000(system) CameraService_p expire 1 line
09-01 00:00:16.176   442   455 I chatty  : uid=1000(system) android.bg expire 1 line
09-01 00:00:16.208   442   489 I chatty  : uid=1000(system) MountService expire 27 lines
09-01 00:00:16.222   442   491 I chatty  : uid=1000(system) CryptdConnector expire 1 line
09-01 00:00:16.230   442   490 I chatty  : uid=1000(system) VoldConnector expire 2 lines
09-01 00:00:16.387   442   492 I chatty  : uid=1000(system) NetdConnector expire 1 line
09-01 00:00:17.774   442   502 I chatty  : uid=1000(system) ConnectivitySer expire 5 lines
09-01 00:00:17.868   442   465 I chatty  : uid=1000(system) PowerManagerSer expire 1 line
09-01 00:00:17.877   442   442 I chatty  : uid=1000 system_server expire 88 lines
09-01 00:00:17.952   442   462 I chatty  : uid=1000(system) android.io expire 51 lines
09-01 00:00:18.054   442   489 I chatty  : uid=1000(system) MountService expire 8 lines
09-01 00:00:18.056   131   146 D vold    : e4crypt_unlock_user_key 0 serial=0 token_present=0
09-01 00:00:18.060   442   491 I chatty  : uid=1000(system) CryptdConnector expire 4 lines
09-01 00:00:18.064   442   456 I chatty  : uid=1000(system) ActivityManager expire 10 lines
09-01 00:00:18.065   442   490 I chatty  : uid=1000(system) VoldConnector expire 12 lines
09-01 00:00:18.072   442   461 I chatty  : uid=1000(system) android.fg expire 1 line
09-01 00:00:18.085   131   145 V vold    : Waiting for FUSE to spin up...
09-01 00:00:18.095   442   545 I chatty  : uid=1000(system) UsbService host expire 2 lines
09-01 00:00:18.097   442   509 I chatty  : uid=1000(system) AudioService expire 1 line
09-01 00:00:18.869   442   457 I chatty  : uid=1000(system) android.ui expire 2 lines
09-01 00:00:19.056   567   567 V FingerprintManager: FingerprintManagerService was null
09-01 00:00:19.384   442   513 I chatty  : uid=1000(system) Binder:442_3 expire 4 lines
09-01 00:00:19.603   538   722 E ActivityThread: Failed to find provider info for user_dictionary
09-01 00:00:19.801   442   743 I chatty  : uid=1000(system) uteStateMachine expire 1 line
09-01 00:00:19.817   442   744 I chatty  : uid=1000(system) CallAudioModeSt expire 1 line
09-01 00:00:19.859   442   748 I chatty  : uid=1000(system) AsyncQueryWorke expire 1 line
09-01 00:00:20.059   442   463 I chatty  : uid=1000(system) android.display expire 9 lines
09-01 00:00:20.192   442   508 I chatty  : uid=1000(system) onProviders.ECP expire 2 lines
09-01 00:00:20.233   442   455 I chatty  : uid=1000(system) android.bg expire 2 lines
09-01 00:00:20.466   653   653 W SystemConfig: No directory /system/etc/sysconfig, skipping
09-01 00:00:20.612   653   796 E ActivityThread: Failed to find provider info for com.android.contacts
09-01 00:00:20.728   442   639 I chatty  : uid=1000(system) Binder:442_4 expire 4 lines
09-01 00:00:20.729   131   146 D VoldCryptCmdListener: cryptfs getpw
09-01 00:00:20.739   131   146 D VoldCryptCmdListener: cryptfs clearpw
09-01 00:00:21.719   567   567 I StatusBar: isKeyguardShowing() called before startKeyguard(), returning true
09-01 00:00:21.721   567   567 W StatusBar: isKeyguardSecure() called before startKeyguard(), returning false
09-01 00:00:21.721   567   567 W StatusBar: java.lang.Throwable
09-01 00:00:21.721   567   567 W StatusBar: 	at com.android.systemui.statusbar.BaseStatusBar.isKeyguardSecure(BaseStatusBar.java:2652)
09-01 00:00:21.721   567   567 W StatusBar: 	at com.android.systemui.statusbar.BaseStatusBar.isCameraAllowedByAdmin(BaseStatusBar.java:2675)
09-01 00:00:21.721   567   567 W StatusBar: 	at com.android.systemui.statusbar.phone.KeyguardBottomAreaView.updateCameraVisibility(KeyguardBottomAreaView.java:309)
09-01 00:00:21.721   567   567 W StatusBar: 	at com.android.systemui.statusbar.phone.KeyguardBottomAreaView.setPhoneStatusBar(KeyguardBottomAreaView.java:272)
09-01 00:00:21.721   567   567 W StatusBar: 	at com.android.systemui.statusbar.phone.PhoneStatusBar.makeStatusBarView(PhoneStatusBar.java:909)
09-01 00:00:21.721   567   567 W StatusBar: 	at com.android.systemui.statusbar.phone.PhoneStatusBar.addStatusBarWindow(PhoneStatusBar.java:3467)
09-01 00:00:21.721   567   567 W StatusBar: 	at com.android.systemui.statusbar.phone.PhoneStatusBar.createAndAddWindows(PhoneStatusBar.java:3463)
09-01 00:00:21.721   567   567 W StatusBar: 	at com.android.systemui.statusbar.BaseStatusBar.start(BaseStatusBar.java:763)
09-01 00:00:21.721   567   567 W StatusBar: 	at com.android.systemui.statusbar.phone.PhoneStatusBar.start(PhoneStatusBar.java:687)
09-01 00:00:21.721   567   567 W StatusBar: 	at com.android.systemui.statusbar.SystemBars.createStatusBarFromConfig(SystemBars.java:106)
09-01 00:00:21.721   567   567 W StatusBar: 	at com.android.systemui.statusbar.SystemBars.onNoService(SystemBars.java:58)
09-01 00:00:21.721   567   567 W StatusBar: 	at com.android.systemui.statusbar.ServiceMonitor.startService(ServiceMonitor.java:230)
09-01 00:00:21.721   567   567 W StatusBar: 	at com.android.systemui.statusbar.ServiceMonitor.-wrap5(ServiceMonitor.java)
09-01 00:00:21.721   567   567 W StatusBar: 	at com.android.systemui.statusbar.ServiceMonitor$1.handleMessage(ServiceMonitor.java:73)
09-01 00:00:21.721   567   567 W StatusBar: 	at android.os.Handler.dispatchMessage(Handler.java:102)
09-01 00:00:21.721   567   567 W StatusBar: 	at android.os.Looper.loop(Looper.java:154)
09-01 00:00:21.721   567   567 W StatusBar: 	at android.app.ActivityThread.main(ActivityThread.java:6121)
09-01 00:00:21.721   567   567 W StatusBar: 	at java.lang.reflect.Method.invoke(Native Method)
09-01 00:00:21.721   567   567 W StatusBar: 	at com.android.internal.os.ZygoteInit$MethodAndArgsCaller.run(ZygoteInit.java:889)
09-01 00:00:21.721   567   567 W StatusBar: 	at com.android.internal.os.ZygoteInit.main(ZygoteInit.java:779)
09-01 00:00:21.724   567   567 I StatusBar: isKeyguardShowing() called before startKeyguard(), returning true
09-01 00:00:21.727   567   567 W StatusBar: isKeyguardSecure() called before startKeyguard(), returning false
09-01 00:00:21.727   567   567 W StatusBar: java.lang.Throwable
09-01 00:00:21.727   567   567 W StatusBar: 	at com.android.systemui.statusbar.BaseStatusBar.isKeyguardSecure(BaseStatusBar.java:2652)
09-01 00:00:21.727   567   567 W StatusBar: 	at com.android.systemui.statusbar.BaseStatusBar.isCameraAllowedByAdmin(BaseStatusBar.java:2675)
09-01 00:00:21.727   567   567 W StatusBar: 	at com.android.systemui.statusbar.phone.KeyguardBottomAreaView.updateCameraVisibility(KeyguardBottomAreaView.java:309)
09-01 00:00:21.727   567   567 W StatusBar: 	at com.android.systemui.statusbar.phone.KeyguardBottomAreaView.setUserSetupComplete(KeyguardBottomAreaView.java:281)
09-01 00:00:21.727   567   567 W StatusBar: 	at com.android.systemui.statusbar.phone.PhoneStatusBar.makeStatusBarView(PhoneStatusBar.java:910)
09-01 00:00:21.727   567   567 W StatusBar: 	at com.android.systemui.statusbar.phone.PhoneStatusBar.addStatusBarWindow(PhoneStatusBar.java:3467)
09-01 00:00:21.727   567   567 W StatusBar: 	at com.android.systemui.statusbar.phone.PhoneStatusBar.createAndAddWindows(PhoneStatusBar.java:3463)
09-01 00:00:21.727   567   567 W StatusBar: 	at com.android.systemui.statusbar.BaseStatusBar.start(BaseStatusBar.java:763)
09-01 00:00:21.727   567   567 W StatusBar: 	at com.android.systemui.statusbar.phone.PhoneStatusBar.start(PhoneStatusBar.java:687)
09-01 00:00:21.727   567   567 W StatusBar: 	at com.android.systemui.statusbar.SystemBars.createStatusBarFromConfig(SystemBars.java:106)
09-01 00:00:21.727   567   567 W StatusBar: 	at com.android.systemui.statusbar.SystemBars.onNoService(SystemBars.java:58)
09-01 00:00:21.727   567   567 W StatusBar: 	at com.android.systemui.statusbar.ServiceMonitor.startService(ServiceMonitor.java:230)
09-01 00:00:21.727   567   567 W StatusBar: 	at com.android.systemui.statusbar.ServiceMonitor.-wrap5(ServiceMonitor.java)
09-01 00:00:21.727   567   567 W StatusBar: 	at com.android.systemui.statusbar.ServiceMonitor$1.handleMessage(ServiceMonitor.java:73)
09-01 00:00:21.727   567   567 W StatusBar: 	at android.os.Handler.dispatchMessage(Handler.java:102)
09-01 00:00:21.727   567   567 W StatusBar: 	at android.os.Looper.loop(Looper.java:154)
09-01 00:00:21.727   567   567 W StatusBar: 	at android.app.ActivityThread.main(ActivityThread.java:6121)
09-01 00:00:21.727   567   567 W StatusBar: 	at java.lang.reflect.Method.invoke(Native Method)
09-01 00:00:21.727   567   567 W StatusBar: 	at com.android.internal.os.ZygoteInit$MethodAndArgsCaller.run(ZygoteInit.java:889)
09-01 00:00:21.727   567   567 W StatusBar: 	at com.android.internal.os.ZygoteInit.main(ZygoteInit.java:779)
09-01 00:00:21.841   567   853 E ActivityThread: Failed to find provider info for com.android.contacts
09-01 00:00:21.841   567   567 I StatusBar: isKeyguardShowing() called before startKeyguard(), returning true
09-01 00:00:21.843   567   567 W StatusBar: isKeyguardSecure() called before startKeyguard(), returning false
09-01 00:00:21.843   567   567 W StatusBar: java.lang.Throwable
09-01 00:00:21.843   567   567 W StatusBar: 	at com.android.systemui.statusbar.BaseStatusBar.isKeyguardSecure(BaseStatusBar.java:2652)
09-01 00:00:21.843   567   567 W StatusBar: 	at com.android.systemui.statusbar.BaseStatusBar.isCameraAllowedByAdmin(BaseStatusBar.java:2675)
09-01 00:00:21.843   567   567 W StatusBar: 	at com.android.systemui.statusbar.phone.KeyguardBottomAreaView.updateCameraVisibility(KeyguardBottomAreaView.java:309)
09-01 00:00:21.843   567   567 W StatusBar: 	at com.android.systemui.statusbar.phone.KeyguardBottomAreaView.setUserSetupComplete(KeyguardBottomAreaView.java:281)
09-01 00:00:21.843   567   567 W StatusBar: 	at com.android.systemui.statusbar.phone.PhoneStatusBar$1.onChange(PhoneStatusBar.java:445)
09-01 00:00:21.843   567   567 W StatusBar: 	at com.android.systemui.statusbar.phone.PhoneStatusBar.resetUserSetupObserver(PhoneStatusBar.java:3714)
09-01 00:00:21.843   567   567 W StatusBar: 	at com.android.systemui.statusbar.phone.PhoneStatusBar.makeStatusBarView(PhoneStatusBar.java:1014)
09-01 00:00:21.843   567   567 W StatusBar: 	at com.android.systemui.statusbar.phone.PhoneStatusBar.addStatusBarWindow(PhoneStatusBar.java:3467)
09-01 00:00:21.843   567   567 W StatusBar: 	at com.android.systemui.statusbar.phone.PhoneStatusBar.createAndAddWindows(PhoneStatusBar.java:3463)
09-01 00:00:21.843   567   567 W StatusBar: 	at com.android.systemui.statusbar.BaseStatusBar.start(BaseStatusBar.java:763)
09-01 00:00:21.843   567   567 W StatusBar: 	at com.android.systemui.statusbar.phone.PhoneStatusBar.start(PhoneStatusBar.java:687)
09-01 00:00:21.843   567   567 W StatusBar: 	at com.android.systemui.statusbar.SystemBars.createStatusBarFromConfig(SystemBars.java:106)
09-01 00:00:21.843   567   567 W StatusBar: 	at com.android.systemui.statusbar.SystemBars.onNoService(SystemBars.java:58)
09-01 00:00:21.843   567   567 W StatusBar: 	at com.android.systemui.statusbar.ServiceMonitor.startService(ServiceMonitor.java:230)
09-01 00:00:21.843   567   567 W StatusBar: 	at com.android.systemui.statusbar.ServiceMonitor.-wrap5(ServiceMonitor.java)
09-01 00:00:21.843   567   567 W StatusBar: 	at com.android.systemui.statusbar.ServiceMonitor$1.handleMessage(ServiceMonitor.java:73)
09-01 00:00:21.843   567   567 W StatusBar: 	at android.os.Handler.dispatchMessage(Handler.java:102)
09-01 00:00:21.843   567   567 W StatusBar: 	at android.os.Looper.loop(Looper.java:154)
09-01 00:00:21.843   567   567 W StatusBar: 	at android.app.ActivityThread.main(ActivityThread.java:6121)
09-01 00:00:21.843   567   567 W StatusBar: 	at java.lang.reflect.Method.invoke(Native Method)
09-01 00:00:21.843   567   567 W StatusBar: 	at com.android.internal.os.ZygoteInit$MethodAndArgsCaller.run(ZygoteInit.java:889)
09-01 00:00:21.843   567   567 W StatusBar: 	at com.android.internal.os.ZygoteInit.main(ZygoteInit.java:779)
09-01 00:00:22.166   442   453 I chatty  : uid=1000(system) Binder:442_1 expire 11 lines
09-01 00:00:22.315   131   146 D vold    : e4crypt_prepare_user_storage for volume null, user 0, serial 0, flags 2
09-01 00:00:22.315   131   146 D vold    : Preparing: /data/system_ce/0
09-01 00:00:22.316   131   146 D vold    : Preparing: /data/misc_ce/0
09-01 00:00:22.316   131   146 D vold    : Preparing: /data/media/0
09-01 00:00:22.316   131   146 D vold    : Preparing: /data/data
09-01 00:00:22.735   131   145 D vold    : Linking /storage/emulated/0 to /mnt/user/0/primary
09-01 00:00:23.113   442   669 I chatty  : uid=1000(system) Binder:442_5 expire 17 lines
09-01 00:00:23.218   442   731 I chatty  : uid=1000 system_server expire 1 line
09-01 00:00:23.282   442   496 I chatty  : uid=1000(system) WifiService expire 1 line
09-01 00:00:23.297   442   704 I chatty  : uid=1000(system) Binder:442_7 expire 11 lines
09-01 00:00:24.779   442  1048 I chatty  : uid=1000 system_server expire 2 lines
09-01 00:00:25.619  1074  1109 D ActivityThread: Loading provider com.android.email.provider;com.android.email.notifier: com.android.email.provider.EmailProvider
09-01 00:00:25.630  1074  1110 D ActivityThread: Loading provider com.android.email.provider;com.android.email.notifier: com.android.email.provider.EmailProvider
09-01 00:00:25.889  1074  1074 E ActivityThread: Service com.android.email.service.EmailBroadcastProcessorService has leaked ServiceConnection com.android.emailcommon.service.ServiceProxy$ProxyConnection@e359423 that was originally bound here
09-01 00:00:25.889  1074  1074 E ActivityThread: android.app.ServiceConnectionLeaked: Service com.android.email.service.EmailBroadcastProcessorService has leaked ServiceConnection com.android.emailcommon.service.ServiceProxy$ProxyConnection@e359423 that was originally bound here
09-01 00:00:25.889  1074  1074 E ActivityThread: 	at android.app.LoadedApk$ServiceDispatcher.<init>(LoadedApk.java:1336)
09-01 00:00:25.889  1074  1074 E ActivityThread: 	at android.app.LoadedApk.getServiceDispatcher(LoadedApk.java:1231)
09-01 00:00:25.889  1074  1074 E ActivityThread: 	at android.app.ContextImpl.bindServiceCommon(ContextImpl.java:1450)
09-01 00:00:25.889  1074  1074 E ActivityThread: 	at android.app.ContextImpl.bindService(ContextImpl.java:1422)
09-01 00:00:25.889  1074  1074 E ActivityThread: 	at android.content.ContextWrapper.bindService(ContextWrapper.java:636)
09-01 00:00:25.889  1074  1074 E ActivityThread: 	at com.android.emailcommon.service.ServiceProxy.setTask(ServiceProxy.java:181)
09-01 00:00:25.889  1074  1074 E ActivityThread: 	at com.android.emailcommon.service.ServiceProxy.test(ServiceProxy.java:224)
09-01 00:00:25.889  1074  1074 E ActivityThread: 	at com.android.email.service.EmailServiceUtils.isServiceAvailable(EmailServiceUtils.java:160)
09-01 00:00:25.889  1074  1074 E ActivityThread: 	at com.android.email.provider.AccountReconciler.reconcileAccountsInternal(AccountReconciler.java:171)
09-01 00:00:25.889  1074  1074 E ActivityThread: 	at com.android.email.provider.AccountReconciler.reconcileAccounts(AccountReconciler.java:115)
09-01 00:00:25.889  1074  1074 E ActivityThread: 	at com.android.email.service.EmailBroadcastProcessorService.reconcileAndStartServices(EmailBroadcastProcessorService.java:305)
09-01 00:00:25.889  1074  1074 E ActivityThread: 	at com.android.email.service.EmailBroadcastProcessorService.onBootCompleted(EmailBroadcastProcessorService.java:295)
09-01 00:00:25.889  1074  1074 E ActivityThread: 	at com.android.email.service.EmailBroadcastProcessorService.onHandleIntent(EmailBroadcastProcessorService.java:130)
09-01 00:00:25.889  1074  1074 E ActivityThread: 	at android.app.IntentService$ServiceHandler.handleMessage(IntentService.java:68)
09-01 00:00:25.889  1074  1074 E ActivityThread: 	at android.os.Handler.dispatchMessage(Handler.java:102)
09-01 00:00:25.889  1074  1074 E ActivityThread: 	at android.os.Looper.loop(Looper.java:154)
09-01 00:00:25.889  1074  1074 E ActivityThread: 	at android.os.HandlerThread.run(HandlerThread.java:61)
09-01 00:00:56.283   442  1241 I chatty  : uid=1000(system) Binder:442_A expire 4 lines
09-01 00:01:14.805   442   442 I chatty  : uid=1000 system_server expire 63 lines
09-01 00:01:14.809   442   462 I chatty  : uid=1000(system) android.io expire 128 lines
09-01 00:01:23.521   442  1339 I chatty  : uid=1000(system) Binder:442_D expire 12 lines
09-01 00:01:41.684   442  1408 I chatty  : uid=1000(system) Binder:442_F expire 8 lines
09-01 00:01:59.890   442  1483 I chatty  : uid=1000(system) Binder:442_11 expire 4 lines
09-01 00:02:08.981   442  1452 I chatty  : uid=1000(system) Binder:442_10 expire 8 lines
09-01 00:02:18.063   442   704 I chatty  : uid=1000(system) Binder:442_7 expire 12 lines
09-01 00:02:54.408   442  1273 I chatty  : uid=1000(system) Binder:442_B expire 4 lines
09-01 00:03:03.495   442  1210 I chatty  : uid=1000(system) Binder:442_9 expire 8 lines
09-01 00:03:21.651   442   513 I chatty  : uid=1000(system) Binder:442_3 expire 4 lines
09-01 00:04:09.818   442  1374 I chatty  : uid=1000(system) Binder:442_E expire 12 lines
09-01 00:04:10.185   442   442 I chatty  : uid=1000 system_server expire 64 lines
09-01 00:04:10.189   442   462 I chatty  : uid=1000(system) android.io expire 127 lines
09-01 00:04:27.990   442   454 I chatty  : uid=1000(system) Binder:442_2 expire 28 lines
09-01 00:04:46.185   442  1408 I chatty  : uid=1000(system) Binder:442_F expire 4 lines
09-01 00:04:55.271   442  1339 I chatty  : uid=1000(system) Binder:442_D expire 4 lines
09-01 00:05:04.350   442  1452 I chatty  : uid=1000(system) Binder:442_10 expire 4 lines
09-01 00:05:13.433   442  2090 I chatty  : uid=1000(system) Binder:442_14 expire 12 lines
09-01 00:06:35.206   442  1514 I chatty  : uid=1000(system) Binder:442_12 expire 8 lines
09-01 00:06:35.437   442   462 I chatty  : uid=1000(system) android.io expire 127 lines
09-01 00:06:35.573   442   442 I chatty  : uid=1000 system_server expire 64 lines
09-01 00:06:53.399   442  2090 I chatty  : uid=1000(system) Binder:442_14 expire 4 lines
09-01 00:07:02.488   442  1163 I chatty  : uid=1000(system) Binder:442_8 expire 16 lines
09-01 00:07:38.847   442  1483 I chatty  : uid=1000(system) Binder:442_11 expire 12 lines
09-01 00:07:47.933   442   454 I chatty  : uid=1000(system) Binder:442_2 expire 8 lines
09-01 00:08:06.105   442  1210 I chatty  : uid=1000(system) Binder:442_9 expire 4 lines
09-01 00:08:24.276   442  1273 I chatty  : uid=1000(system) Binder:442_B expire 8 lines
09-01 00:08:33.366   442  1408 I chatty  : uid=1000(system) Binder:442_F expire 12 lines
09-01 00:09:00.845   442   462 I chatty  : uid=1000(system) android.io expire 128 lines
09-01 00:09:01.009   442   442 I chatty  : uid=1000 system_server expire 64 lines
09-01 00:09:09.721   442  1582 I chatty  : uid=1000(system) Binder:442_13 expire 4 lines
09-01 00:09:18.804   442  2090 I chatty  : uid=1000(system) Binder:442_14 expire 4 lines
09-01 00:09:27.885   442  1452 I chatty  : uid=1000(system) Binder:442_10 expire 8 lines
09-01 00:09:36.984   442   699 I chatty  : uid=1000(system) Binder:442_6 expire 8 lines
09-01 00:09:46.089   442  1307 I chatty  : uid=1000(system) Binder:442_C expire 4 lines
09-01 00:10:23.105   442   669 I chatty  : uid=1000(system) Binder:442_5 expire 4 lines
09-01 00:10:32.223   442   454 I chatty  : uid=1000(system) Binder:442_2 expire 8 lines
09-01 00:10:41.364   442  1374 I chatty  : uid=1000(system) Binder:442_E expire 4 lines
09-01 00:10:59.625   442  1273 I chatty  : uid=1000(system) Binder:442_B expire 4 lines
09-01 00:11:38.740   442   453 I chatty  : uid=1000(system) Binder:442_1 expire 8 lines
09-01 00:11:57.679   442  1514 I chatty  : uid=1000(system) Binder:442_12 expire 4 lines
09-01 00:11:57.880   442   462 I chatty  : uid=1000(system) android.io expire 131 lines
09-01 00:11:58.074   442   442 I chatty  : uid=1000 system_server expire 63 lines
09-01 00:12:06.840   442  1374 I chatty  : uid=1000(system) Binder:442_E expire 4 lines
09-01 00:12:45.985   442   453 I chatty  : uid=1000(system) Binder:442_1 expire 8 lines
09-01 00:12:55.128   442   699 I chatty  : uid=1000(system) Binder:442_6 expire 8 lines
09-01 00:13:23.085   442  1483 I chatty  : uid=1000(system) Binder:442_11 expire 4 lines
09-01 00:13:32.219   442  1307 I chatty  : uid=1000(system) Binder:442_C expire 8 lines
09-01 00:13:50.481   442  1339 I chatty  : uid=1000(system) Binder:442_D expire 16 lines
09-01 00:14:08.792   442  1210 I chatty  : uid=1000(system) Binder:442_9 expire 4 lines
09-01 00:14:36.703   442  1163 I chatty  : uid=1000(system) Binder:442_8 expire 4 lines
09-01 00:14:45.829   442   669 I chatty  : uid=1000(system) Binder:442_5 expire 4 lines
09-01 00:14:46.283   442   462 I chatty  : uid=1000(system) android.io expire 127 lines
09-01 00:14:55.020   442   639 I chatty  : uid=1000(system) Binder:442_4 expire 12 lines
09-01 00:14:55.020   442   442 I chatty  : uid=1000 system_server expire 64 lines
09-01 00:15:04.562   442  1514 I chatty  : uid=1000(system) Binder:442_12 expire 4 lines
09-01 00:15:13.711   442  1273 I chatty  : uid=1000(system) Binder:442_B expire 4 lines
09-01 00:15:22.824   442   453 I chatty  : uid=1000(system) Binder:442_1 expire 16 lines
09-01 00:15:31.958   442  1408 I chatty  : uid=1000(system) Binder:442_F expire 8 lines
09-01 00:15:41.071   442  1339 I chatty  : uid=1000(system) Binder:442_D expire 8 lines
09-01 00:15:59.338   442   704 I chatty  : uid=1000(system) Binder:442_7 expire 4 lines
09-01 00:16:45.492   442  1374 I chatty  : uid=1000(system) Binder:442_E expire 4 lines
09-01 00:17:04.156   442  1307 I chatty  : uid=1000(system) Binder:442_C expire 12 lines
09-01 00:17:13.700   442   462 I chatty  : uid=1000(system) android.io expire 126 lines
09-01 00:17:52.425   442  1408 I chatty  : uid=1000(system) Binder:442_F expire 28 lines
09-01 00:17:52.426   442   442 I chatty  : uid=1000 system_server expire 64 lines
09-01 00:19:19.369   442  1339 I chatty  : uid=1000(system) Binder:442_D expire 8 lines
09-01 00:19:28.485   442   454 I chatty  : uid=1000(system) Binder:442_2 expire 4 lines
09-01 00:19:46.741   442   453 I chatty  : uid=1000(system) Binder:442_1 expire 8 lines
09-01 00:20:16.190   442   455 I chatty  : uid=1000(system) android.bg expire 1 line
09-01 00:20:32.892   442  1374 I chatty  : uid=1000(system) Binder:442_E expire 20 lines
09-01 00:20:42.460   442   462 I chatty  : uid=1000(system) android.io expire 128 lines
09-01 00:20:51.200   442   442 I chatty  : uid=1000 system_server expire 63 lines
09-01 00:21:00.350   442   454 I chatty  : uid=1000(system) Binder:442_2 expire 8 lines
09-01 00:21:19.024   442   669 I chatty  : uid=1000(system) Binder:442_5 expire 4 lines
09-01 00:21:28.156   442   453 I chatty  : uid=1000(system) Binder:442_1 expire 8 lines
09-01 00:21:46.474   442   699 I chatty  : uid=1000(system) Binder:442_6 expire 8 lines
09-01 00:22:04.710   442  1514 I chatty  : uid=1000(system) Binder:442_12 expire 16 lines
09-01 00:22:41.619   442  1163 I chatty  : uid=1000(system) Binder:442_8 expire 8 lines
09-01 00:23:09.351   442   442 I chatty  : uid=1000 system_server expire 63 lines
09-01 00:23:09.351   442   462 I chatty  : uid=1000(system) android.io expire 128 lines
09-01 00:23:18.088   442   454 I chatty  : uid=1000(system) Binder:442_2 expire 12 lines
09-01 00:23:45.347   442   453 I chatty  : uid=1000(system) Binder:442_1 expire 16 lines
09-01 00:24:12.601   442   513 I chatty  : uid=1000(system) Binder:442_3 expire 4 lines
09-01 00:24:30.780   442  1452 I chatty  : uid=1000(system) Binder:442_10 expire 8 lines
09-01 00:24:39.871   442   639 I chatty  : uid=1000(system) Binder:442_4 expire 8 lines
09-01 00:25:07.133   442  2090 I chatty  : uid=1000(system) Binder:442_14 expire 4 lines
09-01 00:25:16.216   442  1273 I chatty  : uid=1000(system) Binder:442_B expire 4 lines
09-01 00:25:25.298   442  1514 I chatty  : uid=1000(system) Binder:442_12 expire 8 lines
09-01 00:25:34.749   442   442 I chatty  : uid=1000 system_server expire 63 lines
09-01 00:25:34.754   442   462 I chatty  : uid=1000(system) android.io expire 128 lines
09-01 00:25:43.465   442  1210 I chatty  : uid=1000(system) Binder:442_9 expire 8 lines
09-01 00:26:01.648   442   513 I chatty  : uid=1000(system) Binder:442_3 expire 32 lines
09-01 00:26:37.984   442   699 I chatty  : uid=1000(system) Binder:442_6 expire 12 lines
09-01 00:27:23.440   442  1374 I chatty  : uid=1000(system) Binder:442_E expire 4 lines
09-01 00:27:41.611   442  1582 I chatty  : uid=1000(system) Binder:442_13 expire 16 lines
09-01 00:28:00.016   442   462 I chatty  : uid=1000(system) android.io expire 125 lines
09-01 00:28:00.188   442   442 I chatty  : uid=1000 system_server expire 63 lines
09-01 00:28:08.915   442  1374 I chatty  : uid=1000(system) Binder:442_E expire 4 lines
09-01 00:28:18.007   442  2090 I chatty  : uid=1000(system) Binder:442_14 expire 4 lines
09-01 00:28:27.086   442  1273 I chatty  : uid=1000(system) Binder:442_B expire 8 lines
09-01 00:28:36.177   442  1452 I chatty  : uid=1000(system) Binder:442_10 expire 16 lines
09-01 00:28:54.361   442   454 I chatty  : uid=1000(system) Binder:442_2 expire 8 lines
09-01 00:29:12.534   442   699 I chatty  : uid=1000(system) Binder:442_6 expire 4 lines
09-01 00:29:48.898   442  1514 I chatty  : uid=1000(system) Binder:442_12 expire 4 lines
09-01 00:29:59.106   442   459 I chatty  : uid=1000(system) batterystats-sy expire 6 lines
09-01 00:30:07.088   442  1163 I chatty  : uid=1000(system) Binder:442_8 expire 4 lines
09-01 00:30:16.220   442   456 I chatty  : uid=1000(system) ActivityManager expire 1 line
09-01 00:30:25.307   442   442 I chatty  : uid=1000 system_server expire 64 lines
09-01 00:30:25.308   442   462 I chatty  : uid=1000(system) android.io expire 126 lines
09-01 00:30:25.309   442  1514 I chatty  : uid=1000(system) Binder:442_12 expire 16 lines
09-01 00:30:34.399   442   699 I chatty  : uid=1000(system) Binder:442_6 expire 16 lines
09-01 00:30:43.526   442  1483 I chatty  : uid=1000(system) Binder:442_11 expire 4 lines
09-01 00:30:52.635   442   454 I chatty  : uid=1000(system) Binder:442_2 expire 4 lines
09-01 00:31:01.733   442  1273 I chatty  : uid=1000(system) Binder:442_B expire 4 lines
09-01 00:31:19.931   442  1582 I chatty  : uid=1000(system) Binder:442_13 expire 8 lines
09-01 00:32:14.573   442  1452 I chatty  : uid=1000(system) Binder:442_10 expire 20 lines
09-01 00:32:42.271   442   462 I chatty  : uid=1000(system) android.io expire 120 lines
09-01 00:32:50.981   442   442 I chatty  : uid=1000 system_server expire 58 lines
09-01 00:32:50.981   442   454 I chatty  : uid=1000(system) Binder:442_2 expire 12 lines
09-01 00:33:00.097   442  1339 I chatty  : uid=1000(system) Binder:442_D expire 12 lines
09-01 00:33:18.311   442  1273 I chatty  : uid=1000(system) Binder:442_B expire 4 lines
09-01 00:33:36.524   442  1582 I chatty  : uid=1000(system) Binder:442_13 expire 4 lines
09-01 00:33:45.617   442   699 I chatty  : uid=1000(system) Binder:442_6 expire 8 lines
09-01 00:34:03.818   442  1408 I chatty  : uid=1000(system) Binder:442_F expire 4 lines
09-01 00:34:31.116   442  1514 I chatty  : uid=1000(system) Binder:442_12 expire 4 lines
09-01 00:34:49.312   442   639 I chatty  : uid=1000(system) Binder:442_4 expire 4 lines
09-01 00:34:58.775   442   442 I chatty  : uid=1000 system_server expire 55 lines
09-01 00:34:58.779   442   462 I chatty  : uid=1000(system) android.io expire 112 lines
09-01 00:35:07.491   442  1339 I chatty  : uid=1000(system) Binder:442_D expire 8 lines
09-01 00:35:16.615   442  1374 I chatty  : uid=1000(system) Binder:442_E expire 12 lines
09-01 00:35:34.791   442   453 I chatty  : uid=1000(system) Binder:442_1 expire 8 lines
09-01 00:36:02.049   442   669 I chatty  : uid=1000(system) Binder:442_5 expire 4 lines
09-01 00:36:11.150   442  1514 I chatty  : uid=1000(system) Binder:442_12 expire 8 lines
09-01 00:36:20.249   442  1483 I chatty  : uid=1000(system) Binder:442_11 expire 4 lines
09-01 00:36:29.352   442  1408 I chatty  : uid=1000(system) Binder:442_F expire 4 lines
09-01 00:36:38.468   442  1582 I chatty  : uid=1000(system) Binder:442_13 expire 8 lines
09-01 00:37:06.161   442   442 I chatty  : uid=1000 system_server expire 55 lines
09-01 00:37:06.166   442   462 I chatty  : uid=1000(system) android.io expire 108 lines
09-01 00:37:14.885   442  1514 I chatty  : uid=1000(system) Binder:442_12 expire 8 lines
09-01 00:37:33.082   442  1408 I chatty  : uid=1000(system) Binder:442_F expire 8 lines
09-01 00:37:42.180   442  2090 I chatty  : uid=1000(system) Binder:442_14 expire 4 lines
09-01 00:38:00.372   442   639 I chatty  : uid=1000(system) Binder:442_4 expire 8 lines
09-01 00:38:09.468   442  1273 I chatty  : uid=1000(system) Binder:442_B expire 22 lines
09-01 00:38:36.759   442  1483 I chatty  : uid=1000(system) Binder:442_11 expire 4 lines
09-01 00:39:13.140   442  1273 I chatty  : uid=1000(system) Binder:442_B expire 14 lines
09-01 00:39:13.141   442   442 I chatty  : uid=1000 system_server expire 54 lines
09-01 00:39:13.145   442   462 I chatty  : uid=1000(system) android.io expire 109 lines
09-01 00:39:40.425   442   669 I chatty  : uid=1000(system) Binder:442_5 expire 16 lines
09-01 00:40:07.714   442   704 I chatty  : uid=1000(system) Binder:442_7 expire 16 lines
09-01 00:40:24.038   442   455 I chatty  : uid=1000(system) android.bg expire 1 line
09-01 00:40:44.104   442  1163 I chatty  : uid=1000(system) Binder:442_8 expire 4 lines
09-01 00:40:53.193   442  1582 I chatty  : uid=1000(system) Binder:442_13 expire 4 lines
09-01 00:41:11.755   442   442 I chatty  : uid=1000 system_server expire 55 lines
09-01 00:41:11.760   442   462 I chatty  : uid=1000(system) android.io expire 110 lines
09-01 00:41:20.476   442   704 I chatty  : uid=1000(system) Binder:442_7 expire 20 lines
09-01 00:41:56.854   442  1514 I chatty  : uid=1000(system) Binder:442_12 expire 4 lines
09-01 00:42:15.036   442   699 I chatty  : uid=1000(system) Binder:442_6 expire 8 lines
09-01 00:42:33.235   442  1339 I chatty  : uid=1000(system) Binder:442_D expire 12 lines
09-01 00:42:42.338   442  1452 I chatty  : uid=1000(system) Binder:442_10 expire 20 lines
09-01 00:43:18.958   442   462 I chatty  : uid=1000(system) android.io expire 108 lines
09-01 00:43:19.132   442   442 I chatty  : uid=1000 system_server expire 55 lines
09-01 00:43:36.953   442   454 I chatty  : uid=1000(system) Binder:442_2 expire 4 lines
09-01 00:43:46.047   442  1307 I chatty  : uid=1000(system) Binder:442_C expire 4 lines
09-01 00:44:04.242   442  1582 I chatty  : uid=1000(system) Binder:442_13 expire 4 lines
09-01 00:44:13.357   442   669 I chatty  : uid=1000(system) Binder:442_5 expire 24 lines
09-01 00:45:07.932   442   453 I chatty  : uid=1000(system) Binder:442_1 expire 4 lines
09-01 00:45:17.037   442  1483 I chatty  : uid=1000(system) Binder:442_11 expire 8 lines
09-01 00:45:17.425   442   462 I chatty  : uid=1000(system) android.io expire 110 lines
09-01 00:45:26.135   442   442 I chatty  : uid=1000 system_server expire 53 lines
09-01 00:45:26.135   442   699 I chatty  : uid=1000(system) Binder:442_6 expire 12 lines
09-01 00:45:35.230   442   454 I chatty  : uid=1000(system) Binder:442_2 expire 16 lines
09-01 00:46:02.544   442  1307 I chatty  : uid=1000(system) Binder:442_C expire 4 lines
09-01 00:46:11.635   442   704 I chatty  : uid=1000(system) Binder:442_7 expire 4 lines
09-01 00:46:20.728   442  1163 I chatty  : uid=1000(system) Binder:442_8 expire 4 lines
09-01 00:46:38.907   442  1452 I chatty  : uid=1000(system) Binder:442_10 expire 4 lines
09-01 00:47:06.195   442  1374 I chatty  : uid=1000(system) Binder:442_E expire 8 lines
09-01 00:47:24.597   442   462 I chatty  : uid=1000(system) android.io expire 85 lines
09-01 00:47:24.736   442   442 I chatty  : uid=1000 system_server expire 43 lines
09-01 00:47:33.453   442  1210 I chatty  : uid=1000(system) Binder:442_9 expire 30 lines
09-01 00:47:42.541   442  1307 I chatty  : uid=1000(system) Binder:442_C expire 4 lines
09-01 00:48:00.750   442   454 I chatty  : uid=1000(system) Binder:442_2 expire 4 lines
09-01 00:48:09.843   442   704 I chatty  : uid=1000(system) Binder:442_7 expire 4 lines
09-01 00:48:58.133   670 10682 V FingerprintManager: FingerprintManagerService was null
09-01 00:48:58.634   442  1273 I chatty  : uid=1000(system) Binder:442_B expire 5 lines
09-01 00:48:59.676   442  2090 I chatty  : uid=1000(system) Binder:442_14 expire 12 lines
09-01 00:49:04.442   442   442 I chatty  : uid=1000 system_server expire 9 lines
09-01 00:49:04.442   442   462 I chatty  : uid=1000(system) android.io expire 16 lines
09-01 00:49:04.477   442   545 I chatty  : uid=1000(system) UsbService host expire 1 line
09-01 00:49:04.495   442   456 I chatty  : uid=1000(system) ActivityManager expire 1 line
09-01 00:49:04.772   442   490 I chatty  : uid=1000(system) VoldConnector expire 1 line
09-01 00:49:13.663   442   453 I chatty  : uid=1000(system) Binder:442_1 expire 12 lines
09-01 00:49:22.867   442  1273 I chatty  : uid=1000(system) Binder:442_B expire 3 lines
09-01 00:49:22.869   442   462 I chatty  : uid=1000(system) android.io expire 64 lines
09-01 00:49:23.309   442   442 I chatty  : uid=1000 system_server expire 31 lines
09-01 00:49:32.067   442  1307 I chatty  : uid=1000(system) Binder:442_C expire 4 lines
09-01 00:49:50.461   442   639 I chatty  : uid=1000(system) Binder:442_4 expire 18 lines
09-01 00:49:59.651   442   454 I chatty  : uid=1000(system) Binder:442_2 expire 10 lines
09-01 00:50:27.270   442  1163 I chatty  : uid=1000(system) Binder:442_8 expire 10 lines
09-01 00:50:37.035   442   513 I chatty  : uid=1000(system) Binder:442_3 expire 9 lines
09-01 00:50:38.124 11071 11071 W ViewRootImpl[ArtistAlbumBrowserActivity]: Dropping event due to no window focus: KeyEvent { action=ACTION_DOWN, keyCode=KEYCODE_DPAD_DOWN, scanCode=0, metaState=0, flags=0x8, repeatCount=0, eventTime=3038048, downTime=3038048, deviceId=-1, source=0x101 }
09-01 00:50:38.136 11071 11071 W ViewRootImpl[ArtistAlbumBrowserActivity]: Cancelling event due to no window focus: KeyEvent { action=ACTION_UP, keyCode=KEYCODE_DPAD_DOWN, scanCode=0, metaState=0, flags=0x28, repeatCount=0, eventTime=3039050, downTime=3039050, deviceId=-1, source=0x101 }
09-01 00:50:38.136 11071 11071 W ViewRootImpl[ArtistAlbumBrowserActivity]: Cancelling event due to no window focus: KeyEvent { action=ACTION_UP, keyCode=KEYCODE_DPAD_DOWN, scanCode=0, metaState=0, flags=0x28, repeatCount=0, eventTime=3039050, downTime=3039050, deviceId=-1, source=0x101 }
09-01 00:50:38.136 11071 11071 W ViewRootImpl[ArtistAlbumBrowserActivity]: Cancelling event due to no window focus: KeyEvent { action=ACTION_UP, keyCode=KEYCODE_DPAD_DOWN, scanCode=0, metaState=0, flags=0x28, repeatCount=0, eventTime=3039050, downTime=3039050, deviceId=-1, source=0x101 }
09-01 00:50:38.136 11071 11071 W ViewRootImpl[ArtistAlbumBrowserActivity]: Cancelling event due to no window focus: KeyEvent { action=ACTION_UP, keyCode=KEYCODE_DPAD_DOWN, scanCode=0, metaState=0, flags=0x28, repeatCount=0, eventTime=3039050, downTime=3039050, deviceId=-1, source=0x101 }
09-01 00:50:38.137 11071 11071 W ViewRootImpl[ArtistAlbumBrowserActivity]: Cancelling event due to no window focus: KeyEvent { action=ACTION_UP, keyCode=KEYCODE_DPAD_DOWN, scanCode=0, metaState=0, flags=0x28, repeatCount=0, eventTime=3039050, downTime=3039050, deviceId=-1, source=0x101 }
09-01 00:50:38.137 11071 11071 W ViewRootImpl[ArtistAlbumBrowserActivity]: Cancelling event due to no window focus: KeyEvent { action=ACTION_UP, keyCode=KEYCODE_DPAD_DOWN, scanCode=0, metaState=0, flags=0x28, repeatCount=0, eventTime=3039050, downTime=3039050, deviceId=-1, source=0x101 }
09-01 00:50:38.137 11071 11071 W ViewRootImpl[ArtistAlbumBrowserActivity]: Cancelling event due to no window focus: KeyEvent { action=ACTION_UP, keyCode=KEYCODE_DPAD_DOWN, scanCode=0, metaState=0, flags=0x28, repeatCount=0, eventTime=3039050, downTime=3039050, deviceId=-1, source=0x101 }
09-01 00:50:38.137 11071 11071 W ViewRootImpl[ArtistAlbumBrowserActivity]: Cancelling event due to no window focus: KeyEvent { action=ACTION_UP, keyCode=KEYCODE_DPAD_DOWN, scanCode=0, metaState=0, flags=0x28, repeatCount=0, eventTime=3039050, downTime=3039050, deviceId=-1, source=0x101 }
09-01 00:50:38.137 11071 11071 W ViewRootImpl[ArtistAlbumBrowserActivity]: Cancelling event due to no window focus: KeyEvent { action=ACTION_UP, keyCode=KEYCODE_DPAD_DOWN, scanCode=0, metaState=0, flags=0x28, repeatCount=0, eventTime=3039050, downTime=3039050, deviceId=-1, source=0x101 }
09-01 00:50:38.531  1049  1049 W ViewRootImpl[AllInOneActivity]: Dropping event due to no window focus: KeyEvent { action=ACTION_DOWN, keyCode=KEYCODE_DPAD_CENTER, scanCode=0, metaState=0, flags=0x8, repeatCount=0, eventTime=3039305, downTime=3039305, deviceId=-1, source=0x101 }
09-01 00:50:38.535  1049  1049 W ViewRootImpl[AllInOneActivity]: Cancelling event due to no window focus: KeyEvent { action=ACTION_UP, keyCode=KEYCODE_DPAD_CENTER, scanCode=0, metaState=0, flags=0x28, repeatCount=0, eventTime=3039440, downTime=3039440, deviceId=-1, source=0x101 }
09-01 00:50:38.535  1049  1049 W ViewRootImpl[AllInOneActivity]: Cancelling event due to no window focus: KeyEvent { action=ACTION_UP, keyCode=KEYCODE_DPAD_CENTER, scanCode=0, metaState=0, flags=0x28, repeatCount=0, eventTime=3039440, downTime=3039440, deviceId=-1, source=0x101 }
09-01 00:50:38.535  1049  1049 W ViewRootImpl[AllInOneActivity]: Cancelling event due to no window focus: KeyEvent { action=ACTION_UP, keyCode=KEYCODE_DPAD_CENTER, scanCode=0, metaState=0, flags=0x28, repeatCount=0, eventTime=3039440, downTime=3039440, deviceId=-1, source=0x101 }
09-01 00:50:38.536  1049  1049 W ViewRootImpl[AllInOneActivity]: Cancelling event due to no window focus: KeyEvent { action=ACTION_UP, keyCode=KEYCODE_DPAD_CENTER, scanCode=0, metaState=0, flags=0x28, repeatCount=0, eventTime=3039440, downTime=3039440, deviceId=-1, source=0x101 }
09-01 00:50:38.536  1049  1049 W ViewRootImpl[AllInOneActivity]: Cancelling event due to no window focus: KeyEvent { action=ACTION_UP, keyCode=KEYCODE_DPAD_CENTER, scanCode=0, metaState=0, flags=0x28, repeatCount=0, eventTime=3039440, downTime=3039440, deviceId=-1, source=0x101 }
09-01 00:50:38.536  1049  1049 W ViewRootImpl[AllInOneActivity]: Cancelling event due to no window focus: KeyEvent { action=ACTION_UP, keyCode=KEYCODE_DPAD_CENTER, scanCode=0, metaState=0, flags=0x28, repeatCount=0, eventTime=3039440, downTime=3039440, deviceId=-1, source=0x101 }
09-01 00:50:38.537  1049  1049 W ViewRootImpl[AllInOneActivity]: Cancelling event due to no window focus: KeyEvent { action=ACTION_UP, keyCode=KEYCODE_DPAD_CENTER, scanCode=0, metaState=0, flags=0x28, repeatCount=0, eventTime=3039440, downTime=3039440, deviceId=-1, source=0x101 }
09-01 00:50:38.537  1049  1049 W ViewRootImpl[AllInOneActivity]: Cancelling event due to no window focus: KeyEvent { action=ACTION_UP, keyCode=KEYCODE_DPAD_CENTER, scanCode=0, metaState=0, flags=0x28, repeatCount=0, eventTime=3039440, downTime=3039440, deviceId=-1, source=0x101 }
09-01 00:50:38.537  1049  1049 W ViewRootImpl[AllInOneActivity]: Cancelling event due to no window focus: KeyEvent { action=ACTION_UP, keyCode=KEYCODE_DPAD_CENTER, scanCode=0, metaState=0, flags=0x28, repeatCount=0, eventTime=3039440, downTime=3039440, deviceId=-1, source=0x101 }
09-01 00:50:38.538  1049  1049 W ViewRootImpl[AllInOneActivity]: Dropping event due to no window focus: KeyEvent { action=ACTION_DOWN, keyCode=KEYCODE_DPAD_CENTER, scanCode=0, metaState=0, flags=0x8, repeatCount=0, eventTime=3039467, downTime=3039467, deviceId=-1, source=0x101 }
09-01 00:50:38.581  1049  1049 W ViewRootImpl[AllInOneActivity]: Cancelling event due to no window focus: KeyEvent { action=ACTION_UP, keyCode=KEYCODE_DPAD_CENTER, scanCode=0, metaState=0, flags=0x28, repeatCount=0, eventTime=3039474, downTime=3039474, deviceId=-1, source=0x101 }
09-01 00:50:38.582  1049  1049 W ViewRootImpl[AllInOneActivity]: Cancelling event due to no window focus: KeyEvent { action=ACTION_UP, keyCode=KEYCODE_DPAD_CENTER, scanCode=0, metaState=0, flags=0x28, repeatCount=0, eventTime=3039474, downTime=3039474, deviceId=-1, source=0x101 }
09-01 00:50:38.582  1049  1049 W ViewRootImpl[AllInOneActivity]: Cancelling event due to no window focus: KeyEvent { action=ACTION_UP, keyCode=KEYCODE_DPAD_CENTER, scanCode=0, metaState=0, flags=0x28, repeatCount=0, eventTime=3039474, downTime=3039474, deviceId=-1, source=0x101 }
09-01 00:50:38.582  1049  1049 W ViewRootImpl[AllInOneActivity]: Cancelling event due to no window focus: KeyEvent { action=ACTION_UP, keyCode=KEYCODE_DPAD_CENTER, scanCode=0, metaState=0, flags=0x28, repeatCount=0, eventTime=3039474, downTime=3039474, deviceId=-1, source=0x101 }
09-01 00:50:38.582  1049  1049 W ViewRootImpl[AllInOneActivity]: Cancelling event due to no window focus: KeyEvent { action=ACTION_UP, keyCode=KEYCODE_DPAD_CENTER, scanCode=0, metaState=0, flags=0x28, repeatCount=0, eventTime=3039474, downTime=3039474, deviceId=-1, source=0x101 }
09-01 00:50:38.583  1049  1049 W ViewRootImpl[AllInOneActivity]: Cancelling event due to no window focus: KeyEvent { action=ACTION_UP, keyCode=KEYCODE_DPAD_CENTER, scanCode=0, metaState=0, flags=0x28, repeatCount=0, eventTime=3039474, downTime=3039474, deviceId=-1, source=0x101 }
09-01 00:50:38.583  1049  1049 W ViewRootImpl[AllInOneActivity]: Cancelling event due to no window focus: KeyEvent { action=ACTION_UP, keyCode=KEYCODE_DPAD_CENTER, scanCode=0, metaState=0, flags=0x28, repeatCount=0, eventTime=3039474, downTime=3039474, deviceId=-1, source=0x101 }
09-01 00:50:38.583  1049  1049 W ViewRootImpl[AllInOneActivity]: Cancelling event due to no window focus: KeyEvent { action=ACTION_UP, keyCode=KEYCODE_DPAD_CENTER, scanCode=0, metaState=0, flags=0x28, repeatCount=0, eventTime=3039474, downTime=3039474, deviceId=-1, source=0x101 }
09-01 00:50:38.583  1049  1049 W ViewRootImpl[AllInOneActivity]: Cancelling event due to no window focus: KeyEvent { action=ACTION_UP, keyCode=KEYCODE_DPAD_CENTER, scanCode=0, metaState=0, flags=0x28, repeatCount=0, eventTime=3039474, downTime=3039474, deviceId=-1, source=0x101 }
09-01 00:50:38.804   442   669 I chatty  : uid=1000(system) Binder:442_5 expire 11 lines
09-01 00:50:39.047   442   463 I chatty  : uid=1000(system) android.display expire 2 lines
09-01 00:50:39.985   442   456 I chatty  : uid=1000(system) ActivityManager expire 4 lines
09-01 00:50:40.756 11200 11200 W ViewRootImpl[GrantPermissionsActivity]: Dropping event due to no window focus: KeyEvent { action=ACTION_DOWN, keyCode=KEYCODE_MENU, scanCode=0, metaState=0, flags=0x8, repeatCount=0, eventTime=3039887, downTime=3039887, deviceId=-1, source=0x101 }
09-01 00:50:40.795 11200 11200 W ViewRootImpl[GrantPermissionsActivity]: Cancelling event due to no window focus: KeyEvent { action=ACTION_UP, keyCode=KEYCODE_MENU, scanCode=0, metaState=0, flags=0x28, repeatCount=0, eventTime=3041683, downTime=3041683, deviceId=-1, source=0x101 }
09-01 00:50:40.795 11200 11200 W ViewRootImpl[GrantPermissionsActivity]: Cancelling event due to no window focus: KeyEvent { action=ACTION_UP, keyCode=KEYCODE_MENU, scanCode=0, metaState=0, flags=0x28, repeatCount=0, eventTime=3041683, downTime=3041683, deviceId=-1, source=0x101 }
09-01 00:50:40.796 11200 11200 W ViewRootImpl[GrantPermissionsActivity]: Cancelling event due to no window focus: KeyEvent { action=ACTION_UP, keyCode=KEYCODE_MENU, scanCode=0, metaState=0, flags=0x28, repeatCount=0, eventTime=3041683, downTime=3041683, deviceId=-1, source=0x101 }
09-01 00:50:40.796 11200 11200 W ViewRootImpl[GrantPermissionsActivity]: Cancelling event due to no window focus: KeyEvent { action=ACTION_UP, keyCode=KEYCODE_MENU, scanCode=0, metaState=0, flags=0x28, repeatCount=0, eventTime=3041683, downTime=3041683, deviceId=-1, source=0x101 }
09-01 00:50:40.796 11200 11200 W ViewRootImpl[GrantPermissionsActivity]: Cancelling event due to no window focus: KeyEvent { action=ACTION_UP, keyCode=KEYCODE_MENU, scanCode=0, metaState=0, flags=0x28, repeatCount=0, eventTime=3041683, downTime=3041683, deviceId=-1, source=0x101 }
09-01 00:50:40.796 11200 11200 W ViewRootImpl[GrantPermissionsActivity]: Cancelling event due to no window focus: KeyEvent { action=ACTION_UP, keyCode=KEYCODE_MENU, scanCode=0, metaState=0, flags=0x28, repeatCount=0, eventTime=3041683, downTime=3041683, deviceId=-1, source=0x101 }
09-01 00:50:40.867   442  1163 I chatty  : uid=1000(system) Binder:442_8 expire 8 lines
09-01 00:50:41.443   442  1339 I chatty  : uid=1000(system) Binder:442_D expire 8 lines
09-01 00:50:41.725  1074  1074 W ViewRootImpl[AccountSetupFinal]: Dropping event due to no window focus: KeyEvent { action=ACTION_DOWN, keyCode=KEYCODE_MENU, scanCode=0, metaState=0, flags=0x8, repeatCount=0, eventTime=3041899, downTime=3041899, deviceId=-1, source=0x101 }
09-01 00:50:41.726  1074  1074 W ViewRootImpl[AccountSetupFinal]: Cancelling event due to no window focus: KeyEvent { action=ACTION_UP, keyCode=KEYCODE_MENU, scanCode=0, metaState=0, flags=0x28, repeatCount=0, eventTime=3042651, downTime=3042651, deviceId=-1, source=0x101 }
09-01 00:50:41.726  1074  1074 W ViewRootImpl[AccountSetupFinal]: Cancelling event due to no window focus: KeyEvent { action=ACTION_UP, keyCode=KEYCODE_MENU, scanCode=0, metaState=0, flags=0x28, repeatCount=0, eventTime=3042651, downTime=3042651, deviceId=-1, source=0x101 }
09-01 00:50:41.726  1074  1074 W ViewRootImpl[AccountSetupFinal]: Cancelling event due to no window focus: KeyEvent { action=ACTION_UP, keyCode=KEYCODE_MENU, scanCode=0, metaState=0, flags=0x28, repeatCount=0, eventTime=3042651, downTime=3042651, deviceId=-1, source=0x101 }
09-01 00:50:41.726  1074  1074 W ViewRootImpl[AccountSetupFinal]: Cancelling event due to no window focus: KeyEvent { action=ACTION_UP, keyCode=KEYCODE_MENU, scanCode=0, metaState=0, flags=0x28, repeatCount=0, eventTime=3042651, downTime=3042651, deviceId=-1, source=0x101 }
09-01 00:50:41.727  1074  1074 W ViewRootImpl[AccountSetupFinal]: Cancelling event due to no window focus: KeyEvent { action=ACTION_UP, keyCode=KEYCODE_MENU, scanCode=0, metaState=0, flags=0x28, repeatCount=0, eventTime=3042651, downTime=3042651, deviceId=-1, source=0x101 }
09-01 00:50:41.727  1074  1074 W ViewRootImpl[AccountSetupFinal]: Cancelling event due to no window focus: KeyEvent { action=ACTION_UP, keyCode=KEYCODE_MENU, scanCode=0, metaState=0, flags=0x28, repeatCount=0, eventTime=3042651, downTime=3042651, deviceId=-1, source=0x101 }
09-01 00:50:41.791  1074  1074 W ViewRootImpl[AccountSetupFinal]: Dropping event due to no window focus: KeyEvent { action=ACTION_DOWN, keyCode=KEYCODE_MENU, scanCode=0, metaState=0, flags=0x8, repeatCount=0, eventTime=3042676, downTime=3042676, deviceId=-1, source=0x101 }
09-01 00:50:41.792  1074  1074 W ViewRootImpl[AccountSetupFinal]: Cancelling event due to no window focus: KeyEvent { action=ACTION_UP, keyCode=KEYCODE_MENU, scanCode=0, metaState=0, flags=0x28, repeatCount=0, eventTime=3042721, downTime=3042721, deviceId=-1, source=0x101 }
09-01 00:50:41.792  1074  1074 W ViewRootImpl[AccountSetupFinal]: Cancelling event due to no window focus: KeyEvent { action=ACTION_UP, keyCode=KEYCODE_MENU, scanCode=0, metaState=0, flags=0x28, repeatCount=0, eventTime=3042721, downTime=3042721, deviceId=-1, source=0x101 }
09-01 00:50:41.792  1074  1074 W ViewRootImpl[AccountSetupFinal]: Cancelling event due to no window focus: KeyEvent { action=ACTION_UP, keyCode=KEYCODE_MENU, scanCode=0, metaState=0, flags=0x28, repeatCount=0, eventTime=3042721, downTime=3042721, deviceId=-1, source=0x101 }
09-01 00:50:41.792  1074  1074 W ViewRootImpl[AccountSetupFinal]: Cancelling event due to no window focus: KeyEvent { action=ACTION_UP, keyCode=KEYCODE_MENU, scanCode=0, metaState=0, flags=0x28, repeatCount=0, eventTime=3042721, downTime=3042721, deviceId=-1, source=0x101 }
09-01 00:50:41.792  1074  1074 W ViewRootImpl[AccountSetupFinal]: Cancelling event due to no window focus: KeyEvent { action=ACTION_UP, keyCode=KEYCODE_MENU, scanCode=0, metaState=0, flags=0x28, repeatCount=0, eventTime=3042721, downTime=3042721, deviceId=-1, source=0x101 }
09-01 00:50:41.792  1074  1074 W ViewRootImpl[AccountSetupFinal]: Cancelling event due to no window focus: KeyEvent { action=ACTION_UP, keyCode=KEYCODE_MENU, scanCode=0, metaState=0, flags=0x28, repeatCount=0, eventTime=3042721, downTime=3042721, deviceId=-1, source=0x101 }
