09-01 01:29:02.055   442   462 D BluetoothManagerService: MESSAGE_RESTART_BLUETOOTH_SERVICE
09-01 01:29:02.085   442   462 I ActivityManager: Start proc 18979:com.android.bluetooth/1002 for service com.android.bluetooth/.btservice.AdapterService
09-01 01:29:02.167 18979 18979 I chatty  : uid=1002(bluetooth) com.android.bluetooth expire 36 lines
09-01 01:29:02.209 18979 18995 I chatty  : uid=1002(bluetooth) com.android.bluetooth expire 12 lines
09-01 01:29:02.209 18979 18996 I chatty  : uid=1002(bluetooth) com.android.bluetooth expire 39 lines
09-01 01:29:02.214 18979 18999 I chatty  : uid=1002(bluetooth) com.android.bluetooth expire 4 lines
09-01 01:29:02.214 18979 19000 I chatty  : uid=1002(bluetooth) com.android.bluetooth expire 1 line
09-01 01:29:02.215 18979 19001 I chatty  : uid=1002(bluetooth) com.android.bluetooth expire 3 lines
09-01 01:29:02.220   442   442 D BluetoothManagerService: Bluetooth Adapter name changed to AOSP on navi_ref
09-01 01:29:02.220   442   442 D BluetoothManagerService: Stored Bluetooth name: AOSP on navi_ref
09-01 01:29:02.232   442   442 D BluetoothManagerService: BluetoothServiceConnection: com.android.bluetooth.btservice.AdapterService
09-01 01:29:02.232   442   462 D BluetoothManagerService: MESSAGE_BLUETOOTH_SERVICE_CONNECTED: 1
09-01 01:29:02.233 18979 18991 I chatty  : uid=1002(bluetooth) com.android.bluetooth expire 2 lines
09-01 01:29:02.234   442   462 D BluetoothManagerService: Broadcasting onBluetoothServiceUp() to 5 receivers.
09-01 01:29:02.235   442   462 D BluetoothAdapter: onBluetoothServiceUp: android.bluetooth.IBluetooth$Stub$Proxy@c5cae2b
09-01 01:29:02.235   670 12016 D BluetoothAdapter: onBluetoothServiceUp: android.bluetooth.IBluetooth$Stub$Proxy@cf5f793
09-01 01:29:02.235   653   666 D BluetoothAdapter: onBluetoothServiceUp: android.bluetooth.IBluetooth$Stub$Proxy@1506f17
09-01 01:29:02.236   567   590 D BluetoothAdapter: onBluetoothServiceUp: android.bluetooth.IBluetooth$Stub$Proxy@b2f13ba
09-01 01:29:02.237 18979 18993 I chatty  : uid=1002(bluetooth) com.android.bluetooth expire 1 line
09-01 01:29:02.238   442   462 D BluetoothManagerService: MESSAGE_BLUETOOTH_STATE_CHANGE: OFF > BLE_TURNING_ON
09-01 01:29:02.238   442   462 D BluetoothManagerService: Sending BLE State Change: OFF > BLE_TURNING_ON
09-01 01:29:02.241 18979 19002 I chatty  : uid=1002(bluetooth) com.android.bluetooth expire 1 line
09-01 01:29:02.261 18979 19005 I chatty  : uid=1002(bluetooth) com.android.bluetooth expire 7 lines
09-01 01:29:02.925 18979 19006 I chatty  : uid=1002(bluetooth) com.android.bluetooth expire 1 line
09-01 01:29:10.267 18979 19007 I chatty  : uid=1002(bluetooth) com.android.bluetooth expire 21 lines
09-01 01:29:10.277 18979 19008 I chatty  : uid=1002(bluetooth) com.android.bluetooth expire 2 lines
09-01 01:29:10.951   442  1163 I ActivityManager: Process com.android.bluetooth (pid 18979) has died
09-01 01:29:10.952   442   442 D BluetoothManagerService: BluetoothServiceConnection, disconnected: com.android.bluetooth.btservice.AdapterService
09-01 01:29:10.952   442   462 E BluetoothManagerService: MESSAGE_BLUETOOTH_SERVICE_DISCONNECTED(1)
09-01 01:29:10.952   442  1163 D ActivityManager: cleanUpApplicationRecord -- 18979
09-01 01:29:10.952   442   462 D BluetoothManagerService: Broadcasting onBluetoothServiceDown() to 4 receivers.
09-01 01:29:10.952   442  1163 W ActivityManager: Scheduling restart of crashed service com.android.bluetooth/.gatt.GattService in 1000ms
09-01 01:29:10.952   442   462 D BluetoothAdapter: onBluetoothServiceDown: android.bluetooth.IBluetooth$Stub$Proxy@c5cae2b
09-01 01:29:10.952   670 12016 D BluetoothAdapter: onBluetoothServiceDown: android.bluetooth.IBluetooth$Stub$Proxy@cf5f793
09-01 01:29:10.952   442  1163 W ActivityManager: Scheduling restart of crashed service com.android.bluetooth/.btservice.AdapterService in 1000ms
09-01 01:29:10.953   653   666 D BluetoothAdapter: onBluetoothServiceDown: android.bluetooth.IBluetooth$Stub$Proxy@1506f17
09-01 01:29:10.953   567   590 D BluetoothAdapter: onBluetoothServiceDown: android.bluetooth.IBluetooth$Stub$Proxy@b2f13ba
09-01 01:29:11.152   442   462 D BluetoothManagerService: MESSAGE_RESTART_BLUETOOTH_SERVICE
09-01 01:29:11.185   442   462 I ActivityManager: Start proc 19009:com.android.bluetooth/1002 for service com.android.bluetooth/.btservice.AdapterService
09-01 01:29:11.269 19009 19009 I chatty  : uid=1002(bluetooth) com.android.bluetooth expire 36 lines
09-01 01:29:11.310 19009 19025 I chatty  : uid=1002(bluetooth) com.android.bluetooth expire 12 lines
09-01 01:29:11.312 19009 19026 I chatty  : uid=1002(bluetooth) com.android.bluetooth expire 39 lines
09-01 01:29:11.315 19009 19029 I chatty  : uid=1002(bluetooth) com.android.bluetooth expire 4 lines
09-01 01:29:11.315 19009 19030 I chatty  : uid=1002(bluetooth) com.android.bluetooth expire 1 line
09-01 01:29:11.317 19009 19031 I chatty  : uid=1002(bluetooth) com.android.bluetooth expire 3 lines
09-01 01:29:11.323   442   442 D BluetoothManagerService: Bluetooth Adapter name changed to AOSP on navi_ref
09-01 01:29:11.323   442   442 D BluetoothManagerService: Stored Bluetooth name: AOSP on navi_ref
09-01 01:29:11.330   442   442 D BluetoothManagerService: BluetoothServiceConnection: com.android.bluetooth.btservice.AdapterService
09-01 01:29:11.330   442   462 D BluetoothManagerService: MESSAGE_BLUETOOTH_SERVICE_CONNECTED: 1
09-01 01:29:11.339 19009 19023 I chatty  : uid=1002(bluetooth) com.android.bluetooth expire 2 lines
09-01 01:29:11.341   442   462 D BluetoothManagerService: Broadcasting onBluetoothServiceUp() to 5 receivers.
09-01 01:29:11.342   670 12016 D BluetoothAdapter: onBluetoothServiceUp: android.bluetooth.IBluetooth$Stub$Proxy@4db63d0
09-01 01:29:11.342   442   462 D BluetoothAdapter: onBluetoothServiceUp: android.bluetooth.IBluetooth$Stub$Proxy@6cd30cc
09-01 01:29:11.343   653   666 D BluetoothAdapter: onBluetoothServiceUp: android.bluetooth.IBluetooth$Stub$Proxy@3e27f04
09-01 01:29:11.343   567   590 D BluetoothAdapter: onBluetoothServiceUp: android.bluetooth.IBluetooth$Stub$Proxy@6ea426b
09-01 01:29:11.344 19009 19022 I chatty  : uid=1002(bluetooth) com.android.bluetooth expire 1 line
09-01 01:29:11.348   442   462 D BluetoothManagerService: MESSAGE_BLUETOOTH_STATE_CHANGE: OFF > BLE_TURNING_ON
09-01 01:29:11.348   442   462 D BluetoothManagerService: Sending BLE State Change: OFF > BLE_TURNING_ON
09-01 01:29:11.353 19009 19032 I chatty  : uid=1002(bluetooth) com.android.bluetooth expire 1 line
09-01 01:29:11.376 19009 19035 I chatty  : uid=1002(bluetooth) com.android.bluetooth expire 7 lines
09-01 01:29:12.036 19009 19036 I chatty  : uid=1002(bluetooth) com.android.bluetooth expire 1 line
09-01 01:29:19.393 19009 19037 I chatty  : uid=1002(bluetooth) com.android.bluetooth expire 21 lines
09-01 01:29:19.401 19009 19038 I chatty  : uid=1002(bluetooth) com.android.bluetooth expire 2 lines
09-01 01:29:20.065   442  1163 I ActivityManager: Process com.android.bluetooth (pid 19009) has died
09-01 01:29:20.065   442  1163 D ActivityManager: cleanUpApplicationRecord -- 19009
09-01 01:29:20.066   442  1163 W ActivityManager: Scheduling restart of crashed service com.android.bluetooth/.gatt.GattService in 1000ms
09-01 01:29:20.066   442  1163 W ActivityManager: Scheduling restart of crashed service com.android.bluetooth/.btservice.AdapterService in 1000ms
09-01 01:29:20.067   442   442 D BluetoothManagerService: BluetoothServiceConnection, disconnected: com.android.bluetooth.btservice.AdapterService
09-01 01:29:20.068   442   462 E BluetoothManagerService: MESSAGE_BLUETOOTH_SERVICE_DISCONNECTED(1)
09-01 01:29:20.068   442   462 D BluetoothManagerService: Broadcasting onBluetoothServiceDown() to 4 receivers.
09-01 01:29:20.068   442   462 D BluetoothAdapter: onBluetoothServiceDown: android.bluetooth.IBluetooth$Stub$Proxy@6cd30cc
09-01 01:29:20.069   653   666 D BluetoothAdapter: onBluetoothServiceDown: android.bluetooth.IBluetooth$Stub$Proxy@3e27f04
09-01 01:29:20.069   670 12016 D BluetoothAdapter: onBluetoothServiceDown: android.bluetooth.IBluetooth$Stub$Proxy@4db63d0
09-01 01:29:20.069   567   590 D BluetoothAdapter: onBluetoothServiceDown: android.bluetooth.IBluetooth$Stub$Proxy@6ea426b
09-01 01:29:20.268   442   462 D BluetoothManagerService: MESSAGE_RESTART_BLUETOOTH_SERVICE
09-01 01:29:20.304   442   462 I ActivityManager: Start proc 19040:com.android.bluetooth/1002 for service com.android.bluetooth/.btservice.AdapterService
09-01 01:29:20.381 19040 19040 I chatty  : uid=1002(bluetooth) com.android.bluetooth expire 36 lines
09-01 01:29:20.424 19040 19056 I chatty  : uid=1002(bluetooth) com.android.bluetooth expire 12 lines
09-01 01:29:20.425 19040 19057 I chatty  : uid=1002(bluetooth) com.android.bluetooth expire 39 lines
09-01 01:29:20.427 19040 19060 I chatty  : uid=1002(bluetooth) com.android.bluetooth expire 4 lines
09-01 01:29:20.427 19040 19061 I chatty  : uid=1002(bluetooth) com.android.bluetooth expire 1 line
09-01 01:29:20.429 19040 19062 I chatty  : uid=1002(bluetooth) com.android.bluetooth expire 3 lines
09-01 01:29:20.433   442   442 D BluetoothManagerService: Bluetooth Adapter name changed to AOSP on navi_ref
09-01 01:29:20.433   442   442 D BluetoothManagerService: Stored Bluetooth name: AOSP on navi_ref
09-01 01:29:20.437   442   442 D BluetoothManagerService: BluetoothServiceConnection: com.android.bluetooth.btservice.AdapterService
09-01 01:29:20.437   442   462 D BluetoothManagerService: MESSAGE_BLUETOOTH_SERVICE_CONNECTED: 1
09-01 01:29:20.440 19040 19054 I chatty  : uid=1002(bluetooth) com.android.bluetooth expire 2 lines
09-01 01:29:20.442   442   462 D BluetoothManagerService: Broadcasting onBluetoothServiceUp() to 5 receivers.
09-01 01:29:20.442   670 12016 D BluetoothAdapter: onBluetoothServiceUp: android.bluetooth.IBluetooth$Stub$Proxy@cb30fc9
09-01 01:29:20.442   442   462 D BluetoothAdapter: onBluetoothServiceUp: android.bluetooth.IBluetooth$Stub$Proxy@c61dece
09-01 01:29:20.442   653   666 D BluetoothAdapter: onBluetoothServiceUp: android.bluetooth.IBluetooth$Stub$Proxy@b3b7ced
09-01 01:29:20.443   567   590 D BluetoothAdapter: onBluetoothServiceUp: android.bluetooth.IBluetooth$Stub$Proxy@bbd11c8
09-01 01:29:20.443 19040 19052 I chatty  : uid=1002(bluetooth) com.android.bluetooth expire 1 line
09-01 01:29:20.444   442   462 D BluetoothManagerService: MESSAGE_BLUETOOTH_STATE_CHANGE: OFF > BLE_TURNING_ON
09-01 01:29:20.444   442   462 D BluetoothManagerService: Sending BLE State Change: OFF > BLE_TURNING_ON
09-01 01:29:20.449 19040 19063 I chatty  : uid=1002(bluetooth) com.android.bluetooth expire 1 line
09-01 01:29:20.475 19040 19066 I chatty  : uid=1002(bluetooth) com.android.bluetooth expire 7 lines
09-01 01:29:21.136 19040 19067 I chatty  : uid=1002(bluetooth) com.android.bluetooth expire 1 line
09-01 01:29:28.483 19040 19068 I chatty  : uid=1002(bluetooth) com.android.bluetooth expire 21 lines
09-01 01:29:28.486 19040 19069 I chatty  : uid=1002(bluetooth) com.android.bluetooth expire 2 lines
09-01 01:29:29.165   442  1163 I ActivityManager: Process com.android.bluetooth (pid 19040) has died
09-01 01:29:29.165   442   442 D BluetoothManagerService: BluetoothServiceConnection, disconnected: com.android.bluetooth.btservice.AdapterService
09-01 01:29:29.165   442  1163 D ActivityManager: cleanUpApplicationRecord -- 19040
09-01 01:29:29.165   442   462 E BluetoothManagerService: MESSAGE_BLUETOOTH_SERVICE_DISCONNECTED(1)
09-01 01:29:29.166   442   462 D BluetoothManagerService: Broadcasting onBluetoothServiceDown() to 4 receivers.
09-01 01:29:29.166   442  1163 W ActivityManager: Scheduling restart of crashed service com.android.bluetooth/.gatt.GattService in 1000ms
09-01 01:29:29.166   442  1163 W ActivityManager: Scheduling restart of crashed service com.android.bluetooth/.btservice.AdapterService in 1000ms
09-01 01:29:29.166   442   462 D BluetoothAdapter: onBluetoothServiceDown: android.bluetooth.IBluetooth$Stub$Proxy@c61dece
09-01 01:29:29.166   670 12016 D BluetoothAdapter: onBluetoothServiceDown: android.bluetooth.IBluetooth$Stub$Proxy@cb30fc9
09-01 01:29:29.169   653   666 D BluetoothAdapter: onBluetoothServiceDown: android.bluetooth.IBluetooth$Stub$Proxy@b3b7ced
09-01 01:29:29.169   567   590 D BluetoothAdapter: onBluetoothServiceDown: android.bluetooth.IBluetooth$Stub$Proxy@bbd11c8
09-01 01:29:29.367   442   462 D BluetoothManagerService: MESSAGE_RESTART_BLUETOOTH_SERVICE
09-01 01:29:29.395   442   462 I ActivityManager: Start proc 19070:com.android.bluetooth/1002 for service com.android.bluetooth/.btservice.AdapterService
09-01 01:29:29.483 19070 19070 I chatty  : uid=1002(bluetooth) com.android.bluetooth expire 36 lines
09-01 01:29:29.525 19070 19087 I chatty  : uid=1002(bluetooth) com.android.bluetooth expire 12 lines
09-01 01:29:29.525 19070 19088 I chatty  : uid=1002(bluetooth) com.android.bluetooth expire 39 lines
09-01 01:29:29.528 19070 19091 I chatty  : uid=1002(bluetooth) com.android.bluetooth expire 4 lines
09-01 01:29:29.528 19070 19092 I chatty  : uid=1002(bluetooth) com.android.bluetooth expire 1 line
09-01 01:29:29.530 19070 19093 I chatty  : uid=1002(bluetooth) com.android.bluetooth expire 3 lines
09-01 01:29:29.536   442   442 D BluetoothManagerService: Bluetooth Adapter name changed to AOSP on navi_ref
09-01 01:29:29.537   442   442 D BluetoothManagerService: Stored Bluetooth name: AOSP on navi_ref
09-01 01:29:29.541   442   442 D BluetoothManagerService: BluetoothServiceConnection: com.android.bluetooth.btservice.AdapterService
09-01 01:29:29.541   442   462 D BluetoothManagerService: MESSAGE_BLUETOOTH_SERVICE_CONNECTED: 1
09-01 01:29:29.542 19070 19085 I chatty  : uid=1002(bluetooth) com.android.bluetooth expire 2 lines
09-01 01:29:29.543   442   462 D BluetoothManagerService: Broadcasting onBluetoothServiceUp() to 5 receivers.
09-01 01:29:29.544   442   462 D BluetoothAdapter: onBluetoothServiceUp: android.bluetooth.IBluetooth$Stub$Proxy@f10c383
09-01 01:29:29.544   670 12016 D BluetoothAdapter: onBluetoothServiceUp: android.bluetooth.IBluetooth$Stub$Proxy@58326ce
09-01 01:29:29.544   653   666 D BluetoothAdapter: onBluetoothServiceUp: android.bluetooth.IBluetooth$Stub$Proxy@4b29722
09-01 01:29:29.545   567   590 D BluetoothAdapter: onBluetoothServiceUp: android.bluetooth.IBluetooth$Stub$Proxy@39bb261
09-01 01:29:29.545 19070 19083 I chatty  : uid=1002(bluetooth) com.android.bluetooth expire 1 line
09-01 01:29:29.547   442   462 D BluetoothManagerService: MESSAGE_BLUETOOTH_STATE_CHANGE: OFF > BLE_TURNING_ON
09-01 01:29:29.547   442   462 D BluetoothManagerService: Sending BLE State Change: OFF > BLE_TURNING_ON
09-01 01:29:29.549 19070 19094 I chatty  : uid=1002(bluetooth) com.android.bluetooth expire 1 line
09-01 01:29:29.587 19070 19097 I chatty  : uid=1002(bluetooth) com.android.bluetooth expire 7 lines
09-01 01:29:30.247 19070 19098 I chatty  : uid=1002(bluetooth) com.android.bluetooth expire 1 line
09-01 01:29:37.593 19070 19099 I chatty  : uid=1002(bluetooth) com.android.bluetooth expire 21 lines
09-01 01:29:37.599 19070 19100 I chatty  : uid=1002(bluetooth) com.android.bluetooth expire 2 lines
09-01 01:29:38.276   442   442 D BluetoothManagerService: BluetoothServiceConnection, disconnected: com.android.bluetooth.btservice.AdapterService
09-01 01:29:38.277   442   462 E BluetoothManagerService: MESSAGE_BLUETOOTH_SERVICE_DISCONNECTED(1)
09-01 01:29:38.277   442   462 D BluetoothManagerService: Broadcasting onBluetoothServiceDown() to 4 receivers.
09-01 01:29:38.277   442   462 D BluetoothAdapter: onBluetoothServiceDown: android.bluetooth.IBluetooth$Stub$Proxy@f10c383
09-01 01:29:38.277   670 12016 D BluetoothAdapter: onBluetoothServiceDown: android.bluetooth.IBluetooth$Stub$Proxy@58326ce
09-01 01:29:38.277   653   666 D BluetoothAdapter: onBluetoothServiceDown: android.bluetooth.IBluetooth$Stub$Proxy@4b29722
09-01 01:29:38.277   567   590 D BluetoothAdapter: onBluetoothServiceDown: android.bluetooth.IBluetooth$Stub$Proxy@39bb261
09-01 01:29:38.278   442  1452 I ActivityManager: Process com.android.bluetooth (pid 19070) has died
09-01 01:29:38.278   442  1452 D ActivityManager: cleanUpApplicationRecord -- 19070
09-01 01:29:38.278   442  1452 W ActivityManager: Scheduling restart of crashed service com.android.bluetooth/.btservice.AdapterService in 1000ms
09-01 01:29:38.278   442  1452 W ActivityManager: Scheduling restart of crashed service com.android.bluetooth/.gatt.GattService in 11000ms
09-01 01:29:38.478   442   462 D BluetoothManagerService: MESSAGE_RESTART_BLUETOOTH_SERVICE
09-01 01:29:38.506   442   462 I ActivityManager: Start proc 19101:com.android.bluetooth/1002 for service com.android.bluetooth/.btservice.AdapterService
09-01 01:29:38.595 19101 19101 I chatty  : uid=1002(bluetooth) com.android.bluetooth expire 36 lines
09-01 01:29:38.637 19101 19117 I chatty  : uid=1002(bluetooth) com.android.bluetooth expire 12 lines
09-01 01:29:38.637 19101 19118 I chatty  : uid=1002(bluetooth) com.android.bluetooth expire 39 lines
09-01 01:29:38.641 19101 19121 I chatty  : uid=1002(bluetooth) com.android.bluetooth expire 4 lines
09-01 01:29:38.642 19101 19122 I chatty  : uid=1002(bluetooth) com.android.bluetooth expire 1 line
09-01 01:29:38.643 19101 19123 I chatty  : uid=1002(bluetooth) com.android.bluetooth expire 3 lines
09-01 01:29:38.647   442   442 D BluetoothManagerService: Bluetooth Adapter name changed to AOSP on navi_ref
09-01 01:29:38.647   442   442 D BluetoothManagerService: Stored Bluetooth name: AOSP on navi_ref
09-01 01:29:38.653   442   442 D BluetoothManagerService: BluetoothServiceConnection: com.android.bluetooth.btservice.AdapterService
09-01 01:29:38.653   442   462 D BluetoothManagerService: MESSAGE_BLUETOOTH_SERVICE_CONNECTED: 1
09-01 01:29:38.655 19101 19115 I chatty  : uid=1002(bluetooth) com.android.bluetooth expire 2 lines
09-01 01:29:38.656   442   462 D BluetoothManagerService: Broadcasting onBluetoothServiceUp() to 5 receivers.
09-01 01:29:38.657   670 12016 D BluetoothAdapter: onBluetoothServiceUp: android.bluetooth.IBluetooth$Stub$Proxy@ffe79ef
09-01 01:29:38.657   442   462 D BluetoothAdapter: onBluetoothServiceUp: android.bluetooth.IBluetooth$Stub$Proxy@6c4cdc4
09-01 01:29:38.658 19101 19114 I chatty  : uid=1002(bluetooth) com.android.bluetooth expire 1 line
09-01 01:29:38.659   653   666 D BluetoothAdapter: onBluetoothServiceUp: android.bluetooth.IBluetooth$Stub$Proxy@62e5b3
09-01 01:29:38.659   567   590 D BluetoothAdapter: onBluetoothServiceUp: android.bluetooth.IBluetooth$Stub$Proxy@1aab186
09-01 01:29:38.659   442   462 D BluetoothManagerService: MESSAGE_BLUETOOTH_STATE_CHANGE: OFF > BLE_TURNING_ON
09-01 01:29:38.659   442   462 D BluetoothManagerService: Sending BLE State Change: OFF > BLE_TURNING_ON
09-01 01:29:38.672 19101 19124 I chatty  : uid=1002(bluetooth) com.android.bluetooth expire 1 line
09-01 01:29:38.694 19101 19127 I chatty  : uid=1002(bluetooth) com.android.bluetooth expire 7 lines
09-01 01:29:39.353 19101 19128 I chatty  : uid=1002(bluetooth) com.android.bluetooth expire 1 line
09-01 01:29:46.699 19101 19129 I chatty  : uid=1002(bluetooth) com.android.bluetooth expire 21 lines
09-01 01:29:46.704 19101 19130 I chatty  : uid=1002(bluetooth) com.android.bluetooth expire 2 lines
09-01 01:29:47.406   442  1452 I ActivityManager: Process com.android.bluetooth (pid 19101) has died
09-01 01:29:47.407   442  1452 D ActivityManager: cleanUpApplicationRecord -- 19101
09-01 01:29:47.407   442   442 D BluetoothManagerService: BluetoothServiceConnection, disconnected: com.android.bluetooth.btservice.AdapterService
09-01 01:29:47.407   442  1452 W ActivityManager: Scheduling restart of crashed service com.android.bluetooth/.gatt.GattService in 1000ms
09-01 01:29:47.407   442  1452 W ActivityManager: Scheduling restart of crashed service com.android.bluetooth/.btservice.AdapterService in 1000ms
09-01 01:29:47.409   442   462 E BluetoothManagerService: MESSAGE_BLUETOOTH_SERVICE_DISCONNECTED(1)
09-01 01:29:47.409   442   462 D BluetoothManagerService: Broadcasting onBluetoothServiceDown() to 4 receivers.
09-01 01:29:47.409   442   462 D BluetoothAdapter: onBluetoothServiceDown: android.bluetooth.IBluetooth$Stub$Proxy@6c4cdc4
09-01 01:29:47.409   670 12016 D BluetoothAdapter: onBluetoothServiceDown: android.bluetooth.IBluetooth$Stub$Proxy@ffe79ef
09-01 01:29:47.409   653   666 D BluetoothAdapter: onBluetoothServiceDown: android.bluetooth.IBluetooth$Stub$Proxy@62e5b3
09-01 01:29:47.410   567   590 D BluetoothAdapter: onBluetoothServiceDown: android.bluetooth.IBluetooth$Stub$Proxy@1aab186
09-01 01:29:47.610   442   462 D BluetoothManagerService: MESSAGE_RESTART_BLUETOOTH_SERVICE
09-01 01:29:47.641   442   462 I ActivityManager: Start proc 19131:com.android.bluetooth/1002 for service com.android.bluetooth/.btservice.AdapterService
09-01 01:29:47.730 19131 19131 I chatty  : uid=1002(bluetooth) com.android.bluetooth expire 36 lines
09-01 01:29:47.774 19131 19148 I chatty  : uid=1002(bluetooth) com.android.bluetooth expire 12 lines
09-01 01:29:47.775 19131 19149 I chatty  : uid=1002(bluetooth) com.android.bluetooth expire 39 lines
09-01 01:29:47.777 19131 19152 I chatty  : uid=1002(bluetooth) com.android.bluetooth expire 4 lines
09-01 01:29:47.777 19131 19153 I chatty  : uid=1002(bluetooth) com.android.bluetooth expire 1 line
09-01 01:29:47.778 19131 19154 I chatty  : uid=1002(bluetooth) com.android.bluetooth expire 3 lines
09-01 01:29:47.782   442   442 D BluetoothManagerService: Bluetooth Adapter name changed to AOSP on navi_ref
09-01 01:29:47.783   442   442 D BluetoothManagerService: Stored Bluetooth name: AOSP on navi_ref
09-01 01:29:47.787   442   442 D BluetoothManagerService: BluetoothServiceConnection: com.android.bluetooth.btservice.AdapterService
09-01 01:29:47.787   442   462 D BluetoothManagerService: MESSAGE_BLUETOOTH_SERVICE_CONNECTED: 1
09-01 01:29:47.788 19131 19146 I chatty  : uid=1002(bluetooth) com.android.bluetooth expire 2 lines
09-01 01:29:47.789   442   462 D BluetoothManagerService: Broadcasting onBluetoothServiceUp() to 5 receivers.
09-01 01:29:47.790   670 12016 D BluetoothAdapter: onBluetoothServiceUp: android.bluetooth.IBluetooth$Stub$Proxy@65aecfc
09-01 01:29:47.790   442   462 D BluetoothAdapter: onBluetoothServiceUp: android.bluetooth.IBluetooth$Stub$Proxy@f2299e1
09-01 01:29:47.790   653   666 D BluetoothAdapter: onBluetoothServiceUp: android.bluetooth.IBluetooth$Stub$Proxy@78a8770
09-01 01:29:47.790   567   590 D BluetoothAdapter: onBluetoothServiceUp: android.bluetooth.IBluetooth$Stub$Proxy@b689a47
09-01 01:29:47.797 19131 19145 I chatty  : uid=1002(bluetooth) com.android.bluetooth expire 1 line
09-01 01:29:47.798   442   462 D BluetoothManagerService: MESSAGE_BLUETOOTH_STATE_CHANGE: OFF > BLE_TURNING_ON
09-01 01:29:47.798   442   462 D BluetoothManagerService: Sending BLE State Change: OFF > BLE_TURNING_ON
09-01 01:29:47.812 19131 19155 I chatty  : uid=1002(bluetooth) com.android.bluetooth expire 1 line
09-01 01:29:47.836 19131 19158 I chatty  : uid=1002(bluetooth) com.android.bluetooth expire 7 lines
09-01 01:29:48.496 19131 19159 I chatty  : uid=1002(bluetooth) com.android.bluetooth expire 1 line
09-01 01:29:55.844 19131 19160 I chatty  : uid=1002(bluetooth) com.android.bluetooth expire 21 lines
09-01 01:29:55.849 19131 19161 I chatty  : uid=1002(bluetooth) com.android.bluetooth expire 2 lines
09-01 01:29:56.524   442   442 D BluetoothManagerService: BluetoothServiceConnection, disconnected: com.android.bluetooth.btservice.AdapterService
09-01 01:29:56.525   442   462 E BluetoothManagerService: MESSAGE_BLUETOOTH_SERVICE_DISCONNECTED(1)
09-01 01:29:56.525   442   462 D BluetoothManagerService: Broadcasting onBluetoothServiceDown() to 4 receivers.
09-01 01:29:56.525   442   462 D BluetoothAdapter: onBluetoothServiceDown: android.bluetooth.IBluetooth$Stub$Proxy@f2299e1
09-01 01:29:56.525   670 12016 D BluetoothAdapter: onBluetoothServiceDown: android.bluetooth.IBluetooth$Stub$Proxy@65aecfc
09-01 01:29:56.526   653   666 D BluetoothAdapter: onBluetoothServiceDown: android.bluetooth.IBluetooth$Stub$Proxy@78a8770
09-01 01:29:56.526   567   590 D BluetoothAdapter: onBluetoothServiceDown: android.bluetooth.IBluetooth$Stub$Proxy@b689a47
09-01 01:29:56.527   442  1452 I ActivityManager: Process com.android.bluetooth (pid 19131) has died
09-01 01:29:56.527   442  1452 D ActivityManager: cleanUpApplicationRecord -- 19131
09-01 01:29:56.527   442  1452 W ActivityManager: Scheduling restart of crashed service com.android.bluetooth/.gatt.GattService in 1000ms
09-01 01:29:56.528   442  1452 W ActivityManager: Scheduling restart of crashed service com.android.bluetooth/.btservice.AdapterService in 1000ms
09-01 01:29:56.725   442   462 D BluetoothManagerService: MESSAGE_RESTART_BLUETOOTH_SERVICE
09-01 01:29:56.762   442   462 I ActivityManager: Start proc 19162:com.android.bluetooth/1002 for service com.android.bluetooth/.btservice.AdapterService
09-01 01:29:56.842 19162 19162 I chatty  : uid=1002(bluetooth) com.android.bluetooth expire 36 lines
09-01 01:29:56.884 19162 19178 I chatty  : uid=1002(bluetooth) com.android.bluetooth expire 12 lines
09-01 01:29:56.885 19162 19179 I chatty  : uid=1002(bluetooth) com.android.bluetooth expire 39 lines
09-01 01:29:56.887 19162 19182 I chatty  : uid=1002(bluetooth) com.android.bluetooth expire 2 lines
09-01 01:29:56.887 19162 19183 I chatty  : uid=1002(bluetooth) com.android.bluetooth expire 1 line
09-01 01:29:56.889 19162 19184 I chatty  : uid=1002(bluetooth) com.android.bluetooth expire 3 lines
09-01 01:29:56.894   442   442 D BluetoothManagerService: Bluetooth Adapter name changed to AOSP on navi_ref
09-01 01:29:56.894   442   442 D BluetoothManagerService: Stored Bluetooth name: AOSP on navi_ref
09-01 01:29:56.898   442   442 D BluetoothManagerService: BluetoothServiceConnection: com.android.bluetooth.btservice.AdapterService
09-01 01:29:56.898   442   462 D BluetoothManagerService: MESSAGE_BLUETOOTH_SERVICE_CONNECTED: 1
09-01 01:29:56.899 19162 19176 I chatty  : uid=1002(bluetooth) com.android.bluetooth expire 2 lines
09-01 01:29:56.906   442   462 D BluetoothManagerService: Broadcasting onBluetoothServiceUp() to 5 receivers.
09-01 01:29:56.906   442   462 D BluetoothAdapter: onBluetoothServiceUp: android.bluetooth.IBluetooth$Stub$Proxy@e0b8ea
09-01 01:29:56.906   670 12016 D BluetoothAdapter: onBluetoothServiceUp: android.bluetooth.IBluetooth$Stub$Proxy@fd3df85
09-01 01:29:56.906   653   666 D BluetoothAdapter: onBluetoothServiceUp: android.bluetooth.IBluetooth$Stub$Proxy@bdffae9
09-01 01:29:56.907   567   590 D BluetoothAdapter: onBluetoothServiceUp: android.bluetooth.IBluetooth$Stub$Proxy@4758274
09-01 01:29:56.907 19162 19174 I chatty  : uid=1002(bluetooth) com.android.bluetooth expire 1 line
09-01 01:29:56.908   442   462 D BluetoothManagerService: MESSAGE_BLUETOOTH_STATE_CHANGE: OFF > BLE_TURNING_ON
09-01 01:29:56.909   442   462 D BluetoothManagerService: Sending BLE State Change: OFF > BLE_TURNING_ON
09-01 01:29:56.929 19162 19185 I chatty  : uid=1002(bluetooth) com.android.bluetooth expire 1 line
09-01 01:29:56.935 19162 19173 I chatty  : uid=1002(bluetooth) com.android.bluetooth expire 1 line
09-01 01:29:56.946 19162 19188 I chatty  : uid=1002(bluetooth) com.android.bluetooth expire 7 lines
09-01 01:29:57.610 19162 19189 I chatty  : uid=1002(bluetooth) com.android.bluetooth expire 1 line
09-01 01:29:59.139   442   497 D WifiNative-HAL: Failing getSupportedFeatureset because HAL isn't started
09-01 01:29:59.141   442   459 E BatteryStatsService: no controller energy info supplied
09-01 01:29:59.143   653   653 E PhoneInterfaceManager: [PhoneIntfMgr] queryModemActivityInfo: Empty response
09-01 01:29:59.143   442   459 E BatteryStatsService: no controller energy info supplied
09-01 01:29:59.145   442   459 E KernelUidCpuTimeReader: Failed to read uid_cputime: /proc/uid_cputime/show_uid_stat (No such file or directory)
09-01 01:29:59.145   442   459 E KernelWakelockReader: neither /proc/wakelocks nor /d/wakeup_sources exists
09-01 01:29:59.150   442   459 W BatteryStatsImpl: Couldn't get kernel wake lock stats
09-01 01:29:59.150   442   459 E BatteryStatsService: modem info is invalid: ModemActivityInfo{ mTimestamp=0 mSleepTimeMs=0 mIdleTimeMs=0 mTxTimeMs[]=[0, 0, 0, 0, 0] mRxTimeMs=0 mEnergyUsed=0}
09-01 01:30:04.953 19162 19190 I chatty  : uid=1002(bluetooth) com.android.bluetooth expire 21 lines
09-01 01:30:04.962 19162 19191 I chatty  : uid=1002(bluetooth) com.android.bluetooth expire 2 lines
09-01 01:30:05.611 19162 19182 I chatty  : uid=1002(bluetooth) com.android.bluetooth expire 2 lines
09-01 01:30:05.637   442   442 D BluetoothManagerService: BluetoothServiceConnection, disconnected: com.android.bluetooth.btservice.AdapterService
09-01 01:30:05.638   442   669 I ActivityManager: Process com.android.bluetooth (pid 19162) has died
09-01 01:30:05.638   442   669 D ActivityManager: cleanUpApplicationRecord -- 19162
09-01 01:30:05.638   442   669 W ActivityManager: Scheduling restart of crashed service com.android.bluetooth/.gatt.GattService in 1000ms
09-01 01:30:05.639   442   669 W ActivityManager: Scheduling restart of crashed service com.android.bluetooth/.btservice.AdapterService in 1000ms
09-01 01:30:05.640   442   462 E BluetoothManagerService: MESSAGE_BLUETOOTH_SERVICE_DISCONNECTED(1)
09-01 01:30:05.640   442   462 D BluetoothManagerService: Broadcasting onBluetoothServiceDown() to 4 receivers.
09-01 01:30:05.641   670 12016 D BluetoothAdapter: onBluetoothServiceDown: android.bluetooth.IBluetooth$Stub$Proxy@fd3df85
09-01 01:30:05.642   442   462 D BluetoothAdapter: onBluetoothServiceDown: android.bluetooth.IBluetooth$Stub$Proxy@e0b8ea
09-01 01:30:05.642   653   666 D BluetoothAdapter: onBluetoothServiceDown: android.bluetooth.IBluetooth$Stub$Proxy@bdffae9
09-01 01:30:05.642   567   590 D BluetoothAdapter: onBluetoothServiceDown: android.bluetooth.IBluetooth$Stub$Proxy@4758274
09-01 01:30:05.840   442   462 D BluetoothManagerService: MESSAGE_RESTART_BLUETOOTH_SERVICE
09-01 01:30:05.873   442   462 I ActivityManager: Start proc 19193:com.android.bluetooth/1002 for service com.android.bluetooth/.btservice.AdapterService
09-01 01:30:05.962 19193 19193 I chatty  : uid=1002(bluetooth) com.android.bluetooth expire 36 lines
09-01 01:30:06.004 19193 19210 I chatty  : uid=1002(bluetooth) com.android.bluetooth expire 12 lines
09-01 01:30:06.004 19193 19211 I chatty  : uid=1002(bluetooth) com.android.bluetooth expire 39 lines
09-01 01:30:06.006 19193 19214 I chatty  : uid=1002(bluetooth) com.android.bluetooth expire 4 lines
09-01 01:30:06.007 19193 19215 I chatty  : uid=1002(bluetooth) com.android.bluetooth expire 1 line
09-01 01:30:06.009 19193 19216 I chatty  : uid=1002(bluetooth) com.android.bluetooth expire 3 lines
09-01 01:30:06.018   442   442 D BluetoothManagerService: Bluetooth Adapter name changed to AOSP on navi_ref
09-01 01:30:06.018   442   442 D BluetoothManagerService: Stored Bluetooth name: AOSP on navi_ref
09-01 01:30:06.021   442   442 D BluetoothManagerService: BluetoothServiceConnection: com.android.bluetooth.btservice.AdapterService
09-01 01:30:06.022   442   462 D BluetoothManagerService: MESSAGE_BLUETOOTH_SERVICE_CONNECTED: 1
09-01 01:30:06.025 19193 19208 I chatty  : uid=1002(bluetooth) com.android.bluetooth expire 2 lines
09-01 01:30:06.027   442   462 D BluetoothManagerService: Broadcasting onBluetoothServiceUp() to 5 receivers.
09-01 01:30:06.028   442   462 D BluetoothAdapter: onBluetoothServiceUp: android.bluetooth.IBluetooth$Stub$Proxy@2487ba7
09-01 01:30:06.028   670 12016 D BluetoothAdapter: onBluetoothServiceUp: android.bluetooth.IBluetooth$Stub$Proxy@12ee1da
09-01 01:30:06.028   653   666 D BluetoothAdapter: onBluetoothServiceUp: android.bluetooth.IBluetooth$Stub$Proxy@607036e
09-01 01:30:06.029   567   590 D BluetoothAdapter: onBluetoothServiceUp: android.bluetooth.IBluetooth$Stub$Proxy@d80139d
09-01 01:30:06.030 19193 19207 I chatty  : uid=1002(bluetooth) com.android.bluetooth expire 1 line
09-01 01:30:06.032   442   462 D BluetoothManagerService: MESSAGE_BLUETOOTH_STATE_CHANGE: OFF > BLE_TURNING_ON
09-01 01:30:06.032   442   462 D BluetoothManagerService: Sending BLE State Change: OFF > BLE_TURNING_ON
09-01 01:30:06.041 19193 19217 I chatty  : uid=1002(bluetooth) com.android.bluetooth expire 1 line
09-01 01:30:06.059 19193 19220 I chatty  : uid=1002(bluetooth) com.android.bluetooth expire 7 lines
09-01 01:30:06.721 19193 19221 I chatty  : uid=1002(bluetooth) com.android.bluetooth expire 1 line
09-01 01:30:08.512 19224 19224 D AndroidRuntime: >>>>>> START com.android.internal.os.RuntimeInit uid 0 <<<<<<
09-01 01:30:08.519 19224 19224 D AndroidRuntime: CheckJNI is OFF
09-01 01:30:08.634 19224 19224 D ICU     : No timezone override file found: /data/misc/zoneinfo/current/icu/icu_tzdata.dat
09-01 01:30:08.687 19224 19224 I Radio-JNI: register_android_hardware_Radio DONE
09-01 01:30:08.707 19224 19224 D AndroidRuntime: Calling main entry com.android.commands.input.Input
09-01 01:30:08.709 19224 19224 I Input   : injectKeyEvent: KeyEvent { action=ACTION_DOWN, keyCode=KEYCODE_MENU, scanCode=0, metaState=0, flags=0x0, repeatCount=0, eventTime=5409644, downTime=5409644, deviceId=-1, source=0x101 }
09-01 01:30:08.712 19224 19224 I Input   : injectKeyEvent: KeyEvent { action=ACTION_UP, keyCode=KEYCODE_MENU, scanCode=0, metaState=0, flags=0x0, repeatCount=0, eventTime=5409644, downTime=5409644, deviceId=-1, source=0x101 }
09-01 01:30:08.713 19224 19224 D AndroidRuntime: Shutting down VM
09-01 01:30:09.599 19234 19234 D AndroidRuntime: >>>>>> START com.android.internal.os.RuntimeInit uid 0 <<<<<<
09-01 01:30:09.606 19234 19234 D AndroidRuntime: CheckJNI is OFF
09-01 01:30:09.718 19234 19234 D ICU     : No timezone override file found: /data/misc/zoneinfo/current/icu/icu_tzdata.dat
09-01 01:30:09.772 19234 19234 I Radio-JNI: register_android_hardware_Radio DONE
09-01 01:30:09.792 19234 19234 D AndroidRuntime: Calling main entry com.android.commands.svc.Svc
09-01 01:30:09.796 19234 19234 D AndroidRuntime: Shutting down VM
09-01 01:30:14.065 19193 19244 I chatty  : uid=1002(bluetooth) com.android.bluetooth expire 21 lines
09-01 01:30:14.070 19193 19245 I chatty  : uid=1002(bluetooth) com.android.bluetooth expire 2 lines
09-01 01:30:14.773   442 19192 I ActivityManager: Process com.android.bluetooth (pid 19193) has died
09-01 01:30:14.774   442   442 D BluetoothManagerService: BluetoothServiceConnection, disconnected: com.android.bluetooth.btservice.AdapterService
09-01 01:30:14.774   442 19192 D ActivityManager: cleanUpApplicationRecord -- 19193
09-01 01:30:14.774   442   462 E BluetoothManagerService: MESSAGE_BLUETOOTH_SERVICE_DISCONNECTED(1)
09-01 01:30:14.774   442 19192 W ActivityManager: Scheduling restart of crashed service com.android.bluetooth/.gatt.GattService in 1000ms
09-01 01:30:14.774   442   462 D BluetoothManagerService: Broadcasting onBluetoothServiceDown() to 4 receivers.
09-01 01:30:14.774   442 19192 W ActivityManager: Scheduling restart of crashed service com.android.bluetooth/.btservice.AdapterService in 1000ms
09-01 01:30:14.774   442   462 D BluetoothAdapter: onBluetoothServiceDown: android.bluetooth.IBluetooth$Stub$Proxy@2487ba7
09-01 01:30:14.775   653   666 D BluetoothAdapter: onBluetoothServiceDown: android.bluetooth.IBluetooth$Stub$Proxy@607036e
09-01 01:30:14.775   670 12016 D BluetoothAdapter: onBluetoothServiceDown: android.bluetooth.IBluetooth$Stub$Proxy@12ee1da
09-01 01:30:14.775   567   590 D BluetoothAdapter: onBluetoothServiceDown: android.bluetooth.IBluetooth$Stub$Proxy@d80139d
09-01 01:30:14.975   442   462 D BluetoothManagerService: MESSAGE_RESTART_BLUETOOTH_SERVICE
09-01 01:30:15.005   442   462 I ActivityManager: Start proc 19246:com.android.bluetooth/1002 for service com.android.bluetooth/.btservice.AdapterService
09-01 01:30:15.099 19246 19246 I chatty  : uid=1002(bluetooth) com.android.bluetooth expire 36 lines
09-01 01:30:15.154 19246 19262 I chatty  : uid=1002(bluetooth) com.android.bluetooth expire 12 lines
09-01 01:30:15.154 19246 19263 I chatty  : uid=1002(bluetooth) com.android.bluetooth expire 39 lines
09-01 01:30:15.157 19246 19266 I chatty  : uid=1002(bluetooth) com.android.bluetooth expire 2 lines
09-01 01:30:15.157 19246 19267 I chatty  : uid=1002(bluetooth) com.android.bluetooth expire 1 line
09-01 01:30:15.158 19246 19268 I chatty  : uid=1002(bluetooth) com.android.bluetooth expire 3 lines
09-01 01:30:15.163   442   442 D BluetoothManagerService: Bluetooth Adapter name changed to AOSP on navi_ref
09-01 01:30:15.163   442   442 D BluetoothManagerService: Stored Bluetooth name: AOSP on navi_ref
09-01 01:30:15.176   442   442 D BluetoothManagerService: BluetoothServiceConnection: com.android.bluetooth.btservice.AdapterService
09-01 01:30:15.176   442   462 D BluetoothManagerService: MESSAGE_BLUETOOTH_SERVICE_CONNECTED: 1
09-01 01:30:15.178 19246 19260 I chatty  : uid=1002(bluetooth) com.android.bluetooth expire 2 lines
09-01 01:30:15.179   442   462 D BluetoothManagerService: Broadcasting onBluetoothServiceUp() to 5 receivers.
09-01 01:30:15.180   670 12016 D BluetoothAdapter: onBluetoothServiceUp: android.bluetooth.IBluetooth$Stub$Proxy@262c60b
09-01 01:30:15.180   442   462 D BluetoothAdapter: onBluetoothServiceUp: android.bluetooth.IBluetooth$Stub$Proxy@f5eccd8
09-01 01:30:15.180   653   666 D BluetoothAdapter: onBluetoothServiceUp: android.bluetooth.IBluetooth$Stub$Proxy@91c2a0f
09-01 01:30:15.181   567   590 D BluetoothAdapter: onBluetoothServiceUp: android.bluetooth.IBluetooth$Stub$Proxy@df06012
09-01 01:30:15.181 19246 19259 I chatty  : uid=1002(bluetooth) com.android.bluetooth expire 1 line
09-01 01:30:15.183   442   462 D BluetoothManagerService: MESSAGE_BLUETOOTH_STATE_CHANGE: OFF > BLE_TURNING_ON
09-01 01:30:15.183   442   462 D BluetoothManagerService: Sending BLE State Change: OFF > BLE_TURNING_ON
09-01 01:30:15.185 19246 19269 I chatty  : uid=1002(bluetooth) com.android.bluetooth expire 1 line
09-01 01:30:15.211 19246 19272 I chatty  : uid=1002(bluetooth) com.android.bluetooth expire 7 lines
09-01 01:30:15.872 19246 19273 I chatty  : uid=1002(bluetooth) com.android.bluetooth expire 1 line
09-01 01:30:23.216 19246 19274 I chatty  : uid=1002(bluetooth) com.android.bluetooth expire 21 lines
09-01 01:30:23.222 19246 19275 I chatty  : uid=1002(bluetooth) com.android.bluetooth expire 2 lines
09-01 01:30:23.875 19246 19266 I chatty  : uid=1002(bluetooth) com.android.bluetooth expire 2 lines
09-01 01:30:23.900   442  1408 I ActivityManager: Process com.android.bluetooth (pid 19246) has died
09-01 01:30:23.900   442  1408 D ActivityManager: cleanUpApplicationRecord -- 19246
09-01 01:30:23.900   442  1408 W ActivityManager: Scheduling restart of crashed service com.android.bluetooth/.gatt.GattService in 1000ms
09-01 01:30:23.901   442  1408 W ActivityManager: Scheduling restart of crashed service com.android.bluetooth/.btservice.AdapterService in 1000ms
09-01 01:30:23.902   442   442 D BluetoothManagerService: BluetoothServiceConnection, disconnected: com.android.bluetooth.btservice.AdapterService
09-01 01:30:23.902   442   462 E BluetoothManagerService: MESSAGE_BLUETOOTH_SERVICE_DISCONNECTED(1)
09-01 01:30:23.902   442   462 D BluetoothManagerService: Broadcasting onBluetoothServiceDown() to 4 receivers.
09-01 01:30:23.902   442   462 D BluetoothAdapter: onBluetoothServiceDown: android.bluetooth.IBluetooth$Stub$Proxy@f5eccd8
09-01 01:30:23.902   670 12016 D BluetoothAdapter: onBluetoothServiceDown: android.bluetooth.IBluetooth$Stub$Proxy@262c60b
09-01 01:30:23.903   653   666 D BluetoothAdapter: onBluetoothServiceDown: android.bluetooth.IBluetooth$Stub$Proxy@91c2a0f
09-01 01:30:23.903   567   590 D BluetoothAdapter: onBluetoothServiceDown: android.bluetooth.IBluetooth$Stub$Proxy@df06012
09-01 01:30:23.903   442   456 I ProcessStatsService: Prepared write state in 1ms
09-01 01:30:24.103   442   462 D BluetoothManagerService: MESSAGE_RESTART_BLUETOOTH_SERVICE
09-01 01:30:24.131   442   462 I ActivityManager: Start proc 19276:com.android.bluetooth/1002 for service com.android.bluetooth/.btservice.AdapterService
09-01 01:30:24.218 19276 19276 I chatty  : uid=1002(bluetooth) com.android.bluetooth expire 36 lines
09-01 01:30:24.261 19276 19292 I chatty  : uid=1002(bluetooth) com.android.bluetooth expire 12 lines
09-01 01:30:24.262 19276 19293 I chatty  : uid=1002(bluetooth) com.android.bluetooth expire 39 lines
09-01 01:30:24.265 19276 19296 I chatty  : uid=1002(bluetooth) com.android.bluetooth expire 4 lines
09-01 01:30:24.266 19276 19297 I chatty  : uid=1002(bluetooth) com.android.bluetooth expire 1 line
09-01 01:30:24.269 19276 19298 I chatty  : uid=1002(bluetooth) com.android.bluetooth expire 3 lines
09-01 01:30:24.274   442   442 D BluetoothManagerService: Bluetooth Adapter name changed to AOSP on navi_ref
09-01 01:30:24.274   442   442 D BluetoothManagerService: Stored Bluetooth name: AOSP on navi_ref
09-01 01:30:24.284   442   442 D BluetoothManagerService: BluetoothServiceConnection: com.android.bluetooth.btservice.AdapterService
09-01 01:30:24.284   442   462 D BluetoothManagerService: MESSAGE_BLUETOOTH_SERVICE_CONNECTED: 1
09-01 01:30:24.289 19276 19290 I chatty  : uid=1002(bluetooth) com.android.bluetooth expire 2 lines
09-01 01:30:24.291   442   462 D BluetoothManagerService: Broadcasting onBluetoothServiceUp() to 5 receivers.
09-01 01:30:24.291   670 12016 D BluetoothAdapter: onBluetoothServiceUp: android.bluetooth.IBluetooth$Stub$Proxy@3e7dce8
09-01 01:30:24.291   442   462 D BluetoothAdapter: onBluetoothServiceUp: android.bluetooth.IBluetooth$Stub$Proxy@a4d03fa
09-01 01:30:24.292   653   666 D BluetoothAdapter: onBluetoothServiceUp: android.bluetooth.IBluetooth$Stub$Proxy@c68aa9c
09-01 01:30:24.292   567   590 D BluetoothAdapter: onBluetoothServiceUp: android.bluetooth.IBluetooth$Stub$Proxy@c8a93e3
09-01 01:30:24.293 19276 19288 I chatty  : uid=1002(bluetooth) com.android.bluetooth expire 1 line
09-01 01:30:24.294   442   462 D BluetoothManagerService: MESSAGE_BLUETOOTH_STATE_CHANGE: OFF > BLE_TURNING_ON
09-01 01:30:24.294   442   462 D BluetoothManagerService: Sending BLE State Change: OFF > BLE_TURNING_ON
09-01 01:30:24.296 19276 19299 I chatty  : uid=1002(bluetooth) com.android.bluetooth expire 1 line
09-01 01:30:24.312 19276 19302 I chatty  : uid=1002(bluetooth) com.android.bluetooth expire 7 lines
09-01 01:30:24.971 19276 19303 I chatty  : uid=1002(bluetooth) com.android.bluetooth expire 1 line
09-01 01:30:32.318 19276 19304 I chatty  : uid=1002(bluetooth) com.android.bluetooth expire 21 lines
09-01 01:30:32.322 19276 19305 I chatty  : uid=1002(bluetooth) com.android.bluetooth expire 2 lines
09-01 01:30:33.001   442   442 D BluetoothManagerService: BluetoothServiceConnection, disconnected: com.android.bluetooth.btservice.AdapterService
09-01 01:30:33.001   442   462 E BluetoothManagerService: MESSAGE_BLUETOOTH_SERVICE_DISCONNECTED(1)
09-01 01:30:33.001   442  1241 I ActivityManager: Process com.android.bluetooth (pid 19276) has died
09-01 01:30:33.001   442   462 D BluetoothManagerService: Broadcasting onBluetoothServiceDown() to 4 receivers.
09-01 01:30:33.002   442  1241 D ActivityManager: cleanUpApplicationRecord -- 19276
09-01 01:30:33.002   442   462 D BluetoothAdapter: onBluetoothServiceDown: android.bluetooth.IBluetooth$Stub$Proxy@a4d03fa
09-01 01:30:33.002   670 12016 D BluetoothAdapter: onBluetoothServiceDown: android.bluetooth.IBluetooth$Stub$Proxy@3e7dce8
09-01 01:30:33.002   442  1241 W ActivityManager: Scheduling restart of crashed service com.android.bluetooth/.gatt.GattService in 1000ms
09-01 01:30:33.003   442  1241 W ActivityManager: Scheduling restart of crashed service com.android.bluetooth/.btservice.AdapterService in 1000ms
09-01 01:30:33.003   567   590 D BluetoothAdapter: onBluetoothServiceDown: android.bluetooth.IBluetooth$Stub$Proxy@c8a93e3
09-01 01:30:33.005   653   666 D BluetoothAdapter: onBluetoothServiceDown: android.bluetooth.IBluetooth$Stub$Proxy@c68aa9c
09-01 01:30:33.201   442   462 D BluetoothManagerService: MESSAGE_RESTART_BLUETOOTH_SERVICE
09-01 01:30:33.232   442   462 I ActivityManager: Start proc 19306:com.android.bluetooth/1002 for service com.android.bluetooth/.btservice.AdapterService
09-01 01:30:33.320 19306 19306 I chatty  : uid=1002(bluetooth) com.android.bluetooth expire 36 lines
09-01 01:30:33.365 19306 19322 I chatty  : uid=1002(bluetooth) com.android.bluetooth expire 12 lines
09-01 01:30:33.366 19306 19323 I chatty  : uid=1002(bluetooth) com.android.bluetooth expire 39 lines
09-01 01:30:33.368 19306 19326 I chatty  : uid=1002(bluetooth) com.android.bluetooth expire 2 lines
09-01 01:30:33.377 19306 19327 I chatty  : uid=1002(bluetooth) com.android.bluetooth expire 1 line
09-01 01:30:33.379 19306 19328 I chatty  : uid=1002(bluetooth) com.android.bluetooth expire 3 lines
09-01 01:30:33.385   442   442 D BluetoothManagerService: Bluetooth Adapter name changed to AOSP on navi_ref
09-01 01:30:33.385   442   442 D BluetoothManagerService: Stored Bluetooth name: AOSP on navi_ref
09-01 01:30:33.390   442   442 D BluetoothManagerService: BluetoothServiceConnection: com.android.bluetooth.btservice.AdapterService
09-01 01:30:33.390   442   462 D BluetoothManagerService: MESSAGE_BLUETOOTH_SERVICE_CONNECTED: 1
09-01 01:30:33.391 19306 19320 I chatty  : uid=1002(bluetooth) com.android.bluetooth expire 3 lines
09-01 01:30:33.393   442   462 D BluetoothManagerService: Broadcasting onBluetoothServiceUp() to 5 receivers.
09-01 01:30:33.393   442   462 D BluetoothAdapter: onBluetoothServiceUp: android.bluetooth.IBluetooth$Stub$Proxy@61d727f
09-01 01:30:33.393   670 12016 D BluetoothAdapter: onBluetoothServiceUp: android.bluetooth.IBluetooth$Stub$Proxy@277ef01
09-01 01:30:33.393   653   666 D BluetoothAdapter: onBluetoothServiceUp: android.bluetooth.IBluetooth$Stub$Proxy@d345ca5
09-01 01:30:33.394   567   590 D BluetoothAdapter: onBluetoothServiceUp: android.bluetooth.IBluetooth$Stub$Proxy@4a251e0
09-01 01:30:33.397   442   462 D BluetoothManagerService: MESSAGE_BLUETOOTH_STATE_CHANGE: OFF > BLE_TURNING_ON
09-01 01:30:33.397   442   462 D BluetoothManagerService: Sending BLE State Change: OFF > BLE_TURNING_ON
09-01 01:30:33.402 19306 19329 I chatty  : uid=1002(bluetooth) com.android.bluetooth expire 1 line
09-01 01:30:33.430 19306 19332 I chatty  : uid=1002(bluetooth) com.android.bluetooth expire 7 lines
09-01 01:30:34.091 19306 19333 I chatty  : uid=1002(bluetooth) com.android.bluetooth expire 1 line
09-01 01:30:41.436 19306 19334 I chatty  : uid=1002(bluetooth) com.android.bluetooth expire 21 lines
09-01 01:30:41.442 19306 19335 I chatty  : uid=1002(bluetooth) com.android.bluetooth expire 2 lines
09-01 01:30:42.092 19306 19326 I chatty  : uid=1002(bluetooth) com.android.bluetooth expire 2 lines
09-01 01:30:42.116   442  1582 I ActivityManager: Process com.android.bluetooth (pid 19306) has died
09-01 01:30:42.116   442  1582 D ActivityManager: cleanUpApplicationRecord -- 19306
09-01 01:30:42.117   442  1582 W ActivityManager: Scheduling restart of crashed service com.android.bluetooth/.btservice.AdapterService in 1000ms
09-01 01:30:42.118   442  1582 W ActivityManager: Scheduling restart of crashed service com.android.bluetooth/.gatt.GattService in 11000ms
09-01 01:30:42.119   442   442 D BluetoothManagerService: BluetoothServiceConnection, disconnected: com.android.bluetooth.btservice.AdapterService
09-01 01:30:42.120   442   462 E BluetoothManagerService: MESSAGE_BLUETOOTH_SERVICE_DISCONNECTED(1)
09-01 01:30:42.121   442   462 D BluetoothManagerService: Broadcasting onBluetoothServiceDown() to 4 receivers.
09-01 01:30:42.121   442   462 D BluetoothAdapter: onBluetoothServiceDown: android.bluetooth.IBluetooth$Stub$Proxy@61d727f
09-01 01:30:42.121   670 12016 D BluetoothAdapter: onBluetoothServiceDown: android.bluetooth.IBluetooth$Stub$Proxy@277ef01
09-01 01:30:42.121   653   666 D BluetoothAdapter: onBluetoothServiceDown: android.bluetooth.IBluetooth$Stub$Proxy@d345ca5
09-01 01:30:42.122   567   590 D BluetoothAdapter: onBluetoothServiceDown: android.bluetooth.IBluetooth$Stub$Proxy@4a251e0
09-01 01:30:42.320   442   462 D BluetoothManagerService: MESSAGE_RESTART_BLUETOOTH_SERVICE
09-01 01:30:42.360   442   462 I ActivityManager: Start proc 19337:com.android.bluetooth/1002 for service com.android.bluetooth/.btservice.AdapterService
09-01 01:30:42.445 19337 19337 I chatty  : uid=1002(bluetooth) com.android.bluetooth expire 36 lines
09-01 01:30:42.494 19337 19354 I chatty  : uid=1002(bluetooth) com.android.bluetooth expire 12 lines
09-01 01:30:42.494 19337 19355 I chatty  : uid=1002(bluetooth) com.android.bluetooth expire 39 lines
09-01 01:30:42.496 19337 19358 I chatty  : uid=1002(bluetooth) com.android.bluetooth expire 4 lines
09-01 01:30:42.496 19337 19359 I chatty  : uid=1002(bluetooth) com.android.bluetooth expire 1 line
09-01 01:30:42.498 19337 19360 I chatty  : uid=1002(bluetooth) com.android.bluetooth expire 3 lines
09-01 01:30:42.502   442   442 D BluetoothManagerService: Bluetooth Adapter name changed to AOSP on navi_ref
09-01 01:30:42.502   442   442 D BluetoothManagerService: Stored Bluetooth name: AOSP on navi_ref
09-01 01:30:42.507   442   442 D BluetoothManagerService: BluetoothServiceConnection: com.android.bluetooth.btservice.AdapterService
09-01 01:30:42.507   442   462 D BluetoothManagerService: MESSAGE_BLUETOOTH_SERVICE_CONNECTED: 1
09-01 01:30:42.509 19337 19352 I chatty  : uid=1002(bluetooth) com.android.bluetooth expire 2 lines
09-01 01:30:42.512   442   462 D BluetoothManagerService: Broadcasting onBluetoothServiceUp() to 5 receivers.
09-01 01:30:42.513   670 12016 D BluetoothAdapter: onBluetoothServiceUp: android.bluetooth.IBluetooth$Stub$Proxy@3a941a6
09-01 01:30:42.513   442   462 D BluetoothAdapter: onBluetoothServiceUp: android.bluetooth.IBluetooth$Stub$Proxy@91af44e
09-01 01:30:42.513   653   666 D BluetoothAdapter: onBluetoothServiceUp: android.bluetooth.IBluetooth$Stub$Proxy@23e87a
