09-01 01:35:41.768   442  1408 W ActivityManager: Scheduling restart of crashed service com.android.bluetooth/.gatt.GattService in 1000ms
09-01 01:35:41.768   442  1408 W ActivityManager: Scheduling restart of crashed service com.android.bluetooth/.btservice.AdapterService in 1000ms
09-01 01:35:41.770   442   442 D BluetoothManagerService: BluetoothServiceConnection, disconnected: com.android.bluetooth.btservice.AdapterService
09-01 01:35:41.770   442   462 E BluetoothManagerService: MESSAGE_BLUETOOTH_SERVICE_DISCONNECTED(1)
09-01 01:35:41.770   442   462 D BluetoothManagerService: Broadcasting onBluetoothServiceDown() to 4 receivers.
09-01 01:35:41.771   442   462 D BluetoothAdapter: onBluetoothServiceDown: android.bluetooth.IBluetooth$Stub$Proxy@dbe59c3
09-01 01:35:41.771   670   687 D BluetoothAdapter: onBluetoothServiceDown: android.bluetooth.IBluetooth$Stub$Proxy@9e50a30
09-01 01:35:41.771   653   666 D BluetoothAdapter: onBluetoothServiceDown: android.bluetooth.IBluetooth$Stub$Proxy@9f1cf64
09-01 01:35:41.771   567   836 D BluetoothAdapter: onBluetoothServiceDown: android.bluetooth.IBluetooth$Stub$Proxy@425206c
09-01 01:35:41.970   442   462 D BluetoothManagerService: MESSAGE_RESTART_BLUETOOTH_SERVICE
09-01 01:35:41.998   442   462 I ActivityManager: Start proc 20089:com.android.bluetooth/1002 for service com.android.bluetooth/.btservice.AdapterService
09-01 01:35:42.087 20089 20089 I chatty  : uid=1002(bluetooth) com.android.bluetooth expire 18 lines
09-01 01:35:42.129 20089 20105 I chatty  : uid=1002(bluetooth) com.android.bluetooth expire 9 lines
09-01 01:35:42.129 20089 20106 I chatty  : uid=1002(bluetooth) com.android.bluetooth expire 20 lines
09-01 01:35:42.132 20089 20109 I chatty  : uid=1002(bluetooth) com.android.bluetooth expire 1 line
09-01 01:35:42.133 20089 20110 I chatty  : uid=1002(bluetooth) com.android.bluetooth expire 1 line
09-01 01:35:42.135 20089 20111 I chatty  : uid=1002(bluetooth) com.android.bluetooth expire 3 lines
09-01 01:35:42.139   442   442 D BluetoothManagerService: Bluetooth Adapter name changed to AOSP on navi_ref
09-01 01:35:42.139   442   442 D BluetoothManagerService: Stored Bluetooth name: AOSP on navi_ref
09-01 01:35:42.143   442   442 D BluetoothManagerService: BluetoothServiceConnection: com.android.bluetooth.btservice.AdapterService
09-01 01:35:42.143   442   462 D BluetoothManagerService: MESSAGE_BLUETOOTH_SERVICE_CONNECTED: 1
09-01 01:35:42.144 20089 20103 I chatty  : uid=1002(bluetooth) com.android.bluetooth expire 2 lines
09-01 01:35:42.146   442   462 D BluetoothManagerService: Broadcasting onBluetoothServiceUp() to 5 receivers.
09-01 01:35:42.146   442   462 D BluetoothAdapter: onBluetoothServiceUp: android.bluetooth.IBluetooth$Stub$Proxy@7880304
09-01 01:35:42.146   670   687 D BluetoothAdapter: onBluetoothServiceUp: android.bluetooth.IBluetooth$Stub$Proxy@c026a9
09-01 01:35:42.146   653   666 D BluetoothAdapter: onBluetoothServiceUp: android.bluetooth.IBluetooth$Stub$Proxy@47df5cd
09-01 01:35:42.147   567   836 D BluetoothAdapter: onBluetoothServiceUp: android.bluetooth.IBluetooth$Stub$Proxy@337e635
09-01 01:35:42.148 20089 20102 I chatty  : uid=1002(bluetooth) com.android.bluetooth expire 1 line
09-01 01:35:42.150   442   462 D BluetoothManagerService: MESSAGE_BLUETOOTH_STATE_CHANGE: OFF > BLE_TURNING_ON
09-01 01:35:42.151   442   462 D BluetoothManagerService: Sending BLE State Change: OFF > BLE_TURNING_ON
09-01 01:35:42.157 20089 20112 I chatty  : uid=1002(bluetooth) com.android.bluetooth expire 1 line
09-01 01:35:42.172 20089 20105 I chatty  : uid=1002(bluetooth) com.android.bluetooth expire 3 lines
09-01 01:35:42.173 20089 20089 I chatty  : uid=1002(bluetooth) com.android.bluetooth expire 18 lines
09-01 01:35:42.184 20089 20106 I chatty  : uid=1002(bluetooth) com.android.bluetooth expire 19 lines
09-01 01:35:42.185 20089 20115 I chatty  : uid=1002(bluetooth) com.android.bluetooth expire 7 lines
09-01 01:35:42.845 20089 20116 I chatty  : uid=1002(bluetooth) com.android.bluetooth expire 1 line
09-01 01:35:50.189 20089 20109 I chatty  : uid=1002(bluetooth) com.android.bluetooth expire 3 lines
09-01 01:35:50.191 20089 20117 I chatty  : uid=1002(bluetooth) com.android.bluetooth expire 21 lines
09-01 01:35:50.199 20089 20118 I chatty  : uid=1002(bluetooth) com.android.bluetooth expire 2 lines
09-01 01:35:50.870   442   442 D BluetoothManagerService: BluetoothServiceConnection, disconnected: com.android.bluetooth.btservice.AdapterService
09-01 01:35:50.871   442   462 E BluetoothManagerService: MESSAGE_BLUETOOTH_SERVICE_DISCONNECTED(1)
09-01 01:35:50.871   442   462 D BluetoothManagerService: Broadcasting onBluetoothServiceDown() to 4 receivers.
09-01 01:35:50.871   442  1514 I ActivityManager: Process com.android.bluetooth (pid 20089) has died
09-01 01:35:50.871   442  1514 D ActivityManager: cleanUpApplicationRecord -- 20089
09-01 01:35:50.871   442   462 D BluetoothAdapter: onBluetoothServiceDown: android.bluetooth.IBluetooth$Stub$Proxy@7880304
09-01 01:35:50.871   670   687 D BluetoothAdapter: onBluetoothServiceDown: android.bluetooth.IBluetooth$Stub$Proxy@c026a9
09-01 01:35:50.871   653   666 D BluetoothAdapter: onBluetoothServiceDown: android.bluetooth.IBluetooth$Stub$Proxy@47df5cd
09-01 01:35:50.872   567   836 D BluetoothAdapter: onBluetoothServiceDown: android.bluetooth.IBluetooth$Stub$Proxy@337e635
09-01 01:35:50.872   442  1514 W ActivityManager: Scheduling restart of crashed service com.android.bluetooth/.gatt.GattService in 1000ms
09-01 01:35:50.872   442  1514 W ActivityManager: Scheduling restart of crashed service com.android.bluetooth/.btservice.AdapterService in 1000ms
09-01 01:35:51.072   442   462 D BluetoothManagerService: MESSAGE_RESTART_BLUETOOTH_SERVICE
09-01 01:35:51.106   442   462 I ActivityManager: Start proc 20119:com.android.bluetooth/1002 for service com.android.bluetooth/.btservice.AdapterService
09-01 01:35:51.193 20119 20119 I chatty  : uid=1002(bluetooth) com.android.bluetooth expire 36 lines
09-01 01:35:51.236 20119 20135 I chatty  : uid=1002(bluetooth) com.android.bluetooth expire 12 lines
09-01 01:35:51.236 20119 20136 I chatty  : uid=1002(bluetooth) com.android.bluetooth expire 39 lines
09-01 01:35:51.239 20119 20139 I chatty  : uid=1002(bluetooth) com.android.bluetooth expire 4 lines
09-01 01:35:51.239 20119 20140 I chatty  : uid=1002(bluetooth) com.android.bluetooth expire 1 line
09-01 01:35:51.241 20119 20141 I chatty  : uid=1002(bluetooth) com.android.bluetooth expire 3 lines
09-01 01:35:51.246   442   442 D BluetoothManagerService: Bluetooth Adapter name changed to AOSP on navi_ref
09-01 01:35:51.246   442   442 D BluetoothManagerService: Stored Bluetooth name: AOSP on navi_ref
09-01 01:35:51.251   442   442 D BluetoothManagerService: BluetoothServiceConnection: com.android.bluetooth.btservice.AdapterService
09-01 01:35:51.251   442   462 D BluetoothManagerService: MESSAGE_BLUETOOTH_SERVICE_CONNECTED: 1
09-01 01:35:51.252 20119 20133 I chatty  : uid=1002(bluetooth) com.android.bluetooth expire 2 lines
09-01 01:35:51.254   442   462 D BluetoothManagerService: Broadcasting onBluetoothServiceUp() to 5 receivers.
09-01 01:35:51.254   442   462 D BluetoothAdapter: onBluetoothServiceUp: android.bluetooth.IBluetooth$Stub$Proxy@d5e1221
09-01 01:35:51.254   670   687 D BluetoothAdapter: onBluetoothServiceUp: android.bluetooth.IBluetooth$Stub$Proxy@d4e242e
09-01 01:35:51.254   653   666 D BluetoothAdapter: onBluetoothServiceUp: android.bluetooth.IBluetooth$Stub$Proxy@4144e82
09-01 01:35:51.255   567   836 D BluetoothAdapter: onBluetoothServiceUp: android.bluetooth.IBluetooth$Stub$Proxy@8ef5aca
09-01 01:35:51.255 20119 20132 I chatty  : uid=1002(bluetooth) com.android.bluetooth expire 1 line
09-01 01:35:51.256   442   462 D BluetoothManagerService: MESSAGE_BLUETOOTH_STATE_CHANGE: OFF > BLE_TURNING_ON
09-01 01:35:51.256   442   462 D BluetoothManagerService: Sending BLE State Change: OFF > BLE_TURNING_ON
09-01 01:35:51.263 20119 20142 I chatty  : uid=1002(bluetooth) com.android.bluetooth expire 1 line
09-01 01:35:51.285 20119 20145 I chatty  : uid=1002(bluetooth) com.android.bluetooth expire 7 lines
09-01 01:35:51.945 20119 20146 I chatty  : uid=1002(bluetooth) com.android.bluetooth expire 1 line
09-01 01:35:59.291 20119 20147 I chatty  : uid=1002(bluetooth) com.android.bluetooth expire 21 lines
09-01 01:35:59.297 20119 20148 I chatty  : uid=1002(bluetooth) com.android.bluetooth expire 2 lines
09-01 01:36:29.974   442   442 D BluetoothManagerService: BluetoothServiceConnection, disconnected: com.android.bluetooth.btservice.AdapterService
09-01 01:36:29.975   442  1514 I ActivityManager: Process com.android.bluetooth (pid 20119) has died
09-01 01:36:29.975   442  1514 D ActivityManager: cleanUpApplicationRecord -- 20119
09-01 01:36:29.976   442  1514 W ActivityManager: Scheduling restart of crashed service com.android.bluetooth/.gatt.GattService in 1000ms
09-01 01:36:29.976   442   462 E BluetoothManagerService: MESSAGE_BLUETOOTH_SERVICE_DISCONNECTED(1)
09-01 01:36:29.976   442   462 D BluetoothManagerService: Broadcasting onBluetoothServiceDown() to 4 receivers.
09-01 01:36:29.976   442  1514 W ActivityManager: Scheduling restart of crashed service com.android.bluetooth/.btservice.AdapterService in 1000ms
09-01 01:36:29.977   442   462 D BluetoothAdapter: onBluetoothServiceDown: android.bluetooth.IBluetooth$Stub$Proxy@d5e1221
09-01 01:36:29.977   653   666 D BluetoothAdapter: onBluetoothServiceDown: android.bluetooth.IBluetooth$Stub$Proxy@4144e82
09-01 01:36:29.977   670   687 D BluetoothAdapter: onBluetoothServiceDown: android.bluetooth.IBluetooth$Stub$Proxy@d4e242e
09-01 01:36:29.978   567   836 D BluetoothAdapter: onBluetoothServiceDown: android.bluetooth.IBluetooth$Stub$Proxy@8ef5aca
09-01 01:36:30.177   442   462 D BluetoothManagerService: MESSAGE_RESTART_BLUETOOTH_SERVICE
09-01 01:36:30.208   442   462 I ActivityManager: Start proc 20149:com.android.bluetooth/1002 for service com.android.bluetooth/.btservice.AdapterService
09-01 01:36:30.309 20149 20149 I chatty  : uid=1002(bluetooth) com.android.bluetooth expire 18 lines
09-01 01:36:30.355 20149 20165 I chatty  : uid=1002(bluetooth) com.android.bluetooth expire 5 lines
09-01 01:36:30.355 20149 20166 I chatty  : uid=1002(bluetooth) com.android.bluetooth expire 20 lines
09-01 01:36:30.357 20149 20169 I chatty  : uid=1002(bluetooth) com.android.bluetooth expire 1 line
09-01 01:36:30.357 20149 20170 I chatty  : uid=1002(bluetooth) com.android.bluetooth expire 1 line
09-01 01:36:30.359 20149 20171 I chatty  : uid=1002(bluetooth) com.android.bluetooth expire 3 lines
09-01 01:36:30.363   442   442 D BluetoothManagerService: Bluetooth Adapter name changed to AOSP on navi_ref
09-01 01:36:30.363   442   442 D BluetoothManagerService: Stored Bluetooth name: AOSP on navi_ref
09-01 01:36:30.368   442   442 D BluetoothManagerService: BluetoothServiceConnection: com.android.bluetooth.btservice.AdapterService
09-01 01:36:30.368   442   462 D BluetoothManagerService: MESSAGE_BLUETOOTH_SERVICE_CONNECTED: 1
09-01 01:36:30.369 20149 20163 I chatty  : uid=1002(bluetooth) com.android.bluetooth expire 2 lines
09-01 01:36:30.373   442   462 D BluetoothManagerService: Broadcasting onBluetoothServiceUp() to 5 receivers.
09-01 01:36:30.373   442   462 D BluetoothAdapter: onBluetoothServiceUp: android.bluetooth.IBluetooth$Stub$Proxy@15b95c9
09-01 01:36:30.373   670   687 D BluetoothAdapter: onBluetoothServiceUp: android.bluetooth.IBluetooth$Stub$Proxy@2df9bcf
09-01 01:36:30.374   567   836 D BluetoothAdapter: onBluetoothServiceUp: android.bluetooth.IBluetooth$Stub$Proxy@dcf643b
09-01 01:36:30.374   653   666 D BluetoothAdapter: onBluetoothServiceUp: android.bluetooth.IBluetooth$Stub$Proxy@71d3993
09-01 01:36:30.375 20149 20161 I chatty  : uid=1002(bluetooth) com.android.bluetooth expire 1 line
09-01 01:36:30.376 20149 20165 I chatty  : uid=1002(bluetooth) com.android.bluetooth expire 7 lines
09-01 01:36:30.378   442   462 D BluetoothManagerService: MESSAGE_BLUETOOTH_STATE_CHANGE: OFF > BLE_TURNING_ON
09-01 01:36:30.378   442   462 D BluetoothManagerService: Sending BLE State Change: OFF > BLE_TURNING_ON
09-01 01:36:30.381 20149 20172 I chatty  : uid=1002(bluetooth) com.android.bluetooth expire 1 line
09-01 01:36:30.397 20149 20149 I chatty  : uid=1002(bluetooth) com.android.bluetooth expire 18 lines
09-01 01:36:30.408 20149 20166 I chatty  : uid=1002(bluetooth) com.android.bluetooth expire 19 lines
09-01 01:36:30.408 20149 20175 I chatty  : uid=1002(bluetooth) com.android.bluetooth expire 7 lines
09-01 01:36:31.073 20149 20176 I chatty  : uid=1002(bluetooth) com.android.bluetooth expire 1 line
09-01 01:36:38.413 20149 20169 I chatty  : uid=1002(bluetooth) com.android.bluetooth expire 3 lines
09-01 01:36:38.414 20149 20177 I chatty  : uid=1002(bluetooth) com.android.bluetooth expire 21 lines
09-01 01:36:38.423 20149 20178 I chatty  : uid=1002(bluetooth) com.android.bluetooth expire 2 lines
09-01 01:36:39.123   442  1514 I ActivityManager: Process com.android.bluetooth (pid 20149) has died
09-01 01:36:39.123   442   442 D BluetoothManagerService: BluetoothServiceConnection, disconnected: com.android.bluetooth.btservice.AdapterService
09-01 01:36:39.123   442  1514 D ActivityManager: cleanUpApplicationRecord -- 20149
09-01 01:36:39.123   442   462 E BluetoothManagerService: MESSAGE_BLUETOOTH_SERVICE_DISCONNECTED(1)
09-01 01:36:39.123   442  1514 W ActivityManager: Scheduling restart of crashed service com.android.bluetooth/.gatt.GattService in 1000ms
09-01 01:36:39.123   442   462 D BluetoothManagerService: Broadcasting onBluetoothServiceDown() to 4 receivers.
09-01 01:36:39.124   442  1514 W ActivityManager: Scheduling restart of crashed service com.android.bluetooth/.btservice.AdapterService in 1000ms
09-01 01:36:39.124   442   462 D BluetoothAdapter: onBluetoothServiceDown: android.bluetooth.IBluetooth$Stub$Proxy@15b95c9
09-01 01:36:39.125   670   687 D BluetoothAdapter: onBluetoothServiceDown: android.bluetooth.IBluetooth$Stub$Proxy@2df9bcf
09-01 01:36:39.126   653   666 D BluetoothAdapter: onBluetoothServiceDown: android.bluetooth.IBluetooth$Stub$Proxy@71d3993
09-01 01:36:39.126   567   836 D BluetoothAdapter: onBluetoothServiceDown: android.bluetooth.IBluetooth$Stub$Proxy@dcf643b
09-01 01:36:39.323   442   462 D BluetoothManagerService: MESSAGE_RESTART_BLUETOOTH_SERVICE
09-01 01:36:39.358   442   462 I ActivityManager: Start proc 20180:com.android.bluetooth/1002 for service com.android.bluetooth/.btservice.AdapterService
09-01 01:36:39.440 20180 20180 I chatty  : uid=1002(bluetooth) com.android.bluetooth expire 36 lines
09-01 01:36:39.484 20180 20196 I chatty  : uid=1002(bluetooth) com.android.bluetooth expire 12 lines
09-01 01:36:39.485 20180 20197 I chatty  : uid=1002(bluetooth) com.android.bluetooth expire 39 lines
09-01 01:36:39.486 20180 20200 I chatty  : uid=1002(bluetooth) com.android.bluetooth expire 4 lines
09-01 01:36:39.487 20180 20201 I chatty  : uid=1002(bluetooth) com.android.bluetooth expire 1 line
09-01 01:36:39.488 20180 20202 I chatty  : uid=1002(bluetooth) com.android.bluetooth expire 3 lines
09-01 01:36:39.492   442   442 D BluetoothManagerService: Bluetooth Adapter name changed to AOSP on navi_ref
09-01 01:36:39.493   442   442 D BluetoothManagerService: Stored Bluetooth name: AOSP on navi_ref
09-01 01:36:39.497   442   442 D BluetoothManagerService: BluetoothServiceConnection: com.android.bluetooth.btservice.AdapterService
09-01 01:36:39.497   442   462 D BluetoothManagerService: MESSAGE_BLUETOOTH_SERVICE_CONNECTED: 1
09-01 01:36:39.498 20180 20194 I chatty  : uid=1002(bluetooth) com.android.bluetooth expire 2 lines
09-01 01:36:39.499   442   462 D BluetoothManagerService: Broadcasting onBluetoothServiceUp() to 5 receivers.
09-01 01:36:39.499   442   462 D BluetoothAdapter: onBluetoothServiceUp: android.bluetooth.IBluetooth$Stub$Proxy@bc50183
09-01 01:36:39.499   670   687 D BluetoothAdapter: onBluetoothServiceUp: android.bluetooth.IBluetooth$Stub$Proxy@bc8995c
09-01 01:36:39.500   653   666 D BluetoothAdapter: onBluetoothServiceUp: android.bluetooth.IBluetooth$Stub$Proxy@9ae7dd0
09-01 01:36:39.500   567   836 D BluetoothAdapter: onBluetoothServiceUp: android.bluetooth.IBluetooth$Stub$Proxy@279d758
09-01 01:36:39.501 20180 20193 I chatty  : uid=1002(bluetooth) com.android.bluetooth expire 1 line
09-01 01:36:39.504   442   462 D BluetoothManagerService: MESSAGE_BLUETOOTH_STATE_CHANGE: OFF > BLE_TURNING_ON
09-01 01:36:39.504   442   462 D BluetoothManagerService: Sending BLE State Change: OFF > BLE_TURNING_ON
09-01 01:36:39.507 20180 20203 I chatty  : uid=1002(bluetooth) com.android.bluetooth expire 1 line
09-01 01:36:39.533 20180 20206 I chatty  : uid=1002(bluetooth) com.android.bluetooth expire 7 lines
09-01 01:36:40.193 20180 20207 I chatty  : uid=1002(bluetooth) com.android.bluetooth expire 1 line
09-01 01:36:47.539 20180 20208 I chatty  : uid=1002(bluetooth) com.android.bluetooth expire 21 lines
09-01 01:36:47.545 20180 20209 I chatty  : uid=1002(bluetooth) com.android.bluetooth expire 2 lines
09-01 01:36:48.219   442  1514 I ActivityManager: Process com.android.bluetooth (pid 20180) has died
09-01 01:36:48.219   442  1514 D ActivityManager: cleanUpApplicationRecord -- 20180
09-01 01:36:48.219   442  1514 W ActivityManager: Scheduling restart of crashed service com.android.bluetooth/.gatt.GattService in 1000ms
09-01 01:36:48.219   442  1514 W ActivityManager: Scheduling restart of crashed service com.android.bluetooth/.btservice.AdapterService in 1000ms
09-01 01:36:48.220   442   442 D BluetoothManagerService: BluetoothServiceConnection, disconnected: com.android.bluetooth.btservice.AdapterService
09-01 01:36:48.220   442   462 E BluetoothManagerService: MESSAGE_BLUETOOTH_SERVICE_DISCONNECTED(1)
09-01 01:36:48.220   442   462 D BluetoothManagerService: Broadcasting onBluetoothServiceDown() to 4 receivers.
09-01 01:36:48.220   442   462 D BluetoothAdapter: onBluetoothServiceDown: android.bluetooth.IBluetooth$Stub$Proxy@bc50183
09-01 01:36:48.221   670   687 D BluetoothAdapter: onBluetoothServiceDown: android.bluetooth.IBluetooth$Stub$Proxy@bc8995c
09-01 01:36:48.221   653   666 D BluetoothAdapter: onBluetoothServiceDown: android.bluetooth.IBluetooth$Stub$Proxy@9ae7dd0
09-01 01:36:48.221   567   836 D BluetoothAdapter: onBluetoothServiceDown: android.bluetooth.IBluetooth$Stub$Proxy@279d758
09-01 01:36:48.420   442   462 D BluetoothManagerService: MESSAGE_RESTART_BLUETOOTH_SERVICE
09-01 01:36:48.451   442   462 I ActivityManager: Start proc 20210:com.android.bluetooth/1002 for service com.android.bluetooth/.btservice.AdapterService
09-01 01:36:48.535 20210 20210 I chatty  : uid=1002(bluetooth) com.android.bluetooth expire 18 lines
09-01 01:36:48.580 20210 20227 I chatty  : uid=1002(bluetooth) com.android.bluetooth expire 1 line
09-01 01:36:48.581 20210 20228 I chatty  : uid=1002(bluetooth) com.android.bluetooth expire 20 lines
09-01 01:36:48.582 20210 20231 I chatty  : uid=1002(bluetooth) com.android.bluetooth expire 1 line
09-01 01:36:48.583 20210 20232 I chatty  : uid=1002(bluetooth) com.android.bluetooth expire 1 line
09-01 01:36:48.584 20210 20233 I chatty  : uid=1002(bluetooth) com.android.bluetooth expire 3 lines
09-01 01:36:48.588   442   442 D BluetoothManagerService: Bluetooth Adapter name changed to AOSP on navi_ref
09-01 01:36:48.589   442   442 D BluetoothManagerService: Stored Bluetooth name: AOSP on navi_ref
09-01 01:36:48.592   442   442 D BluetoothManagerService: BluetoothServiceConnection: com.android.bluetooth.btservice.AdapterService
09-01 01:36:48.592   442   462 D BluetoothManagerService: MESSAGE_BLUETOOTH_SERVICE_CONNECTED: 1
09-01 01:36:48.595 20210 20225 I chatty  : uid=1002(bluetooth) com.android.bluetooth expire 2 lines
09-01 01:36:48.597   442   462 D BluetoothManagerService: Broadcasting onBluetoothServiceUp() to 5 receivers.
09-01 01:36:48.597   442   462 D BluetoothAdapter: onBluetoothServiceUp: android.bluetooth.IBluetooth$Stub$Proxy@1fa53c4
09-01 01:36:48.597   670   687 D BluetoothAdapter: onBluetoothServiceUp: android.bluetooth.IBluetooth$Stub$Proxy@c4b8465
09-01 01:36:48.598   653   666 D BluetoothAdapter: onBluetoothServiceUp: android.bluetooth.IBluetooth$Stub$Proxy@88121c9
09-01 01:36:48.598   567   836 D BluetoothAdapter: onBluetoothServiceUp: android.bluetooth.IBluetooth$Stub$Proxy@38db0b1
09-01 01:36:48.599 20210 20222 I chatty  : uid=1002(bluetooth) com.android.bluetooth expire 1 line
09-01 01:36:48.599 20210 20227 I chatty  : uid=1002(bluetooth) com.android.bluetooth expire 11 lines
09-01 01:36:48.600   442   462 D BluetoothManagerService: MESSAGE_BLUETOOTH_STATE_CHANGE: OFF > BLE_TURNING_ON
09-01 01:36:48.600   442   462 D BluetoothManagerService: Sending BLE State Change: OFF > BLE_TURNING_ON
09-01 01:36:48.602 20210 20234 I chatty  : uid=1002(bluetooth) com.android.bluetooth expire 1 line
09-01 01:36:48.617 20210 20210 I chatty  : uid=1002(bluetooth) com.android.bluetooth expire 18 lines
09-01 01:36:48.629 20210 20228 I chatty  : uid=1002(bluetooth) com.android.bluetooth expire 19 lines
09-01 01:36:48.629 20210 20237 I chatty  : uid=1002(bluetooth) com.android.bluetooth expire 7 lines
09-01 01:36:49.287 20210 20247 I chatty  : uid=1002(bluetooth) com.android.bluetooth expire 1 line
09-01 01:36:56.636 20210 20231 I chatty  : uid=1002(bluetooth) com.android.bluetooth expire 3 lines
09-01 01:36:56.644 20210 20266 I chatty  : uid=1002(bluetooth) com.android.bluetooth expire 21 lines
09-01 01:36:56.669 20210 20267 I chatty  : uid=1002(bluetooth) com.android.bluetooth expire 2 lines
09-01 01:36:57.315   442   442 D BluetoothManagerService: BluetoothServiceConnection, disconnected: com.android.bluetooth.btservice.AdapterService
09-01 01:36:57.316   442  1514 I ActivityManager: Process com.android.bluetooth (pid 20210) has died
09-01 01:36:57.316   442  1514 D ActivityManager: cleanUpApplicationRecord -- 20210
09-01 01:36:57.316   442  1514 W ActivityManager: Scheduling restart of crashed service com.android.bluetooth/.gatt.GattService in 1000ms
09-01 01:36:57.316   442  1514 W ActivityManager: Scheduling restart of crashed service com.android.bluetooth/.btservice.AdapterService in 1000ms
09-01 01:36:57.317   442   462 E BluetoothManagerService: MESSAGE_BLUETOOTH_SERVICE_DISCONNECTED(1)
09-01 01:36:57.317   442   462 D BluetoothManagerService: Broadcasting onBluetoothServiceDown() to 4 receivers.
09-01 01:36:57.318   442   462 D BluetoothAdapter: onBluetoothServiceDown: android.bluetooth.IBluetooth$Stub$Proxy@1fa53c4
09-01 01:36:57.318   670   687 D BluetoothAdapter: onBluetoothServiceDown: android.bluetooth.IBluetooth$Stub$Proxy@c4b8465
09-01 01:36:57.318   653   666 D BluetoothAdapter: onBluetoothServiceDown: android.bluetooth.IBluetooth$Stub$Proxy@88121c9
09-01 01:36:57.318   567   836 D BluetoothAdapter: onBluetoothServiceDown: android.bluetooth.IBluetooth$Stub$Proxy@38db0b1
09-01 01:36:57.517   442   462 D BluetoothManagerService: MESSAGE_RESTART_BLUETOOTH_SERVICE
09-01 01:36:57.547   442   462 I ActivityManager: Start proc 20268:com.android.bluetooth/1002 for service com.android.bluetooth/.btservice.AdapterService
09-01 01:36:57.664 20268 20268 I chatty  : uid=1002(bluetooth) com.android.bluetooth expire 36 lines
09-01 01:36:57.719 20268 20284 I chatty  : uid=1002(bluetooth) com.android.bluetooth expire 12 lines
09-01 01:36:57.720 20268 20285 I chatty  : uid=1002(bluetooth) com.android.bluetooth expire 39 lines
09-01 01:36:57.722 20268 20288 I chatty  : uid=1002(bluetooth) com.android.bluetooth expire 4 lines
09-01 01:36:57.722 20268 20289 I chatty  : uid=1002(bluetooth) com.android.bluetooth expire 1 line
09-01 01:36:57.725 20268 20290 I chatty  : uid=1002(bluetooth) com.android.bluetooth expire 3 lines
09-01 01:36:57.731   442   442 D BluetoothManagerService: Bluetooth Adapter name changed to AOSP on navi_ref
09-01 01:36:57.731   442   442 D BluetoothManagerService: Stored Bluetooth name: AOSP on navi_ref
09-01 01:36:57.734   442   442 D BluetoothManagerService: BluetoothServiceConnection: com.android.bluetooth.btservice.AdapterService
09-01 01:36:57.734   442   462 D BluetoothManagerService: MESSAGE_BLUETOOTH_SERVICE_CONNECTED: 1
09-01 01:36:57.738 20268 20282 I chatty  : uid=1002(bluetooth) com.android.bluetooth expire 2 lines
09-01 01:36:57.740   442   462 D BluetoothManagerService: Broadcasting onBluetoothServiceUp() to 5 receivers.
09-01 01:36:57.741   442   462 D BluetoothAdapter: onBluetoothServiceUp: android.bluetooth.IBluetooth$Stub$Proxy@20347e1
09-01 01:36:57.741   670   687 D BluetoothAdapter: onBluetoothServiceUp: android.bluetooth.IBluetooth$Stub$Proxy@99c553a
09-01 01:36:57.741   653   666 D BluetoothAdapter: onBluetoothServiceUp: android.bluetooth.IBluetooth$Stub$Proxy@1bcd0ce
09-01 01:36:57.742   567   836 D BluetoothAdapter: onBluetoothServiceUp: android.bluetooth.IBluetooth$Stub$Proxy@9105996
09-01 01:36:57.742 20268 20281 I chatty  : uid=1002(bluetooth) com.android.bluetooth expire 1 line
09-01 01:36:57.745   442   462 D BluetoothManagerService: MESSAGE_BLUETOOTH_STATE_CHANGE: OFF > BLE_TURNING_ON
09-01 01:36:57.745   442   462 D BluetoothManagerService: Sending BLE State Change: OFF > BLE_TURNING_ON
09-01 01:36:57.751 20268 20291 I chatty  : uid=1002(bluetooth) com.android.bluetooth expire 1 line
09-01 01:36:57.776 20268 20294 I chatty  : uid=1002(bluetooth) com.android.bluetooth expire 7 lines
09-01 01:36:58.438 20268 20295 I chatty  : uid=1002(bluetooth) com.android.bluetooth expire 1 line
09-01 01:37:05.781 20268 20296 I chatty  : uid=1002(bluetooth) com.android.bluetooth expire 21 lines
09-01 01:37:05.790 20268 20297 I chatty  : uid=1002(bluetooth) com.android.bluetooth expire 2 lines
09-01 01:37:06.468   442  1514 I ActivityManager: Process com.android.bluetooth (pid 20268) has died
09-01 01:37:06.468   442   442 D BluetoothManagerService: BluetoothServiceConnection, disconnected: com.android.bluetooth.btservice.AdapterService
09-01 01:37:06.468   442  1514 D ActivityManager: cleanUpApplicationRecord -- 20268
09-01 01:37:06.469   442  1514 W ActivityManager: Scheduling restart of crashed service com.android.bluetooth/.gatt.GattService in 1000ms
09-01 01:37:06.469   442  1514 W ActivityManager: Scheduling restart of crashed service com.android.bluetooth/.btservice.AdapterService in 1000ms
09-01 01:37:06.473   442   462 E BluetoothManagerService: MESSAGE_BLUETOOTH_SERVICE_DISCONNECTED(1)
09-01 01:37:06.473   442   462 D BluetoothManagerService: Broadcasting onBluetoothServiceDown() to 4 receivers.
09-01 01:37:06.473   442   462 D BluetoothAdapter: onBluetoothServiceDown: android.bluetooth.IBluetooth$Stub$Proxy@20347e1
09-01 01:37:06.473   670   687 D BluetoothAdapter: onBluetoothServiceDown: android.bluetooth.IBluetooth$Stub$Proxy@99c553a
09-01 01:37:06.474   653   666 D BluetoothAdapter: onBluetoothServiceDown: android.bluetooth.IBluetooth$Stub$Proxy@1bcd0ce
09-01 01:37:06.474   567   836 D BluetoothAdapter: onBluetoothServiceDown: android.bluetooth.IBluetooth$Stub$Proxy@9105996
09-01 01:37:06.673   442   462 D BluetoothManagerService: MESSAGE_RESTART_BLUETOOTH_SERVICE
09-01 01:37:06.702   442   462 I ActivityManager: Start proc 20298:com.android.bluetooth/1002 for service com.android.bluetooth/.btservice.AdapterService
09-01 01:37:06.792 20298 20298 I chatty  : uid=1002(bluetooth) com.android.bluetooth expire 15 lines
09-01 01:37:06.833 20298 20314 I chatty  : uid=1002(bluetooth) com.android.bluetooth expire 1 line
09-01 01:37:06.833 20298 20315 I chatty  : uid=1002(bluetooth) com.android.bluetooth expire 20 lines
09-01 01:37:06.836 20298 20318 I chatty  : uid=1002(bluetooth) com.android.bluetooth expire 1 line
09-01 01:37:06.836 20298 20319 I chatty  : uid=1002(bluetooth) com.android.bluetooth expire 1 line
09-01 01:37:06.838 20298 20320 I chatty  : uid=1002(bluetooth) com.android.bluetooth expire 3 lines
09-01 01:37:06.842   442   442 D BluetoothManagerService: Bluetooth Adapter name changed to AOSP on navi_ref
09-01 01:37:06.842   442   442 D BluetoothManagerService: Stored Bluetooth name: AOSP on navi_ref
09-01 01:37:06.843 20298 20298 I chatty  : uid=1002(bluetooth) com.android.bluetooth expire 21 lines
09-01 01:37:06.853   442   442 D BluetoothManagerService: BluetoothServiceConnection: com.android.bluetooth.btservice.AdapterService
09-01 01:37:06.853   442   462 D BluetoothManagerService: MESSAGE_BLUETOOTH_SERVICE_CONNECTED: 1
09-01 01:37:06.855 20298 20312 I chatty  : uid=1002(bluetooth) com.android.bluetooth expire 2 lines
09-01 01:37:06.857   442   462 D BluetoothManagerService: Broadcasting onBluetoothServiceUp() to 5 receivers.
09-01 01:37:06.857   442   462 D BluetoothAdapter: onBluetoothServiceUp: android.bluetooth.IBluetooth$Stub$Proxy@a52eeea
09-01 01:37:06.857   670   687 D BluetoothAdapter: onBluetoothServiceUp: android.bluetooth.IBluetooth$Stub$Proxy@e6425eb
09-01 01:37:06.858   653   666 D BluetoothAdapter: onBluetoothServiceUp: android.bluetooth.IBluetooth$Stub$Proxy@257dbef
09-01 01:37:06.858   567   836 D BluetoothAdapter: onBluetoothServiceUp: android.bluetooth.IBluetooth$Stub$Proxy@7460917
09-01 01:37:06.858 20298 20311 I chatty  : uid=1002(bluetooth) com.android.bluetooth expire 1 line
09-01 01:37:06.858 20298 20314 I chatty  : uid=1002(bluetooth) com.android.bluetooth expire 11 lines
09-01 01:37:06.859   442   462 D BluetoothManagerService: MESSAGE_BLUETOOTH_STATE_CHANGE: OFF > BLE_TURNING_ON
09-01 01:37:06.859   442   462 D BluetoothManagerService: Sending BLE State Change: OFF > BLE_TURNING_ON
09-01 01:37:06.864 20298 20321 I chatty  : uid=1002(bluetooth) com.android.bluetooth expire 1 line
09-01 01:37:06.899 20298 20315 I chatty  : uid=1002(bluetooth) com.android.bluetooth expire 19 lines
09-01 01:37:06.900 20298 20324 I chatty  : uid=1002(bluetooth) com.android.bluetooth expire 7 lines
09-01 01:37:07.558 20298 20325 I chatty  : uid=1002(bluetooth) com.android.bluetooth expire 1 line
09-01 01:37:14.904 20298 20318 I chatty  : uid=1002(bluetooth) com.android.bluetooth expire 3 lines
09-01 01:37:14.906 20298 20340 I chatty  : uid=1002(bluetooth) com.android.bluetooth expire 21 lines
09-01 01:37:14.914 20298 20341 I chatty  : uid=1002(bluetooth) com.android.bluetooth expire 2 lines
09-01 01:37:15.586   442   442 D BluetoothManagerService: BluetoothServiceConnection, disconnected: com.android.bluetooth.btservice.AdapterService
09-01 01:37:15.587   442   462 E BluetoothManagerService: MESSAGE_BLUETOOTH_SERVICE_DISCONNECTED(1)
09-01 01:37:15.587   442   462 D BluetoothManagerService: Broadcasting onBluetoothServiceDown() to 4 receivers.
09-01 01:37:15.587   442  1307 I ActivityManager: Process com.android.bluetooth (pid 20298) has died
09-01 01:37:15.587   442   462 D BluetoothAdapter: onBluetoothServiceDown: android.bluetooth.IBluetooth$Stub$Proxy@a52eeea
09-01 01:37:15.587   670   687 D BluetoothAdapter: onBluetoothServiceDown: android.bluetooth.IBluetooth$Stub$Proxy@e6425eb
09-01 01:37:15.588   442  1307 D ActivityManager: cleanUpApplicationRecord -- 20298
09-01 01:37:15.588   653   666 D BluetoothAdapter: onBluetoothServiceDown: android.bluetooth.IBluetooth$Stub$Proxy@257dbef
09-01 01:37:15.588   442  1307 W ActivityManager: Scheduling restart of crashed service com.android.bluetooth/.gatt.GattService in 1000ms
09-01 01:37:15.589   442  1307 W ActivityManager: Scheduling restart of crashed service com.android.bluetooth/.btservice.AdapterService in 1000ms
09-01 01:37:15.589   567   836 D BluetoothAdapter: onBluetoothServiceDown: android.bluetooth.IBluetooth$Stub$Proxy@7460917
09-01 01:37:15.788   442   462 D BluetoothManagerService: MESSAGE_RESTART_BLUETOOTH_SERVICE
09-01 01:37:15.817   442   462 I ActivityManager: Start proc 20342:com.android.bluetooth/1002 for service com.android.bluetooth/.btservice.AdapterService
09-01 01:37:15.904 20342 20342 I chatty  : uid=1002(bluetooth) com.android.bluetooth expire 36 lines
09-01 01:37:15.949 20342 20358 I chatty  : uid=1002(bluetooth) com.android.bluetooth expire 12 lines
09-01 01:37:15.950 20342 20359 I chatty  : uid=1002(bluetooth) com.android.bluetooth expire 39 lines
09-01 01:37:15.951 20342 20362 I chatty  : uid=1002(bluetooth) com.android.bluetooth expire 4 lines
09-01 01:37:15.952 20342 20363 I chatty  : uid=1002(bluetooth) com.android.bluetooth expire 1 line
09-01 01:37:15.953 20342 20364 I chatty  : uid=1002(bluetooth) com.android.bluetooth expire 3 lines
09-01 01:37:15.958   442   442 D BluetoothManagerService: Bluetooth Adapter name changed to AOSP on navi_ref
09-01 01:37:15.958   442   442 D BluetoothManagerService: Stored Bluetooth name: AOSP on navi_ref
09-01 01:37:15.962   442   442 D BluetoothManagerService: BluetoothServiceConnection: com.android.bluetooth.btservice.AdapterService
09-01 01:37:15.962   442   462 D BluetoothManagerService: MESSAGE_BLUETOOTH_SERVICE_CONNECTED: 1
09-01 01:37:15.965 20342 20356 I chatty  : uid=1002(bluetooth) com.android.bluetooth expire 2 lines
09-01 01:37:15.967   442   462 D BluetoothManagerService: Broadcasting onBluetoothServiceUp() to 5 receivers.
09-01 01:37:15.967   442   462 D BluetoothAdapter: onBluetoothServiceUp: android.bluetooth.IBluetooth$Stub$Proxy@7d823af
09-01 01:37:15.967   670   687 D BluetoothAdapter: onBluetoothServiceUp: android.bluetooth.IBluetooth$Stub$Proxy@2f3ef48
09-01 01:37:15.968   653   666 D BluetoothAdapter: onBluetoothServiceUp: android.bluetooth.IBluetooth$Stub$Proxy@e45a6fc
09-01 01:37:15.968   567   836 D BluetoothAdapter: onBluetoothServiceUp: android.bluetooth.IBluetooth$Stub$Proxy@e611104
09-01 01:37:15.968 20342 20355 I chatty  : uid=1002(bluetooth) com.android.bluetooth expire 1 line
09-01 01:37:15.971   442   462 D BluetoothManagerService: MESSAGE_BLUETOOTH_STATE_CHANGE: OFF > BLE_TURNING_ON
09-01 01:37:15.971   442   462 D BluetoothManagerService: Sending BLE State Change: OFF > BLE_TURNING_ON
09-01 01:37:15.974 20342 20365 I chatty  : uid=1002(bluetooth) com.android.bluetooth expire 1 line
09-01 01:37:16.009 20342 20368 I chatty  : uid=1002(bluetooth) com.android.bluetooth expire 7 lines
09-01 01:37:16.671 20342 20369 I chatty  : uid=1002(bluetooth) com.android.bluetooth expire 1 line
09-01 01:37:24.015 20342 20370 I chatty  : uid=1002(bluetooth) com.android.bluetooth expire 21 lines
09-01 01:37:24.023 20342 20371 I chatty  : uid=1002(bluetooth) com.android.bluetooth expire 2 lines
09-01 01:37:24.723   442  1307 I ActivityManager: Process com.android.bluetooth (pid 20342) has died
09-01 01:37:24.723   442   442 D BluetoothManagerService: BluetoothServiceConnection, disconnected: com.android.bluetooth.btservice.AdapterService
09-01 01:37:24.723   442  1307 D ActivityManager: cleanUpApplicationRecord -- 20342
09-01 01:37:24.724   442   462 E BluetoothManagerService: MESSAGE_BLUETOOTH_SERVICE_DISCONNECTED(1)
09-01 01:37:24.724   442   462 D BluetoothManagerService: Broadcasting onBluetoothServiceDown() to 4 receivers.
09-01 01:37:24.724   442  1307 W ActivityManager: Scheduling restart of crashed service com.android.bluetooth/.gatt.GattService in 1000ms
09-01 01:37:24.724   442  1307 W ActivityManager: Scheduling restart of crashed service com.android.bluetooth/.btservice.AdapterService in 1000ms
09-01 01:37:24.724   442   462 D BluetoothAdapter: onBluetoothServiceDown: android.bluetooth.IBluetooth$Stub$Proxy@7d823af
09-01 01:37:24.728   653   666 D BluetoothAdapter: onBluetoothServiceDown: android.bluetooth.IBluetooth$Stub$Proxy@e45a6fc
09-01 01:37:24.728   567   836 D BluetoothAdapter: onBluetoothServiceDown: android.bluetooth.IBluetooth$Stub$Proxy@e611104
09-01 01:37:24.728   670   687 D BluetoothAdapter: onBluetoothServiceDown: android.bluetooth.IBluetooth$Stub$Proxy@2f3ef48
09-01 01:37:24.925   442   462 D BluetoothManagerService: MESSAGE_RESTART_BLUETOOTH_SERVICE
09-01 01:37:24.958   442   462 I ActivityManager: Start proc 20372:com.android.bluetooth/1002 for service com.android.bluetooth/.btservice.AdapterService
09-01 01:37:25.042 20372 20372 I chatty  : uid=1002(bluetooth) com.android.bluetooth expire 13 lines
09-01 01:37:25.083 20372 20388 I chatty  : uid=1002(bluetooth) com.android.bluetooth expire 1 line
09-01 01:37:25.083 20372 20389 I chatty  : uid=1002(bluetooth) com.android.bluetooth expire 19 lines
09-01 01:37:25.087 20372 20392 I chatty  : uid=1002(bluetooth) com.android.bluetooth expire 1 line
09-01 01:37:25.087 20372 20393 I chatty  : uid=1002(bluetooth) com.android.bluetooth expire 1 line
09-01 01:37:25.089 20372 20394 I chatty  : uid=1002(bluetooth) com.android.bluetooth expire 3 lines
09-01 01:37:25.089 20372 20389 I chatty  : uid=1002(bluetooth) com.android.bluetooth expire 20 lines
09-01 01:37:25.089 20372 20372 I chatty  : uid=1002(bluetooth) com.android.bluetooth expire 23 lines
09-01 01:37:25.094   442   442 D BluetoothManagerService: Bluetooth Adapter name changed to AOSP on navi_ref
09-01 01:37:25.094   442   442 D BluetoothManagerService: Stored Bluetooth name: AOSP on navi_ref
09-01 01:37:25.099   442   442 D BluetoothManagerService: BluetoothServiceConnection: com.android.bluetooth.btservice.AdapterService
09-01 01:37:25.099   442   462 D BluetoothManagerService: MESSAGE_BLUETOOTH_SERVICE_CONNECTED: 1
09-01 01:37:25.100 20372 20386 I chatty  : uid=1002(bluetooth) com.android.bluetooth expire 2 lines
09-01 01:37:25.102   442   462 D BluetoothManagerService: Broadcasting onBluetoothServiceUp() to 5 receivers.
09-01 01:37:25.103   442   462 D BluetoothAdapter: onBluetoothServiceUp: android.bluetooth.IBluetooth$Stub$Proxy@28090f9
09-01 01:37:25.104 20372 20385 I chatty  : uid=1002(bluetooth) com.android.bluetooth expire 1 line
09-01 01:37:25.105   670   687 D BluetoothAdapter: onBluetoothServiceUp: android.bluetooth.IBluetooth$Stub$Proxy@e7501e1
09-01 01:37:25.105   653   666 D BluetoothAdapter: onBluetoothServiceUp: android.bluetooth.IBluetooth$Stub$Proxy@f711185
09-01 01:37:25.105   567   836 D BluetoothAdapter: onBluetoothServiceUp: android.bluetooth.IBluetooth$Stub$Proxy@f9ba6ed
09-01 01:37:25.106 20372 20388 I chatty  : uid=1002(bluetooth) com.android.bluetooth expire 11 lines
09-01 01:37:25.107   442   462 D BluetoothManagerService: MESSAGE_BLUETOOTH_STATE_CHANGE: OFF > BLE_TURNING_ON
09-01 01:37:25.107   442   462 D BluetoothManagerService: Sending BLE State Change: OFF > BLE_TURNING_ON
09-01 01:37:25.126 20372 20395 I chatty  : uid=1002(bluetooth) com.android.bluetooth expire 1 line
09-01 01:37:25.145 20372 20398 I chatty  : uid=1002(bluetooth) com.android.bluetooth expire 7 lines
09-01 01:37:25.804 20372 20399 I chatty  : uid=1002(bluetooth) com.android.bluetooth expire 1 line
09-01 01:37:33.150 20372 20392 I chatty  : uid=1002(bluetooth) com.android.bluetooth expire 3 lines
09-01 01:37:33.151 20372 20400 I chatty  : uid=1002(bluetooth) com.android.bluetooth expire 21 lines
09-01 01:37:33.161 20372 20401 I chatty  : uid=1002(bluetooth) com.android.bluetooth expire 2 lines
09-01 01:38:03.306 20405 20405 D AndroidRuntime: >>>>>> START com.android.internal.os.RuntimeInit uid 0 <<<<<<
09-01 01:38:03.325 20405 20405 D AndroidRuntime: CheckJNI is OFF
09-01 01:38:03.568 20405 20405 D ICU     : No timezone override file found: /data/misc/zoneinfo/current/icu/icu_tzdata.dat
09-01 01:38:03.668 20405 20405 I Radio-JNI: register_android_hardware_Radio DONE
09-01 01:38:03.701 20405 20405 D AndroidRuntime: Calling main entry com.android.commands.input.Input
09-01 01:38:03.703 20405 20405 I Input   : injectKeyEvent: KeyEvent { action=ACTION_DOWN, keyCode=KEYCODE_MENU, scanCode=0, metaState=0, flags=0x0, repeatCount=0, eventTime=5884637, downTime=5884637, deviceId=-1, source=0x101 }
09-01 01:38:03.709 20405 20405 I Input   : injectKeyEvent: KeyEvent { action=ACTION_UP, keyCode=KEYCODE_MENU, scanCode=0, metaState=0, flags=0x0, repeatCount=0, eventTime=5884637, downTime=5884637, deviceId=-1, source=0x101 }
09-01 01:38:03.714 20405 20405 D AndroidRuntime: Shutting down VM
09-01 01:38:03.834   442   442 D BluetoothManagerService: BluetoothServiceConnection, disconnected: com.android.bluetooth.btservice.AdapterService
09-01 01:38:03.835   442   462 E BluetoothManagerService: MESSAGE_BLUETOOTH_SERVICE_DISCONNECTED(1)
09-01 01:38:03.835   442   462 D BluetoothManagerService: Broadcasting onBluetoothServiceDown() to 4 receivers.
09-01 01:38:03.835   442   699 I ActivityManager: Process com.android.bluetooth (pid 20372) has died
09-01 01:38:03.835   442   699 D ActivityManager: cleanUpApplicationRecord -- 20372
09-01 01:38:03.835   442   462 D BluetoothAdapter: onBluetoothServiceDown: android.bluetooth.IBluetooth$Stub$Proxy@28090f9
09-01 01:38:03.836   442   699 W ActivityManager: Scheduling restart of crashed service com.android.bluetooth/.gatt.GattService in 1000ms
09-01 01:38:03.836   442   699 W ActivityManager: Scheduling restart of crashed service com.android.bluetooth/.btservice.AdapterService in 1000ms
09-01 01:38:03.837   670   687 D BluetoothAdapter: onBluetoothServiceDown: android.bluetooth.IBluetooth$Stub$Proxy@e7501e1
09-01 01:38:03.837   653   666 D BluetoothAdapter: onBluetoothServiceDown: android.bluetooth.IBluetooth$Stub$Proxy@f711185
09-01 01:38:03.838   567   836 D BluetoothAdapter: onBluetoothServiceDown: android.bluetooth.IBluetooth$Stub$Proxy@f9ba6ed
09-01 01:38:04.037   442   462 D BluetoothManagerService: MESSAGE_RESTART_BLUETOOTH_SERVICE
09-01 01:38:04.061   442   462 I ActivityManager: Start proc 20417:com.android.bluetooth/1002 for service com.android.bluetooth/.btservice.AdapterService
09-01 01:38:04.190 20417 20417 I chatty  : uid=1002(bluetooth) com.android.bluetooth expire 36 lines
09-01 01:38:04.237 20417 20433 I chatty  : uid=1002(bluetooth) com.android.bluetooth expire 12 lines
09-01 01:38:04.237 20417 20434 I chatty  : uid=1002(bluetooth) com.android.bluetooth expire 39 lines
09-01 01:38:04.239 20417 20437 I chatty  : uid=1002(bluetooth) com.android.bluetooth expire 4 lines
09-01 01:38:04.239 20417 20438 I chatty  : uid=1002(bluetooth) com.android.bluetooth expire 1 line
09-01 01:38:04.241 20417 20439 I chatty  : uid=1002(bluetooth) com.android.bluetooth expire 3 lines
09-01 01:38:04.245   442   442 D BluetoothManagerService: Bluetooth Adapter name changed to AOSP on navi_ref
09-01 01:38:04.246   442   442 D BluetoothManagerService: Stored Bluetooth name: AOSP on navi_ref
09-01 01:38:04.251   442   442 D BluetoothManagerService: BluetoothServiceConnection: com.android.bluetooth.btservice.AdapterService
09-01 01:38:04.251   442   462 D BluetoothManagerService: MESSAGE_BLUETOOTH_SERVICE_CONNECTED: 1
09-01 01:38:04.252 20417 20431 I chatty  : uid=1002(bluetooth) com.android.bluetooth expire 2 lines
09-01 01:38:04.254   442   462 D BluetoothManagerService: Broadcasting onBluetoothServiceUp() to 5 receivers.
09-01 01:38:04.254   442   462 D BluetoothAdapter: onBluetoothServiceUp: android.bluetooth.IBluetooth$Stub$Proxy@c7fc208
09-01 01:38:04.256 20417 20429 I chatty  : uid=1002(bluetooth) com.android.bluetooth expire 1 line
09-01 01:38:04.256   567   836 D BluetoothAdapter: onBluetoothServiceUp: android.bluetooth.IBluetooth$Stub$Proxy@a707922
09-01 01:38:04.257   670   687 D BluetoothAdapter: onBluetoothServiceUp: android.bluetooth.IBluetooth$Stub$Proxy@36a8b06
09-01 01:38:04.257   442   462 D BluetoothManagerService: MESSAGE_BLUETOOTH_STATE_CHANGE: OFF > BLE_TURNING_ON
09-01 01:38:04.257   442   462 D BluetoothManagerService: Sending BLE State Change: OFF > BLE_TURNING_ON
09-01 01:38:04.257   653   666 D BluetoothAdapter: onBluetoothServiceUp: android.bluetooth.IBluetooth$Stub$Proxy@8592bda
09-01 01:38:04.273 20417 20440 I chatty  : uid=1002(bluetooth) com.android.bluetooth expire 1 line
09-01 01:38:04.294 20417 20443 I chatty  : uid=1002(bluetooth) com.android.bluetooth expire 7 lines
09-01 01:38:04.823 20415 20415 D AndroidRuntime: >>>>>> START com.android.internal.os.RuntimeInit uid 0 <<<<<<
09-01 01:38:04.833 20415 20415 D AndroidRuntime: CheckJNI is OFF
09-01 01:38:04.944 20415 20415 D ICU     : No timezone override file found: /data/misc/zoneinfo/current/icu/icu_tzdata.dat
09-01 01:38:04.951 20417 20444 I chatty  : uid=1002(bluetooth) com.android.bluetooth expire 1 line
09-01 01:38:05.006 20415 20415 I Radio-JNI: register_android_hardware_Radio DONE
09-01 01:38:05.026 20415 20415 D AndroidRuntime: Calling main entry com.android.commands.svc.Svc
09-01 01:38:05.030 20415 20415 D AndroidRuntime: Shutting down VM
09-01 01:38:12.300 20417 20453 I chatty  : uid=1002(bluetooth) com.android.bluetooth expire 21 lines
09-01 01:38:12.306 20417 20454 I chatty  : uid=1002(bluetooth) com.android.bluetooth expire 2 lines
09-01 01:38:12.977   442  1307 I ActivityManager: Process com.android.bluetooth (pid 20417) has died
09-01 01:38:12.978   442  1307 D ActivityManager: cleanUpApplicationRecord -- 20417
09-01 01:38:12.978   442  1307 W ActivityManager: Scheduling restart of crashed service com.android.bluetooth/.gatt.GattService in 1000ms
09-01 01:38:12.978   442   442 D BluetoothManagerService: BluetoothServiceConnection, disconnected: com.android.bluetooth.btservice.AdapterService
09-01 01:38:12.978   442  1307 W ActivityManager: Scheduling restart of crashed service com.android.bluetooth/.btservice.AdapterService in 1000ms
09-01 01:38:12.978   442   462 E BluetoothManagerService: MESSAGE_BLUETOOTH_SERVICE_DISCONNECTED(1)
09-01 01:38:12.979   442   462 D BluetoothManagerService: Broadcasting onBluetoothServiceDown() to 4 receivers.
09-01 01:38:12.979   442   462 D BluetoothAdapter: onBluetoothServiceDown: android.bluetooth.IBluetooth$Stub$Proxy@c7fc208
09-01 01:38:12.979   653   666 D BluetoothAdapter: onBluetoothServiceDown: android.bluetooth.IBluetooth$Stub$Proxy@8592bda
09-01 01:38:12.979   670   687 D BluetoothAdapter: onBluetoothServiceDown: android.bluetooth.IBluetooth$Stub$Proxy@36a8b06
09-01 01:38:12.979   567   836 D BluetoothAdapter: onBluetoothServiceDown: android.bluetooth.IBluetooth$Stub$Proxy@a707922
09-01 01:38:13.180   442   462 D BluetoothManagerService: MESSAGE_RESTART_BLUETOOTH_SERVICE
09-01 01:38:13.208   442   462 I ActivityManager: Start proc 20455:com.android.bluetooth/1002 for service com.android.bluetooth/.btservice.AdapterService
09-01 01:38:13.295 20455 20455 I chatty  : uid=1002(bluetooth) com.android.bluetooth expire 13 lines
09-01 01:38:13.336 20455 20471 I chatty  : uid=1002(bluetooth) com.android.bluetooth expire 1 line
09-01 01:38:13.336 20455 20472 I chatty  : uid=1002(bluetooth) com.android.bluetooth expire 15 lines
09-01 01:38:13.339 20455 20475 I chatty  : uid=1002(bluetooth) com.android.bluetooth expire 1 line
09-01 01:38:13.339 20455 20476 I chatty  : uid=1002(bluetooth) com.android.bluetooth expire 1 line
09-01 01:38:13.339 20455 20472 I chatty  : uid=1002(bluetooth) com.android.bluetooth expire 24 lines
09-01 01:38:13.341 20455 20477 I chatty  : uid=1002(bluetooth) com.android.bluetooth expire 3 lines
09-01 01:38:13.341 20455 20455 I chatty  : uid=1002(bluetooth) com.android.bluetooth expire 23 lines
09-01 01:38:13.345   442   442 D BluetoothManagerService: Bluetooth Adapter name changed to AOSP on navi_ref
09-01 01:38:13.345   442   442 D BluetoothManagerService: Stored Bluetooth name: AOSP on navi_ref
09-01 01:38:13.350   442   442 D BluetoothManagerService: BluetoothServiceConnection: com.android.bluetooth.btservice.AdapterService
09-01 01:38:13.350   442   462 D BluetoothManagerService: MESSAGE_BLUETOOTH_SERVICE_CONNECTED: 1
09-01 01:38:13.355 20455 20468 I chatty  : uid=1002(bluetooth) com.android.bluetooth expire 2 lines
09-01 01:38:13.357   442   462 D BluetoothManagerService: Broadcasting onBluetoothServiceUp() to 5 receivers.
09-01 01:38:13.357   442   462 D BluetoothAdapter: onBluetoothServiceUp: android.bluetooth.IBluetooth$Stub$Proxy@fcdc095
09-01 01:38:13.357   670   687 D BluetoothAdapter: onBluetoothServiceUp: android.bluetooth.IBluetooth$Stub$Proxy@75d35c7
09-01 01:38:13.358   653   666 D BluetoothAdapter: onBluetoothServiceUp: android.bluetooth.IBluetooth$Stub$Proxy@df0480b
09-01 01:38:13.358   567   836 D BluetoothAdapter: onBluetoothServiceUp: android.bluetooth.IBluetooth$Stub$Proxy@9181fb3
09-01 01:38:13.359 20455 20469 I chatty  : uid=1002(bluetooth) com.android.bluetooth expire 1 line
09-01 01:38:13.359 20455 20471 I chatty  : uid=1002(bluetooth) com.android.bluetooth expire 11 lines
09-01 01:38:13.365   442   462 D BluetoothManagerService: MESSAGE_BLUETOOTH_STATE_CHANGE: OFF > BLE_TURNING_ON
09-01 01:38:13.365   442   462 D BluetoothManagerService: Sending BLE State Change: OFF > BLE_TURNING_ON
09-01 01:38:13.373 20455 20478 I chatty  : uid=1002(bluetooth) com.android.bluetooth expire 1 line
09-01 01:38:13.391 20455 20481 I chatty  : uid=1002(bluetooth) com.android.bluetooth expire 7 lines
09-01 01:38:14.053 20455 20482 I chatty  : uid=1002(bluetooth) com.android.bluetooth expire 1 line
09-01 01:38:21.395 20455 20475 I chatty  : uid=1002(bluetooth) com.android.bluetooth expire 3 lines
09-01 01:38:21.397 20455 20483 I chatty  : uid=1002(bluetooth) com.android.bluetooth expire 21 lines
09-01 01:38:21.404 20455 20484 I chatty  : uid=1002(bluetooth) com.android.bluetooth expire 2 lines
09-01 01:38:22.080   442  1307 I ActivityManager: Process com.android.bluetooth (pid 20455) has died
09-01 01:38:22.081   442  1307 D ActivityManager: cleanUpApplicationRecord -- 20455
09-01 01:38:22.081   442   442 D BluetoothManagerService: BluetoothServiceConnection, disconnected: com.android.bluetooth.btservice.AdapterService
09-01 01:38:22.081   442  1307 W ActivityManager: Scheduling restart of crashed service com.android.bluetooth/.gatt.GattService in 1000ms
09-01 01:38:22.081   442   462 E BluetoothManagerService: MESSAGE_BLUETOOTH_SERVICE_DISCONNECTED(1)
09-01 01:38:22.081   442  1307 W ActivityManager: Scheduling restart of crashed service com.android.bluetooth/.btservice.AdapterService in 1000ms
09-01 01:38:22.081   442   462 D BluetoothManagerService: Broadcasting onBluetoothServiceDown() to 4 receivers.
09-01 01:38:22.082   442   462 D BluetoothAdapter: onBluetoothServiceDown: android.bluetooth.IBluetooth$Stub$Proxy@fcdc095
