09-01 01:30:42.513   567   590 D BluetoothAdapter: onBluetoothServiceUp: android.bluetooth.IBluetooth$Stub$Proxy@14f4c99
09-01 01:30:42.514 19337 19351 I chatty  : uid=1002(bluetooth) com.android.bluetooth expire 1 line
09-01 01:30:42.515   442   462 D BluetoothManagerService: MESSAGE_BLUETOOTH_STATE_CHANGE: OFF > BLE_TURNING_ON
09-01 01:30:42.515   442   462 D BluetoothManagerService: Sending BLE State Change: OFF > BLE_TURNING_ON
09-01 01:30:42.517 19337 19361 I chatty  : uid=1002(bluetooth) com.android.bluetooth expire 1 line
09-01 01:30:42.549 19337 19364 I chatty  : uid=1002(bluetooth) com.android.bluetooth expire 7 lines
09-01 01:30:43.211 19337 19365 I chatty  : uid=1002(bluetooth) com.android.bluetooth expire 1 line
09-01 01:30:50.555 19337 19366 I chatty  : uid=1002(bluetooth) com.android.bluetooth expire 21 lines
09-01 01:30:50.565 19337 19367 I chatty  : uid=1002(bluetooth) com.android.bluetooth expire 2 lines
09-01 01:30:51.242   442  1241 I ActivityManager: Process com.android.bluetooth (pid 19337) has died
09-01 01:30:51.242   442  1241 D ActivityManager: cleanUpApplicationRecord -- 19337
09-01 01:30:51.243   442   442 D BluetoothManagerService: BluetoothServiceConnection, disconnected: com.android.bluetooth.btservice.AdapterService
09-01 01:30:51.243   442   462 E BluetoothManagerService: MESSAGE_BLUETOOTH_SERVICE_DISCONNECTED(1)
09-01 01:30:51.243   442   462 D BluetoothManagerService: Broadcasting onBluetoothServiceDown() to 4 receivers.
09-01 01:30:51.244   442   462 D BluetoothAdapter: onBluetoothServiceDown: android.bluetooth.IBluetooth$Stub$Proxy@91af44e
09-01 01:30:51.244   670 12016 D BluetoothAdapter: onBluetoothServiceDown: android.bluetooth.IBluetooth$Stub$Proxy@3a941a6
09-01 01:30:51.244   653   666 D BluetoothAdapter: onBluetoothServiceDown: android.bluetooth.IBluetooth$Stub$Proxy@23e87a
09-01 01:30:51.244   567   590 D BluetoothAdapter: onBluetoothServiceDown: android.bluetooth.IBluetooth$Stub$Proxy@14f4c99
09-01 01:30:51.245   442  1241 W ActivityManager: Scheduling restart of crashed service com.android.bluetooth/.gatt.GattService in 1000ms
09-01 01:30:51.246   442  1241 W ActivityManager: Scheduling restart of crashed service com.android.bluetooth/.btservice.AdapterService in 1000ms
09-01 01:30:51.444   442   462 D BluetoothManagerService: MESSAGE_RESTART_BLUETOOTH_SERVICE
09-01 01:30:51.477   442   462 I ActivityManager: Start proc 19368:com.android.bluetooth/1002 for service com.android.bluetooth/.btservice.AdapterService
09-01 01:30:51.557 19368 19368 I chatty  : uid=1002(bluetooth) com.android.bluetooth expire 36 lines
09-01 01:30:51.602 19368 19384 I chatty  : uid=1002(bluetooth) com.android.bluetooth expire 12 lines
09-01 01:30:51.603 19368 19385 I chatty  : uid=1002(bluetooth) com.android.bluetooth expire 39 lines
09-01 01:30:51.606 19368 19388 I chatty  : uid=1002(bluetooth) com.android.bluetooth expire 2 lines
09-01 01:30:51.606 19368 19389 I chatty  : uid=1002(bluetooth) com.android.bluetooth expire 1 line
09-01 01:30:51.610 19368 19390 I chatty  : uid=1002(bluetooth) com.android.bluetooth expire 3 lines
09-01 01:30:51.616   442   442 D BluetoothManagerService: Bluetooth Adapter name changed to AOSP on navi_ref
09-01 01:30:51.617   442   442 D BluetoothManagerService: Stored Bluetooth name: AOSP on navi_ref
09-01 01:30:51.623   442   442 D BluetoothManagerService: BluetoothServiceConnection: com.android.bluetooth.btservice.AdapterService
09-01 01:30:51.626   442   462 D BluetoothManagerService: MESSAGE_BLUETOOTH_SERVICE_CONNECTED: 1
09-01 01:30:51.627 19368 19382 I chatty  : uid=1002(bluetooth) com.android.bluetooth expire 3 lines
09-01 01:30:51.629   442   462 D BluetoothManagerService: Broadcasting onBluetoothServiceUp() to 5 receivers.
09-01 01:30:51.629   442   462 D BluetoothAdapter: onBluetoothServiceUp: android.bluetooth.IBluetooth$Stub$Proxy@66b5303
09-01 01:30:51.629   670 12016 D BluetoothAdapter: onBluetoothServiceUp: android.bluetooth.IBluetooth$Stub$Proxy@d75b7e7
09-01 01:30:51.629   653   666 D BluetoothAdapter: onBluetoothServiceUp: android.bluetooth.IBluetooth$Stub$Proxy@87b582b
09-01 01:30:51.629   567   590 D BluetoothAdapter: onBluetoothServiceUp: android.bluetooth.IBluetooth$Stub$Proxy@f706b5e
09-01 01:30:51.632   442   462 D BluetoothManagerService: MESSAGE_BLUETOOTH_STATE_CHANGE: OFF > BLE_TURNING_ON
09-01 01:30:51.632   442   462 D BluetoothManagerService: Sending BLE State Change: OFF > BLE_TURNING_ON
09-01 01:30:51.642 19368 19391 I chatty  : uid=1002(bluetooth) com.android.bluetooth expire 1 line
09-01 01:30:51.658 19368 19394 I chatty  : uid=1002(bluetooth) com.android.bluetooth expire 7 lines
09-01 01:30:52.320 19368 19395 I chatty  : uid=1002(bluetooth) com.android.bluetooth expire 1 line
09-01 01:30:59.664 19368 19396 I chatty  : uid=1002(bluetooth) com.android.bluetooth expire 21 lines
09-01 01:30:59.672 19368 19397 I chatty  : uid=1002(bluetooth) com.android.bluetooth expire 2 lines
09-01 01:31:00.321 19368 19388 I chatty  : uid=1002(bluetooth) com.android.bluetooth expire 2 lines
09-01 01:31:00.348   442   442 D BluetoothManagerService: BluetoothServiceConnection, disconnected: com.android.bluetooth.btservice.AdapterService
09-01 01:31:00.348   442   462 E BluetoothManagerService: MESSAGE_BLUETOOTH_SERVICE_DISCONNECTED(1)
09-01 01:31:00.348   442   462 D BluetoothManagerService: Broadcasting onBluetoothServiceDown() to 5 receivers.
09-01 01:31:00.349   442  1339 I ActivityManager: Process com.android.bluetooth (pid 19368) has died
09-01 01:31:00.350   442  1339 D ActivityManager: cleanUpApplicationRecord -- 19368
09-01 01:31:00.350   442  1339 W ActivityManager: Scheduling restart of crashed service com.android.bluetooth/.gatt.GattService in 1000ms
09-01 01:31:00.350   442   462 E BluetoothManagerService: Unable to call onBluetoothServiceDown() on callback #0
09-01 01:31:00.350   442   462 E BluetoothManagerService: android.os.DeadObjectException
09-01 01:31:00.350   442   462 E BluetoothManagerService: 	at android.os.BinderProxy.transactNative(Native Method)
09-01 01:31:00.350   442   462 E BluetoothManagerService: 	at android.os.BinderProxy.transact(Binder.java:615)
09-01 01:31:00.350   442   462 E BluetoothManagerService: 	at android.bluetooth.IBluetoothManagerCallback$Stub$Proxy.onBluetoothServiceDown(IBluetoothManagerCallback.java:105)
09-01 01:31:00.350   442   462 E BluetoothManagerService: 	at com.android.server.BluetoothManagerService.sendBluetoothServiceDownCallback(BluetoothManagerService.java:1129)
09-01 01:31:00.350   442   462 E BluetoothManagerService: 	at com.android.server.BluetoothManagerService.-wrap12(BluetoothManagerService.java)
09-01 01:31:00.350   442   462 E BluetoothManagerService: 	at com.android.server.BluetoothManagerService$BluetoothHandler.handleMessage(BluetoothManagerService.java:1530)
09-01 01:31:00.350   442   462 E BluetoothManagerService: 	at android.os.Handler.dispatchMessage(Handler.java:102)
09-01 01:31:00.350   442   462 E BluetoothManagerService: 	at android.os.Looper.loop(Looper.java:154)
09-01 01:31:00.350   442   462 E BluetoothManagerService: 	at android.os.HandlerThread.run(HandlerThread.java:61)
09-01 01:31:00.350   442   462 E BluetoothManagerService: 	at com.android.server.ServiceThread.run(ServiceThread.java:46)
09-01 01:31:00.350   442  1339 W ActivityManager: Scheduling restart of crashed service com.android.bluetooth/.btservice.AdapterService in 1000ms
09-01 01:31:00.351   442   462 D BluetoothAdapter: onBluetoothServiceDown: android.bluetooth.IBluetooth$Stub$Proxy@66b5303
09-01 01:31:00.351   670 12016 D BluetoothAdapter: onBluetoothServiceDown: android.bluetooth.IBluetooth$Stub$Proxy@d75b7e7
09-01 01:31:00.351   653   666 D BluetoothAdapter: onBluetoothServiceDown: android.bluetooth.IBluetooth$Stub$Proxy@87b582b
09-01 01:31:00.352   567   590 D BluetoothAdapter: onBluetoothServiceDown: android.bluetooth.IBluetooth$Stub$Proxy@f706b5e
09-01 01:31:00.549   442   462 D BluetoothManagerService: MESSAGE_RESTART_BLUETOOTH_SERVICE
09-01 01:31:00.585   442   462 I ActivityManager: Start proc 19398:com.android.bluetooth/1002 for service com.android.bluetooth/.btservice.AdapterService
09-01 01:31:00.667 19398 19398 I chatty  : uid=1002(bluetooth) com.android.bluetooth expire 36 lines
09-01 01:31:00.715 19398 19415 I chatty  : uid=1002(bluetooth) com.android.bluetooth expire 12 lines
09-01 01:31:00.715 19398 19416 I chatty  : uid=1002(bluetooth) com.android.bluetooth expire 39 lines
09-01 01:31:00.720 19398 19419 I chatty  : uid=1002(bluetooth) com.android.bluetooth expire 4 lines
09-01 01:31:00.721 19398 19420 I chatty  : uid=1002(bluetooth) com.android.bluetooth expire 1 line
09-01 01:31:00.722 19398 19421 I chatty  : uid=1002(bluetooth) com.android.bluetooth expire 3 lines
09-01 01:31:00.726   442   442 D BluetoothManagerService: Bluetooth Adapter name changed to AOSP on navi_ref
09-01 01:31:00.726   442   442 D BluetoothManagerService: Stored Bluetooth name: AOSP on navi_ref
09-01 01:31:00.730   442   442 D BluetoothManagerService: BluetoothServiceConnection: com.android.bluetooth.btservice.AdapterService
09-01 01:31:00.730   442   462 D BluetoothManagerService: MESSAGE_BLUETOOTH_SERVICE_CONNECTED: 1
09-01 01:31:00.731 19398 19413 I chatty  : uid=1002(bluetooth) com.android.bluetooth expire 2 lines
09-01 01:31:00.732   442   462 D BluetoothManagerService: Broadcasting onBluetoothServiceUp() to 5 receivers.
09-01 01:31:00.733   670 12016 D BluetoothAdapter: onBluetoothServiceUp: android.bluetooth.IBluetooth$Stub$Proxy@cd1df94
09-01 01:31:00.733   442   462 D BluetoothAdapter: onBluetoothServiceUp: android.bluetooth.IBluetooth$Stub$Proxy@9ae882d
09-01 01:31:00.733   653   666 D BluetoothAdapter: onBluetoothServiceUp: android.bluetooth.IBluetooth$Stub$Proxy@da3d488
09-01 01:31:00.733   567   590 D BluetoothAdapter: onBluetoothServiceUp: android.bluetooth.IBluetooth$Stub$Proxy@c488b3f
09-01 01:31:00.734 19398 19412 I chatty  : uid=1002(bluetooth) com.android.bluetooth expire 1 line
09-01 01:31:00.734   442   462 D BluetoothManagerService: MESSAGE_BLUETOOTH_STATE_CHANGE: OFF > BLE_TURNING_ON
09-01 01:31:00.735   442   462 D BluetoothManagerService: Sending BLE State Change: OFF > BLE_TURNING_ON
09-01 01:31:00.737 19398 19422 I chatty  : uid=1002(bluetooth) com.android.bluetooth expire 1 line
09-01 01:31:00.766 19398 19425 I chatty  : uid=1002(bluetooth) com.android.bluetooth expire 7 lines
09-01 01:31:01.425 19398 19426 I chatty  : uid=1002(bluetooth) com.android.bluetooth expire 1 line
09-01 01:31:08.773 19398 19427 I chatty  : uid=1002(bluetooth) com.android.bluetooth expire 21 lines
09-01 01:31:08.779 19398 19428 I chatty  : uid=1002(bluetooth) com.android.bluetooth expire 2 lines
09-01 01:31:09.450   442  1241 I ActivityManager: Process com.android.bluetooth (pid 19398) has died
09-01 01:31:09.450   442   442 D BluetoothManagerService: BluetoothServiceConnection, disconnected: com.android.bluetooth.btservice.AdapterService
09-01 01:31:09.450   442  1241 D ActivityManager: cleanUpApplicationRecord -- 19398
09-01 01:31:09.450   442   462 E BluetoothManagerService: MESSAGE_BLUETOOTH_SERVICE_DISCONNECTED(1)
09-01 01:31:09.450   442   462 D BluetoothManagerService: Broadcasting onBluetoothServiceDown() to 5 receivers.
09-01 01:31:09.451   670 12016 D BluetoothAdapter: onBluetoothServiceDown: android.bluetooth.IBluetooth$Stub$Proxy@cd1df94
09-01 01:31:09.451   653   666 D BluetoothAdapter: onBluetoothServiceDown: android.bluetooth.IBluetooth$Stub$Proxy@da3d488
09-01 01:31:09.453   442   462 E BluetoothManagerService: Unable to call onBluetoothServiceDown() on callback #2
09-01 01:31:09.453   442   462 E BluetoothManagerService: android.os.DeadObjectException
09-01 01:31:09.453   442   462 E BluetoothManagerService: 	at android.os.BinderProxy.transactNative(Native Method)
09-01 01:31:09.453   442   462 E BluetoothManagerService: 	at android.os.BinderProxy.transact(Binder.java:615)
09-01 01:31:09.453   442   462 E BluetoothManagerService: 	at android.bluetooth.IBluetoothManagerCallback$Stub$Proxy.onBluetoothServiceDown(IBluetoothManagerCallback.java:105)
09-01 01:31:09.453   442   462 E BluetoothManagerService: 	at com.android.server.BluetoothManagerService.sendBluetoothServiceDownCallback(BluetoothManagerService.java:1129)
09-01 01:31:09.453   442   462 E BluetoothManagerService: 	at com.android.server.BluetoothManagerService.-wrap12(BluetoothManagerService.java)
09-01 01:31:09.453   442   462 E BluetoothManagerService: 	at com.android.server.BluetoothManagerService$BluetoothHandler.handleMessage(BluetoothManagerService.java:1530)
09-01 01:31:09.453   442   462 E BluetoothManagerService: 	at android.os.Handler.dispatchMessage(Handler.java:102)
09-01 01:31:09.453   442   462 E BluetoothManagerService: 	at android.os.Looper.loop(Looper.java:154)
09-01 01:31:09.453   442   462 E BluetoothManagerService: 	at android.os.HandlerThread.run(HandlerThread.java:61)
09-01 01:31:09.453   442   462 E BluetoothManagerService: 	at com.android.server.ServiceThread.run(ServiceThread.java:46)
09-01 01:31:09.453   442   462 D BluetoothAdapter: onBluetoothServiceDown: android.bluetooth.IBluetooth$Stub$Proxy@9ae882d
09-01 01:31:09.456   567   590 D BluetoothAdapter: onBluetoothServiceDown: android.bluetooth.IBluetooth$Stub$Proxy@c488b3f
09-01 01:31:09.457   442  1241 W ActivityManager: Scheduling restart of crashed service com.android.bluetooth/.gatt.GattService in 1000ms
09-01 01:31:09.458   442  1241 W ActivityManager: Scheduling restart of crashed service com.android.bluetooth/.btservice.AdapterService in 1000ms
09-01 01:31:09.650   442   462 D BluetoothManagerService: MESSAGE_RESTART_BLUETOOTH_SERVICE
09-01 01:31:09.683   442   462 I ActivityManager: Start proc 19429:com.android.bluetooth/1002 for service com.android.bluetooth/.btservice.AdapterService
09-01 01:31:09.770 19429 19429 I chatty  : uid=1002(bluetooth) com.android.bluetooth expire 36 lines
09-01 01:31:09.816 19429 19445 I chatty  : uid=1002(bluetooth) com.android.bluetooth expire 12 lines
09-01 01:31:09.816 19429 19446 I chatty  : uid=1002(bluetooth) com.android.bluetooth expire 39 lines
09-01 01:31:09.818 19429 19449 I chatty  : uid=1002(bluetooth) com.android.bluetooth expire 2 lines
09-01 01:31:09.818 19429 19450 I chatty  : uid=1002(bluetooth) com.android.bluetooth expire 1 line
09-01 01:31:09.819 19429 19451 I chatty  : uid=1002(bluetooth) com.android.bluetooth expire 3 lines
09-01 01:31:09.823   442   442 D BluetoothManagerService: Bluetooth Adapter name changed to AOSP on navi_ref
09-01 01:31:09.824   442   442 D BluetoothManagerService: Stored Bluetooth name: AOSP on navi_ref
09-01 01:31:09.828   442   442 D BluetoothManagerService: BluetoothServiceConnection: com.android.bluetooth.btservice.AdapterService
09-01 01:31:09.828   442   462 D BluetoothManagerService: MESSAGE_BLUETOOTH_SERVICE_CONNECTED: 1
09-01 01:31:09.830 19429 19443 I chatty  : uid=1002(bluetooth) com.android.bluetooth expire 2 lines
09-01 01:31:09.831   442   462 D BluetoothManagerService: Broadcasting onBluetoothServiceUp() to 5 receivers.
09-01 01:31:09.832   670 12016 D BluetoothAdapter: onBluetoothServiceUp: android.bluetooth.IBluetooth$Stub$Proxy@7f37a3d
09-01 01:31:09.832   442   462 D BluetoothAdapter: onBluetoothServiceUp: android.bluetooth.IBluetooth$Stub$Proxy@1cae547
09-01 01:31:09.832   653   666 D BluetoothAdapter: onBluetoothServiceUp: android.bluetooth.IBluetooth$Stub$Proxy@2b31e21
09-01 01:31:09.832   567   590 D BluetoothAdapter: onBluetoothServiceUp: android.bluetooth.IBluetooth$Stub$Proxy@70aac0c
09-01 01:31:09.833 19429 19442 I chatty  : uid=1002(bluetooth) com.android.bluetooth expire 1 line
09-01 01:31:09.835   442   462 D BluetoothManagerService: MESSAGE_BLUETOOTH_STATE_CHANGE: OFF > BLE_TURNING_ON
09-01 01:31:09.836   442   462 D BluetoothManagerService: Sending BLE State Change: OFF > BLE_TURNING_ON
09-01 01:31:09.843 19429 19452 I chatty  : uid=1002(bluetooth) com.android.bluetooth expire 1 line
09-01 01:31:09.860 19429 19456 I chatty  : uid=1002(bluetooth) com.android.bluetooth expire 7 lines
09-01 01:31:10.522 19429 19457 I chatty  : uid=1002(bluetooth) com.android.bluetooth expire 1 line
09-01 01:31:17.866 19429 19458 I chatty  : uid=1002(bluetooth) com.android.bluetooth expire 21 lines
09-01 01:31:17.876 19429 19459 I chatty  : uid=1002(bluetooth) com.android.bluetooth expire 2 lines
09-01 01:31:18.525 19429 19449 I chatty  : uid=1002(bluetooth) com.android.bluetooth expire 2 lines
09-01 01:31:18.552   442  1307 I ActivityManager: Process com.android.bluetooth (pid 19429) has died
09-01 01:31:18.553   442  1307 D ActivityManager: cleanUpApplicationRecord -- 19429
09-01 01:31:18.553   442  1307 W ActivityManager: Scheduling restart of crashed service com.android.bluetooth/.gatt.GattService in 1000ms
09-01 01:31:18.554   442  1307 W ActivityManager: Scheduling restart of crashed service com.android.bluetooth/.btservice.AdapterService in 1000ms
09-01 01:31:18.554   442   442 D BluetoothManagerService: BluetoothServiceConnection, disconnected: com.android.bluetooth.btservice.AdapterService
09-01 01:31:18.555   442   462 E BluetoothManagerService: MESSAGE_BLUETOOTH_SERVICE_DISCONNECTED(1)
09-01 01:31:18.555   442   462 D BluetoothManagerService: Broadcasting onBluetoothServiceDown() to 4 receivers.
09-01 01:31:18.555   670 12016 D BluetoothAdapter: onBluetoothServiceDown: android.bluetooth.IBluetooth$Stub$Proxy@7f37a3d
09-01 01:31:18.555   442   462 D BluetoothAdapter: onBluetoothServiceDown: android.bluetooth.IBluetooth$Stub$Proxy@1cae547
09-01 01:31:18.556   653   666 D BluetoothAdapter: onBluetoothServiceDown: android.bluetooth.IBluetooth$Stub$Proxy@2b31e21
09-01 01:31:18.556   567   590 D BluetoothAdapter: onBluetoothServiceDown: android.bluetooth.IBluetooth$Stub$Proxy@70aac0c
09-01 01:31:18.755   442   462 D BluetoothManagerService: MESSAGE_RESTART_BLUETOOTH_SERVICE
09-01 01:31:18.791   442   462 I ActivityManager: Start proc 19460:com.android.bluetooth/1002 for service com.android.bluetooth/.btservice.AdapterService
09-01 01:31:18.884 19460 19460 I chatty  : uid=1002(bluetooth) com.android.bluetooth expire 36 lines
09-01 01:31:18.926 19460 19476 I chatty  : uid=1002(bluetooth) com.android.bluetooth expire 12 lines
09-01 01:31:18.926 19460 19477 I chatty  : uid=1002(bluetooth) com.android.bluetooth expire 39 lines
09-01 01:31:18.931 19460 19480 I chatty  : uid=1002(bluetooth) com.android.bluetooth expire 4 lines
09-01 01:31:18.931 19460 19481 I chatty  : uid=1002(bluetooth) com.android.bluetooth expire 1 line
09-01 01:31:18.933 19460 19482 I chatty  : uid=1002(bluetooth) com.android.bluetooth expire 3 lines
09-01 01:31:18.937   442   442 D BluetoothManagerService: Bluetooth Adapter name changed to AOSP on navi_ref
09-01 01:31:18.937   442   442 D BluetoothManagerService: Stored Bluetooth name: AOSP on navi_ref
09-01 01:31:18.941   442   442 D BluetoothManagerService: BluetoothServiceConnection: com.android.bluetooth.btservice.AdapterService
09-01 01:31:18.941   442   462 D BluetoothManagerService: MESSAGE_BLUETOOTH_SERVICE_CONNECTED: 1
09-01 01:31:18.943 19460 19474 I chatty  : uid=1002(bluetooth) com.android.bluetooth expire 2 lines
09-01 01:31:18.945   442   462 D BluetoothManagerService: Broadcasting onBluetoothServiceUp() to 5 receivers.
09-01 01:31:18.945   442   462 D BluetoothAdapter: onBluetoothServiceUp: android.bluetooth.IBluetooth$Stub$Proxy@ae848d1
09-01 01:31:18.945   670 12016 D BluetoothAdapter: onBluetoothServiceUp: android.bluetooth.IBluetooth$Stub$Proxy@a17d232
09-01 01:31:18.946   567   590 D BluetoothAdapter: onBluetoothServiceUp: android.bluetooth.IBluetooth$Stub$Proxy@d3f1955
09-01 01:31:18.946   653   666 D BluetoothAdapter: onBluetoothServiceUp: android.bluetooth.IBluetooth$Stub$Proxy@7f81246
09-01 01:31:18.946 19460 19473 I chatty  : uid=1002(bluetooth) com.android.bluetooth expire 1 line
09-01 01:31:18.947   442   462 D BluetoothManagerService: MESSAGE_BLUETOOTH_STATE_CHANGE: OFF > BLE_TURNING_ON
09-01 01:31:18.947   442   462 D BluetoothManagerService: Sending BLE State Change: OFF > BLE_TURNING_ON
09-01 01:31:18.950 19460 19483 I chatty  : uid=1002(bluetooth) com.android.bluetooth expire 1 line
09-01 01:31:18.974 19460 19486 I chatty  : uid=1002(bluetooth) com.android.bluetooth expire 7 lines
09-01 01:31:19.634 19460 19487 I chatty  : uid=1002(bluetooth) com.android.bluetooth expire 1 line
09-01 01:31:26.982 19460 19514 I chatty  : uid=1002(bluetooth) com.android.bluetooth expire 21 lines
09-01 01:31:26.987 19460 19515 I chatty  : uid=1002(bluetooth) com.android.bluetooth expire 2 lines
09-01 01:31:27.663   442  1241 I ActivityManager: Process com.android.bluetooth (pid 19460) has died
09-01 01:31:27.663   442  1241 D ActivityManager: cleanUpApplicationRecord -- 19460
09-01 01:31:27.663   442  1241 W ActivityManager: Scheduling restart of crashed service com.android.bluetooth/.gatt.GattService in 1000ms
09-01 01:31:27.663   442  1241 W ActivityManager: Scheduling restart of crashed service com.android.bluetooth/.btservice.AdapterService in 1000ms
09-01 01:31:27.665   442   442 D BluetoothManagerService: BluetoothServiceConnection, disconnected: com.android.bluetooth.btservice.AdapterService
09-01 01:31:27.665   442   462 E BluetoothManagerService: MESSAGE_BLUETOOTH_SERVICE_DISCONNECTED(1)
09-01 01:31:27.665   442   462 D BluetoothManagerService: Broadcasting onBluetoothServiceDown() to 4 receivers.
09-01 01:31:27.665   442   462 D BluetoothAdapter: onBluetoothServiceDown: android.bluetooth.IBluetooth$Stub$Proxy@ae848d1
09-01 01:31:27.666   653   666 D BluetoothAdapter: onBluetoothServiceDown: android.bluetooth.IBluetooth$Stub$Proxy@7f81246
09-01 01:31:27.666   670 12016 D BluetoothAdapter: onBluetoothServiceDown: android.bluetooth.IBluetooth$Stub$Proxy@a17d232
09-01 01:31:27.666   567   590 D BluetoothAdapter: onBluetoothServiceDown: android.bluetooth.IBluetooth$Stub$Proxy@d3f1955
09-01 01:31:27.865   442   462 D BluetoothManagerService: MESSAGE_RESTART_BLUETOOTH_SERVICE
09-01 01:31:27.893   442   462 I ActivityManager: Start proc 19516:com.android.bluetooth/1002 for service com.android.bluetooth/.btservice.AdapterService
09-01 01:31:27.985 19516 19516 I chatty  : uid=1002(bluetooth) com.android.bluetooth expire 36 lines
09-01 01:31:28.030 19516 19532 I chatty  : uid=1002(bluetooth) com.android.bluetooth expire 12 lines
09-01 01:31:28.030 19516 19533 I chatty  : uid=1002(bluetooth) com.android.bluetooth expire 38 lines
09-01 01:31:28.032 19516 19536 I chatty  : uid=1002(bluetooth) com.android.bluetooth expire 1 line
09-01 01:31:28.032 19516 19537 I chatty  : uid=1002(bluetooth) com.android.bluetooth expire 1 line
09-01 01:31:28.033 19516 19538 I chatty  : uid=1002(bluetooth) com.android.bluetooth expire 3 lines
09-01 01:31:28.038   442   442 D BluetoothManagerService: Bluetooth Adapter name changed to AOSP on navi_ref
09-01 01:31:28.038   442   442 D BluetoothManagerService: Stored Bluetooth name: AOSP on navi_ref
09-01 01:31:28.042   442   442 D BluetoothManagerService: BluetoothServiceConnection: com.android.bluetooth.btservice.AdapterService
09-01 01:31:28.043   442   462 D BluetoothManagerService: MESSAGE_BLUETOOTH_SERVICE_CONNECTED: 1
09-01 01:31:28.043 19516 19530 I chatty  : uid=1002(bluetooth) com.android.bluetooth expire 2 lines
09-01 01:31:28.045   442   462 D BluetoothManagerService: Broadcasting onBluetoothServiceUp() to 5 receivers.
09-01 01:31:28.046   442   462 D BluetoothAdapter: onBluetoothServiceUp: android.bluetooth.IBluetooth$Stub$Proxy@c6f9e1a
09-01 01:31:28.046   670 12016 D BluetoothAdapter: onBluetoothServiceUp: android.bluetooth.IBluetooth$Stub$Proxy@2dbeb83
09-01 01:31:28.046   653   666 D BluetoothAdapter: onBluetoothServiceUp: android.bluetooth.IBluetooth$Stub$Proxy@2554c07
09-01 01:31:28.046   567   590 D BluetoothAdapter: onBluetoothServiceUp: android.bluetooth.IBluetooth$Stub$Proxy@a53df6a
09-01 01:31:28.047 19516 19529 I chatty  : uid=1002(bluetooth) com.android.bluetooth expire 1 line
09-01 01:31:28.048   442   462 D BluetoothManagerService: MESSAGE_BLUETOOTH_STATE_CHANGE: OFF > BLE_TURNING_ON
09-01 01:31:28.049   442   462 D BluetoothManagerService: Sending BLE State Change: OFF > BLE_TURNING_ON
09-01 01:31:28.055 19516 19539 I chatty  : uid=1002(bluetooth) com.android.bluetooth expire 1 line
09-01 01:31:28.078 19516 19542 I chatty  : uid=1002(bluetooth) com.android.bluetooth expire 7 lines
09-01 01:31:28.741 19516 19543 I chatty  : uid=1002(bluetooth) com.android.bluetooth expire 1 line
09-01 01:31:36.083 19516 19536 I chatty  : uid=1002(bluetooth) com.android.bluetooth expire 3 lines
09-01 01:31:36.083 19516 19533 I chatty  : uid=1002(bluetooth) com.android.bluetooth expire 1 line
09-01 01:31:36.084 19516 19544 I chatty  : uid=1002(bluetooth) com.android.bluetooth expire 21 lines
09-01 01:31:36.095 19516 19545 I chatty  : uid=1002(bluetooth) com.android.bluetooth expire 2 lines
09-01 01:32:06.793   442  1582 I ActivityManager: Process com.android.bluetooth (pid 19516) has died
09-01 01:32:06.794   442  1582 D ActivityManager: cleanUpApplicationRecord -- 19516
09-01 01:32:06.794   442  1582 W ActivityManager: Scheduling restart of crashed service com.android.bluetooth/.gatt.GattService in 1000ms
09-01 01:32:06.795   442  1582 W ActivityManager: Scheduling restart of crashed service com.android.bluetooth/.btservice.AdapterService in 1000ms
09-01 01:32:06.795   442   442 D BluetoothManagerService: BluetoothServiceConnection, disconnected: com.android.bluetooth.btservice.AdapterService
09-01 01:32:06.796   442   462 E BluetoothManagerService: MESSAGE_BLUETOOTH_SERVICE_DISCONNECTED(1)
09-01 01:32:06.796   442   462 D BluetoothManagerService: Broadcasting onBluetoothServiceDown() to 4 receivers.
09-01 01:32:06.797   442   462 D BluetoothAdapter: onBluetoothServiceDown: android.bluetooth.IBluetooth$Stub$Proxy@c6f9e1a
09-01 01:32:06.797   567   590 D BluetoothAdapter: onBluetoothServiceDown: android.bluetooth.IBluetooth$Stub$Proxy@a53df6a
09-01 01:32:06.797   653   666 D BluetoothAdapter: onBluetoothServiceDown: android.bluetooth.IBluetooth$Stub$Proxy@2554c07
09-01 01:32:06.799   670 12016 D BluetoothAdapter: onBluetoothServiceDown: android.bluetooth.IBluetooth$Stub$Proxy@2dbeb83
09-01 01:32:06.996   442   462 D BluetoothManagerService: MESSAGE_RESTART_BLUETOOTH_SERVICE
09-01 01:32:07.033   442   462 I ActivityManager: Start proc 19546:com.android.bluetooth/1002 for service com.android.bluetooth/.btservice.AdapterService
09-01 01:32:07.122 19546 19546 I chatty  : uid=1002(bluetooth) com.android.bluetooth expire 36 lines
09-01 01:32:07.167 19546 19562 I chatty  : uid=1002(bluetooth) com.android.bluetooth expire 12 lines
09-01 01:32:07.168 19546 19563 I chatty  : uid=1002(bluetooth) com.android.bluetooth expire 39 lines
09-01 01:32:07.169 19546 19566 I chatty  : uid=1002(bluetooth) com.android.bluetooth expire 4 lines
09-01 01:32:07.170 19546 19567 I chatty  : uid=1002(bluetooth) com.android.bluetooth expire 1 line
09-01 01:32:07.171 19546 19568 I chatty  : uid=1002(bluetooth) com.android.bluetooth expire 3 lines
09-01 01:32:07.175   442   442 D BluetoothManagerService: Bluetooth Adapter name changed to AOSP on navi_ref
09-01 01:32:07.175   442   442 D BluetoothManagerService: Stored Bluetooth name: AOSP on navi_ref
09-01 01:32:07.180   442   442 D BluetoothManagerService: BluetoothServiceConnection: com.android.bluetooth.btservice.AdapterService
09-01 01:32:07.184   442   462 D BluetoothManagerService: MESSAGE_BLUETOOTH_SERVICE_CONNECTED: 1
09-01 01:32:07.185 19546 19558 I chatty  : uid=1002(bluetooth) com.android.bluetooth expire 2 lines
09-01 01:32:07.186   442   462 D BluetoothManagerService: Broadcasting onBluetoothServiceUp() to 5 receivers.
09-01 01:32:07.187   670 12016 D BluetoothAdapter: onBluetoothServiceUp: android.bluetooth.IBluetooth$Stub$Proxy@3b76100
09-01 01:32:07.187   442   462 D BluetoothAdapter: onBluetoothServiceUp: android.bluetooth.IBluetooth$Stub$Proxy@6bea9ed
09-01 01:32:07.187   567   590 D BluetoothAdapter: onBluetoothServiceUp: android.bluetooth.IBluetooth$Stub$Proxy@9c49c5b
09-01 01:32:07.187   653   666 D BluetoothAdapter: onBluetoothServiceUp: android.bluetooth.IBluetooth$Stub$Proxy@fe5b134
09-01 01:32:07.188 19546 19560 I chatty  : uid=1002(bluetooth) com.android.bluetooth expire 1 line
09-01 01:32:07.189   442   462 D BluetoothManagerService: MESSAGE_BLUETOOTH_STATE_CHANGE: OFF > BLE_TURNING_ON
09-01 01:32:07.189   442   462 D BluetoothManagerService: Sending BLE State Change: OFF > BLE_TURNING_ON
09-01 01:32:07.207 19546 19569 I chatty  : uid=1002(bluetooth) com.android.bluetooth expire 1 line
09-01 01:32:07.228 19546 19572 I chatty  : uid=1002(bluetooth) com.android.bluetooth expire 7 lines
09-01 01:32:07.889 19546 19573 I chatty  : uid=1002(bluetooth) com.android.bluetooth expire 1 line
09-01 01:32:15.234 19546 19574 I chatty  : uid=1002(bluetooth) com.android.bluetooth expire 21 lines
09-01 01:32:15.241 19546 19575 I chatty  : uid=1002(bluetooth) com.android.bluetooth expire 2 lines
09-01 01:32:45.919   442  2090 I ActivityManager: Process com.android.bluetooth (pid 19546) has died
09-01 01:32:45.919   442   442 D BluetoothManagerService: BluetoothServiceConnection, disconnected: com.android.bluetooth.btservice.AdapterService
09-01 01:32:45.919   442  2090 D ActivityManager: cleanUpApplicationRecord -- 19546
09-01 01:32:45.920   442  2090 W ActivityManager: Scheduling restart of crashed service com.android.bluetooth/.gatt.GattService in 1000ms
09-01 01:32:45.920   442  2090 W ActivityManager: Scheduling restart of crashed service com.android.bluetooth/.btservice.AdapterService in 1000ms
09-01 01:32:45.921   442   462 E BluetoothManagerService: MESSAGE_BLUETOOTH_SERVICE_DISCONNECTED(1)
09-01 01:32:45.921   442   462 D BluetoothManagerService: Broadcasting onBluetoothServiceDown() to 4 receivers.
09-01 01:32:45.922   442   462 D BluetoothAdapter: onBluetoothServiceDown: android.bluetooth.IBluetooth$Stub$Proxy@6bea9ed
09-01 01:32:45.922   670 12016 D BluetoothAdapter: onBluetoothServiceDown: android.bluetooth.IBluetooth$Stub$Proxy@3b76100
09-01 01:32:45.923   567   683 D BluetoothAdapter: onBluetoothServiceDown: android.bluetooth.IBluetooth$Stub$Proxy@9c49c5b
09-01 01:32:45.923   653   666 D BluetoothAdapter: onBluetoothServiceDown: android.bluetooth.IBluetooth$Stub$Proxy@fe5b134
09-01 01:32:46.122   442   462 D BluetoothManagerService: MESSAGE_RESTART_BLUETOOTH_SERVICE
09-01 01:32:46.157   442   462 I ActivityManager: Start proc 19576:com.android.bluetooth/1002 for service com.android.bluetooth/.btservice.AdapterService
09-01 01:32:46.246 19576 19576 I chatty  : uid=1002(bluetooth) com.android.bluetooth expire 36 lines
09-01 01:32:46.287 19576 19592 I chatty  : uid=1002(bluetooth) com.android.bluetooth expire 12 lines
09-01 01:32:46.288 19576 19593 I chatty  : uid=1002(bluetooth) com.android.bluetooth expire 38 lines
09-01 01:32:46.292 19576 19596 I chatty  : uid=1002(bluetooth) com.android.bluetooth expire 1 line
09-01 01:32:46.292 19576 19597 I chatty  : uid=1002(bluetooth) com.android.bluetooth expire 1 line
09-01 01:32:46.293 19576 19598 I chatty  : uid=1002(bluetooth) com.android.bluetooth expire 3 lines
09-01 01:32:46.298   442   442 D BluetoothManagerService: Bluetooth Adapter name changed to AOSP on navi_ref
09-01 01:32:46.298   442   442 D BluetoothManagerService: Stored Bluetooth name: AOSP on navi_ref
09-01 01:32:46.302   442   442 D BluetoothManagerService: BluetoothServiceConnection: com.android.bluetooth.btservice.AdapterService
09-01 01:32:46.302   442   462 D BluetoothManagerService: MESSAGE_BLUETOOTH_SERVICE_CONNECTED: 1
09-01 01:32:46.302 19576 19588 I chatty  : uid=1002(bluetooth) com.android.bluetooth expire 2 lines
09-01 01:32:46.304   442   462 D BluetoothManagerService: Broadcasting onBluetoothServiceUp() to 5 receivers.
09-01 01:32:46.305   670 12016 D BluetoothAdapter: onBluetoothServiceUp: android.bluetooth.IBluetooth$Stub$Proxy@aa27d39
09-01 01:32:46.305   442   462 D BluetoothAdapter: onBluetoothServiceUp: android.bluetooth.IBluetooth$Stub$Proxy@e57c615
09-01 01:32:46.305   653   666 D BluetoothAdapter: onBluetoothServiceUp: android.bluetooth.IBluetooth$Stub$Proxy@3027b5d
09-01 01:32:46.306   567   683 D BluetoothAdapter: onBluetoothServiceUp: android.bluetooth.IBluetooth$Stub$Proxy@9bc7cf8
09-01 01:32:46.307 19576 19590 I chatty  : uid=1002(bluetooth) com.android.bluetooth expire 1 line
09-01 01:32:46.310   442   462 D BluetoothManagerService: MESSAGE_BLUETOOTH_STATE_CHANGE: OFF > BLE_TURNING_ON
09-01 01:32:46.310   442   462 D BluetoothManagerService: Sending BLE State Change: OFF > BLE_TURNING_ON
09-01 01:32:46.311 19576 19599 I chatty  : uid=1002(bluetooth) com.android.bluetooth expire 1 line
09-01 01:32:46.336 19576 19602 I chatty  : uid=1002(bluetooth) com.android.bluetooth expire 7 lines
09-01 01:32:46.997 19576 19603 I chatty  : uid=1002(bluetooth) com.android.bluetooth expire 1 line
09-01 01:32:54.340 19576 19596 I chatty  : uid=1002(bluetooth) com.android.bluetooth expire 3 lines
09-01 01:32:54.340 19576 19593 I chatty  : uid=1002(bluetooth) com.android.bluetooth expire 1 line
09-01 01:32:54.342 19576 19604 I chatty  : uid=1002(bluetooth) com.android.bluetooth expire 21 lines
09-01 01:32:54.346 19576 19605 I chatty  : uid=1002(bluetooth) com.android.bluetooth expire 2 lines
09-01 01:33:25.027   442   442 D BluetoothManagerService: BluetoothServiceConnection, disconnected: com.android.bluetooth.btservice.AdapterService
09-01 01:33:25.027   442  1408 I ActivityManager: Process com.android.bluetooth (pid 19576) has died
09-01 01:33:25.027   442  1408 D ActivityManager: cleanUpApplicationRecord -- 19576
09-01 01:33:25.028   442  1408 W ActivityManager: Scheduling restart of crashed service com.android.bluetooth/.gatt.GattService in 1000ms
09-01 01:33:25.028   442  1408 W ActivityManager: Scheduling restart of crashed service com.android.bluetooth/.btservice.AdapterService in 1000ms
09-01 01:33:25.029   442   462 E BluetoothManagerService: MESSAGE_BLUETOOTH_SERVICE_DISCONNECTED(1)
09-01 01:33:25.029   442   462 D BluetoothManagerService: Broadcasting onBluetoothServiceDown() to 4 receivers.
09-01 01:33:25.030   442   462 D BluetoothAdapter: onBluetoothServiceDown: android.bluetooth.IBluetooth$Stub$Proxy@e57c615
09-01 01:33:25.030   670 12016 D BluetoothAdapter: onBluetoothServiceDown: android.bluetooth.IBluetooth$Stub$Proxy@aa27d39
09-01 01:33:25.031   567   683 D BluetoothAdapter: onBluetoothServiceDown: android.bluetooth.IBluetooth$Stub$Proxy@9bc7cf8
09-01 01:33:25.031   653   666 D BluetoothAdapter: onBluetoothServiceDown: android.bluetooth.IBluetooth$Stub$Proxy@3027b5d
09-01 01:33:25.230   442   462 D BluetoothManagerService: MESSAGE_RESTART_BLUETOOTH_SERVICE
09-01 01:33:25.264   442   462 I ActivityManager: Start proc 19608:com.android.bluetooth/1002 for service com.android.bluetooth/.btservice.AdapterService
09-01 01:33:25.369 19608 19608 I chatty  : uid=1002(bluetooth) com.android.bluetooth expire 36 lines
09-01 01:33:25.412 19608 19625 I chatty  : uid=1002(bluetooth) com.android.bluetooth expire 12 lines
09-01 01:33:25.413 19608 19626 I chatty  : uid=1002(bluetooth) com.android.bluetooth expire 39 lines
09-01 01:33:25.415 19608 19629 I chatty  : uid=1002(bluetooth) com.android.bluetooth expire 4 lines
09-01 01:33:25.415 19608 19630 I chatty  : uid=1002(bluetooth) com.android.bluetooth expire 1 line
09-01 01:33:25.416 19608 19631 I chatty  : uid=1002(bluetooth) com.android.bluetooth expire 3 lines
09-01 01:33:25.421   442   442 D BluetoothManagerService: Bluetooth Adapter name changed to AOSP on navi_ref
09-01 01:33:25.421   442   442 D BluetoothManagerService: Stored Bluetooth name: AOSP on navi_ref
09-01 01:33:25.424   442   442 D BluetoothManagerService: BluetoothServiceConnection: com.android.bluetooth.btservice.AdapterService
09-01 01:33:25.425   442   462 D BluetoothManagerService: MESSAGE_BLUETOOTH_SERVICE_CONNECTED: 1
09-01 01:33:25.426 19608 19620 I chatty  : uid=1002(bluetooth) com.android.bluetooth expire 2 lines
09-01 01:33:25.427   442   462 D BluetoothManagerService: Broadcasting onBluetoothServiceUp() to 5 receivers.
09-01 01:33:25.428   442   462 D BluetoothAdapter: onBluetoothServiceUp: android.bluetooth.IBluetooth$Stub$Proxy@3a7d93d
09-01 01:33:25.428   670 12016 D BluetoothAdapter: onBluetoothServiceUp: android.bluetooth.IBluetooth$Stub$Proxy@c6cdf7e
09-01 01:33:25.428   653   666 D BluetoothAdapter: onBluetoothServiceUp: android.bluetooth.IBluetooth$Stub$Proxy@930cd2
09-01 01:33:25.428   567   683 D BluetoothAdapter: onBluetoothServiceUp: android.bluetooth.IBluetooth$Stub$Proxy@324f5d1
09-01 01:33:25.429 19608 19621 I chatty  : uid=1002(bluetooth) com.android.bluetooth expire 1 line
09-01 01:33:25.431   442   462 D BluetoothManagerService: MESSAGE_BLUETOOTH_STATE_CHANGE: OFF > BLE_TURNING_ON
09-01 01:33:25.431   442   462 D BluetoothManagerService: Sending BLE State Change: OFF > BLE_TURNING_ON
09-01 01:33:25.433 19608 19632 I chatty  : uid=1002(bluetooth) com.android.bluetooth expire 1 line
09-01 01:33:25.463 19608 19635 I chatty  : uid=1002(bluetooth) com.android.bluetooth expire 7 lines
09-01 01:33:26.123 19608 19636 I chatty  : uid=1002(bluetooth) com.android.bluetooth expire 1 line
09-01 01:33:33.469 19608 19637 I chatty  : uid=1002(bluetooth) com.android.bluetooth expire 21 lines
09-01 01:33:33.474 19608 19638 I chatty  : uid=1002(bluetooth) com.android.bluetooth expire 2 lines
09-01 01:33:34.176   442   442 D BluetoothManagerService: BluetoothServiceConnection, disconnected: com.android.bluetooth.btservice.AdapterService
09-01 01:33:34.176   442   462 E BluetoothManagerService: MESSAGE_BLUETOOTH_SERVICE_DISCONNECTED(1)
09-01 01:33:34.176   442  1408 I ActivityManager: Process com.android.bluetooth (pid 19608) has died
09-01 01:33:34.176   442   462 D BluetoothManagerService: Broadcasting onBluetoothServiceDown() to 4 receivers.
09-01 01:33:34.176   442  1408 D ActivityManager: cleanUpApplicationRecord -- 19608
09-01 01:33:34.177   442   462 D BluetoothAdapter: onBluetoothServiceDown: android.bluetooth.IBluetooth$Stub$Proxy@3a7d93d
09-01 01:33:34.177   442  1408 W ActivityManager: Scheduling restart of crashed service com.android.bluetooth/.gatt.GattService in 1000ms
09-01 01:33:34.177   670 12016 D BluetoothAdapter: onBluetoothServiceDown: android.bluetooth.IBluetooth$Stub$Proxy@c6cdf7e
09-01 01:33:34.177   442  1408 W ActivityManager: Scheduling restart of crashed service com.android.bluetooth/.btservice.AdapterService in 1000ms
09-01 01:33:34.177   567   683 D BluetoothAdapter: onBluetoothServiceDown: android.bluetooth.IBluetooth$Stub$Proxy@324f5d1
09-01 01:33:34.179   653   666 D BluetoothAdapter: onBluetoothServiceDown: android.bluetooth.IBluetooth$Stub$Proxy@930cd2
09-01 01:33:34.376   442   462 D BluetoothManagerService: MESSAGE_RESTART_BLUETOOTH_SERVICE
09-01 01:33:34.404   442   462 I ActivityManager: Start proc 19639:com.android.bluetooth/1002 for service com.android.bluetooth/.btservice.AdapterService
09-01 01:33:34.503 19639 19639 I chatty  : uid=1002(bluetooth) com.android.bluetooth expire 36 lines
09-01 01:33:34.548 19639 19655 I chatty  : uid=1002(bluetooth) com.android.bluetooth expire 12 lines
09-01 01:33:34.548 19639 19656 I chatty  : uid=1002(bluetooth) com.android.bluetooth expire 33 lines
09-01 01:33:34.550 19639 19659 I chatty  : uid=1002(bluetooth) com.android.bluetooth expire 1 line
09-01 01:33:34.550 19639 19660 I chatty  : uid=1002(bluetooth) com.android.bluetooth expire 1 line
09-01 01:33:34.551 19639 19661 I chatty  : uid=1002(bluetooth) com.android.bluetooth expire 3 lines
09-01 01:33:34.556   442   442 D BluetoothManagerService: Bluetooth Adapter name changed to AOSP on navi_ref
09-01 01:33:34.556   442   442 D BluetoothManagerService: Stored Bluetooth name: AOSP on navi_ref
09-01 01:33:34.565   442   442 D BluetoothManagerService: BluetoothServiceConnection: com.android.bluetooth.btservice.AdapterService
09-01 01:33:34.565   442   462 D BluetoothManagerService: MESSAGE_BLUETOOTH_SERVICE_CONNECTED: 1
09-01 01:33:34.566 19639 19653 I chatty  : uid=1002(bluetooth) com.android.bluetooth expire 2 lines
09-01 01:33:34.568   442   462 D BluetoothManagerService: Broadcasting onBluetoothServiceUp() to 5 receivers.
09-01 01:33:34.568   670 12016 D BluetoothAdapter: onBluetoothServiceUp: android.bluetooth.IBluetooth$Stub$Proxy@fe7bcdf
09-01 01:33:34.568   442   462 D BluetoothAdapter: onBluetoothServiceUp: android.bluetooth.IBluetooth$Stub$Proxy@c9f6356
09-01 01:33:34.568   653   666 D BluetoothAdapter: onBluetoothServiceUp: android.bluetooth.IBluetooth$Stub$Proxy@8f0a1a3
09-01 01:33:34.569   567   683 D BluetoothAdapter: onBluetoothServiceUp: android.bluetooth.IBluetooth$Stub$Proxy@a488836
09-01 01:33:34.569 19639 19651 I chatty  : uid=1002(bluetooth) com.android.bluetooth expire 1 line
09-01 01:33:34.570   442   462 D BluetoothManagerService: MESSAGE_BLUETOOTH_STATE_CHANGE: OFF > BLE_TURNING_ON
09-01 01:33:34.570   442   462 D BluetoothManagerService: Sending BLE State Change: OFF > BLE_TURNING_ON
09-01 01:33:34.572 19639 19662 I chatty  : uid=1002(bluetooth) com.android.bluetooth expire 1 line
09-01 01:33:34.595 19639 19665 I chatty  : uid=1002(bluetooth) com.android.bluetooth expire 7 lines
09-01 01:33:34.598 19639 19656 I chatty  : uid=1002(bluetooth) com.android.bluetooth expire 6 lines
09-01 01:33:35.256 19639 19666 I chatty  : uid=1002(bluetooth) com.android.bluetooth expire 1 line
09-01 01:33:42.600 19639 19659 I chatty  : uid=1002(bluetooth) com.android.bluetooth expire 3 lines
09-01 01:33:42.601 19639 19667 I chatty  : uid=1002(bluetooth) com.android.bluetooth expire 21 lines
09-01 01:33:42.610 19639 19668 I chatty  : uid=1002(bluetooth) com.android.bluetooth expire 2 lines
09-01 01:33:43.285   442   442 D BluetoothManagerService: BluetoothServiceConnection, disconnected: com.android.bluetooth.btservice.AdapterService
09-01 01:33:43.286   442   462 E BluetoothManagerService: MESSAGE_BLUETOOTH_SERVICE_DISCONNECTED(1)
09-01 01:33:43.286   442   699 I ActivityManager: Process com.android.bluetooth (pid 19639) has died
09-01 01:33:43.286   442   462 D BluetoothManagerService: Broadcasting onBluetoothServiceDown() to 4 receivers.
09-01 01:33:43.286   442   699 D ActivityManager: cleanUpApplicationRecord -- 19639
09-01 01:33:43.287   442   699 W ActivityManager: Scheduling restart of crashed service com.android.bluetooth/.gatt.GattService in 1000ms
09-01 01:33:43.287   670 12016 D BluetoothAdapter: onBluetoothServiceDown: android.bluetooth.IBluetooth$Stub$Proxy@fe7bcdf
09-01 01:33:43.287   442   699 W ActivityManager: Scheduling restart of crashed service com.android.bluetooth/.btservice.AdapterService in 1000ms
09-01 01:33:43.288   442   462 D BluetoothAdapter: onBluetoothServiceDown: android.bluetooth.IBluetooth$Stub$Proxy@c9f6356
09-01 01:33:43.288   567   683 D BluetoothAdapter: onBluetoothServiceDown: android.bluetooth.IBluetooth$Stub$Proxy@a488836
09-01 01:33:43.290   653   666 D BluetoothAdapter: onBluetoothServiceDown: android.bluetooth.IBluetooth$Stub$Proxy@8f0a1a3
09-01 01:33:43.486   442   462 D BluetoothManagerService: MESSAGE_RESTART_BLUETOOTH_SERVICE
09-01 01:33:43.523   442   462 I ActivityManager: Start proc 19669:com.android.bluetooth/1002 for service com.android.bluetooth/.btservice.AdapterService
09-01 01:33:43.616 19669 19669 I chatty  : uid=1002(bluetooth) com.android.bluetooth expire 36 lines
09-01 01:33:43.660 19669 19685 I chatty  : uid=1002(bluetooth) com.android.bluetooth expire 12 lines
09-01 01:33:43.660 19669 19686 I chatty  : uid=1002(bluetooth) com.android.bluetooth expire 39 lines
09-01 01:33:43.662 19669 19689 I chatty  : uid=1002(bluetooth) com.android.bluetooth expire 4 lines
09-01 01:33:43.662 19669 19690 I chatty  : uid=1002(bluetooth) com.android.bluetooth expire 1 line
09-01 01:33:43.664 19669 19691 I chatty  : uid=1002(bluetooth) com.android.bluetooth expire 3 lines
09-01 01:33:43.668   442   442 D BluetoothManagerService: Bluetooth Adapter name changed to AOSP on navi_ref
09-01 01:33:43.668   442   442 D BluetoothManagerService: Stored Bluetooth name: AOSP on navi_ref
09-01 01:33:43.672   442   442 D BluetoothManagerService: BluetoothServiceConnection: com.android.bluetooth.btservice.AdapterService
09-01 01:33:43.674   442   462 D BluetoothManagerService: MESSAGE_BLUETOOTH_SERVICE_CONNECTED: 1
09-01 01:33:43.674 19669 19683 I chatty  : uid=1002(bluetooth) com.android.bluetooth expire 3 lines
09-01 01:33:43.676   442   462 D BluetoothManagerService: Broadcasting onBluetoothServiceUp() to 5 receivers.
09-01 01:33:43.676   670 12016 D BluetoothAdapter: onBluetoothServiceUp: android.bluetooth.IBluetooth$Stub$Proxy@4b18d2c
09-01 01:33:43.676   442   462 D BluetoothAdapter: onBluetoothServiceUp: android.bluetooth.IBluetooth$Stub$Proxy@430bceb
09-01 01:33:43.677   653   666 D BluetoothAdapter: onBluetoothServiceUp: android.bluetooth.IBluetooth$Stub$Proxy@6c6aca0
09-01 01:33:43.677   567   683 D BluetoothAdapter: onBluetoothServiceUp: android.bluetooth.IBluetooth$Stub$Proxy@a26a337
09-01 01:33:43.680   442   462 D BluetoothManagerService: MESSAGE_BLUETOOTH_STATE_CHANGE: OFF > BLE_TURNING_ON
09-01 01:33:43.680   442   462 D BluetoothManagerService: Sending BLE State Change: OFF > BLE_TURNING_ON
09-01 01:33:43.687 19669 19692 I chatty  : uid=1002(bluetooth) com.android.bluetooth expire 1 line
09-01 01:33:43.708 19669 19695 I chatty  : uid=1002(bluetooth) com.android.bluetooth expire 7 lines
09-01 01:33:44.369 19669 19696 I chatty  : uid=1002(bluetooth) com.android.bluetooth expire 1 line
09-01 01:33:51.714 19669 19697 I chatty  : uid=1002(bluetooth) com.android.bluetooth expire 21 lines
09-01 01:33:51.721 19669 19698 I chatty  : uid=1002(bluetooth) com.android.bluetooth expire 2 lines
09-01 01:33:52.396   442   699 I ActivityManager: Process com.android.bluetooth (pid 19669) has died
09-01 01:33:52.396   442   699 D ActivityManager: cleanUpApplicationRecord -- 19669
09-01 01:33:52.396   442   699 W ActivityManager: Scheduling restart of crashed service com.android.bluetooth/.gatt.GattService in 1000ms
09-01 01:33:52.396   442   699 W ActivityManager: Scheduling restart of crashed service com.android.bluetooth/.btservice.AdapterService in 1000ms
09-01 01:33:52.398   442   442 D BluetoothManagerService: BluetoothServiceConnection, disconnected: com.android.bluetooth.btservice.AdapterService
09-01 01:33:52.398   442   462 E BluetoothManagerService: MESSAGE_BLUETOOTH_SERVICE_DISCONNECTED(1)
09-01 01:33:52.398   442   462 D BluetoothManagerService: Broadcasting onBluetoothServiceDown() to 4 receivers.
09-01 01:33:52.398   442   462 D BluetoothAdapter: onBluetoothServiceDown: android.bluetooth.IBluetooth$Stub$Proxy@430bceb
09-01 01:33:52.398   670 12016 D BluetoothAdapter: onBluetoothServiceDown: android.bluetooth.IBluetooth$Stub$Proxy@4b18d2c
09-01 01:33:52.398   653   666 D BluetoothAdapter: onBluetoothServiceDown: android.bluetooth.IBluetooth$Stub$Proxy@6c6aca0
09-01 01:33:52.399   567   683 D BluetoothAdapter: onBluetoothServiceDown: android.bluetooth.IBluetooth$Stub$Proxy@a26a337
09-01 01:33:52.599   442   462 D BluetoothManagerService: MESSAGE_RESTART_BLUETOOTH_SERVICE
09-01 01:33:52.627   442   462 I ActivityManager: Start proc 19699:com.android.bluetooth/1002 for service com.android.bluetooth/.btservice.AdapterService
09-01 01:33:52.727 19699 19699 I chatty  : uid=1002(bluetooth) com.android.bluetooth expire 36 lines
09-01 01:33:52.769 19699 19715 I chatty  : uid=1002(bluetooth) com.android.bluetooth expire 12 lines
09-01 01:33:52.769 19699 19716 I chatty  : uid=1002(bluetooth) com.android.bluetooth expire 28 lines
09-01 01:33:52.774 19699 19719 I chatty  : uid=1002(bluetooth) com.android.bluetooth expire 1 line
09-01 01:33:52.774 19699 19720 I chatty  : uid=1002(bluetooth) com.android.bluetooth expire 1 line
09-01 01:33:52.776 19699 19721 I chatty  : uid=1002(bluetooth) com.android.bluetooth expire 3 lines
09-01 01:33:52.780   442   442 D BluetoothManagerService: Bluetooth Adapter name changed to AOSP on navi_ref
09-01 01:33:52.780   442   442 D BluetoothManagerService: Stored Bluetooth name: AOSP on navi_ref
09-01 01:33:52.784   442   442 D BluetoothManagerService: BluetoothServiceConnection: com.android.bluetooth.btservice.AdapterService
09-01 01:33:52.784   442   462 D BluetoothManagerService: MESSAGE_BLUETOOTH_SERVICE_CONNECTED: 1
09-01 01:33:52.785 19699 19712 I chatty  : uid=1002(bluetooth) com.android.bluetooth expire 2 lines
09-01 01:33:52.786   442   462 D BluetoothManagerService: Broadcasting onBluetoothServiceUp() to 5 receivers.
09-01 01:33:52.787   442   462 D BluetoothAdapter: onBluetoothServiceUp: android.bluetooth.IBluetooth$Stub$Proxy@f6f6c8c
09-01 01:33:52.787   670 12016 D BluetoothAdapter: onBluetoothServiceUp: android.bluetooth.IBluetooth$Stub$Proxy@4a4b3f5
09-01 01:33:52.787   653   666 D BluetoothAdapter: onBluetoothServiceUp: android.bluetooth.IBluetooth$Stub$Proxy@ef07059
09-01 01:33:52.788   567   683 D BluetoothAdapter: onBluetoothServiceUp: android.bluetooth.IBluetooth$Stub$Proxy@bb870a4
09-01 01:33:52.788 19699 19713 I chatty  : uid=1002(bluetooth) com.android.bluetooth expire 1 line
09-01 01:33:52.790   442   462 D BluetoothManagerService: MESSAGE_BLUETOOTH_STATE_CHANGE: OFF > BLE_TURNING_ON
09-01 01:33:52.790   442   462 D BluetoothManagerService: Sending BLE State Change: OFF > BLE_TURNING_ON
09-01 01:33:52.797 19699 19722 I chatty  : uid=1002(bluetooth) com.android.bluetooth expire 1 line
09-01 01:33:52.819 19699 19725 I chatty  : uid=1002(bluetooth) com.android.bluetooth expire 7 lines
09-01 01:33:52.821 19699 19716 I chatty  : uid=1002(bluetooth) com.android.bluetooth expire 11 lines
09-01 01:33:53.478 19699 19726 I chatty  : uid=1002(bluetooth) com.android.bluetooth expire 1 line
09-01 01:34:00.823 19699 19719 I chatty  : uid=1002(bluetooth) com.android.bluetooth expire 3 lines
09-01 01:34:00.827 19699 19727 I chatty  : uid=1002(bluetooth) com.android.bluetooth expire 21 lines
