09-01 01:15:08.009 16305 16319 I chatty  : uid=1002(bluetooth) com.android.bluetooth expire 3 lines
09-01 01:15:08.011   670 12016 D BluetoothAdapter: onBluetoothServiceUp: android.bluetooth.IBluetooth$Stub$Proxy@bb68586
09-01 01:15:08.011   442   462 D BluetoothAdapter: onBluetoothServiceUp: android.bluetooth.IBluetooth$Stub$Proxy@37fa1dd
09-01 01:15:08.011   653   666 D BluetoothAdapter: onBluetoothServiceUp: android.bluetooth.IBluetooth$Stub$Proxy@ef33e5a
09-01 01:15:08.011   567   590 D BluetoothAdapter: onBluetoothServiceUp: android.bluetooth.IBluetooth$Stub$Proxy@e71aff9
09-01 01:15:08.016 16305 16328 I chatty  : uid=1002(bluetooth) com.android.bluetooth expire 1 line
09-01 01:15:08.034 16305 16331 I chatty  : uid=1002(bluetooth) com.android.bluetooth expire 7 lines
09-01 01:15:08.693 16305 16332 I chatty  : uid=1002(bluetooth) com.android.bluetooth expire 1 line
09-01 01:15:16.041 16305 16333 I chatty  : uid=1002(bluetooth) com.android.bluetooth expire 21 lines
09-01 01:15:16.048 16305 16334 I chatty  : uid=1002(bluetooth) com.android.bluetooth expire 2 lines
09-01 01:15:16.724   442   462 D BluetoothAdapter: onBluetoothServiceDown: android.bluetooth.IBluetooth$Stub$Proxy@37fa1dd
09-01 01:15:16.724   670 12016 D BluetoothAdapter: onBluetoothServiceDown: android.bluetooth.IBluetooth$Stub$Proxy@bb68586
09-01 01:15:16.724   653   666 D BluetoothAdapter: onBluetoothServiceDown: android.bluetooth.IBluetooth$Stub$Proxy@ef33e5a
09-01 01:15:16.725   567   590 D BluetoothAdapter: onBluetoothServiceDown: android.bluetooth.IBluetooth$Stub$Proxy@e71aff9
09-01 01:15:17.044 16335 16335 I chatty  : uid=1002(bluetooth) com.android.bluetooth expire 36 lines
09-01 01:15:17.090 16335 16351 I chatty  : uid=1002(bluetooth) com.android.bluetooth expire 12 lines
09-01 01:15:17.091 16335 16352 I chatty  : uid=1002(bluetooth) com.android.bluetooth expire 38 lines
09-01 01:15:17.092 16335 16355 I chatty  : uid=1002(bluetooth) com.android.bluetooth expire 1 line
09-01 01:15:17.093 16335 16356 I chatty  : uid=1002(bluetooth) com.android.bluetooth expire 1 line
09-01 01:15:17.094 16335 16357 I chatty  : uid=1002(bluetooth) com.android.bluetooth expire 3 lines
09-01 01:15:17.103 16335 16349 I chatty  : uid=1002(bluetooth) com.android.bluetooth expire 3 lines
09-01 01:15:17.105   670 12016 D BluetoothAdapter: onBluetoothServiceUp: android.bluetooth.IBluetooth$Stub$Proxy@509de47
09-01 01:15:17.105   442   462 D BluetoothAdapter: onBluetoothServiceUp: android.bluetooth.IBluetooth$Stub$Proxy@d3ed576
09-01 01:15:17.105   653   666 D BluetoothAdapter: onBluetoothServiceUp: android.bluetooth.IBluetooth$Stub$Proxy@e2d288b
09-01 01:15:17.106   567   590 D BluetoothAdapter: onBluetoothServiceUp: android.bluetooth.IBluetooth$Stub$Proxy@d9bfb3e
09-01 01:15:17.109 16335 16358 I chatty  : uid=1002(bluetooth) com.android.bluetooth expire 1 line
09-01 01:15:17.129 16335 16361 I chatty  : uid=1002(bluetooth) com.android.bluetooth expire 7 lines
09-01 01:15:17.789 16335 16362 I chatty  : uid=1002(bluetooth) com.android.bluetooth expire 1 line
09-01 01:15:25.134 16335 16355 I chatty  : uid=1002(bluetooth) com.android.bluetooth expire 3 lines
09-01 01:15:25.135 16335 16352 I chatty  : uid=1002(bluetooth) com.android.bluetooth expire 1 line
09-01 01:15:25.136 16335 16363 I chatty  : uid=1002(bluetooth) com.android.bluetooth expire 21 lines
09-01 01:15:25.144 16335 16364 I chatty  : uid=1002(bluetooth) com.android.bluetooth expire 2 lines
09-01 01:15:25.818   442   453 I chatty  : uid=1000(system) Binder:442_1 expire 4 lines
09-01 01:15:25.820   442   462 D BluetoothAdapter: onBluetoothServiceDown: android.bluetooth.IBluetooth$Stub$Proxy@d3ed576
09-01 01:15:25.820   670 12016 D BluetoothAdapter: onBluetoothServiceDown: android.bluetooth.IBluetooth$Stub$Proxy@509de47
09-01 01:15:25.820   653   666 D BluetoothAdapter: onBluetoothServiceDown: android.bluetooth.IBluetooth$Stub$Proxy@e2d288b
09-01 01:15:25.820   567   590 D BluetoothAdapter: onBluetoothServiceDown: android.bluetooth.IBluetooth$Stub$Proxy@d9bfb3e
09-01 01:15:26.137 16365 16365 I chatty  : uid=1002(bluetooth) com.android.bluetooth expire 36 lines
09-01 01:15:26.178 16365 16381 I chatty  : uid=1002(bluetooth) com.android.bluetooth expire 12 lines
09-01 01:15:26.179 16365 16382 I chatty  : uid=1002(bluetooth) com.android.bluetooth expire 39 lines
09-01 01:15:26.183 16365 16385 I chatty  : uid=1002(bluetooth) com.android.bluetooth expire 4 lines
09-01 01:15:26.183 16365 16386 I chatty  : uid=1002(bluetooth) com.android.bluetooth expire 1 line
09-01 01:15:26.185 16365 16387 I chatty  : uid=1002(bluetooth) com.android.bluetooth expire 3 lines
09-01 01:15:26.196 16365 16379 I chatty  : uid=1002(bluetooth) com.android.bluetooth expire 2 lines
09-01 01:15:26.199   670 12016 D BluetoothAdapter: onBluetoothServiceUp: android.bluetooth.IBluetooth$Stub$Proxy@8d77674
09-01 01:15:26.199   442   462 D BluetoothAdapter: onBluetoothServiceUp: android.bluetooth.IBluetooth$Stub$Proxy@4081f68
09-01 01:15:26.200   653   666 D BluetoothAdapter: onBluetoothServiceUp: android.bluetooth.IBluetooth$Stub$Proxy@216cd68
09-01 01:15:26.200 16365 16377 I chatty  : uid=1002(bluetooth) com.android.bluetooth expire 1 line
09-01 01:15:26.200   567   590 D BluetoothAdapter: onBluetoothServiceUp: android.bluetooth.IBluetooth$Stub$Proxy@1eb0d9f
09-01 01:15:26.203 16365 16388 I chatty  : uid=1002(bluetooth) com.android.bluetooth expire 1 line
09-01 01:15:26.224 16365 16391 I chatty  : uid=1002(bluetooth) com.android.bluetooth expire 7 lines
09-01 01:15:26.883 16365 16392 I chatty  : uid=1002(bluetooth) com.android.bluetooth expire 1 line
09-01 01:15:34.230 16365 16393 I chatty  : uid=1002(bluetooth) com.android.bluetooth expire 21 lines
09-01 01:15:34.235 16365 16394 I chatty  : uid=1002(bluetooth) com.android.bluetooth expire 2 lines
09-01 01:15:34.911   442  1273 I chatty  : uid=1000(system) Binder:442_B expire 24 lines
09-01 01:15:34.912   442   462 D BluetoothAdapter: onBluetoothServiceDown: android.bluetooth.IBluetooth$Stub$Proxy@4081f68
09-01 01:15:34.912   670 12016 D BluetoothAdapter: onBluetoothServiceDown: android.bluetooth.IBluetooth$Stub$Proxy@8d77674
09-01 01:15:34.912   653   666 D BluetoothAdapter: onBluetoothServiceDown: android.bluetooth.IBluetooth$Stub$Proxy@216cd68
09-01 01:15:34.913   567   590 D BluetoothAdapter: onBluetoothServiceDown: android.bluetooth.IBluetooth$Stub$Proxy@1eb0d9f
09-01 01:15:35.230 16395 16395 I chatty  : uid=1002(bluetooth) com.android.bluetooth expire 36 lines
09-01 01:15:35.274 16395 16411 I chatty  : uid=1002(bluetooth) com.android.bluetooth expire 12 lines
09-01 01:15:35.275 16395 16412 I chatty  : uid=1002(bluetooth) com.android.bluetooth expire 34 lines
09-01 01:15:35.276 16395 16415 I chatty  : uid=1002(bluetooth) com.android.bluetooth expire 1 line
09-01 01:15:35.277 16395 16416 I chatty  : uid=1002(bluetooth) com.android.bluetooth expire 1 line
09-01 01:15:35.278 16395 16417 I chatty  : uid=1002(bluetooth) com.android.bluetooth expire 3 lines
09-01 01:15:35.288 16395 16409 I chatty  : uid=1002(bluetooth) com.android.bluetooth expire 2 lines
09-01 01:15:35.291   442   462 D BluetoothAdapter: onBluetoothServiceUp: android.bluetooth.IBluetooth$Stub$Proxy@e1b1c75
09-01 01:15:35.291   670 12016 D BluetoothAdapter: onBluetoothServiceUp: android.bluetooth.IBluetooth$Stub$Proxy@b8cf79d
09-01 01:15:35.291   653   666 D BluetoothAdapter: onBluetoothServiceUp: android.bluetooth.IBluetooth$Stub$Proxy@cbb5581
09-01 01:15:35.291   567   590 D BluetoothAdapter: onBluetoothServiceUp: android.bluetooth.IBluetooth$Stub$Proxy@7356eec
09-01 01:15:35.292 16395 16408 I chatty  : uid=1002(bluetooth) com.android.bluetooth expire 1 line
09-01 01:15:35.295 16395 16418 I chatty  : uid=1002(bluetooth) com.android.bluetooth expire 1 line
09-01 01:15:35.322 16395 16421 I chatty  : uid=1002(bluetooth) com.android.bluetooth expire 7 lines
09-01 01:15:35.326 16395 16412 I chatty  : uid=1002(bluetooth) com.android.bluetooth expire 5 lines
09-01 01:15:35.983 16395 16422 I chatty  : uid=1002(bluetooth) com.android.bluetooth expire 1 line
09-01 01:15:43.326 16395 16415 I chatty  : uid=1002(bluetooth) com.android.bluetooth expire 3 lines
09-01 01:15:43.328 16395 16423 I chatty  : uid=1002(bluetooth) com.android.bluetooth expire 21 lines
09-01 01:15:43.332 16395 16424 I chatty  : uid=1002(bluetooth) com.android.bluetooth expire 2 lines
09-01 01:15:44.014   442   462 D BluetoothAdapter: onBluetoothServiceDown: android.bluetooth.IBluetooth$Stub$Proxy@e1b1c75
09-01 01:15:44.014   670 12016 D BluetoothAdapter: onBluetoothServiceDown: android.bluetooth.IBluetooth$Stub$Proxy@b8cf79d
09-01 01:15:44.014   653   666 D BluetoothAdapter: onBluetoothServiceDown: android.bluetooth.IBluetooth$Stub$Proxy@cbb5581
09-01 01:15:44.014   567   590 D BluetoothAdapter: onBluetoothServiceDown: android.bluetooth.IBluetooth$Stub$Proxy@7356eec
09-01 01:15:44.328 16425 16425 I chatty  : uid=1002(bluetooth) com.android.bluetooth expire 36 lines
09-01 01:15:44.373 16425 16442 I chatty  : uid=1002(bluetooth) com.android.bluetooth expire 12 lines
09-01 01:15:44.373 16425 16443 I chatty  : uid=1002(bluetooth) com.android.bluetooth expire 39 lines
09-01 01:15:44.375 16425 16446 I chatty  : uid=1002(bluetooth) com.android.bluetooth expire 4 lines
09-01 01:15:44.375 16425 16447 I chatty  : uid=1002(bluetooth) com.android.bluetooth expire 1 line
09-01 01:15:44.377 16425 16448 I chatty  : uid=1002(bluetooth) com.android.bluetooth expire 3 lines
09-01 01:15:44.387 16425 16439 I chatty  : uid=1002(bluetooth) com.android.bluetooth expire 3 lines
09-01 01:15:44.389   442   462 D BluetoothAdapter: onBluetoothServiceUp: android.bluetooth.IBluetooth$Stub$Proxy@30f5aae
09-01 01:15:44.389   670 12016 D BluetoothAdapter: onBluetoothServiceUp: android.bluetooth.IBluetooth$Stub$Proxy@ee57412
09-01 01:15:44.389   653   666 D BluetoothAdapter: onBluetoothServiceUp: android.bluetooth.IBluetooth$Stub$Proxy@296e626
09-01 01:15:44.390   567   590 D BluetoothAdapter: onBluetoothServiceUp: android.bluetooth.IBluetooth$Stub$Proxy@1452b5
09-01 01:15:44.404 16425 16449 I chatty  : uid=1002(bluetooth) com.android.bluetooth expire 1 line
09-01 01:15:44.431 16425 16452 I chatty  : uid=1002(bluetooth) com.android.bluetooth expire 7 lines
09-01 01:15:45.092 16425 16453 I chatty  : uid=1002(bluetooth) com.android.bluetooth expire 1 line
09-01 01:15:48.638 16456 16456 D AndroidRuntime: >>>>>> START com.android.internal.os.RuntimeInit uid 0 <<<<<<
09-01 01:15:48.644 16456 16456 D AndroidRuntime: CheckJNI is OFF
09-01 01:15:48.757 16456 16456 D ICU     : No timezone override file found: /data/misc/zoneinfo/current/icu/icu_tzdata.dat
09-01 01:15:48.809 16456 16456 I Radio-JNI: register_android_hardware_Radio DONE
09-01 01:15:48.829 16456 16456 D AndroidRuntime: Calling main entry com.android.commands.input.Input
09-01 01:15:48.830 16456 16456 I Input   : injectKeyEvent: KeyEvent { action=ACTION_DOWN, keyCode=KEYCODE_MENU, scanCode=0, metaState=0, flags=0x0, repeatCount=0, eventTime=4549765, downTime=4549765, deviceId=-1, source=0x101 }
09-01 01:15:48.834 16456 16456 I Input   : injectKeyEvent: KeyEvent { action=ACTION_UP, keyCode=KEYCODE_MENU, scanCode=0, metaState=0, flags=0x0, repeatCount=0, eventTime=4549765, downTime=4549765, deviceId=-1, source=0x101 }
09-01 01:15:48.836 16456 16456 D AndroidRuntime: Shutting down VM
09-01 01:15:49.714 16466 16466 D AndroidRuntime: >>>>>> START com.android.internal.os.RuntimeInit uid 0 <<<<<<
09-01 01:15:49.720 16466 16466 D AndroidRuntime: CheckJNI is OFF
09-01 01:15:49.834 16466 16466 D ICU     : No timezone override file found: /data/misc/zoneinfo/current/icu/icu_tzdata.dat
09-01 01:15:49.886 16466 16466 I Radio-JNI: register_android_hardware_Radio DONE
09-01 01:15:49.906 16466 16466 D AndroidRuntime: Calling main entry com.android.commands.svc.Svc
09-01 01:15:49.909 16466 16466 D AndroidRuntime: Shutting down VM
09-01 01:15:52.437 16425 16476 I chatty  : uid=1002(bluetooth) com.android.bluetooth expire 21 lines
09-01 01:15:52.441 16425 16477 I chatty  : uid=1002(bluetooth) com.android.bluetooth expire 2 lines
09-01 01:15:53.118   442   462 D BluetoothAdapter: onBluetoothServiceDown: android.bluetooth.IBluetooth$Stub$Proxy@30f5aae
09-01 01:15:53.118   670 12016 D BluetoothAdapter: onBluetoothServiceDown: android.bluetooth.IBluetooth$Stub$Proxy@ee57412
09-01 01:15:53.118   653   666 D BluetoothAdapter: onBluetoothServiceDown: android.bluetooth.IBluetooth$Stub$Proxy@296e626
09-01 01:15:53.119   567   590 D BluetoothAdapter: onBluetoothServiceDown: android.bluetooth.IBluetooth$Stub$Proxy@1452b5
09-01 01:15:53.435 16478 16478 I chatty  : uid=1002(bluetooth) com.android.bluetooth expire 36 lines
09-01 01:15:53.477 16478 16494 I chatty  : uid=1002(bluetooth) com.android.bluetooth expire 12 lines
09-01 01:15:53.477 16478 16495 I chatty  : uid=1002(bluetooth) com.android.bluetooth expire 29 lines
09-01 01:15:53.483 16478 16498 I chatty  : uid=1002(bluetooth) com.android.bluetooth expire 1 line
09-01 01:15:53.483 16478 16499 I chatty  : uid=1002(bluetooth) com.android.bluetooth expire 1 line
09-01 01:15:53.485 16478 16500 I chatty  : uid=1002(bluetooth) com.android.bluetooth expire 3 lines
09-01 01:15:53.499 16478 16491 I chatty  : uid=1002(bluetooth) com.android.bluetooth expire 2 lines
09-01 01:15:53.502   670 12016 D BluetoothAdapter: onBluetoothServiceUp: android.bluetooth.IBluetooth$Stub$Proxy@8fc17e3
09-01 01:15:53.502   442   462 D BluetoothAdapter: onBluetoothServiceUp: android.bluetooth.IBluetooth$Stub$Proxy@7fe73e3
09-01 01:15:53.502   653   666 D BluetoothAdapter: onBluetoothServiceUp: android.bluetooth.IBluetooth$Stub$Proxy@bc3c267
09-01 01:15:53.503   567   590 D BluetoothAdapter: onBluetoothServiceUp: android.bluetooth.IBluetooth$Stub$Proxy@6d88d4a
09-01 01:15:53.503 16478 16492 I chatty  : uid=1002(bluetooth) com.android.bluetooth expire 1 line
09-01 01:15:53.509 16478 16501 I chatty  : uid=1002(bluetooth) com.android.bluetooth expire 1 line
09-01 01:15:53.525 16478 16504 I chatty  : uid=1002(bluetooth) com.android.bluetooth expire 7 lines
09-01 01:15:53.527 16478 16495 I chatty  : uid=1002(bluetooth) com.android.bluetooth expire 10 lines
09-01 01:15:54.185 16478 16505 I chatty  : uid=1002(bluetooth) com.android.bluetooth expire 1 line
09-01 01:16:01.529 16478 16498 I chatty  : uid=1002(bluetooth) com.android.bluetooth expire 3 lines
09-01 01:16:01.531 16478 16506 I chatty  : uid=1002(bluetooth) com.android.bluetooth expire 21 lines
09-01 01:16:01.539 16478 16507 I chatty  : uid=1002(bluetooth) com.android.bluetooth expire 2 lines
09-01 01:16:02.216   442   513 I chatty  : uid=1000(system) Binder:442_3 expire 4 lines
09-01 01:16:02.219   442   462 D BluetoothAdapter: onBluetoothServiceDown: android.bluetooth.IBluetooth$Stub$Proxy@7fe73e3
09-01 01:16:02.219   670 12016 D BluetoothAdapter: onBluetoothServiceDown: android.bluetooth.IBluetooth$Stub$Proxy@8fc17e3
09-01 01:16:02.220   653   666 D BluetoothAdapter: onBluetoothServiceDown: android.bluetooth.IBluetooth$Stub$Proxy@bc3c267
09-01 01:16:02.220   567   590 D BluetoothAdapter: onBluetoothServiceDown: android.bluetooth.IBluetooth$Stub$Proxy@6d88d4a
09-01 01:16:02.538 16508 16508 I chatty  : uid=1002(bluetooth) com.android.bluetooth expire 36 lines
09-01 01:16:02.582 16508 16524 I chatty  : uid=1002(bluetooth) com.android.bluetooth expire 12 lines
09-01 01:16:02.583 16508 16525 I chatty  : uid=1002(bluetooth) com.android.bluetooth expire 39 lines
09-01 01:16:02.584 16508 16528 I chatty  : uid=1002(bluetooth) com.android.bluetooth expire 4 lines
09-01 01:16:02.585 16508 16529 I chatty  : uid=1002(bluetooth) com.android.bluetooth expire 1 line
09-01 01:16:02.586 16508 16530 I chatty  : uid=1002(bluetooth) com.android.bluetooth expire 3 lines
09-01 01:16:02.595 16508 16522 I chatty  : uid=1002(bluetooth) com.android.bluetooth expire 2 lines
09-01 01:16:02.597   670 12016 D BluetoothAdapter: onBluetoothServiceUp: android.bluetooth.IBluetooth$Stub$Proxy@f2f85e0
09-01 01:16:02.597   442   462 D BluetoothAdapter: onBluetoothServiceUp: android.bluetooth.IBluetooth$Stub$Proxy@880d0a4
09-01 01:16:02.598   567   590 D BluetoothAdapter: onBluetoothServiceUp: android.bluetooth.IBluetooth$Stub$Proxy@67ce4bb
09-01 01:16:02.598   653   666 D BluetoothAdapter: onBluetoothServiceUp: android.bluetooth.IBluetooth$Stub$Proxy@a3f5814
09-01 01:16:02.599 16508 16520 I chatty  : uid=1002(bluetooth) com.android.bluetooth expire 1 line
09-01 01:16:02.603 16508 16531 I chatty  : uid=1002(bluetooth) com.android.bluetooth expire 1 line
09-01 01:16:02.628 16508 16534 I chatty  : uid=1002(bluetooth) com.android.bluetooth expire 7 lines
09-01 01:16:03.289 16508 16535 I chatty  : uid=1002(bluetooth) com.android.bluetooth expire 1 line
09-01 01:16:10.638 16508 16536 I chatty  : uid=1002(bluetooth) com.android.bluetooth expire 21 lines
09-01 01:16:10.642 16508 16537 I chatty  : uid=1002(bluetooth) com.android.bluetooth expire 2 lines
09-01 01:16:11.318   442  1514 I chatty  : uid=1000(system) Binder:442_12 expire 4 lines
09-01 01:16:11.324   442   462 D BluetoothAdapter: onBluetoothServiceDown: android.bluetooth.IBluetooth$Stub$Proxy@880d0a4
09-01 01:16:11.324   670 12016 D BluetoothAdapter: onBluetoothServiceDown: android.bluetooth.IBluetooth$Stub$Proxy@f2f85e0
09-01 01:16:11.324   653   666 D BluetoothAdapter: onBluetoothServiceDown: android.bluetooth.IBluetooth$Stub$Proxy@a3f5814
09-01 01:16:11.325   567   590 D BluetoothAdapter: onBluetoothServiceDown: android.bluetooth.IBluetooth$Stub$Proxy@67ce4bb
09-01 01:16:11.640 16538 16538 I chatty  : uid=1002(bluetooth) com.android.bluetooth expire 36 lines
09-01 01:16:11.685 16538 16554 I chatty  : uid=1002(bluetooth) com.android.bluetooth expire 12 lines
09-01 01:16:11.686 16538 16555 I chatty  : uid=1002(bluetooth) com.android.bluetooth expire 25 lines
09-01 01:16:11.687 16538 16558 I chatty  : uid=1002(bluetooth) com.android.bluetooth expire 1 line
09-01 01:16:11.688 16538 16559 I chatty  : uid=1002(bluetooth) com.android.bluetooth expire 1 line
09-01 01:16:11.689 16538 16560 I chatty  : uid=1002(bluetooth) com.android.bluetooth expire 3 lines
09-01 01:16:11.698 16538 16552 I chatty  : uid=1002(bluetooth) com.android.bluetooth expire 2 lines
09-01 01:16:11.701   670 12016 D BluetoothAdapter: onBluetoothServiceUp: android.bluetooth.IBluetooth$Stub$Proxy@d467099
09-01 01:16:11.701   442   462 D BluetoothAdapter: onBluetoothServiceUp: android.bluetooth.IBluetooth$Stub$Proxy@ff2cae6
09-01 01:16:11.701   653   666 D BluetoothAdapter: onBluetoothServiceUp: android.bluetooth.IBluetooth$Stub$Proxy@d46c8bd
09-01 01:16:11.701   567   590 D BluetoothAdapter: onBluetoothServiceUp: android.bluetooth.IBluetooth$Stub$Proxy@4808dd8
09-01 01:16:11.702 16538 16551 I chatty  : uid=1002(bluetooth) com.android.bluetooth expire 1 line
09-01 01:16:11.715 16538 16561 I chatty  : uid=1002(bluetooth) com.android.bluetooth expire 1 line
09-01 01:16:11.731 16538 16555 I chatty  : uid=1002(bluetooth) com.android.bluetooth expire 14 lines
09-01 01:16:11.731 16538 16564 I chatty  : uid=1002(bluetooth) com.android.bluetooth expire 7 lines
09-01 01:16:12.394 16538 16565 I chatty  : uid=1002(bluetooth) com.android.bluetooth expire 1 line
09-01 01:16:19.738 16538 16558 I chatty  : uid=1002(bluetooth) com.android.bluetooth expire 3 lines
09-01 01:16:19.739 16538 16566 I chatty  : uid=1002(bluetooth) com.android.bluetooth expire 21 lines
09-01 01:16:19.746 16538 16567 I chatty  : uid=1002(bluetooth) com.android.bluetooth expire 2 lines
09-01 01:16:20.424   442   462 D BluetoothAdapter: onBluetoothServiceDown: android.bluetooth.IBluetooth$Stub$Proxy@ff2cae6
09-01 01:16:20.424   670 12016 D BluetoothAdapter: onBluetoothServiceDown: android.bluetooth.IBluetooth$Stub$Proxy@d467099
09-01 01:16:20.425   653   666 D BluetoothAdapter: onBluetoothServiceDown: android.bluetooth.IBluetooth$Stub$Proxy@d46c8bd
09-01 01:16:20.425   567   590 D BluetoothAdapter: onBluetoothServiceDown: android.bluetooth.IBluetooth$Stub$Proxy@4808dd8
09-01 01:16:20.742 16569 16569 I chatty  : uid=1002(bluetooth) com.android.bluetooth expire 36 lines
09-01 01:16:20.784 16569 16585 I chatty  : uid=1002(bluetooth) com.android.bluetooth expire 12 lines
09-01 01:16:20.784 16569 16586 I chatty  : uid=1002(bluetooth) com.android.bluetooth expire 39 lines
09-01 01:16:20.789 16569 16589 I chatty  : uid=1002(bluetooth) com.android.bluetooth expire 4 lines
09-01 01:16:20.790 16569 16590 I chatty  : uid=1002(bluetooth) com.android.bluetooth expire 1 line
09-01 01:16:20.791 16569 16591 I chatty  : uid=1002(bluetooth) com.android.bluetooth expire 3 lines
09-01 01:16:20.809 16569 16581 I chatty  : uid=1002(bluetooth) com.android.bluetooth expire 2 lines
09-01 01:16:20.810   442   462 D BluetoothAdapter: onBluetoothServiceUp: android.bluetooth.IBluetooth$Stub$Proxy@bc090b1
09-01 01:16:20.810   670 12016 D BluetoothAdapter: onBluetoothServiceUp: android.bluetooth.IBluetooth$Stub$Proxy@ca2bf5e
09-01 01:16:20.811   653   666 D BluetoothAdapter: onBluetoothServiceUp: android.bluetooth.IBluetooth$Stub$Proxy@77b3eb2
09-01 01:16:20.811   567   590 D BluetoothAdapter: onBluetoothServiceUp: android.bluetooth.IBluetooth$Stub$Proxy@3046531
09-01 01:16:20.813 16569 16583 I chatty  : uid=1002(bluetooth) com.android.bluetooth expire 1 line
09-01 01:16:20.816 16569 16592 I chatty  : uid=1002(bluetooth) com.android.bluetooth expire 1 line
09-01 01:16:20.842 16569 16595 I chatty  : uid=1002(bluetooth) com.android.bluetooth expire 7 lines
09-01 01:16:21.506 16569 16596 I chatty  : uid=1002(bluetooth) com.android.bluetooth expire 1 line
09-01 01:16:28.850 16569 16597 I chatty  : uid=1002(bluetooth) com.android.bluetooth expire 21 lines
09-01 01:16:28.856 16569 16598 I chatty  : uid=1002(bluetooth) com.android.bluetooth expire 2 lines
09-01 01:16:29.532   442   462 D BluetoothAdapter: onBluetoothServiceDown: android.bluetooth.IBluetooth$Stub$Proxy@bc090b1
09-01 01:16:29.533   670 12016 D BluetoothAdapter: onBluetoothServiceDown: android.bluetooth.IBluetooth$Stub$Proxy@ca2bf5e
09-01 01:16:29.533   653   666 D BluetoothAdapter: onBluetoothServiceDown: android.bluetooth.IBluetooth$Stub$Proxy@77b3eb2
09-01 01:16:29.533   567   590 D BluetoothAdapter: onBluetoothServiceDown: android.bluetooth.IBluetooth$Stub$Proxy@3046531
09-01 01:16:29.876 16599 16599 I chatty  : uid=1002(bluetooth) com.android.bluetooth expire 36 lines
09-01 01:16:29.926 16599 16615 I chatty  : uid=1002(bluetooth) com.android.bluetooth expire 12 lines
09-01 01:16:29.927 16599 16616 I chatty  : uid=1002(bluetooth) com.android.bluetooth expire 20 lines
09-01 01:16:29.929 16599 16619 I chatty  : uid=1002(bluetooth) com.android.bluetooth expire 1 line
09-01 01:16:29.929 16599 16620 I chatty  : uid=1002(bluetooth) com.android.bluetooth expire 1 line
09-01 01:16:29.931 16599 16621 I chatty  : uid=1002(bluetooth) com.android.bluetooth expire 3 lines
09-01 01:16:29.941 16599 16613 I chatty  : uid=1002(bluetooth) com.android.bluetooth expire 2 lines
09-01 01:16:29.943   670 12016 D BluetoothAdapter: onBluetoothServiceUp: android.bluetooth.IBluetooth$Stub$Proxy@84e4f3f
09-01 01:16:29.943   442   462 D BluetoothAdapter: onBluetoothServiceUp: android.bluetooth.IBluetooth$Stub$Proxy@b276a7a
09-01 01:16:29.943   653   666 D BluetoothAdapter: onBluetoothServiceUp: android.bluetooth.IBluetooth$Stub$Proxy@c401e03
09-01 01:16:29.943   567   590 D BluetoothAdapter: onBluetoothServiceUp: android.bluetooth.IBluetooth$Stub$Proxy@49a3416
09-01 01:16:29.944 16599 16612 I chatty  : uid=1002(bluetooth) com.android.bluetooth expire 1 line
09-01 01:16:29.956 16599 16622 I chatty  : uid=1002(bluetooth) com.android.bluetooth expire 1 line
09-01 01:16:29.984 16599 16616 I chatty  : uid=1002(bluetooth) com.android.bluetooth expire 19 lines
09-01 01:16:29.985 16599 16625 I chatty  : uid=1002(bluetooth) com.android.bluetooth expire 7 lines
09-01 01:16:30.647 16599 16626 I chatty  : uid=1002(bluetooth) com.android.bluetooth expire 1 line
09-01 01:16:37.989 16599 16619 I chatty  : uid=1002(bluetooth) com.android.bluetooth expire 3 lines
09-01 01:16:37.991 16599 16627 I chatty  : uid=1002(bluetooth) com.android.bluetooth expire 21 lines
09-01 01:16:37.996 16599 16628 I chatty  : uid=1002(bluetooth) com.android.bluetooth expire 2 lines
09-01 01:16:38.678   442   462 D BluetoothAdapter: onBluetoothServiceDown: android.bluetooth.IBluetooth$Stub$Proxy@b276a7a
09-01 01:16:38.679   670 12016 D BluetoothAdapter: onBluetoothServiceDown: android.bluetooth.IBluetooth$Stub$Proxy@84e4f3f
09-01 01:16:38.680   653   666 D BluetoothAdapter: onBluetoothServiceDown: android.bluetooth.IBluetooth$Stub$Proxy@c401e03
09-01 01:16:38.682   567   590 D BluetoothAdapter: onBluetoothServiceDown: android.bluetooth.IBluetooth$Stub$Proxy@49a3416
09-01 01:16:38.991 16630 16630 I chatty  : uid=1002(bluetooth) com.android.bluetooth expire 36 lines
09-01 01:16:39.033 16630 16646 I chatty  : uid=1002(bluetooth) com.android.bluetooth expire 12 lines
09-01 01:16:39.034 16630 16647 I chatty  : uid=1002(bluetooth) com.android.bluetooth expire 39 lines
09-01 01:16:39.035 16630 16650 I chatty  : uid=1002(bluetooth) com.android.bluetooth expire 4 lines
09-01 01:16:39.036 16630 16651 I chatty  : uid=1002(bluetooth) com.android.bluetooth expire 1 line
09-01 01:16:39.037 16630 16652 I chatty  : uid=1002(bluetooth) com.android.bluetooth expire 3 lines
09-01 01:16:39.048 16630 16644 I chatty  : uid=1002(bluetooth) com.android.bluetooth expire 3 lines
09-01 01:16:39.050   442   462 D BluetoothAdapter: onBluetoothServiceUp: android.bluetooth.IBluetooth$Stub$Proxy@44ceeff
09-01 01:16:39.050   670 12016 D BluetoothAdapter: onBluetoothServiceUp: android.bluetooth.IBluetooth$Stub$Proxy@f37200c
09-01 01:16:39.050   653   666 D BluetoothAdapter: onBluetoothServiceUp: android.bluetooth.IBluetooth$Stub$Proxy@9c3e180
09-01 01:16:39.051   567   590 D BluetoothAdapter: onBluetoothServiceUp: android.bluetooth.IBluetooth$Stub$Proxy@8b1197
09-01 01:16:39.057 16630 16653 I chatty  : uid=1002(bluetooth) com.android.bluetooth expire 1 line
09-01 01:16:39.085 16630 16656 I chatty  : uid=1002(bluetooth) com.android.bluetooth expire 7 lines
09-01 01:16:39.745 16630 16657 I chatty  : uid=1002(bluetooth) com.android.bluetooth expire 1 line
09-01 01:16:47.090 16630 16658 I chatty  : uid=1002(bluetooth) com.android.bluetooth expire 21 lines
09-01 01:16:47.095 16630 16659 I chatty  : uid=1002(bluetooth) com.android.bluetooth expire 2 lines
09-01 01:16:47.772   442  1339 I chatty  : uid=1000(system) Binder:442_D expire 8 lines
09-01 01:16:47.774   442   462 D BluetoothAdapter: onBluetoothServiceDown: android.bluetooth.IBluetooth$Stub$Proxy@44ceeff
09-01 01:16:47.774   670 12016 D BluetoothAdapter: onBluetoothServiceDown: android.bluetooth.IBluetooth$Stub$Proxy@f37200c
09-01 01:16:47.774   653   666 D BluetoothAdapter: onBluetoothServiceDown: android.bluetooth.IBluetooth$Stub$Proxy@9c3e180
09-01 01:16:47.774   567   590 D BluetoothAdapter: onBluetoothServiceDown: android.bluetooth.IBluetooth$Stub$Proxy@8b1197
09-01 01:16:48.088 16660 16660 I chatty  : uid=1002(bluetooth) com.android.bluetooth expire 33 lines
09-01 01:16:48.132 16660 16676 I chatty  : uid=1002(bluetooth) com.android.bluetooth expire 10 lines
09-01 01:16:48.133 16660 16677 I chatty  : uid=1002(bluetooth) com.android.bluetooth expire 20 lines
09-01 01:16:48.134 16660 16680 I chatty  : uid=1002(bluetooth) com.android.bluetooth expire 1 line
09-01 01:16:48.135 16660 16681 I chatty  : uid=1002(bluetooth) com.android.bluetooth expire 1 line
09-01 01:16:48.136 16660 16682 I chatty  : uid=1002(bluetooth) com.android.bluetooth expire 3 lines
09-01 01:16:48.153 16660 16674 I chatty  : uid=1002(bluetooth) com.android.bluetooth expire 2 lines
09-01 01:16:48.155   442   462 D BluetoothAdapter: onBluetoothServiceUp: android.bluetooth.IBluetooth$Stub$Proxy@1938fd0
09-01 01:16:48.155   670 12016 D BluetoothAdapter: onBluetoothServiceUp: android.bluetooth.IBluetooth$Stub$Proxy@b847d55
09-01 01:16:48.155   653   666 D BluetoothAdapter: onBluetoothServiceUp: android.bluetooth.IBluetooth$Stub$Proxy@1c33b9
09-01 01:16:48.156   567   590 D BluetoothAdapter: onBluetoothServiceUp: android.bluetooth.IBluetooth$Stub$Proxy@c5caf84
09-01 01:16:48.156 16660 16673 I chatty  : uid=1002(bluetooth) com.android.bluetooth expire 1 line
09-01 01:16:48.160 16660 16683 I chatty  : uid=1002(bluetooth) com.android.bluetooth expire 1 line
09-01 01:16:48.180 16660 16660 I chatty  : uid=1002(bluetooth) com.android.bluetooth expire 3 lines
09-01 01:16:48.181 16660 16676 I chatty  : uid=1002(bluetooth) com.android.bluetooth expire 2 lines
09-01 01:16:48.183 16660 16677 I chatty  : uid=1002(bluetooth) com.android.bluetooth expire 19 lines
09-01 01:16:48.183 16660 16686 I chatty  : uid=1002(bluetooth) com.android.bluetooth expire 7 lines
09-01 01:16:48.844 16660 16687 I chatty  : uid=1002(bluetooth) com.android.bluetooth expire 1 line
09-01 01:16:56.188 16660 16680 I chatty  : uid=1002(bluetooth) com.android.bluetooth expire 3 lines
09-01 01:16:56.189 16660 16688 I chatty  : uid=1002(bluetooth) com.android.bluetooth expire 21 lines
09-01 01:16:56.196 16660 16689 I chatty  : uid=1002(bluetooth) com.android.bluetooth expire 2 lines
09-01 01:16:56.873   442   462 D BluetoothAdapter: onBluetoothServiceDown: android.bluetooth.IBluetooth$Stub$Proxy@1938fd0
09-01 01:16:56.873   670 12016 D BluetoothAdapter: onBluetoothServiceDown: android.bluetooth.IBluetooth$Stub$Proxy@b847d55
09-01 01:16:56.874   653   666 D BluetoothAdapter: onBluetoothServiceDown: android.bluetooth.IBluetooth$Stub$Proxy@1c33b9
09-01 01:16:56.874   567   590 D BluetoothAdapter: onBluetoothServiceDown: android.bluetooth.IBluetooth$Stub$Proxy@c5caf84
09-01 01:16:57.102   442   462 I chatty  : uid=1000(system) android.io expire 117 lines
09-01 01:16:57.192 16690 16690 I chatty  : uid=1002(bluetooth) com.android.bluetooth expire 36 lines
09-01 01:16:57.233 16690 16707 I chatty  : uid=1002(bluetooth) com.android.bluetooth expire 12 lines
09-01 01:16:57.234 16690 16708 I chatty  : uid=1002(bluetooth) com.android.bluetooth expire 39 lines
09-01 01:16:57.237 16690 16711 I chatty  : uid=1002(bluetooth) com.android.bluetooth expire 4 lines
09-01 01:16:57.237 16690 16712 I chatty  : uid=1002(bluetooth) com.android.bluetooth expire 1 line
09-01 01:16:57.239 16690 16713 I chatty  : uid=1002(bluetooth) com.android.bluetooth expire 3 lines
09-01 01:16:57.244   442   442 I chatty  : uid=1000 system_server expire 60 lines
09-01 01:16:57.252 16690 16705 I chatty  : uid=1002(bluetooth) com.android.bluetooth expire 2 lines
09-01 01:16:57.255   670 12016 D BluetoothAdapter: onBluetoothServiceUp: android.bluetooth.IBluetooth$Stub$Proxy@a57736a
09-01 01:16:57.255   442   462 D BluetoothAdapter: onBluetoothServiceUp: android.bluetooth.IBluetooth$Stub$Proxy@689763d
09-01 01:16:57.255   653   666 D BluetoothAdapter: onBluetoothServiceUp: android.bluetooth.IBluetooth$Stub$Proxy@dda93fe
09-01 01:16:57.255   567   590 D BluetoothAdapter: onBluetoothServiceUp: android.bluetooth.IBluetooth$Stub$Proxy@509236d
09-01 01:16:57.256 16690 16704 I chatty  : uid=1002(bluetooth) com.android.bluetooth expire 1 line
09-01 01:16:57.267 16690 16714 I chatty  : uid=1002(bluetooth) com.android.bluetooth expire 1 line
09-01 01:16:57.291 16690 16717 I chatty  : uid=1002(bluetooth) com.android.bluetooth expire 7 lines
09-01 01:16:57.951 16690 16718 I chatty  : uid=1002(bluetooth) com.android.bluetooth expire 1 line
09-01 01:17:05.297 16690 16719 I chatty  : uid=1002(bluetooth) com.android.bluetooth expire 21 lines
09-01 01:17:05.304 16690 16720 I chatty  : uid=1002(bluetooth) com.android.bluetooth expire 2 lines
09-01 01:17:05.980   442  1408 I chatty  : uid=1000(system) Binder:442_F expire 4 lines
09-01 01:17:05.982   442   462 D BluetoothAdapter: onBluetoothServiceDown: android.bluetooth.IBluetooth$Stub$Proxy@689763d
09-01 01:17:05.982   670 12016 D BluetoothAdapter: onBluetoothServiceDown: android.bluetooth.IBluetooth$Stub$Proxy@a57736a
09-01 01:17:05.982   653   666 D BluetoothAdapter: onBluetoothServiceDown: android.bluetooth.IBluetooth$Stub$Proxy@dda93fe
09-01 01:17:05.982   567   590 D BluetoothAdapter: onBluetoothServiceDown: android.bluetooth.IBluetooth$Stub$Proxy@509236d
09-01 01:17:06.299 16721 16721 I chatty  : uid=1002(bluetooth) com.android.bluetooth expire 28 lines
09-01 01:17:06.340 16721 16737 I chatty  : uid=1002(bluetooth) com.android.bluetooth expire 10 lines
09-01 01:17:06.341 16721 16738 I chatty  : uid=1002(bluetooth) com.android.bluetooth expire 20 lines
09-01 01:17:06.343 16721 16741 I chatty  : uid=1002(bluetooth) com.android.bluetooth expire 1 line
09-01 01:17:06.344 16721 16742 I chatty  : uid=1002(bluetooth) com.android.bluetooth expire 1 line
09-01 01:17:06.346 16721 16743 I chatty  : uid=1002(bluetooth) com.android.bluetooth expire 3 lines
09-01 01:17:06.358 16721 16735 I chatty  : uid=1002(bluetooth) com.android.bluetooth expire 2 lines
09-01 01:17:06.360   670 12016 D BluetoothAdapter: onBluetoothServiceUp: android.bluetooth.IBluetooth$Stub$Proxy@a62a05b
09-01 01:17:06.360   442   462 D BluetoothAdapter: onBluetoothServiceUp: android.bluetooth.IBluetooth$Stub$Proxy@14dec56
09-01 01:17:06.360   653   666 D BluetoothAdapter: onBluetoothServiceUp: android.bluetooth.IBluetooth$Stub$Proxy@39c975f
09-01 01:17:06.361   567   590 D BluetoothAdapter: onBluetoothServiceUp: android.bluetooth.IBluetooth$Stub$Proxy@fd7ba2
09-01 01:17:06.362 16721 16734 I chatty  : uid=1002(bluetooth) com.android.bluetooth expire 1 line
09-01 01:17:06.376 16721 16744 I chatty  : uid=1002(bluetooth) com.android.bluetooth expire 1 line
09-01 01:17:06.391 16721 16721 I chatty  : uid=1002(bluetooth) com.android.bluetooth expire 8 lines
09-01 01:17:06.392 16721 16737 I chatty  : uid=1002(bluetooth) com.android.bluetooth expire 2 lines
09-01 01:17:06.394 16721 16738 I chatty  : uid=1002(bluetooth) com.android.bluetooth expire 19 lines
09-01 01:17:06.395 16721 16747 I chatty  : uid=1002(bluetooth) com.android.bluetooth expire 7 lines
09-01 01:17:07.056 16721 16748 I chatty  : uid=1002(bluetooth) com.android.bluetooth expire 1 line
09-01 01:17:14.399 16721 16741 I chatty  : uid=1002(bluetooth) com.android.bluetooth expire 3 lines
09-01 01:17:14.401 16721 16749 I chatty  : uid=1002(bluetooth) com.android.bluetooth expire 21 lines
09-01 01:17:14.409 16721 16750 I chatty  : uid=1002(bluetooth) com.android.bluetooth expire 2 lines
09-01 01:17:15.084   442   454 I chatty  : uid=1000(system) Binder:442_2 expire 20 lines
09-01 01:17:15.085   670 12016 D BluetoothAdapter: onBluetoothServiceDown: android.bluetooth.IBluetooth$Stub$Proxy@a62a05b
09-01 01:17:15.085   442   462 D BluetoothAdapter: onBluetoothServiceDown: android.bluetooth.IBluetooth$Stub$Proxy@14dec56
09-01 01:17:15.085   653   666 D BluetoothAdapter: onBluetoothServiceDown: android.bluetooth.IBluetooth$Stub$Proxy@39c975f
09-01 01:17:15.086   567   590 D BluetoothAdapter: onBluetoothServiceDown: android.bluetooth.IBluetooth$Stub$Proxy@fd7ba2
09-01 01:17:15.403 16751 16751 I chatty  : uid=1002(bluetooth) com.android.bluetooth expire 36 lines
09-01 01:17:15.445 16751 16767 I chatty  : uid=1002(bluetooth) com.android.bluetooth expire 12 lines
09-01 01:17:15.446 16751 16768 I chatty  : uid=1002(bluetooth) com.android.bluetooth expire 39 lines
09-01 01:17:15.451 16751 16771 I chatty  : uid=1002(bluetooth) com.android.bluetooth expire 4 lines
09-01 01:17:15.451 16751 16772 I chatty  : uid=1002(bluetooth) com.android.bluetooth expire 1 line
09-01 01:17:15.453 16751 16773 I chatty  : uid=1002(bluetooth) com.android.bluetooth expire 3 lines
09-01 01:17:15.466 16751 16765 I chatty  : uid=1002(bluetooth) com.android.bluetooth expire 3 lines
09-01 01:17:15.468   670 12016 D BluetoothAdapter: onBluetoothServiceUp: android.bluetooth.IBluetooth$Stub$Proxy@a3c30f8
09-01 01:17:15.468   442   462 D BluetoothAdapter: onBluetoothServiceUp: android.bluetooth.IBluetooth$Stub$Proxy@7df01eb
09-01 01:17:15.468   653   666 D BluetoothAdapter: onBluetoothServiceUp: android.bluetooth.IBluetooth$Stub$Proxy@24595ac
09-01 01:17:15.468   567   590 D BluetoothAdapter: onBluetoothServiceUp: android.bluetooth.IBluetooth$Stub$Proxy@8e53033
09-01 01:17:15.479 16751 16774 I chatty  : uid=1002(bluetooth) com.android.bluetooth expire 1 line
09-01 01:17:15.516 16751 16777 I chatty  : uid=1002(bluetooth) com.android.bluetooth expire 7 lines
09-01 01:17:16.176 16751 16778 I chatty  : uid=1002(bluetooth) com.android.bluetooth expire 1 line
09-01 01:17:23.524 16751 16779 I chatty  : uid=1002(bluetooth) com.android.bluetooth expire 21 lines
09-01 01:17:23.529 16751 16780 I chatty  : uid=1002(bluetooth) com.android.bluetooth expire 2 lines
09-01 01:17:24.207   442   462 D BluetoothAdapter: onBluetoothServiceDown: android.bluetooth.IBluetooth$Stub$Proxy@7df01eb
09-01 01:17:24.207   670 12016 D BluetoothAdapter: onBluetoothServiceDown: android.bluetooth.IBluetooth$Stub$Proxy@a3c30f8
09-01 01:17:24.208   653   666 D BluetoothAdapter: onBluetoothServiceDown: android.bluetooth.IBluetooth$Stub$Proxy@24595ac
09-01 01:17:24.208   567   590 D BluetoothAdapter: onBluetoothServiceDown: android.bluetooth.IBluetooth$Stub$Proxy@8e53033
09-01 01:17:24.525 16781 16781 I chatty  : uid=1002(bluetooth) com.android.bluetooth expire 23 lines
09-01 01:17:24.570 16781 16797 I chatty  : uid=1002(bluetooth) com.android.bluetooth expire 10 lines
09-01 01:17:24.570 16781 16798 I chatty  : uid=1002(bluetooth) com.android.bluetooth expire 20 lines
09-01 01:17:24.572 16781 16801 I chatty  : uid=1002(bluetooth) com.android.bluetooth expire 1 line
09-01 01:17:24.572 16781 16802 I chatty  : uid=1002(bluetooth) com.android.bluetooth expire 1 line
09-01 01:17:24.574 16781 16803 I chatty  : uid=1002(bluetooth) com.android.bluetooth expire 3 lines
09-01 01:17:24.591 16781 16795 I chatty  : uid=1002(bluetooth) com.android.bluetooth expire 2 lines
09-01 01:17:24.593   442   462 D BluetoothAdapter: onBluetoothServiceUp: android.bluetooth.IBluetooth$Stub$Proxy@c86ccd5
09-01 01:17:24.594   670 12016 D BluetoothAdapter: onBluetoothServiceUp: android.bluetooth.IBluetooth$Stub$Proxy@a5c99d1
09-01 01:17:24.594   653   666 D BluetoothAdapter: onBluetoothServiceUp: android.bluetooth.IBluetooth$Stub$Proxy@a435275
09-01 01:17:24.594   567   590 D BluetoothAdapter: onBluetoothServiceUp: android.bluetooth.IBluetooth$Stub$Proxy@8b73ff0
09-01 01:17:24.594 16781 16793 I chatty  : uid=1002(bluetooth) com.android.bluetooth expire 1 line
09-01 01:17:24.599 16781 16804 I chatty  : uid=1002(bluetooth) com.android.bluetooth expire 1 line
09-01 01:17:24.614 16781 16781 I chatty  : uid=1002(bluetooth) com.android.bluetooth expire 13 lines
09-01 01:17:24.620 16781 16797 I chatty  : uid=1002(bluetooth) com.android.bluetooth expire 2 lines
09-01 01:17:24.621 16781 16798 I chatty  : uid=1002(bluetooth) com.android.bluetooth expire 19 lines
09-01 01:17:24.622 16781 16807 I chatty  : uid=1002(bluetooth) com.android.bluetooth expire 7 lines
09-01 01:17:25.284 16781 16808 I chatty  : uid=1002(bluetooth) com.android.bluetooth expire 1 line
09-01 01:17:32.626 16781 16801 I chatty  : uid=1002(bluetooth) com.android.bluetooth expire 3 lines
09-01 01:17:32.627 16781 16809 I chatty  : uid=1002(bluetooth) com.android.bluetooth expire 21 lines
09-01 01:17:32.636 16781 16810 I chatty  : uid=1002(bluetooth) com.android.bluetooth expire 2 lines
09-01 01:17:33.316   670 12016 D BluetoothAdapter: onBluetoothServiceDown: android.bluetooth.IBluetooth$Stub$Proxy@a5c99d1
09-01 01:17:33.316   653   666 D BluetoothAdapter: onBluetoothServiceDown: android.bluetooth.IBluetooth$Stub$Proxy@a435275
09-01 01:17:33.317   442   462 D BluetoothAdapter: onBluetoothServiceDown: android.bluetooth.IBluetooth$Stub$Proxy@c86ccd5
09-01 01:17:33.318   567   590 D BluetoothAdapter: onBluetoothServiceDown: android.bluetooth.IBluetooth$Stub$Proxy@8b73ff0
09-01 01:17:33.636 16811 16811 I chatty  : uid=1002(bluetooth) com.android.bluetooth expire 36 lines
09-01 01:17:33.681 16811 16828 I chatty  : uid=1002(bluetooth) com.android.bluetooth expire 12 lines
09-01 01:17:33.681 16811 16829 I chatty  : uid=1002(bluetooth) com.android.bluetooth expire 39 lines
09-01 01:17:33.683 16811 16832 I chatty  : uid=1002(bluetooth) com.android.bluetooth expire 4 lines
09-01 01:17:33.683 16811 16833 I chatty  : uid=1002(bluetooth) com.android.bluetooth expire 1 line
09-01 01:17:33.684 16811 16834 I chatty  : uid=1002(bluetooth) com.android.bluetooth expire 3 lines
09-01 01:17:33.698 16811 16826 I chatty  : uid=1002(bluetooth) com.android.bluetooth expire 2 lines
09-01 01:17:33.701   670 12016 D BluetoothAdapter: onBluetoothServiceUp: android.bluetooth.IBluetooth$Stub$Proxy@8f15c36
09-01 01:17:33.701   442   462 D BluetoothAdapter: onBluetoothServiceUp: android.bluetooth.IBluetooth$Stub$Proxy@e915d8e
09-01 01:17:33.702   653   666 D BluetoothAdapter: onBluetoothServiceUp: android.bluetooth.IBluetooth$Stub$Proxy@d47f20a
09-01 01:17:33.702   567   590 D BluetoothAdapter: onBluetoothServiceUp: android.bluetooth.IBluetooth$Stub$Proxy@f218969
09-01 01:17:33.702 16811 16823 I chatty  : uid=1002(bluetooth) com.android.bluetooth expire 1 line
09-01 01:17:33.708 16811 16835 I chatty  : uid=1002(bluetooth) com.android.bluetooth expire 1 line
09-01 01:17:33.730 16811 16838 I chatty  : uid=1002(bluetooth) com.android.bluetooth expire 7 lines
09-01 01:17:34.389 16811 16839 I chatty  : uid=1002(bluetooth) com.android.bluetooth expire 1 line
09-01 01:17:41.736 16811 16840 I chatty  : uid=1002(bluetooth) com.android.bluetooth expire 21 lines
09-01 01:17:41.744 16811 16841 I chatty  : uid=1002(bluetooth) com.android.bluetooth expire 2 lines
09-01 01:17:42.419   442   462 D BluetoothAdapter: onBluetoothServiceDown: android.bluetooth.IBluetooth$Stub$Proxy@e915d8e
09-01 01:17:42.419   670 12016 D BluetoothAdapter: onBluetoothServiceDown: android.bluetooth.IBluetooth$Stub$Proxy@8f15c36
09-01 01:17:42.419   653   666 D BluetoothAdapter: onBluetoothServiceDown: android.bluetooth.IBluetooth$Stub$Proxy@d47f20a
09-01 01:17:42.420   442  1273 I chatty  : uid=1000(system) Binder:442_B expire 12 lines
09-01 01:17:42.420   567   590 D BluetoothAdapter: onBluetoothServiceDown: android.bluetooth.IBluetooth$Stub$Proxy@f218969
09-01 01:17:42.736 16842 16842 I chatty  : uid=1002(bluetooth) com.android.bluetooth expire 18 lines
09-01 01:17:42.781 16842 16858 I chatty  : uid=1002(bluetooth) com.android.bluetooth expire 10 lines
09-01 01:17:42.793 16842 16859 I chatty  : uid=1002(bluetooth) com.android.bluetooth expire 20 lines
09-01 01:17:42.795 16842 16862 I chatty  : uid=1002(bluetooth) com.android.bluetooth expire 1 line
09-01 01:17:42.796 16842 16863 I chatty  : uid=1002(bluetooth) com.android.bluetooth expire 1 line
09-01 01:17:42.798 16842 16864 I chatty  : uid=1002(bluetooth) com.android.bluetooth expire 3 lines
09-01 01:17:42.807 16842 16856 I chatty  : uid=1002(bluetooth) com.android.bluetooth expire 2 lines
09-01 01:17:42.809   442   462 D BluetoothAdapter: onBluetoothServiceUp: android.bluetooth.IBluetooth$Stub$Proxy@82af43
09-01 01:17:42.809   670 12016 D BluetoothAdapter: onBluetoothServiceUp: android.bluetooth.IBluetooth$Stub$Proxy@a0e737
09-01 01:17:42.809   653   666 D BluetoothAdapter: onBluetoothServiceUp: android.bluetooth.IBluetooth$Stub$Proxy@11d4a7b
09-01 01:17:42.809   567   590 D BluetoothAdapter: onBluetoothServiceUp: android.bluetooth.IBluetooth$Stub$Proxy@95bafee
09-01 01:17:42.812 16842 16855 I chatty  : uid=1002(bluetooth) com.android.bluetooth expire 1 line
09-01 01:17:42.818 16842 16865 I chatty  : uid=1002(bluetooth) com.android.bluetooth expire 1 line
09-01 01:17:42.828 16842 16842 I chatty  : uid=1002(bluetooth) com.android.bluetooth expire 18 lines
09-01 01:17:42.839 16842 16858 I chatty  : uid=1002(bluetooth) com.android.bluetooth expire 2 lines
09-01 01:17:42.840 16842 16859 I chatty  : uid=1002(bluetooth) com.android.bluetooth expire 19 lines
09-01 01:17:42.840 16842 16868 I chatty  : uid=1002(bluetooth) com.android.bluetooth expire 7 lines
09-01 01:17:43.500 16842 16869 I chatty  : uid=1002(bluetooth) com.android.bluetooth expire 1 line
09-01 01:17:50.845 16842 16862 I chatty  : uid=1002(bluetooth) com.android.bluetooth expire 3 lines
09-01 01:17:50.847 16842 16870 I chatty  : uid=1002(bluetooth) com.android.bluetooth expire 21 lines
09-01 01:17:50.852 16842 16871 I chatty  : uid=1002(bluetooth) com.android.bluetooth expire 2 lines
09-01 01:17:51.530   442   462 D BluetoothAdapter: onBluetoothServiceDown: android.bluetooth.IBluetooth$Stub$Proxy@82af43
09-01 01:17:51.530   670 12016 D BluetoothAdapter: onBluetoothServiceDown: android.bluetooth.IBluetooth$Stub$Proxy@a0e737
09-01 01:17:51.530   653   666 D BluetoothAdapter: onBluetoothServiceDown: android.bluetooth.IBluetooth$Stub$Proxy@11d4a7b
09-01 01:17:51.531   567   590 D BluetoothAdapter: onBluetoothServiceDown: android.bluetooth.IBluetooth$Stub$Proxy@95bafee
09-01 01:17:51.843 16872 16872 I chatty  : uid=1002(bluetooth) com.android.bluetooth expire 36 lines
09-01 01:17:51.888 16872 16888 I chatty  : uid=1002(bluetooth) com.android.bluetooth expire 12 lines
09-01 01:17:51.888 16872 16889 I chatty  : uid=1002(bluetooth) com.android.bluetooth expire 39 lines
09-01 01:17:51.900 16872 16892 I chatty  : uid=1002(bluetooth) com.android.bluetooth expire 4 lines
09-01 01:17:51.901 16872 16893 I chatty  : uid=1002(bluetooth) com.android.bluetooth expire 1 line
09-01 01:17:51.902 16872 16894 I chatty  : uid=1002(bluetooth) com.android.bluetooth expire 3 lines
09-01 01:17:51.925 16872 16884 I chatty  : uid=1002(bluetooth) com.android.bluetooth expire 2 lines
09-01 01:17:51.927   442   462 D BluetoothAdapter: onBluetoothServiceUp: android.bluetooth.IBluetooth$Stub$Proxy@918d284
09-01 01:17:51.927   670 12016 D BluetoothAdapter: onBluetoothServiceUp: android.bluetooth.IBluetooth$Stub$Proxy@67f64a4
09-01 01:17:51.927   653   666 D BluetoothAdapter: onBluetoothServiceUp: android.bluetooth.IBluetooth$Stub$Proxy@c4c6098
09-01 01:17:51.927   567   590 D BluetoothAdapter: onBluetoothServiceUp: android.bluetooth.IBluetooth$Stub$Proxy@bb89c8f
09-01 01:17:51.928 16872 16886 I chatty  : uid=1002(bluetooth) com.android.bluetooth expire 1 line
09-01 01:17:51.931 16872 16895 I chatty  : uid=1002(bluetooth) com.android.bluetooth expire 1 line
09-01 01:17:51.966 16872 16898 I chatty  : uid=1002(bluetooth) com.android.bluetooth expire 7 lines
09-01 01:17:52.629 16872 16899 I chatty  : uid=1002(bluetooth) com.android.bluetooth expire 1 line
09-01 01:17:59.971 16872 16900 I chatty  : uid=1002(bluetooth) com.android.bluetooth expire 21 lines
09-01 01:17:59.977 16872 16901 I chatty  : uid=1002(bluetooth) com.android.bluetooth expire 2 lines
09-01 01:18:00.658   442  1514 I chatty  : uid=1000(system) Binder:442_12 expire 4 lines
09-01 01:18:00.660   442   462 D BluetoothAdapter: onBluetoothServiceDown: android.bluetooth.IBluetooth$Stub$Proxy@918d284
09-01 01:18:00.660   670 12016 D BluetoothAdapter: onBluetoothServiceDown: android.bluetooth.IBluetooth$Stub$Proxy@67f64a4
09-01 01:18:00.660   653   666 D BluetoothAdapter: onBluetoothServiceDown: android.bluetooth.IBluetooth$Stub$Proxy@c4c6098
09-01 01:18:00.661   567   590 D BluetoothAdapter: onBluetoothServiceDown: android.bluetooth.IBluetooth$Stub$Proxy@bb89c8f
09-01 01:18:00.988 16902 16902 I chatty  : uid=1002(bluetooth) com.android.bluetooth expire 18 lines
09-01 01:18:01.029 16902 16918 I chatty  : uid=1002(bluetooth) com.android.bluetooth expire 6 lines
09-01 01:18:01.030 16902 16919 I chatty  : uid=1002(bluetooth) com.android.bluetooth expire 20 lines
09-01 01:18:01.032 16902 16922 I chatty  : uid=1002(bluetooth) com.android.bluetooth expire 1 line
09-01 01:18:01.032 16902 16923 I chatty  : uid=1002(bluetooth) com.android.bluetooth expire 1 line
09-01 01:18:01.033 16902 16924 I chatty  : uid=1002(bluetooth) com.android.bluetooth expire 3 lines
09-01 01:18:01.050 16902 16916 I chatty  : uid=1002(bluetooth) com.android.bluetooth expire 3 lines
09-01 01:18:01.052   670 12016 D BluetoothAdapter: onBluetoothServiceUp: android.bluetooth.IBluetooth$Stub$Proxy@fc0020d
09-01 01:18:01.052   442   462 D BluetoothAdapter: onBluetoothServiceUp: android.bluetooth.IBluetooth$Stub$Proxy@3c833a1
09-01 01:18:01.052   567   590 D BluetoothAdapter: onBluetoothServiceUp: android.bluetooth.IBluetooth$Stub$Proxy@2e86b1c
09-01 01:18:01.053   653   666 D BluetoothAdapter: onBluetoothServiceUp: android.bluetooth.IBluetooth$Stub$Proxy@f83a0f1
09-01 01:18:01.055 16902 16918 I chatty  : uid=1002(bluetooth) com.android.bluetooth expire 6 lines
09-01 01:18:01.056 16902 16925 I chatty  : uid=1002(bluetooth) com.android.bluetooth expire 1 line
09-01 01:18:01.062 16902 16902 I chatty  : uid=1002(bluetooth) com.android.bluetooth expire 18 lines
09-01 01:18:01.073 16902 16919 I chatty  : uid=1002(bluetooth) com.android.bluetooth expire 19 lines
09-01 01:18:01.074 16902 16928 I chatty  : uid=1002(bluetooth) com.android.bluetooth expire 7 lines
09-01 01:18:01.735 16902 16929 I chatty  : uid=1002(bluetooth) com.android.bluetooth expire 1 line
09-01 01:18:09.078 16902 16922 I chatty  : uid=1002(bluetooth) com.android.bluetooth expire 3 lines
09-01 01:18:09.081 16902 16930 I chatty  : uid=1002(bluetooth) com.android.bluetooth expire 21 lines
09-01 01:18:09.088 16902 16931 I chatty  : uid=1002(bluetooth) com.android.bluetooth expire 2 lines
09-01 01:18:09.765   442   462 D BluetoothAdapter: onBluetoothServiceDown: android.bluetooth.IBluetooth$Stub$Proxy@3c833a1
09-01 01:18:09.765   670 12016 D BluetoothAdapter: onBluetoothServiceDown: android.bluetooth.IBluetooth$Stub$Proxy@fc0020d
09-01 01:18:09.765   653   666 D BluetoothAdapter: onBluetoothServiceDown: android.bluetooth.IBluetooth$Stub$Proxy@f83a0f1
09-01 01:18:09.765   567   590 D BluetoothAdapter: onBluetoothServiceDown: android.bluetooth.IBluetooth$Stub$Proxy@2e86b1c
09-01 01:18:10.081 16932 16932 I chatty  : uid=1002(bluetooth) com.android.bluetooth expire 36 lines
