09-01 00:50:51.671 11279 11279 W ViewRootImpl[WebViewBrowserActivity]: Cancelling event due to no window focus: KeyEvent { action=ACTION_UP, keyCode=KEYCODE_MENU, scanCode=0, metaState=0, flags=0x28, repeatCount=0, eventTime=3052570, downTime=3052570, deviceId=-1, source=0x101 }
09-01 00:50:52.328 11200 11200 W ViewRootImpl[GrantPermissionsActivity]: Cancelling event due to no window focus: KeyEvent { action=ACTION_UP, keyCode=KEYCODE_DPAD_RIGHT, scanCode=0, metaState=0, flags=0x28, repeatCount=0, eventTime=3052890, downTime=3052890, deviceId=-1, source=0x101 }
09-01 00:50:52.328 11200 11200 W ViewRootImpl[GrantPermissionsActivity]: Cancelling event due to no window focus: KeyEvent { action=ACTION_UP, keyCode=KEYCODE_DPAD_RIGHT, scanCode=0, metaState=0, flags=0x28, repeatCount=0, eventTime=3052890, downTime=3052890, deviceId=-1, source=0x101 }
09-01 00:50:52.328 11200 11200 W ViewRootImpl[GrantPermissionsActivity]: Cancelling event due to no window focus: KeyEvent { action=ACTION_UP, keyCode=KEYCODE_DPAD_RIGHT, scanCode=0, metaState=0, flags=0x28, repeatCount=0, eventTime=3052890, downTime=3052890, deviceId=-1, source=0x101 }
09-01 00:50:52.328 11200 11200 W ViewRootImpl[GrantPermissionsActivity]: Cancelling event due to no window focus: KeyEvent { action=ACTION_UP, keyCode=KEYCODE_DPAD_RIGHT, scanCode=0, metaState=0, flags=0x28, repeatCount=0, eventTime=3052890, downTime=3052890, deviceId=-1, source=0x101 }
09-01 00:50:52.328 11200 11200 W ViewRootImpl[GrantPermissionsActivity]: Cancelling event due to no window focus: KeyEvent { action=ACTION_UP, keyCode=KEYCODE_DPAD_RIGHT, scanCode=0, metaState=0, flags=0x28, repeatCount=0, eventTime=3052890, downTime=3052890, deviceId=-1, source=0x101 }
09-01 00:50:52.328 11200 11200 W ViewRootImpl[GrantPermissionsActivity]: Cancelling event due to no window focus: KeyEvent { action=ACTION_UP, keyCode=KEYCODE_DPAD_RIGHT, scanCode=0, metaState=0, flags=0x28, repeatCount=0, eventTime=3052890, downTime=3052890, deviceId=-1, source=0x101 }
09-01 00:50:52.328 11200 11200 W ViewRootImpl[GrantPermissionsActivity]: Cancelling event due to no window focus: KeyEvent { action=ACTION_UP, keyCode=KEYCODE_DPAD_RIGHT, scanCode=0, metaState=0, flags=0x28, repeatCount=0, eventTime=3052890, downTime=3052890, deviceId=-1, source=0x101 }
09-01 00:50:52.329 11200 11200 W ViewRootImpl[GrantPermissionsActivity]: Cancelling event due to no window focus: KeyEvent { action=ACTION_UP, keyCode=KEYCODE_DPAD_RIGHT, scanCode=0, metaState=0, flags=0x28, repeatCount=0, eventTime=3052890, downTime=3052890, deviceId=-1, source=0x101 }
09-01 00:50:52.329 11200 11200 W ViewRootImpl[GrantPermissionsActivity]: Cancelling event due to no window focus: KeyEvent { action=ACTION_UP, keyCode=KEYCODE_DPAD_RIGHT, scanCode=0, metaState=0, flags=0x28, repeatCount=0, eventTime=3052890, downTime=3052890, deviceId=-1, source=0x101 }
09-01 00:50:52.354 11200 11200 W ViewRootImpl[GrantPermissionsActivity]: Dropping event due to no window focus: KeyEvent { action=ACTION_DOWN, keyCode=KEYCODE_DPAD_CENTER, scanCode=0, metaState=0, flags=0x8, repeatCount=0, eventTime=3053223, downTime=3053223, deviceId=-1, source=0x101 }
09-01 00:50:52.566 11200 11200 W ViewRootImpl[GrantPermissionsActivity]: Dropping event due to no window focus: KeyEvent { action=ACTION_DOWN, keyCode=KEYCODE_MENU, scanCode=0, metaState=0, flags=0x8, repeatCount=0, eventTime=3053463, downTime=3053463, deviceId=-1, source=0x101 }
09-01 00:50:52.609 11200 11200 W ViewRootImpl[GrantPermissionsActivity]: Cancelling event due to no window focus: KeyEvent { action=ACTION_UP, keyCode=KEYCODE_MENU, scanCode=0, metaState=0, flags=0x28, repeatCount=0, eventTime=3053498, downTime=3053498, deviceId=-1, source=0x101 }
09-01 00:50:52.609 11200 11200 W ViewRootImpl[GrantPermissionsActivity]: Cancelling event due to no window focus: KeyEvent { action=ACTION_UP, keyCode=KEYCODE_MENU, scanCode=0, metaState=0, flags=0x28, repeatCount=0, eventTime=3053498, downTime=3053498, deviceId=-1, source=0x101 }
09-01 00:50:52.610 11200 11200 W ViewRootImpl[GrantPermissionsActivity]: Cancelling event due to no window focus: KeyEvent { action=ACTION_UP, keyCode=KEYCODE_MENU, scanCode=0, metaState=0, flags=0x28, repeatCount=0, eventTime=3053498, downTime=3053498, deviceId=-1, source=0x101 }
09-01 00:50:52.610 11200 11200 W ViewRootImpl[GrantPermissionsActivity]: Cancelling event due to no window focus: KeyEvent { action=ACTION_UP, keyCode=KEYCODE_MENU, scanCode=0, metaState=0, flags=0x28, repeatCount=0, eventTime=3053498, downTime=3053498, deviceId=-1, source=0x101 }
09-01 00:50:52.610 11200 11200 W ViewRootImpl[GrantPermissionsActivity]: Cancelling event due to no window focus: KeyEvent { action=ACTION_UP, keyCode=KEYCODE_MENU, scanCode=0, metaState=0, flags=0x28, repeatCount=0, eventTime=3053498, downTime=3053498, deviceId=-1, source=0x101 }
09-01 00:50:52.610 11200 11200 W ViewRootImpl[GrantPermissionsActivity]: Cancelling event due to no window focus: KeyEvent { action=ACTION_UP, keyCode=KEYCODE_MENU, scanCode=0, metaState=0, flags=0x28, repeatCount=0, eventTime=3053498, downTime=3053498, deviceId=-1, source=0x101 }
09-01 00:50:53.269   442  2090 I chatty  : uid=1000(system) Binder:442_14 expire 3 lines
09-01 00:50:53.491 11200 11200 W ViewRootImpl[GrantPermissionsActivity]: Dropping event due to no window focus: KeyEvent { action=ACTION_DOWN, keyCode=KEYCODE_DPAD_RIGHT, scanCode=0, metaState=0, flags=0x8, repeatCount=0, eventTime=3053823, downTime=3053823, deviceId=-1, source=0x101 }
09-01 00:50:53.493   442   453 I chatty  : uid=1000(system) Binder:442_1 expire 5 lines
09-01 00:50:53.508 11200 11200 W ViewRootImpl[GrantPermissionsActivity]: Cancelling event due to no window focus: KeyEvent { action=ACTION_UP, keyCode=KEYCODE_DPAD_RIGHT, scanCode=0, metaState=0, flags=0x28, repeatCount=0, eventTime=3054403, downTime=3054403, deviceId=-1, source=0x101 }
09-01 00:50:53.509 11200 11200 W ViewRootImpl[GrantPermissionsActivity]: Cancelling event due to no window focus: KeyEvent { action=ACTION_UP, keyCode=KEYCODE_DPAD_RIGHT, scanCode=0, metaState=0, flags=0x28, repeatCount=0, eventTime=3054403, downTime=3054403, deviceId=-1, source=0x101 }
09-01 00:50:53.509 11200 11200 W ViewRootImpl[GrantPermissionsActivity]: Cancelling event due to no window focus: KeyEvent { action=ACTION_UP, keyCode=KEYCODE_DPAD_RIGHT, scanCode=0, metaState=0, flags=0x28, repeatCount=0, eventTime=3054403, downTime=3054403, deviceId=-1, source=0x101 }
09-01 00:50:53.509 11200 11200 W ViewRootImpl[GrantPermissionsActivity]: Cancelling event due to no window focus: KeyEvent { action=ACTION_UP, keyCode=KEYCODE_DPAD_RIGHT, scanCode=0, metaState=0, flags=0x28, repeatCount=0, eventTime=3054403, downTime=3054403, deviceId=-1, source=0x101 }
09-01 00:50:53.509 11200 11200 W ViewRootImpl[GrantPermissionsActivity]: Cancelling event due to no window focus: KeyEvent { action=ACTION_UP, keyCode=KEYCODE_DPAD_RIGHT, scanCode=0, metaState=0, flags=0x28, repeatCount=0, eventTime=3054403, downTime=3054403, deviceId=-1, source=0x101 }
09-01 00:50:53.509 11200 11200 W ViewRootImpl[GrantPermissionsActivity]: Cancelling event due to no window focus: KeyEvent { action=ACTION_UP, keyCode=KEYCODE_DPAD_RIGHT, scanCode=0, metaState=0, flags=0x28, repeatCount=0, eventTime=3054403, downTime=3054403, deviceId=-1, source=0x101 }
09-01 00:50:53.510 11200 11200 W ViewRootImpl[GrantPermissionsActivity]: Cancelling event due to no window focus: KeyEvent { action=ACTION_UP, keyCode=KEYCODE_DPAD_RIGHT, scanCode=0, metaState=0, flags=0x28, repeatCount=0, eventTime=3054403, downTime=3054403, deviceId=-1, source=0x101 }
09-01 00:50:53.510 11200 11200 W ViewRootImpl[GrantPermissionsActivity]: Cancelling event due to no window focus: KeyEvent { action=ACTION_UP, keyCode=KEYCODE_DPAD_RIGHT, scanCode=0, metaState=0, flags=0x28, repeatCount=0, eventTime=3054403, downTime=3054403, deviceId=-1, source=0x101 }
09-01 00:50:53.510 11200 11200 W ViewRootImpl[GrantPermissionsActivity]: Cancelling event due to no window focus: KeyEvent { action=ACTION_UP, keyCode=KEYCODE_DPAD_RIGHT, scanCode=0, metaState=0, flags=0x28, repeatCount=0, eventTime=3054403, downTime=3054403, deviceId=-1, source=0x101 }
09-01 00:50:53.679  1074  1074 W ViewRootImpl[AccountSetupFinal]: Dropping event due to no window focus: KeyEvent { action=ACTION_DOWN, keyCode=KEYCODE_DPAD_DOWN, scanCode=0, metaState=0, flags=0x8, repeatCount=0, eventTime=3054538, downTime=3054538, deviceId=-1, source=0x101 }
09-01 00:50:53.705  1074  1074 W ViewRootImpl[AccountSetupFinal]: Cancelling event due to no window focus: KeyEvent { action=ACTION_UP, keyCode=KEYCODE_DPAD_DOWN, scanCode=0, metaState=0, flags=0x28, repeatCount=0, eventTime=3054611, downTime=3054611, deviceId=-1, source=0x101 }
09-01 00:50:53.705  1074  1074 W ViewRootImpl[AccountSetupFinal]: Cancelling event due to no window focus: KeyEvent { action=ACTION_UP, keyCode=KEYCODE_DPAD_DOWN, scanCode=0, metaState=0, flags=0x28, repeatCount=0, eventTime=3054611, downTime=3054611, deviceId=-1, source=0x101 }
09-01 00:50:53.705  1074  1074 W ViewRootImpl[AccountSetupFinal]: Cancelling event due to no window focus: KeyEvent { action=ACTION_UP, keyCode=KEYCODE_DPAD_DOWN, scanCode=0, metaState=0, flags=0x28, repeatCount=0, eventTime=3054611, downTime=3054611, deviceId=-1, source=0x101 }
09-01 00:50:53.705  1074  1074 W ViewRootImpl[AccountSetupFinal]: Cancelling event due to no window focus: KeyEvent { action=ACTION_UP, keyCode=KEYCODE_DPAD_DOWN, scanCode=0, metaState=0, flags=0x28, repeatCount=0, eventTime=3054611, downTime=3054611, deviceId=-1, source=0x101 }
09-01 00:50:53.705  1074  1074 W ViewRootImpl[AccountSetupFinal]: Cancelling event due to no window focus: KeyEvent { action=ACTION_UP, keyCode=KEYCODE_DPAD_DOWN, scanCode=0, metaState=0, flags=0x28, repeatCount=0, eventTime=3054611, downTime=3054611, deviceId=-1, source=0x101 }
09-01 00:50:53.706  1074  1074 W ViewRootImpl[AccountSetupFinal]: Cancelling event due to no window focus: KeyEvent { action=ACTION_UP, keyCode=KEYCODE_DPAD_DOWN, scanCode=0, metaState=0, flags=0x28, repeatCount=0, eventTime=3054611, downTime=3054611, deviceId=-1, source=0x101 }
09-01 00:50:53.706  1074  1074 W ViewRootImpl[AccountSetupFinal]: Cancelling event due to no window focus: KeyEvent { action=ACTION_UP, keyCode=KEYCODE_DPAD_DOWN, scanCode=0, metaState=0, flags=0x28, repeatCount=0, eventTime=3054611, downTime=3054611, deviceId=-1, source=0x101 }
09-01 00:50:53.706  1074  1074 W ViewRootImpl[AccountSetupFinal]: Cancelling event due to no window focus: KeyEvent { action=ACTION_UP, keyCode=KEYCODE_DPAD_DOWN, scanCode=0, metaState=0, flags=0x28, repeatCount=0, eventTime=3054611, downTime=3054611, deviceId=-1, source=0x101 }
09-01 00:50:53.706  1074  1074 W ViewRootImpl[AccountSetupFinal]: Cancelling event due to no window focus: KeyEvent { action=ACTION_UP, keyCode=KEYCODE_DPAD_DOWN, scanCode=0, metaState=0, flags=0x28, repeatCount=0, eventTime=3054611, downTime=3054611, deviceId=-1, source=0x101 }
09-01 00:50:54.930 11463 11463 W ViewRootImpl[PeopleActivity]: Dropping event due to no window focus: KeyEvent { action=ACTION_DOWN, keyCode=KEYCODE_DPAD_CENTER, scanCode=0, metaState=0, flags=0x8, repeatCount=0, eventTime=3055016, downTime=3055016, deviceId=-1, source=0x101 }
09-01 00:50:54.931 11463 11463 W ViewRootImpl[PeopleActivity]: Cancelling event due to no window focus: KeyEvent { action=ACTION_UP, keyCode=KEYCODE_DPAD_CENTER, scanCode=0, metaState=0, flags=0x28, repeatCount=0, eventTime=3055853, downTime=3055853, deviceId=-1, source=0x101 }
09-01 00:50:54.931 11463 11463 W ViewRootImpl[PeopleActivity]: Cancelling event due to no window focus: KeyEvent { action=ACTION_UP, keyCode=KEYCODE_DPAD_CENTER, scanCode=0, metaState=0, flags=0x28, repeatCount=0, eventTime=3055853, downTime=3055853, deviceId=-1, source=0x101 }
09-01 00:50:54.931 11463 11463 W ViewRootImpl[PeopleActivity]: Cancelling event due to no window focus: KeyEvent { action=ACTION_UP, keyCode=KEYCODE_DPAD_CENTER, scanCode=0, metaState=0, flags=0x28, repeatCount=0, eventTime=3055853, downTime=3055853, deviceId=-1, source=0x101 }
09-01 00:50:54.932 11463 11463 W ViewRootImpl[PeopleActivity]: Cancelling event due to no window focus: KeyEvent { action=ACTION_UP, keyCode=KEYCODE_DPAD_CENTER, scanCode=0, metaState=0, flags=0x28, repeatCount=0, eventTime=3055853, downTime=3055853, deviceId=-1, source=0x101 }
09-01 00:50:54.932 11463 11463 W ViewRootImpl[PeopleActivity]: Cancelling event due to no window focus: KeyEvent { action=ACTION_UP, keyCode=KEYCODE_DPAD_CENTER, scanCode=0, metaState=0, flags=0x28, repeatCount=0, eventTime=3055853, downTime=3055853, deviceId=-1, source=0x101 }
09-01 00:50:54.932 11463 11463 W ViewRootImpl[PeopleActivity]: Cancelling event due to no window focus: KeyEvent { action=ACTION_UP, keyCode=KEYCODE_DPAD_CENTER, scanCode=0, metaState=0, flags=0x28, repeatCount=0, eventTime=3055853, downTime=3055853, deviceId=-1, source=0x101 }
09-01 00:50:54.932 11463 11463 W ViewRootImpl[PeopleActivity]: Cancelling event due to no window focus: KeyEvent { action=ACTION_UP, keyCode=KEYCODE_DPAD_CENTER, scanCode=0, metaState=0, flags=0x28, repeatCount=0, eventTime=3055853, downTime=3055853, deviceId=-1, source=0x101 }
09-01 00:50:54.932 11463 11463 W ViewRootImpl[PeopleActivity]: Cancelling event due to no window focus: KeyEvent { action=ACTION_UP, keyCode=KEYCODE_DPAD_CENTER, scanCode=0, metaState=0, flags=0x28, repeatCount=0, eventTime=3055853, downTime=3055853, deviceId=-1, source=0x101 }
09-01 00:50:54.933 11463 11463 W ViewRootImpl[PeopleActivity]: Cancelling event due to no window focus: KeyEvent { action=ACTION_UP, keyCode=KEYCODE_DPAD_CENTER, scanCode=0, metaState=0, flags=0x28, repeatCount=0, eventTime=3055853, downTime=3055853, deviceId=-1, source=0x101 }
09-01 00:50:54.934 11463 11463 W ViewRootImpl[PeopleActivity]: Dropping event due to no window focus: KeyEvent { action=ACTION_DOWN, keyCode=KEYCODE_MENU, scanCode=0, metaState=0, flags=0x8, repeatCount=0, eventTime=3055866, downTime=3055866, deviceId=-1, source=0x101 }
09-01 00:50:54.941 11463 11463 W ViewRootImpl[PeopleActivity]: Cancelling event due to no window focus: KeyEvent { action=ACTION_UP, keyCode=KEYCODE_MENU, scanCode=0, metaState=0, flags=0x28, repeatCount=0, eventTime=3055870, downTime=3055870, deviceId=-1, source=0x101 }
09-01 00:50:54.941 11463 11463 W ViewRootImpl[PeopleActivity]: Cancelling event due to no window focus: KeyEvent { action=ACTION_UP, keyCode=KEYCODE_MENU, scanCode=0, metaState=0, flags=0x28, repeatCount=0, eventTime=3055870, downTime=3055870, deviceId=-1, source=0x101 }
09-01 00:50:54.941 11463 11463 W ViewRootImpl[PeopleActivity]: Cancelling event due to no window focus: KeyEvent { action=ACTION_UP, keyCode=KEYCODE_MENU, scanCode=0, metaState=0, flags=0x28, repeatCount=0, eventTime=3055870, downTime=3055870, deviceId=-1, source=0x101 }
09-01 00:50:54.941 11463 11463 W ViewRootImpl[PeopleActivity]: Cancelling event due to no window focus: KeyEvent { action=ACTION_UP, keyCode=KEYCODE_MENU, scanCode=0, metaState=0, flags=0x28, repeatCount=0, eventTime=3055870, downTime=3055870, deviceId=-1, source=0x101 }
09-01 00:50:54.941 11463 11463 W ViewRootImpl[PeopleActivity]: Cancelling event due to no window focus: KeyEvent { action=ACTION_UP, keyCode=KEYCODE_MENU, scanCode=0, metaState=0, flags=0x28, repeatCount=0, eventTime=3055870, downTime=3055870, deviceId=-1, source=0x101 }
09-01 00:50:54.941 11463 11463 W ViewRootImpl[PeopleActivity]: Cancelling event due to no window focus: KeyEvent { action=ACTION_UP, keyCode=KEYCODE_MENU, scanCode=0, metaState=0, flags=0x28, repeatCount=0, eventTime=3055870, downTime=3055870, deviceId=-1, source=0x101 }
09-01 00:50:55.056 11463 11463 W ViewRootImpl[PeopleActivity]: Dropping event due to no window focus: KeyEvent { action=ACTION_DOWN, keyCode=KEYCODE_DPAD_CENTER, scanCode=0, metaState=0, flags=0x8, repeatCount=0, eventTime=3055889, downTime=3055889, deviceId=-1, source=0x101 }
09-01 00:50:55.221   567   567 W ViewRootImpl[StatusBar]: Dropping event due to no window focus: KeyEvent { action=ACTION_DOWN, keyCode=KEYCODE_MENU, scanCode=0, metaState=0, flags=0x8, repeatCount=0, eventTime=3056148, downTime=3056148, deviceId=-1, source=0x101 }
09-01 00:50:55.463   442  1273 I chatty  : uid=1000(system) Binder:442_B expire 19 lines
09-01 00:50:58.227   442   442 I chatty  : uid=1000 system_server expire 28 lines
09-01 00:50:58.347   442   462 I chatty  : uid=1000(system) android.io expire 58 lines
09-01 00:50:58.967   442  1582 I chatty  : uid=1000(system) Binder:442_13 expire 8 lines
09-01 00:50:59.762   442  1163 I chatty  : uid=1000(system) Binder:442_8 expire 10 lines
09-01 00:51:00.048   895   895 W ViewRootImpl[DeskClock]: Cancelling event due to no window focus: KeyEvent { action=ACTION_UP, keyCode=KEYCODE_DPAD_UP, scanCode=0, metaState=0, flags=0x28, repeatCount=0, eventTime=3060762, downTime=3060762, deviceId=-1, source=0x101 }
09-01 00:51:00.048   895   895 W ViewRootImpl[DeskClock]: Cancelling event due to no window focus: KeyEvent { action=ACTION_UP, keyCode=KEYCODE_DPAD_UP, scanCode=0, metaState=0, flags=0x28, repeatCount=0, eventTime=3060762, downTime=3060762, deviceId=-1, source=0x101 }
09-01 00:51:00.048   895   895 W ViewRootImpl[DeskClock]: Cancelling event due to no window focus: KeyEvent { action=ACTION_UP, keyCode=KEYCODE_DPAD_UP, scanCode=0, metaState=0, flags=0x28, repeatCount=0, eventTime=3060762, downTime=3060762, deviceId=-1, source=0x101 }
09-01 00:51:00.049   895   895 W ViewRootImpl[DeskClock]: Cancelling event due to no window focus: KeyEvent { action=ACTION_UP, keyCode=KEYCODE_DPAD_UP, scanCode=0, metaState=0, flags=0x28, repeatCount=0, eventTime=3060762, downTime=3060762, deviceId=-1, source=0x101 }
09-01 00:51:00.049   895   895 W ViewRootImpl[DeskClock]: Cancelling event due to no window focus: KeyEvent { action=ACTION_UP, keyCode=KEYCODE_DPAD_UP, scanCode=0, metaState=0, flags=0x28, repeatCount=0, eventTime=3060762, downTime=3060762, deviceId=-1, source=0x101 }
09-01 00:51:00.049   895   895 W ViewRootImpl[DeskClock]: Cancelling event due to no window focus: KeyEvent { action=ACTION_UP, keyCode=KEYCODE_DPAD_UP, scanCode=0, metaState=0, flags=0x28, repeatCount=0, eventTime=3060762, downTime=3060762, deviceId=-1, source=0x101 }
09-01 00:51:00.049   895   895 W ViewRootImpl[DeskClock]: Cancelling event due to no window focus: KeyEvent { action=ACTION_UP, keyCode=KEYCODE_DPAD_UP, scanCode=0, metaState=0, flags=0x28, repeatCount=0, eventTime=3060762, downTime=3060762, deviceId=-1, source=0x101 }
09-01 00:51:00.049   895   895 W ViewRootImpl[DeskClock]: Cancelling event due to no window focus: KeyEvent { action=ACTION_UP, keyCode=KEYCODE_DPAD_UP, scanCode=0, metaState=0, flags=0x28, repeatCount=0, eventTime=3060762, downTime=3060762, deviceId=-1, source=0x101 }
09-01 00:51:00.049   895   895 W ViewRootImpl[DeskClock]: Cancelling event due to no window focus: KeyEvent { action=ACTION_UP, keyCode=KEYCODE_DPAD_UP, scanCode=0, metaState=0, flags=0x28, repeatCount=0, eventTime=3060762, downTime=3060762, deviceId=-1, source=0x101 }
09-01 00:51:00.232 11098 11098 W ViewRootImpl[SearchActivity]: Dropping event due to no window focus: KeyEvent { action=ACTION_DOWN, keyCode=KEYCODE_DPAD_RIGHT, scanCode=0, metaState=0, flags=0x8, repeatCount=0, eventTime=3061047, downTime=3061047, deviceId=-1, source=0x101 }
09-01 00:51:00.496   442  1483 I chatty  : uid=1000(system) Binder:442_11 expire 1 line
09-01 00:51:01.059   895   895 W ViewRootImpl[DeskClock]: Dropping event due to no window focus: KeyEvent { action=ACTION_DOWN, keyCode=KEYCODE_DPAD_CENTER, scanCode=0, metaState=0, flags=0x8, repeatCount=0, eventTime=3061894, downTime=3061894, deviceId=-1, source=0x101 }
09-01 00:51:01.111   442  1452 I chatty  : uid=1000(system) Binder:442_10 expire 5 lines
09-01 00:51:01.260   895   895 W ViewRootImpl[DeskClock]: Dropping event due to no window focus: KeyEvent { action=ACTION_DOWN, keyCode=KEYCODE_DPAD_CENTER, scanCode=0, metaState=0, flags=0x8, repeatCount=0, eventTime=3062139, downTime=3062139, deviceId=-1, source=0x101 }
09-01 00:51:01.319   895   895 W ViewRootImpl[DeskClock]: Cancelling event due to no window focus: KeyEvent { action=ACTION_UP, keyCode=KEYCODE_DPAD_CENTER, scanCode=0, metaState=0, flags=0x28, repeatCount=0, eventTime=3062191, downTime=3062191, deviceId=-1, source=0x101 }
09-01 00:51:01.319   895   895 W ViewRootImpl[DeskClock]: Cancelling event due to no window focus: KeyEvent { action=ACTION_UP, keyCode=KEYCODE_DPAD_CENTER, scanCode=0, metaState=0, flags=0x28, repeatCount=0, eventTime=3062191, downTime=3062191, deviceId=-1, source=0x101 }
09-01 00:51:01.320   895   895 W ViewRootImpl[DeskClock]: Cancelling event due to no window focus: KeyEvent { action=ACTION_UP, keyCode=KEYCODE_DPAD_CENTER, scanCode=0, metaState=0, flags=0x28, repeatCount=0, eventTime=3062191, downTime=3062191, deviceId=-1, source=0x101 }
09-01 00:51:01.320   895   895 W ViewRootImpl[DeskClock]: Cancelling event due to no window focus: KeyEvent { action=ACTION_UP, keyCode=KEYCODE_DPAD_CENTER, scanCode=0, metaState=0, flags=0x28, repeatCount=0, eventTime=3062191, downTime=3062191, deviceId=-1, source=0x101 }
09-01 00:51:01.320   895   895 W ViewRootImpl[DeskClock]: Cancelling event due to no window focus: KeyEvent { action=ACTION_UP, keyCode=KEYCODE_DPAD_CENTER, scanCode=0, metaState=0, flags=0x28, repeatCount=0, eventTime=3062191, downTime=3062191, deviceId=-1, source=0x101 }
09-01 00:51:01.320   895   895 W ViewRootImpl[DeskClock]: Cancelling event due to no window focus: KeyEvent { action=ACTION_UP, keyCode=KEYCODE_DPAD_CENTER, scanCode=0, metaState=0, flags=0x28, repeatCount=0, eventTime=3062191, downTime=3062191, deviceId=-1, source=0x101 }
09-01 00:51:01.320   895   895 W ViewRootImpl[DeskClock]: Cancelling event due to no window focus: KeyEvent { action=ACTION_UP, keyCode=KEYCODE_DPAD_CENTER, scanCode=0, metaState=0, flags=0x28, repeatCount=0, eventTime=3062191, downTime=3062191, deviceId=-1, source=0x101 }
09-01 00:51:01.320   895   895 W ViewRootImpl[DeskClock]: Cancelling event due to no window focus: KeyEvent { action=ACTION_UP, keyCode=KEYCODE_DPAD_CENTER, scanCode=0, metaState=0, flags=0x28, repeatCount=0, eventTime=3062191, downTime=3062191, deviceId=-1, source=0x101 }
09-01 00:51:01.320   895   895 W ViewRootImpl[DeskClock]: Cancelling event due to no window focus: KeyEvent { action=ACTION_UP, keyCode=KEYCODE_DPAD_CENTER, scanCode=0, metaState=0, flags=0x28, repeatCount=0, eventTime=3062191, downTime=3062191, deviceId=-1, source=0x101 }
09-01 00:51:01.386   670   670 W ViewRootImpl[Settings]: Dropping event due to no window focus: KeyEvent { action=ACTION_DOWN, keyCode=KEYCODE_DPAD_CENTER, scanCode=0, metaState=0, flags=0x8, repeatCount=0, eventTime=3062271, downTime=3062271, deviceId=-1, source=0x101 }
09-01 00:51:02.309   670   670 W ViewRootImpl[Settings$DataUsageSummaryActivity]: Dropping event due to no window focus: KeyEvent { action=ACTION_DOWN, keyCode=KEYCODE_DPAD_CENTER, scanCode=0, metaState=0, flags=0x8, repeatCount=0, eventTime=3062712, downTime=3062712, deviceId=-1, source=0x101 }
09-01 00:51:02.310   670   670 W ViewRootImpl[Settings$DataUsageSummaryActivity]: Cancelling event due to no window focus: KeyEvent { action=ACTION_UP, keyCode=KEYCODE_DPAD_CENTER, scanCode=0, metaState=0, flags=0x28, repeatCount=0, eventTime=3063104, downTime=3063104, deviceId=-1, source=0x101 }
09-01 00:51:02.310   670   670 W ViewRootImpl[Settings$DataUsageSummaryActivity]: Cancelling event due to no window focus: KeyEvent { action=ACTION_UP, keyCode=KEYCODE_DPAD_CENTER, scanCode=0, metaState=0, flags=0x28, repeatCount=0, eventTime=3063104, downTime=3063104, deviceId=-1, source=0x101 }
09-01 00:51:02.310   670   670 W ViewRootImpl[Settings$DataUsageSummaryActivity]: Cancelling event due to no window focus: KeyEvent { action=ACTION_UP, keyCode=KEYCODE_DPAD_CENTER, scanCode=0, metaState=0, flags=0x28, repeatCount=0, eventTime=3063104, downTime=3063104, deviceId=-1, source=0x101 }
09-01 00:51:02.310   670   670 W ViewRootImpl[Settings$DataUsageSummaryActivity]: Cancelling event due to no window focus: KeyEvent { action=ACTION_UP, keyCode=KEYCODE_DPAD_CENTER, scanCode=0, metaState=0, flags=0x28, repeatCount=0, eventTime=3063104, downTime=3063104, deviceId=-1, source=0x101 }
09-01 00:51:02.311   670   670 W ViewRootImpl[Settings$DataUsageSummaryActivity]: Cancelling event due to no window focus: KeyEvent { action=ACTION_UP, keyCode=KEYCODE_DPAD_CENTER, scanCode=0, metaState=0, flags=0x28, repeatCount=0, eventTime=3063104, downTime=3063104, deviceId=-1, source=0x101 }
09-01 00:51:02.311   670   670 W ViewRootImpl[Settings$DataUsageSummaryActivity]: Cancelling event due to no window focus: KeyEvent { action=ACTION_UP, keyCode=KEYCODE_DPAD_CENTER, scanCode=0, metaState=0, flags=0x28, repeatCount=0, eventTime=3063104, downTime=3063104, deviceId=-1, source=0x101 }
09-01 00:51:02.311   670   670 W ViewRootImpl[Settings$DataUsageSummaryActivity]: Cancelling event due to no window focus: KeyEvent { action=ACTION_UP, keyCode=KEYCODE_DPAD_CENTER, scanCode=0, metaState=0, flags=0x28, repeatCount=0, eventTime=3063104, downTime=3063104, deviceId=-1, source=0x101 }
09-01 00:51:02.311   670   670 W ViewRootImpl[Settings$DataUsageSummaryActivity]: Cancelling event due to no window focus: KeyEvent { action=ACTION_UP, keyCode=KEYCODE_DPAD_CENTER, scanCode=0, metaState=0, flags=0x28, repeatCount=0, eventTime=3063104, downTime=3063104, deviceId=-1, source=0x101 }
09-01 00:51:02.311   670   670 W ViewRootImpl[Settings$DataUsageSummaryActivity]: Cancelling event due to no window focus: KeyEvent { action=ACTION_UP, keyCode=KEYCODE_DPAD_CENTER, scanCode=0, metaState=0, flags=0x28, repeatCount=0, eventTime=3063104, downTime=3063104, deviceId=-1, source=0x101 }
09-01 00:51:02.363   670   670 W ViewRootImpl[Settings$DataUsageSummaryActivity]: Dropping event due to no window focus: KeyEvent { action=ACTION_DOWN, keyCode=KEYCODE_DPAD_CENTER, scanCode=0, metaState=0, flags=0x8, repeatCount=0, eventTime=3063254, downTime=3063254, deviceId=-1, source=0x101 }
09-01 00:51:02.364   670   670 W ViewRootImpl[Settings$DataUsageSummaryActivity]: Cancelling event due to no window focus: KeyEvent { action=ACTION_UP, keyCode=KEYCODE_DPAD_CENTER, scanCode=0, metaState=0, flags=0x28, repeatCount=0, eventTime=3063258, downTime=3063258, deviceId=-1, source=0x101 }
09-01 00:51:02.364   670   670 W ViewRootImpl[Settings$DataUsageSummaryActivity]: Cancelling event due to no window focus: KeyEvent { action=ACTION_UP, keyCode=KEYCODE_DPAD_CENTER, scanCode=0, metaState=0, flags=0x28, repeatCount=0, eventTime=3063258, downTime=3063258, deviceId=-1, source=0x101 }
09-01 00:51:02.364   670   670 W ViewRootImpl[Settings$DataUsageSummaryActivity]: Cancelling event due to no window focus: KeyEvent { action=ACTION_UP, keyCode=KEYCODE_DPAD_CENTER, scanCode=0, metaState=0, flags=0x28, repeatCount=0, eventTime=3063258, downTime=3063258, deviceId=-1, source=0x101 }
09-01 00:51:02.365   670   670 W ViewRootImpl[Settings$DataUsageSummaryActivity]: Cancelling event due to no window focus: KeyEvent { action=ACTION_UP, keyCode=KEYCODE_DPAD_CENTER, scanCode=0, metaState=0, flags=0x28, repeatCount=0, eventTime=3063258, downTime=3063258, deviceId=-1, source=0x101 }
09-01 00:51:02.365   670   670 W ViewRootImpl[Settings$DataUsageSummaryActivity]: Cancelling event due to no window focus: KeyEvent { action=ACTION_UP, keyCode=KEYCODE_DPAD_CENTER, scanCode=0, metaState=0, flags=0x28, repeatCount=0, eventTime=3063258, downTime=3063258, deviceId=-1, source=0x101 }
09-01 00:51:02.365   670   670 W ViewRootImpl[Settings$DataUsageSummaryActivity]: Cancelling event due to no window focus: KeyEvent { action=ACTION_UP, keyCode=KEYCODE_DPAD_CENTER, scanCode=0, metaState=0, flags=0x28, repeatCount=0, eventTime=3063258, downTime=3063258, deviceId=-1, source=0x101 }
09-01 00:51:02.365   670   670 W ViewRootImpl[Settings$DataUsageSummaryActivity]: Cancelling event due to no window focus: KeyEvent { action=ACTION_UP, keyCode=KEYCODE_DPAD_CENTER, scanCode=0, metaState=0, flags=0x28, repeatCount=0, eventTime=3063258, downTime=3063258, deviceId=-1, source=0x101 }
09-01 00:51:02.365   670   670 W ViewRootImpl[Settings$DataUsageSummaryActivity]: Cancelling event due to no window focus: KeyEvent { action=ACTION_UP, keyCode=KEYCODE_DPAD_CENTER, scanCode=0, metaState=0, flags=0x28, repeatCount=0, eventTime=3063258, downTime=3063258, deviceId=-1, source=0x101 }
09-01 00:51:02.365   670   670 W ViewRootImpl[Settings$DataUsageSummaryActivity]: Cancelling event due to no window focus: KeyEvent { action=ACTION_UP, keyCode=KEYCODE_DPAD_CENTER, scanCode=0, metaState=0, flags=0x28, repeatCount=0, eventTime=3063258, downTime=3063258, deviceId=-1, source=0x101 }
09-01 00:51:02.861   670   670 W ViewRootImpl[SubSettings]: Cancelling event due to no window focus: KeyEvent { action=ACTION_UP, keyCode=KEYCODE_DPAD_CENTER, scanCode=0, metaState=0, flags=0x28, repeatCount=0, eventTime=3063306, downTime=3063306, deviceId=-1, source=0x101 }
09-01 00:51:02.861   670   670 W ViewRootImpl[SubSettings]: Cancelling event due to no window focus: KeyEvent { action=ACTION_UP, keyCode=KEYCODE_DPAD_CENTER, scanCode=0, metaState=0, flags=0x28, repeatCount=0, eventTime=3063306, downTime=3063306, deviceId=-1, source=0x101 }
09-01 00:51:02.861   670   670 W ViewRootImpl[SubSettings]: Cancelling event due to no window focus: KeyEvent { action=ACTION_UP, keyCode=KEYCODE_DPAD_CENTER, scanCode=0, metaState=0, flags=0x28, repeatCount=0, eventTime=3063306, downTime=3063306, deviceId=-1, source=0x101 }
09-01 00:51:02.861   670   670 W ViewRootImpl[SubSettings]: Cancelling event due to no window focus: KeyEvent { action=ACTION_UP, keyCode=KEYCODE_DPAD_CENTER, scanCode=0, metaState=0, flags=0x28, repeatCount=0, eventTime=3063306, downTime=3063306, deviceId=-1, source=0x101 }
09-01 00:51:02.862   670   670 W ViewRootImpl[SubSettings]: Cancelling event due to no window focus: KeyEvent { action=ACTION_UP, keyCode=KEYCODE_DPAD_CENTER, scanCode=0, metaState=0, flags=0x28, repeatCount=0, eventTime=3063306, downTime=3063306, deviceId=-1, source=0x101 }
09-01 00:51:02.862   670   670 W ViewRootImpl[SubSettings]: Cancelling event due to no window focus: KeyEvent { action=ACTION_UP, keyCode=KEYCODE_DPAD_CENTER, scanCode=0, metaState=0, flags=0x28, repeatCount=0, eventTime=3063306, downTime=3063306, deviceId=-1, source=0x101 }
09-01 00:51:02.863   670   670 W ViewRootImpl[SubSettings]: Cancelling event due to no window focus: KeyEvent { action=ACTION_UP, keyCode=KEYCODE_DPAD_CENTER, scanCode=0, metaState=0, flags=0x28, repeatCount=0, eventTime=3063306, downTime=3063306, deviceId=-1, source=0x101 }
09-01 00:51:02.863   670   670 W ViewRootImpl[SubSettings]: Cancelling event due to no window focus: KeyEvent { action=ACTION_UP, keyCode=KEYCODE_DPAD_CENTER, scanCode=0, metaState=0, flags=0x28, repeatCount=0, eventTime=3063306, downTime=3063306, deviceId=-1, source=0x101 }
09-01 00:51:02.863   670   670 W ViewRootImpl[SubSettings]: Cancelling event due to no window focus: KeyEvent { action=ACTION_UP, keyCode=KEYCODE_DPAD_CENTER, scanCode=0, metaState=0, flags=0x28, repeatCount=0, eventTime=3063306, downTime=3063306, deviceId=-1, source=0x101 }
09-01 00:51:02.863   670   670 W ViewRootImpl[SubSettings]: Dropping event due to no window focus: KeyEvent { action=ACTION_DOWN, keyCode=KEYCODE_DPAD_RIGHT, scanCode=0, metaState=0, flags=0x8, repeatCount=0, eventTime=3063688, downTime=3063688, deviceId=-1, source=0x101 }
09-01 00:51:02.871   670   670 W ViewRootImpl[SubSettings]: Cancelling event due to no window focus: KeyEvent { action=ACTION_UP, keyCode=KEYCODE_DPAD_RIGHT, scanCode=0, metaState=0, flags=0x28, repeatCount=0, eventTime=3063799, downTime=3063799, deviceId=-1, source=0x101 }
09-01 00:51:02.871   670   670 W ViewRootImpl[SubSettings]: Cancelling event due to no window focus: KeyEvent { action=ACTION_UP, keyCode=KEYCODE_DPAD_RIGHT, scanCode=0, metaState=0, flags=0x28, repeatCount=0, eventTime=3063799, downTime=3063799, deviceId=-1, source=0x101 }
09-01 00:51:02.871   670   670 W ViewRootImpl[SubSettings]: Cancelling event due to no window focus: KeyEvent { action=ACTION_UP, keyCode=KEYCODE_DPAD_RIGHT, scanCode=0, metaState=0, flags=0x28, repeatCount=0, eventTime=3063799, downTime=3063799, deviceId=-1, source=0x101 }
09-01 00:51:02.871   670   670 W ViewRootImpl[SubSettings]: Cancelling event due to no window focus: KeyEvent { action=ACTION_UP, keyCode=KEYCODE_DPAD_RIGHT, scanCode=0, metaState=0, flags=0x28, repeatCount=0, eventTime=3063799, downTime=3063799, deviceId=-1, source=0x101 }
09-01 00:51:02.872   670   670 W ViewRootImpl[SubSettings]: Cancelling event due to no window focus: KeyEvent { action=ACTION_UP, keyCode=KEYCODE_DPAD_RIGHT, scanCode=0, metaState=0, flags=0x28, repeatCount=0, eventTime=3063799, downTime=3063799, deviceId=-1, source=0x101 }
09-01 00:51:02.872   670   670 W ViewRootImpl[SubSettings]: Cancelling event due to no window focus: KeyEvent { action=ACTION_UP, keyCode=KEYCODE_DPAD_RIGHT, scanCode=0, metaState=0, flags=0x28, repeatCount=0, eventTime=3063799, downTime=3063799, deviceId=-1, source=0x101 }
09-01 00:51:02.872   670   670 W ViewRootImpl[SubSettings]: Cancelling event due to no window focus: KeyEvent { action=ACTION_UP, keyCode=KEYCODE_DPAD_RIGHT, scanCode=0, metaState=0, flags=0x28, repeatCount=0, eventTime=3063799, downTime=3063799, deviceId=-1, source=0x101 }
09-01 00:51:02.872   670   670 W ViewRootImpl[SubSettings]: Cancelling event due to no window focus: KeyEvent { action=ACTION_UP, keyCode=KEYCODE_DPAD_RIGHT, scanCode=0, metaState=0, flags=0x28, repeatCount=0, eventTime=3063799, downTime=3063799, deviceId=-1, source=0x101 }
09-01 00:51:02.872   670   670 W ViewRootImpl[SubSettings]: Cancelling event due to no window focus: KeyEvent { action=ACTION_UP, keyCode=KEYCODE_DPAD_RIGHT, scanCode=0, metaState=0, flags=0x28, repeatCount=0, eventTime=3063799, downTime=3063799, deviceId=-1, source=0x101 }
09-01 00:51:02.874   670   670 W ViewRootImpl[SubSettings]: Dropping event due to no window focus: KeyEvent { action=ACTION_DOWN, keyCode=KEYCODE_DPAD_CENTER, scanCode=0, metaState=0, flags=0x8, repeatCount=0, eventTime=3063800, downTime=3063800, deviceId=-1, source=0x101 }
09-01 00:51:02.877   670   670 W ViewRootImpl[SubSettings]: Cancelling event due to no window focus: KeyEvent { action=ACTION_UP, keyCode=KEYCODE_DPAD_CENTER, scanCode=0, metaState=0, flags=0x28, repeatCount=0, eventTime=3063808, downTime=3063808, deviceId=-1, source=0x101 }
09-01 00:51:02.877   670   670 W ViewRootImpl[SubSettings]: Cancelling event due to no window focus: KeyEvent { action=ACTION_UP, keyCode=KEYCODE_DPAD_CENTER, scanCode=0, metaState=0, flags=0x28, repeatCount=0, eventTime=3063808, downTime=3063808, deviceId=-1, source=0x101 }
09-01 00:51:02.877   670   670 W ViewRootImpl[SubSettings]: Cancelling event due to no window focus: KeyEvent { action=ACTION_UP, keyCode=KEYCODE_DPAD_CENTER, scanCode=0, metaState=0, flags=0x28, repeatCount=0, eventTime=3063808, downTime=3063808, deviceId=-1, source=0x101 }
09-01 00:51:02.877   670   670 W ViewRootImpl[SubSettings]: Cancelling event due to no window focus: KeyEvent { action=ACTION_UP, keyCode=KEYCODE_DPAD_CENTER, scanCode=0, metaState=0, flags=0x28, repeatCount=0, eventTime=3063808, downTime=3063808, deviceId=-1, source=0x101 }
09-01 00:51:02.877   670   670 W ViewRootImpl[SubSettings]: Cancelling event due to no window focus: KeyEvent { action=ACTION_UP, keyCode=KEYCODE_DPAD_CENTER, scanCode=0, metaState=0, flags=0x28, repeatCount=0, eventTime=3063808, downTime=3063808, deviceId=-1, source=0x101 }
09-01 00:51:02.877   670   670 W ViewRootImpl[SubSettings]: Cancelling event due to no window focus: KeyEvent { action=ACTION_UP, keyCode=KEYCODE_DPAD_CENTER, scanCode=0, metaState=0, flags=0x28, repeatCount=0, eventTime=3063808, downTime=3063808, deviceId=-1, source=0x101 }
09-01 00:51:02.878   670   670 W ViewRootImpl[SubSettings]: Cancelling event due to no window focus: KeyEvent { action=ACTION_UP, keyCode=KEYCODE_DPAD_CENTER, scanCode=0, metaState=0, flags=0x28, repeatCount=0, eventTime=3063808, downTime=3063808, deviceId=-1, source=0x101 }
09-01 00:51:02.878   670   670 W ViewRootImpl[SubSettings]: Cancelling event due to no window focus: KeyEvent { action=ACTION_UP, keyCode=KEYCODE_DPAD_CENTER, scanCode=0, metaState=0, flags=0x28, repeatCount=0, eventTime=3063808, downTime=3063808, deviceId=-1, source=0x101 }
09-01 00:51:02.878   670   670 W ViewRootImpl[SubSettings]: Cancelling event due to no window focus: KeyEvent { action=ACTION_UP, keyCode=KEYCODE_DPAD_CENTER, scanCode=0, metaState=0, flags=0x28, repeatCount=0, eventTime=3063808, downTime=3063808, deviceId=-1, source=0x101 }
09-01 00:51:03.144   670   670 W ViewRootImpl[SubSettings]: Dropping event due to no window focus: KeyEvent { action=ACTION_DOWN, keyCode=KEYCODE_DPAD_LEFT, scanCode=0, metaState=0, flags=0x8, repeatCount=0, eventTime=3064065, downTime=3064065, deviceId=-1, source=0x101 }
09-01 00:51:03.147   670   670 W ViewRootImpl[SubSettings]: Cancelling event due to no window focus: KeyEvent { action=ACTION_UP, keyCode=KEYCODE_DPAD_LEFT, scanCode=0, metaState=0, flags=0x28, repeatCount=0, eventTime=3064077, downTime=3064077, deviceId=-1, source=0x101 }
09-01 00:51:03.148   670   670 W ViewRootImpl[SubSettings]: Cancelling event due to no window focus: KeyEvent { action=ACTION_UP, keyCode=KEYCODE_DPAD_LEFT, scanCode=0, metaState=0, flags=0x28, repeatCount=0, eventTime=3064077, downTime=3064077, deviceId=-1, source=0x101 }
09-01 00:51:03.148   670   670 W ViewRootImpl[SubSettings]: Cancelling event due to no window focus: KeyEvent { action=ACTION_UP, keyCode=KEYCODE_DPAD_LEFT, scanCode=0, metaState=0, flags=0x28, repeatCount=0, eventTime=3064077, downTime=3064077, deviceId=-1, source=0x101 }
09-01 00:51:03.170   670   670 W ViewRootImpl[SubSettings]: Cancelling event due to no window focus: KeyEvent { action=ACTION_UP, keyCode=KEYCODE_DPAD_LEFT, scanCode=0, metaState=0, flags=0x28, repeatCount=0, eventTime=3064077, downTime=3064077, deviceId=-1, source=0x101 }
09-01 00:51:03.170   670   670 W ViewRootImpl[SubSettings]: Cancelling event due to no window focus: KeyEvent { action=ACTION_UP, keyCode=KEYCODE_DPAD_LEFT, scanCode=0, metaState=0, flags=0x28, repeatCount=0, eventTime=3064077, downTime=3064077, deviceId=-1, source=0x101 }
09-01 00:51:03.172   670   670 W ViewRootImpl[SubSettings]: Cancelling event due to no window focus: KeyEvent { action=ACTION_UP, keyCode=KEYCODE_DPAD_LEFT, scanCode=0, metaState=0, flags=0x28, repeatCount=0, eventTime=3064077, downTime=3064077, deviceId=-1, source=0x101 }
09-01 00:51:03.172   670   670 W ViewRootImpl[SubSettings]: Cancelling event due to no window focus: KeyEvent { action=ACTION_UP, keyCode=KEYCODE_DPAD_LEFT, scanCode=0, metaState=0, flags=0x28, repeatCount=0, eventTime=3064077, downTime=3064077, deviceId=-1, source=0x101 }
09-01 00:51:03.172   670   670 W ViewRootImpl[SubSettings]: Cancelling event due to no window focus: KeyEvent { action=ACTION_UP, keyCode=KEYCODE_DPAD_LEFT, scanCode=0, metaState=0, flags=0x28, repeatCount=0, eventTime=3064077, downTime=3064077, deviceId=-1, source=0x101 }
09-01 00:51:03.172   670   670 W ViewRootImpl[SubSettings]: Cancelling event due to no window focus: KeyEvent { action=ACTION_UP, keyCode=KEYCODE_DPAD_LEFT, scanCode=0, metaState=0, flags=0x28, repeatCount=0, eventTime=3064077, downTime=3064077, deviceId=-1, source=0x101 }
09-01 00:51:03.435   670   670 W ViewRootImpl[SubSettings]: Cancelling event due to no window focus: KeyEvent { action=ACTION_UP, keyCode=KEYCODE_DPAD_CENTER, scanCode=0, metaState=0, flags=0x28, repeatCount=0, eventTime=3064317, downTime=3064317, deviceId=-1, source=0x101 }
09-01 00:51:03.435   670   670 W ViewRootImpl[SubSettings]: Cancelling event due to no window focus: KeyEvent { action=ACTION_UP, keyCode=KEYCODE_DPAD_CENTER, scanCode=0, metaState=0, flags=0x28, repeatCount=0, eventTime=3064317, downTime=3064317, deviceId=-1, source=0x101 }
09-01 00:51:03.435   670   670 W ViewRootImpl[SubSettings]: Cancelling event due to no window focus: KeyEvent { action=ACTION_UP, keyCode=KEYCODE_DPAD_CENTER, scanCode=0, metaState=0, flags=0x28, repeatCount=0, eventTime=3064317, downTime=3064317, deviceId=-1, source=0x101 }
09-01 00:51:03.436   670   670 W ViewRootImpl[SubSettings]: Cancelling event due to no window focus: KeyEvent { action=ACTION_UP, keyCode=KEYCODE_DPAD_CENTER, scanCode=0, metaState=0, flags=0x28, repeatCount=0, eventTime=3064317, downTime=3064317, deviceId=-1, source=0x101 }
09-01 00:51:03.436   670   670 W ViewRootImpl[SubSettings]: Cancelling event due to no window focus: KeyEvent { action=ACTION_UP, keyCode=KEYCODE_DPAD_CENTER, scanCode=0, metaState=0, flags=0x28, repeatCount=0, eventTime=3064317, downTime=3064317, deviceId=-1, source=0x101 }
09-01 00:51:03.436   670   670 W ViewRootImpl[SubSettings]: Cancelling event due to no window focus: KeyEvent { action=ACTION_UP, keyCode=KEYCODE_DPAD_CENTER, scanCode=0, metaState=0, flags=0x28, repeatCount=0, eventTime=3064317, downTime=3064317, deviceId=-1, source=0x101 }
09-01 00:51:04.166   442   699 I chatty  : uid=1000(system) Binder:442_6 expire 6 lines
09-01 00:51:04.930   442  1408 I chatty  : uid=1000(system) Binder:442_F expire 10 lines
09-01 00:51:06.434   442   513 I chatty  : uid=1000(system) Binder:442_3 expire 8 lines
09-01 00:51:15.580   442  1307 I chatty  : uid=1000(system) Binder:442_C expire 8 lines
09-01 00:51:42.833   442  1374 I chatty  : uid=1000(system) Binder:442_E expire 4 lines
09-01 00:52:01.374   442   442 I chatty  : uid=1000 system_server expire 59 lines
09-01 00:52:01.378   442   462 I chatty  : uid=1000(system) android.io expire 118 lines
09-01 00:52:10.103   442  1307 I chatty  : uid=1000(system) Binder:442_C expire 8 lines
09-01 00:52:28.347   442  1163 I chatty  : uid=1000(system) Binder:442_8 expire 8 lines
09-01 00:52:46.538   442   454 I chatty  : uid=1000(system) Binder:442_2 expire 16 lines
09-01 00:53:22.938   442   669 I chatty  : uid=1000(system) Binder:442_5 expire 4 lines
09-01 00:53:32.052   442   639 I chatty  : uid=1000(system) Binder:442_4 expire 4 lines
09-01 00:53:41.151   442  1339 I chatty  : uid=1000(system) Binder:442_D expire 12 lines
09-01 00:54:08.466   442  1210 I chatty  : uid=1000(system) Binder:442_9 expire 20 lines
09-01 00:54:17.758   442   462 I chatty  : uid=1000(system) android.io expire 118 lines
09-01 00:54:17.929   442   442 I chatty  : uid=1000 system_server expire 59 lines
09-01 00:54:35.739   442   513 I chatty  : uid=1000(system) Binder:442_3 expire 10 lines
09-01 00:54:53.965   442  1273 I chatty  : uid=1000(system) Binder:442_B expire 8 lines
09-01 00:55:03.067   442  1483 I chatty  : uid=1000(system) Binder:442_11 expire 12 lines
09-01 00:55:30.373   442  1307 I chatty  : uid=1000(system) Binder:442_C expire 4 lines
09-01 00:55:57.703   442   669 I chatty  : uid=1000(system) Binder:442_5 expire 16 lines
09-01 00:56:34.107   442   442 I chatty  : uid=1000 system_server expire 60 lines
09-01 00:56:34.107   442   513 I chatty  : uid=1000(system) Binder:442_3 expire 10 lines
09-01 00:56:34.108   442   462 I chatty  : uid=1000(system) android.io expire 117 lines
09-01 00:56:43.201   442  1514 I chatty  : uid=1000(system) Binder:442_12 expire 8 lines
09-01 00:56:52.300   442   699 I chatty  : uid=1000(system) Binder:442_6 expire 20 lines
09-01 00:57:19.574   442   454 I chatty  : uid=1000(system) Binder:442_2 expire 8 lines
09-01 00:58:14.119   442  1452 I chatty  : uid=1000(system) Binder:442_10 expire 8 lines
09-01 00:58:41.792   442   462 I chatty  : uid=1000(system) android.io expire 115 lines
09-01 00:59:20.516   442   699 I chatty  : uid=1000(system) Binder:442_6 expire 9 lines
09-01 00:59:20.516   442   442 I chatty  : uid=1000 system_server expire 56 lines
09-01 00:59:29.608   442   454 I chatty  : uid=1000(system) Binder:442_2 expire 4 lines
09-01 00:59:38.718   442   453 I chatty  : uid=1000(system) Binder:442_1 expire 20 lines
09-01 00:59:59.152   442   459 I chatty  : uid=1000(system) batterystats-sy expire 6 lines
09-01 01:00:15.105   442  1582 I chatty  : uid=1000(system) Binder:442_13 expire 4 lines
09-01 01:00:18.519   442   456 I chatty  : uid=1000(system) ActivityManager expire 1 line
09-01 01:00:24.249   442  1273 I chatty  : uid=1000(system) Binder:442_B expire 4 lines
09-01 01:00:26.189   442   455 I chatty  : uid=1000(system) android.bg expire 1 line
09-01 01:00:42.471   442   639 I chatty  : uid=1000(system) Binder:442_4 expire 12 lines
09-01 01:01:00.680   442   704 I chatty  : uid=1000(system) Binder:442_7 expire 4 lines
09-01 01:01:28.008   442   699 I chatty  : uid=1000(system) Binder:442_6 expire 11 lines
09-01 01:01:28.009   442   442 I chatty  : uid=1000 system_server expire 60 lines
09-01 01:01:28.010   442   462 I chatty  : uid=1000(system) android.io expire 116 lines
09-01 01:01:46.207   442  1210 I chatty  : uid=1000(system) Binder:442_9 expire 4 lines
09-01 01:01:55.310   442  1273 I chatty  : uid=1000(system) Binder:442_B expire 4 lines
09-01 01:02:04.434   442  1307 I chatty  : uid=1000(system) Binder:442_C expire 12 lines
09-01 01:02:13.535   442   513 I chatty  : uid=1000(system) Binder:442_3 expire 4 lines
09-01 01:02:49.949   442   669 I chatty  : uid=1000(system) Binder:442_5 expire 8 lines
09-01 01:03:08.163   442  1514 I chatty  : uid=1000(system) Binder:442_12 expire 12 lines
09-01 01:03:35.445   442  1374 I chatty  : uid=1000(system) Binder:442_E expire 12 lines
09-01 01:03:35.828   442   462 I chatty  : uid=1000(system) android.io expire 118 lines
09-01 01:03:44.571   442   442 I chatty  : uid=1000 system_server expire 57 lines
09-01 01:03:44.572   442   704 I chatty  : uid=1000(system) Binder:442_7 expire 8 lines
09-01 01:03:53.665   442   669 I chatty  : uid=1000(system) Binder:442_5 expire 12 lines
09-01 01:04:30.080   442  1514 I chatty  : uid=1000(system) Binder:442_12 expire 16 lines
09-01 01:04:39.189   442   453 I chatty  : uid=1000(system) Binder:442_1 expire 8 lines
09-01 01:04:57.404   442  1163 I chatty  : uid=1000(system) Binder:442_8 expire 4 lines
09-01 01:05:52.054   442  1307 I chatty  : uid=1000(system) Binder:442_C expire 12 lines
09-01 01:05:52.258   442   462 I chatty  : uid=1000(system) android.io expire 119 lines
09-01 01:05:52.433   442   442 I chatty  : uid=1000 system_server expire 59 lines
09-01 01:06:19.411   442   669 I chatty  : uid=1000(system) Binder:442_5 expire 4 lines
09-01 01:06:28.513   442   453 I chatty  : uid=1000(system) Binder:442_1 expire 16 lines
09-01 01:06:46.729   442  1582 I chatty  : uid=1000(system) Binder:442_13 expire 8 lines
09-01 01:07:23.181   442   699 I chatty  : uid=1000(system) Binder:442_6 expire 4 lines
09-01 01:07:32.292   442  1374 I chatty  : uid=1000(system) Binder:442_E expire 4 lines
09-01 01:07:41.429   442  1452 I chatty  : uid=1000(system) Binder:442_10 expire 8 lines
09-01 01:07:50.536   442   458 I chatty  : uid=1000(system) ActivityManager expire 1 line
09-01 01:07:59.634   442   454 I chatty  : uid=1000(system) Binder:442_2 expire 12 lines
09-01 01:08:08.765   442  1339 I chatty  : uid=1000(system) Binder:442_D expire 8 lines
09-01 01:08:08.767   442   442 I chatty  : uid=1000 system_server expire 60 lines
09-01 01:08:08.767   442   462 I chatty  : uid=1000(system) android.io expire 116 lines
09-01 01:08:45.177   442   699 I chatty  : uid=1000(system) Binder:442_6 expire 4 lines
09-01 01:08:54.270   442   453 I chatty  : uid=1000(system) Binder:442_1 expire 4 lines
09-01 01:09:03.382   442  1408 I chatty  : uid=1000(system) Binder:442_F expire 4 lines
09-01 01:09:12.479   442   639 I chatty  : uid=1000(system) Binder:442_4 expire 12 lines
09-01 01:09:39.791   442   669 I chatty  : uid=1000(system) Binder:442_5 expire 4 lines
09-01 01:09:48.884   442  1273 I chatty  : uid=1000(system) Binder:442_B expire 12 lines
09-01 01:10:16.166   442   513 I chatty  : uid=1000(system) Binder:442_3 expire 8 lines
09-01 01:10:16.548   442   462 I chatty  : uid=1000(system) android.io expire 118 lines
09-01 01:10:25.296   442   442 I chatty  : uid=1000 system_server expire 57 lines
09-01 01:10:34.393   442  1273 I chatty  : uid=1000(system) Binder:442_B expire 16 lines
09-01 01:11:10.849   442  1452 I chatty  : uid=1000(system) Binder:442_10 expire 8 lines
09-01 01:11:10.858   442   458 I chatty  : uid=1000(system) ActivityManager expire 2 lines
09-01 01:11:19.952   442  1339 I chatty  : uid=1000(system) Binder:442_D expire 12 lines
09-01 01:11:47.260   442   639 I chatty  : uid=1000(system) Binder:442_4 expire 12 lines
09-01 01:12:23.697   442  1582 I chatty  : uid=1000(system) Binder:442_13 expire 4 lines
09-01 01:12:32.799   442  1408 I chatty  : uid=1000(system) Binder:442_F expire 16 lines
09-01 01:12:32.800   442   462 I chatty  : uid=1000(system) android.io expire 117 lines
09-01 01:12:33.177   442   442 I chatty  : uid=1000 system_server expire 59 lines
09-01 01:13:09.216   442   454 I chatty  : uid=1000(system) Binder:442_2 expire 8 lines
09-01 01:13:18.336   442  1514 I chatty  : uid=1000(system) Binder:442_12 expire 4 lines
09-01 01:13:27.441   442   453 I chatty  : uid=1000(system) Binder:442_1 expire 12 lines
09-01 01:13:45.662   442   699 I chatty  : uid=1000(system) Binder:442_6 expire 4 lines
09-01 01:13:54.761   442   513 I chatty  : uid=1000(system) Binder:442_3 expire 4 lines
09-01 01:14:12.956   442  1307 I chatty  : uid=1000(system) Binder:442_C expire 8 lines
09-01 01:14:31.178   442  1483 I chatty  : uid=1000(system) Binder:442_11 expire 4 lines
09-01 01:14:40.664   442   462 I chatty  : uid=1000(system) android.io expire 117 lines
09-01 01:14:49.384   442   442 I chatty  : uid=1000 system_server expire 57 lines
09-01 01:14:49.384   442  1307 I chatty  : uid=1000(system) Binder:442_C expire 4 lines
09-01 01:14:58.496   442  1408 I chatty  : uid=1000(system) Binder:442_F expire 12 lines
--------- beginning of main
