09-01 01:26:45.253   653   666 D BluetoothAdapter: onBluetoothServiceDown: android.bluetooth.IBluetooth$Stub$Proxy@9b5ae27
09-01 01:26:45.452   442   462 D BluetoothManagerService: MESSAGE_RESTART_BLUETOOTH_SERVICE
09-01 01:26:45.481   442   462 I ActivityManager: Start proc 18496:com.android.bluetooth/1002 for service com.android.bluetooth/.btservice.AdapterService
09-01 01:26:45.575 18496 18496 I chatty  : uid=1002(bluetooth) com.android.bluetooth expire 18 lines
09-01 01:26:45.619 18496 18513 I chatty  : uid=1002(bluetooth) com.android.bluetooth expire 6 lines
09-01 01:26:45.619 18496 18514 I chatty  : uid=1002(bluetooth) com.android.bluetooth expire 20 lines
09-01 01:26:45.621 18496 18517 I chatty  : uid=1002(bluetooth) com.android.bluetooth expire 1 line
09-01 01:26:45.621 18496 18518 I chatty  : uid=1002(bluetooth) com.android.bluetooth expire 1 line
09-01 01:26:45.622 18496 18519 I chatty  : uid=1002(bluetooth) com.android.bluetooth expire 3 lines
09-01 01:26:45.627   442   442 D BluetoothManagerService: Bluetooth Adapter name changed to AOSP on navi_ref
09-01 01:26:45.627   442   442 D BluetoothManagerService: Stored Bluetooth name: AOSP on navi_ref
09-01 01:26:45.632   442   442 D BluetoothManagerService: BluetoothServiceConnection: com.android.bluetooth.btservice.AdapterService
09-01 01:26:45.632   442   462 D BluetoothManagerService: MESSAGE_BLUETOOTH_SERVICE_CONNECTED: 1
09-01 01:26:45.633 18496 18510 I chatty  : uid=1002(bluetooth) com.android.bluetooth expire 2 lines
09-01 01:26:45.634   442   462 D BluetoothManagerService: Broadcasting onBluetoothServiceUp() to 5 receivers.
09-01 01:26:45.634   670 12016 D BluetoothAdapter: onBluetoothServiceUp: android.bluetooth.IBluetooth$Stub$Proxy@64e12a0
09-01 01:26:45.634   442   462 D BluetoothAdapter: onBluetoothServiceUp: android.bluetooth.IBluetooth$Stub$Proxy@8d447a9
09-01 01:26:45.635   567   590 D BluetoothAdapter: onBluetoothServiceUp: android.bluetooth.IBluetooth$Stub$Proxy@b83447b
09-01 01:26:45.635   653   666 D BluetoothAdapter: onBluetoothServiceUp: android.bluetooth.IBluetooth$Stub$Proxy@69538d4
09-01 01:26:45.636 18496 18511 I chatty  : uid=1002(bluetooth) com.android.bluetooth expire 1 line
09-01 01:26:45.637 18496 18513 I chatty  : uid=1002(bluetooth) com.android.bluetooth expire 6 lines
09-01 01:26:45.639   442   462 D BluetoothManagerService: MESSAGE_BLUETOOTH_STATE_CHANGE: OFF > BLE_TURNING_ON
09-01 01:26:45.639   442   462 D BluetoothManagerService: Sending BLE State Change: OFF > BLE_TURNING_ON
09-01 01:26:45.640 18496 18520 I chatty  : uid=1002(bluetooth) com.android.bluetooth expire 1 line
09-01 01:26:45.653 18496 18496 I chatty  : uid=1002(bluetooth) com.android.bluetooth expire 18 lines
09-01 01:26:45.666 18496 18514 I chatty  : uid=1002(bluetooth) com.android.bluetooth expire 19 lines
09-01 01:26:45.666 18496 18523 I chatty  : uid=1002(bluetooth) com.android.bluetooth expire 7 lines
09-01 01:26:46.325 18496 18524 I chatty  : uid=1002(bluetooth) com.android.bluetooth expire 1 line
09-01 01:26:53.671 18496 18517 I chatty  : uid=1002(bluetooth) com.android.bluetooth expire 3 lines
09-01 01:26:53.673 18496 18525 I chatty  : uid=1002(bluetooth) com.android.bluetooth expire 21 lines
09-01 01:26:53.680 18496 18526 I chatty  : uid=1002(bluetooth) com.android.bluetooth expire 2 lines
09-01 01:26:54.354   442  1514 I ActivityManager: Process com.android.bluetooth (pid 18496) has died
09-01 01:26:54.354   442  1514 D ActivityManager: cleanUpApplicationRecord -- 18496
09-01 01:26:54.354   442   442 D BluetoothManagerService: BluetoothServiceConnection, disconnected: com.android.bluetooth.btservice.AdapterService
09-01 01:26:54.355   442  1514 W ActivityManager: Scheduling restart of crashed service com.android.bluetooth/.gatt.GattService in 1000ms
09-01 01:26:54.355   442  1514 W ActivityManager: Scheduling restart of crashed service com.android.bluetooth/.btservice.AdapterService in 1000ms
09-01 01:26:54.356   442   462 E BluetoothManagerService: MESSAGE_BLUETOOTH_SERVICE_DISCONNECTED(1)
09-01 01:26:54.356   442   462 D BluetoothManagerService: Broadcasting onBluetoothServiceDown() to 4 receivers.
09-01 01:26:54.356   442   462 D BluetoothAdapter: onBluetoothServiceDown: android.bluetooth.IBluetooth$Stub$Proxy@8d447a9
09-01 01:26:54.356   670 12016 D BluetoothAdapter: onBluetoothServiceDown: android.bluetooth.IBluetooth$Stub$Proxy@64e12a0
09-01 01:26:54.356   567   590 D BluetoothAdapter: onBluetoothServiceDown: android.bluetooth.IBluetooth$Stub$Proxy@b83447b
09-01 01:26:54.357   653   666 D BluetoothAdapter: onBluetoothServiceDown: android.bluetooth.IBluetooth$Stub$Proxy@69538d4
09-01 01:26:54.557   442   462 D BluetoothManagerService: MESSAGE_RESTART_BLUETOOTH_SERVICE
09-01 01:26:54.592   442   462 I ActivityManager: Start proc 18527:com.android.bluetooth/1002 for service com.android.bluetooth/.btservice.AdapterService
09-01 01:26:54.676 18527 18527 I chatty  : uid=1002(bluetooth) com.android.bluetooth expire 36 lines
09-01 01:26:54.718 18527 18543 I chatty  : uid=1002(bluetooth) com.android.bluetooth expire 12 lines
09-01 01:26:54.718 18527 18544 I chatty  : uid=1002(bluetooth) com.android.bluetooth expire 39 lines
09-01 01:26:54.721 18527 18547 I chatty  : uid=1002(bluetooth) com.android.bluetooth expire 4 lines
09-01 01:26:54.722 18527 18548 I chatty  : uid=1002(bluetooth) com.android.bluetooth expire 1 line
09-01 01:26:54.724 18527 18549 I chatty  : uid=1002(bluetooth) com.android.bluetooth expire 3 lines
09-01 01:26:54.727   442   442 D BluetoothManagerService: Bluetooth Adapter name changed to AOSP on navi_ref
09-01 01:26:54.728   442   442 D BluetoothManagerService: Stored Bluetooth name: AOSP on navi_ref
09-01 01:26:54.733   442   442 D BluetoothManagerService: BluetoothServiceConnection: com.android.bluetooth.btservice.AdapterService
09-01 01:26:54.733   442   462 D BluetoothManagerService: MESSAGE_BLUETOOTH_SERVICE_CONNECTED: 1
09-01 01:26:54.734 18527 18541 I chatty  : uid=1002(bluetooth) com.android.bluetooth expire 2 lines
09-01 01:26:54.736   442   462 D BluetoothManagerService: Broadcasting onBluetoothServiceUp() to 5 receivers.
09-01 01:26:54.736   442   462 D BluetoothAdapter: onBluetoothServiceUp: android.bluetooth.IBluetooth$Stub$Proxy@1a6ce92
09-01 01:26:54.736   670 12016 D BluetoothAdapter: onBluetoothServiceUp: android.bluetooth.IBluetooth$Stub$Proxy@aade59
09-01 01:26:54.736   653   666 D BluetoothAdapter: onBluetoothServiceUp: android.bluetooth.IBluetooth$Stub$Proxy@cd1fa7d
09-01 01:26:54.737   567   590 D BluetoothAdapter: onBluetoothServiceUp: android.bluetooth.IBluetooth$Stub$Proxy@7e3d298
09-01 01:26:54.738 18527 18540 I chatty  : uid=1002(bluetooth) com.android.bluetooth expire 1 line
09-01 01:26:54.739   442   462 D BluetoothManagerService: MESSAGE_BLUETOOTH_STATE_CHANGE: OFF > BLE_TURNING_ON
09-01 01:26:54.739   442   462 D BluetoothManagerService: Sending BLE State Change: OFF > BLE_TURNING_ON
09-01 01:26:54.741 18527 18550 I chatty  : uid=1002(bluetooth) com.android.bluetooth expire 1 line
09-01 01:26:54.769 18527 18553 I chatty  : uid=1002(bluetooth) com.android.bluetooth expire 7 lines
09-01 01:26:55.430 18527 18554 I chatty  : uid=1002(bluetooth) com.android.bluetooth expire 1 line
09-01 01:27:02.774 18527 18555 I chatty  : uid=1002(bluetooth) com.android.bluetooth expire 21 lines
09-01 01:27:02.779 18527 18556 I chatty  : uid=1002(bluetooth) com.android.bluetooth expire 2 lines
09-01 01:27:03.459   442  1514 I ActivityManager: Process com.android.bluetooth (pid 18527) has died
09-01 01:27:03.459   442  1514 D ActivityManager: cleanUpApplicationRecord -- 18527
09-01 01:27:03.459   442  1514 W ActivityManager: Scheduling restart of crashed service com.android.bluetooth/.gatt.GattService in 1000ms
09-01 01:27:03.459   442   442 D BluetoothManagerService: BluetoothServiceConnection, disconnected: com.android.bluetooth.btservice.AdapterService
09-01 01:27:03.460   442   462 E BluetoothManagerService: MESSAGE_BLUETOOTH_SERVICE_DISCONNECTED(1)
09-01 01:27:03.460   442   462 D BluetoothManagerService: Broadcasting onBluetoothServiceDown() to 4 receivers.
09-01 01:27:03.461   442   462 D BluetoothAdapter: onBluetoothServiceDown: android.bluetooth.IBluetooth$Stub$Proxy@1a6ce92
09-01 01:27:03.461   670 12016 D BluetoothAdapter: onBluetoothServiceDown: android.bluetooth.IBluetooth$Stub$Proxy@aade59
09-01 01:27:03.461   653   666 D BluetoothAdapter: onBluetoothServiceDown: android.bluetooth.IBluetooth$Stub$Proxy@cd1fa7d
09-01 01:27:03.462   442  1514 W ActivityManager: Scheduling restart of crashed service com.android.bluetooth/.btservice.AdapterService in 1000ms
09-01 01:27:03.462   567   590 D BluetoothAdapter: onBluetoothServiceDown: android.bluetooth.IBluetooth$Stub$Proxy@7e3d298
09-01 01:27:03.661   442   462 D BluetoothManagerService: MESSAGE_RESTART_BLUETOOTH_SERVICE
09-01 01:27:03.692   442   462 I ActivityManager: Start proc 18558:com.android.bluetooth/1002 for service com.android.bluetooth/.btservice.AdapterService
09-01 01:27:03.781 18558 18558 I chatty  : uid=1002(bluetooth) com.android.bluetooth expire 18 lines
09-01 01:27:03.822 18558 18575 I chatty  : uid=1002(bluetooth) com.android.bluetooth expire 1 line
09-01 01:27:03.824 18558 18576 I chatty  : uid=1002(bluetooth) com.android.bluetooth expire 20 lines
09-01 01:27:03.826 18558 18579 I chatty  : uid=1002(bluetooth) com.android.bluetooth expire 1 line
09-01 01:27:03.826 18558 18580 I chatty  : uid=1002(bluetooth) com.android.bluetooth expire 1 line
09-01 01:27:03.828 18558 18581 I chatty  : uid=1002(bluetooth) com.android.bluetooth expire 3 lines
09-01 01:27:03.833   442   442 D BluetoothManagerService: Bluetooth Adapter name changed to AOSP on navi_ref
09-01 01:27:03.833   442   442 D BluetoothManagerService: Stored Bluetooth name: AOSP on navi_ref
09-01 01:27:03.847   442   442 D BluetoothManagerService: BluetoothServiceConnection: com.android.bluetooth.btservice.AdapterService
09-01 01:27:03.847   442   462 D BluetoothManagerService: MESSAGE_BLUETOOTH_SERVICE_CONNECTED: 1
09-01 01:27:03.848 18558 18573 I chatty  : uid=1002(bluetooth) com.android.bluetooth expire 2 lines
09-01 01:27:03.850   442   462 D BluetoothManagerService: Broadcasting onBluetoothServiceUp() to 5 receivers.
09-01 01:27:03.851   442   462 D BluetoothAdapter: onBluetoothServiceUp: android.bluetooth.IBluetooth$Stub$Proxy@bd907b7
09-01 01:27:03.851   670 12016 D BluetoothAdapter: onBluetoothServiceUp: android.bluetooth.IBluetooth$Stub$Proxy@a55fa1e
09-01 01:27:03.852 18558 18570 I chatty  : uid=1002(bluetooth) com.android.bluetooth expire 1 line
09-01 01:27:03.852   653   666 D BluetoothAdapter: onBluetoothServiceUp: android.bluetooth.IBluetooth$Stub$Proxy@967ed72
09-01 01:27:03.852 18558 18575 I chatty  : uid=1002(bluetooth) com.android.bluetooth expire 11 lines
09-01 01:27:03.853   567   590 D BluetoothAdapter: onBluetoothServiceUp: android.bluetooth.IBluetooth$Stub$Proxy@fbb2af1
09-01 01:27:03.853   442   462 D BluetoothManagerService: MESSAGE_BLUETOOTH_STATE_CHANGE: OFF > BLE_TURNING_ON
09-01 01:27:03.853   442   462 D BluetoothManagerService: Sending BLE State Change: OFF > BLE_TURNING_ON
09-01 01:27:03.856 18558 18582 I chatty  : uid=1002(bluetooth) com.android.bluetooth expire 1 line
09-01 01:27:03.867 18558 18558 I chatty  : uid=1002(bluetooth) com.android.bluetooth expire 18 lines
09-01 01:27:03.880 18558 18576 I chatty  : uid=1002(bluetooth) com.android.bluetooth expire 19 lines
09-01 01:27:03.881 18558 18585 I chatty  : uid=1002(bluetooth) com.android.bluetooth expire 7 lines
09-01 01:27:04.541 18558 18586 I chatty  : uid=1002(bluetooth) com.android.bluetooth expire 1 line
09-01 01:27:11.885 18558 18579 I chatty  : uid=1002(bluetooth) com.android.bluetooth expire 3 lines
09-01 01:27:11.889 18558 18587 I chatty  : uid=1002(bluetooth) com.android.bluetooth expire 21 lines
09-01 01:27:11.895 18558 18588 I chatty  : uid=1002(bluetooth) com.android.bluetooth expire 2 lines
09-01 01:27:12.570   442   442 D BluetoothManagerService: BluetoothServiceConnection, disconnected: com.android.bluetooth.btservice.AdapterService
09-01 01:27:12.570   442   453 I ActivityManager: Process com.android.bluetooth (pid 18558) has died
09-01 01:27:12.570   442   453 D ActivityManager: cleanUpApplicationRecord -- 18558
09-01 01:27:12.570   442   462 E BluetoothManagerService: MESSAGE_BLUETOOTH_SERVICE_DISCONNECTED(1)
09-01 01:27:12.571   442   462 D BluetoothManagerService: Broadcasting onBluetoothServiceDown() to 5 receivers.
09-01 01:27:12.572   442   453 W ActivityManager: Scheduling restart of crashed service com.android.bluetooth/.gatt.GattService in 1000ms
09-01 01:27:12.572   442   453 W ActivityManager: Scheduling restart of crashed service com.android.bluetooth/.btservice.AdapterService in 1000ms
09-01 01:27:12.573   442   462 E BluetoothManagerService: Unable to call onBluetoothServiceDown() on callback #0
09-01 01:27:12.573   442   462 E BluetoothManagerService: android.os.DeadObjectException
09-01 01:27:12.573   442   462 E BluetoothManagerService: 	at android.os.BinderProxy.transactNative(Native Method)
09-01 01:27:12.573   442   462 E BluetoothManagerService: 	at android.os.BinderProxy.transact(Binder.java:615)
09-01 01:27:12.573   442   462 E BluetoothManagerService: 	at android.bluetooth.IBluetoothManagerCallback$Stub$Proxy.onBluetoothServiceDown(IBluetoothManagerCallback.java:105)
09-01 01:27:12.573   442   462 E BluetoothManagerService: 	at com.android.server.BluetoothManagerService.sendBluetoothServiceDownCallback(BluetoothManagerService.java:1129)
09-01 01:27:12.573   442   462 E BluetoothManagerService: 	at com.android.server.BluetoothManagerService.-wrap12(BluetoothManagerService.java)
09-01 01:27:12.573   442   462 E BluetoothManagerService: 	at com.android.server.BluetoothManagerService$BluetoothHandler.handleMessage(BluetoothManagerService.java:1530)
09-01 01:27:12.573   442   462 E BluetoothManagerService: 	at android.os.Handler.dispatchMessage(Handler.java:102)
09-01 01:27:12.573   442   462 E BluetoothManagerService: 	at android.os.Looper.loop(Looper.java:154)
09-01 01:27:12.573   442   462 E BluetoothManagerService: 	at android.os.HandlerThread.run(HandlerThread.java:61)
09-01 01:27:12.573   442   462 E BluetoothManagerService: 	at com.android.server.ServiceThread.run(ServiceThread.java:46)
09-01 01:27:12.574   442   462 D BluetoothAdapter: onBluetoothServiceDown: android.bluetooth.IBluetooth$Stub$Proxy@bd907b7
09-01 01:27:12.574   670 12016 D BluetoothAdapter: onBluetoothServiceDown: android.bluetooth.IBluetooth$Stub$Proxy@a55fa1e
09-01 01:27:12.574   653   666 D BluetoothAdapter: onBluetoothServiceDown: android.bluetooth.IBluetooth$Stub$Proxy@967ed72
09-01 01:27:12.575   567   590 D BluetoothAdapter: onBluetoothServiceDown: android.bluetooth.IBluetooth$Stub$Proxy@fbb2af1
09-01 01:27:12.770   442   462 D BluetoothManagerService: MESSAGE_RESTART_BLUETOOTH_SERVICE
09-01 01:27:12.801   442   462 I ActivityManager: Start proc 18589:com.android.bluetooth/1002 for service com.android.bluetooth/.btservice.AdapterService
09-01 01:27:12.890 18589 18589 I chatty  : uid=1002(bluetooth) com.android.bluetooth expire 36 lines
09-01 01:27:12.934 18589 18605 I chatty  : uid=1002(bluetooth) com.android.bluetooth expire 12 lines
09-01 01:27:12.935 18589 18606 I chatty  : uid=1002(bluetooth) com.android.bluetooth expire 39 lines
09-01 01:27:12.936 18589 18609 I chatty  : uid=1002(bluetooth) com.android.bluetooth expire 4 lines
09-01 01:27:12.937 18589 18610 I chatty  : uid=1002(bluetooth) com.android.bluetooth expire 1 line
09-01 01:27:12.938 18589 18611 I chatty  : uid=1002(bluetooth) com.android.bluetooth expire 3 lines
09-01 01:27:12.942   442   442 D BluetoothManagerService: Bluetooth Adapter name changed to AOSP on navi_ref
09-01 01:27:12.943   442   442 D BluetoothManagerService: Stored Bluetooth name: AOSP on navi_ref
09-01 01:27:12.947   442   442 D BluetoothManagerService: BluetoothServiceConnection: com.android.bluetooth.btservice.AdapterService
09-01 01:27:12.947   442   462 D BluetoothManagerService: MESSAGE_BLUETOOTH_SERVICE_CONNECTED: 1
09-01 01:27:12.948 18589 18603 I chatty  : uid=1002(bluetooth) com.android.bluetooth expire 2 lines
09-01 01:27:12.950   442   462 D BluetoothManagerService: Broadcasting onBluetoothServiceUp() to 5 receivers.
09-01 01:27:12.950   442   462 D BluetoothAdapter: onBluetoothServiceUp: android.bluetooth.IBluetooth$Stub$Proxy@dc0c5c1
09-01 01:27:12.950   670 12016 D BluetoothAdapter: onBluetoothServiceUp: android.bluetooth.IBluetooth$Stub$Proxy@a04d2ff
09-01 01:27:12.951   653   666 D BluetoothAdapter: onBluetoothServiceUp: android.bluetooth.IBluetooth$Stub$Proxy@3c505c3
09-01 01:27:12.951   567   590 D BluetoothAdapter: onBluetoothServiceUp: android.bluetooth.IBluetooth$Stub$Proxy@12ce6d6
09-01 01:27:12.952 18589 18602 I chatty  : uid=1002(bluetooth) com.android.bluetooth expire 1 line
09-01 01:27:12.953   442   462 D BluetoothManagerService: MESSAGE_BLUETOOTH_STATE_CHANGE: OFF > BLE_TURNING_ON
09-01 01:27:12.953   442   462 D BluetoothManagerService: Sending BLE State Change: OFF > BLE_TURNING_ON
09-01 01:27:12.960 18589 18612 I chatty  : uid=1002(bluetooth) com.android.bluetooth expire 1 line
09-01 01:27:12.977 18589 18616 I chatty  : uid=1002(bluetooth) com.android.bluetooth expire 7 lines
09-01 01:27:13.638 18589 18617 I chatty  : uid=1002(bluetooth) com.android.bluetooth expire 1 line
09-01 01:27:20.983 18589 18644 I chatty  : uid=1002(bluetooth) com.android.bluetooth expire 21 lines
09-01 01:27:20.990 18589 18645 I chatty  : uid=1002(bluetooth) com.android.bluetooth expire 2 lines
09-01 01:27:21.665   442   639 I ActivityManager: Process com.android.bluetooth (pid 18589) has died
09-01 01:27:21.665   442   639 D ActivityManager: cleanUpApplicationRecord -- 18589
09-01 01:27:21.665   442   442 D BluetoothManagerService: BluetoothServiceConnection, disconnected: com.android.bluetooth.btservice.AdapterService
09-01 01:27:21.666   442   639 W ActivityManager: Scheduling restart of crashed service com.android.bluetooth/.gatt.GattService in 1000ms
09-01 01:27:21.666   442   462 E BluetoothManagerService: MESSAGE_BLUETOOTH_SERVICE_DISCONNECTED(1)
09-01 01:27:21.666   442   462 D BluetoothManagerService: Broadcasting onBluetoothServiceDown() to 4 receivers.
09-01 01:27:21.666   442   639 W ActivityManager: Scheduling restart of crashed service com.android.bluetooth/.btservice.AdapterService in 1000ms
09-01 01:27:21.667   670 12016 D BluetoothAdapter: onBluetoothServiceDown: android.bluetooth.IBluetooth$Stub$Proxy@a04d2ff
09-01 01:27:21.667   442   462 D BluetoothAdapter: onBluetoothServiceDown: android.bluetooth.IBluetooth$Stub$Proxy@dc0c5c1
09-01 01:27:21.667   653   666 D BluetoothAdapter: onBluetoothServiceDown: android.bluetooth.IBluetooth$Stub$Proxy@3c505c3
09-01 01:27:21.668   567   590 D BluetoothAdapter: onBluetoothServiceDown: android.bluetooth.IBluetooth$Stub$Proxy@12ce6d6
09-01 01:27:21.866   442   462 D BluetoothManagerService: MESSAGE_RESTART_BLUETOOTH_SERVICE
09-01 01:27:21.903   442   462 I ActivityManager: Start proc 18646:com.android.bluetooth/1002 for service com.android.bluetooth/.btservice.AdapterService
09-01 01:27:21.988 18646 18646 I chatty  : uid=1002(bluetooth) com.android.bluetooth expire 16 lines
09-01 01:27:22.030 18646 18662 I chatty  : uid=1002(bluetooth) com.android.bluetooth expire 1 line
09-01 01:27:22.031 18646 18663 I chatty  : uid=1002(bluetooth) com.android.bluetooth expire 20 lines
09-01 01:27:22.033 18646 18666 I chatty  : uid=1002(bluetooth) com.android.bluetooth expire 1 line
09-01 01:27:22.033 18646 18667 I chatty  : uid=1002(bluetooth) com.android.bluetooth expire 1 line
09-01 01:27:22.035 18646 18668 I chatty  : uid=1002(bluetooth) com.android.bluetooth expire 3 lines
09-01 01:27:22.040   442   442 D BluetoothManagerService: Bluetooth Adapter name changed to AOSP on navi_ref
09-01 01:27:22.040   442   442 D BluetoothManagerService: Stored Bluetooth name: AOSP on navi_ref
09-01 01:27:22.046 18646 18646 I chatty  : uid=1002(bluetooth) com.android.bluetooth expire 20 lines
09-01 01:27:22.050   442   442 D BluetoothManagerService: BluetoothServiceConnection: com.android.bluetooth.btservice.AdapterService
09-01 01:27:22.050   442   462 D BluetoothManagerService: MESSAGE_BLUETOOTH_SERVICE_CONNECTED: 1
09-01 01:27:22.051 18646 18660 I chatty  : uid=1002(bluetooth) com.android.bluetooth expire 2 lines
09-01 01:27:22.053   442   462 D BluetoothManagerService: Broadcasting onBluetoothServiceUp() to 5 receivers.
09-01 01:27:22.053   670 12016 D BluetoothAdapter: onBluetoothServiceUp: android.bluetooth.IBluetooth$Stub$Proxy@c91b8cc
09-01 01:27:22.053   442   462 D BluetoothAdapter: onBluetoothServiceUp: android.bluetooth.IBluetooth$Stub$Proxy@b54c0bb
09-01 01:27:22.054   653   666 D BluetoothAdapter: onBluetoothServiceUp: android.bluetooth.IBluetooth$Stub$Proxy@a770e40
09-01 01:27:22.054   567   590 D BluetoothAdapter: onBluetoothServiceUp: android.bluetooth.IBluetooth$Stub$Proxy@df7ad57
09-01 01:27:22.056 18646 18659 I chatty  : uid=1002(bluetooth) com.android.bluetooth expire 1 line
09-01 01:27:22.056 18646 18662 I chatty  : uid=1002(bluetooth) com.android.bluetooth expire 11 lines
09-01 01:27:22.057   442   462 D BluetoothManagerService: MESSAGE_BLUETOOTH_STATE_CHANGE: OFF > BLE_TURNING_ON
09-01 01:27:22.057   442   462 D BluetoothManagerService: Sending BLE State Change: OFF > BLE_TURNING_ON
09-01 01:27:22.073 18646 18669 I chatty  : uid=1002(bluetooth) com.android.bluetooth expire 1 line
09-01 01:27:22.091 18646 18663 I chatty  : uid=1002(bluetooth) com.android.bluetooth expire 19 lines
09-01 01:27:22.093 18646 18672 I chatty  : uid=1002(bluetooth) com.android.bluetooth expire 7 lines
09-01 01:27:22.754 18646 18673 I chatty  : uid=1002(bluetooth) com.android.bluetooth expire 1 line
09-01 01:27:30.097 18646 18666 I chatty  : uid=1002(bluetooth) com.android.bluetooth expire 3 lines
09-01 01:27:30.099 18646 18674 I chatty  : uid=1002(bluetooth) com.android.bluetooth expire 21 lines
09-01 01:27:30.106 18646 18675 I chatty  : uid=1002(bluetooth) com.android.bluetooth expire 2 lines
09-01 01:27:30.781   442   442 D BluetoothManagerService: BluetoothServiceConnection, disconnected: com.android.bluetooth.btservice.AdapterService
09-01 01:27:30.781   442  1210 I ActivityManager: Process com.android.bluetooth (pid 18646) has died
09-01 01:27:30.781   442  1210 D ActivityManager: cleanUpApplicationRecord -- 18646
09-01 01:27:30.781   442  1210 W ActivityManager: Scheduling restart of crashed service com.android.bluetooth/.gatt.GattService in 1000ms
09-01 01:27:30.781   442  1210 W ActivityManager: Scheduling restart of crashed service com.android.bluetooth/.btservice.AdapterService in 1000ms
09-01 01:27:30.783   442   462 E BluetoothManagerService: MESSAGE_BLUETOOTH_SERVICE_DISCONNECTED(1)
09-01 01:27:30.783   442   462 D BluetoothManagerService: Broadcasting onBluetoothServiceDown() to 4 receivers.
09-01 01:27:30.783   442   462 D BluetoothAdapter: onBluetoothServiceDown: android.bluetooth.IBluetooth$Stub$Proxy@b54c0bb
09-01 01:27:30.784   670 12016 D BluetoothAdapter: onBluetoothServiceDown: android.bluetooth.IBluetooth$Stub$Proxy@c91b8cc
09-01 01:27:30.784   653   666 D BluetoothAdapter: onBluetoothServiceDown: android.bluetooth.IBluetooth$Stub$Proxy@a770e40
09-01 01:27:30.784   567   590 D BluetoothAdapter: onBluetoothServiceDown: android.bluetooth.IBluetooth$Stub$Proxy@df7ad57
09-01 01:27:30.983   442   462 D BluetoothManagerService: MESSAGE_RESTART_BLUETOOTH_SERVICE
09-01 01:27:31.011   442   462 I ActivityManager: Start proc 18676:com.android.bluetooth/1002 for service com.android.bluetooth/.btservice.AdapterService
09-01 01:27:31.104 18676 18676 I chatty  : uid=1002(bluetooth) com.android.bluetooth expire 36 lines
09-01 01:27:31.145 18676 18692 I chatty  : uid=1002(bluetooth) com.android.bluetooth expire 12 lines
09-01 01:27:31.146 18676 18693 I chatty  : uid=1002(bluetooth) com.android.bluetooth expire 39 lines
09-01 01:27:31.148 18676 18696 I chatty  : uid=1002(bluetooth) com.android.bluetooth expire 4 lines
09-01 01:27:31.148 18676 18697 I chatty  : uid=1002(bluetooth) com.android.bluetooth expire 1 line
09-01 01:27:31.150 18676 18698 I chatty  : uid=1002(bluetooth) com.android.bluetooth expire 3 lines
09-01 01:27:31.154   442   442 D BluetoothManagerService: Bluetooth Adapter name changed to AOSP on navi_ref
09-01 01:27:31.155   442   442 D BluetoothManagerService: Stored Bluetooth name: AOSP on navi_ref
09-01 01:27:31.159   442   442 D BluetoothManagerService: BluetoothServiceConnection: com.android.bluetooth.btservice.AdapterService
09-01 01:27:31.159   442   462 D BluetoothManagerService: MESSAGE_BLUETOOTH_SERVICE_CONNECTED: 1
09-01 01:27:31.159 18676 18690 I chatty  : uid=1002(bluetooth) com.android.bluetooth expire 2 lines
09-01 01:27:31.161   442   462 D BluetoothManagerService: Broadcasting onBluetoothServiceUp() to 5 receivers.
09-01 01:27:31.162   670 12016 D BluetoothAdapter: onBluetoothServiceUp: android.bluetooth.IBluetooth$Stub$Proxy@a220715
09-01 01:27:31.162   442   462 D BluetoothAdapter: onBluetoothServiceUp: android.bluetooth.IBluetooth$Stub$Proxy@139571c
09-01 01:27:31.162 18676 18689 I chatty  : uid=1002(bluetooth) com.android.bluetooth expire 1 line
09-01 01:27:31.163   442   462 D BluetoothManagerService: MESSAGE_BLUETOOTH_STATE_CHANGE: OFF > BLE_TURNING_ON
09-01 01:27:31.163   442   462 D BluetoothManagerService: Sending BLE State Change: OFF > BLE_TURNING_ON
09-01 01:27:31.165   653   666 D BluetoothAdapter: onBluetoothServiceUp: android.bluetooth.IBluetooth$Stub$Proxy@88c179
09-01 01:27:31.165   567   590 D BluetoothAdapter: onBluetoothServiceUp: android.bluetooth.IBluetooth$Stub$Proxy@18f8044
09-01 01:27:31.175 18676 18699 I chatty  : uid=1002(bluetooth) com.android.bluetooth expire 1 line
09-01 01:27:31.193 18676 18702 I chatty  : uid=1002(bluetooth) com.android.bluetooth expire 7 lines
09-01 01:27:31.854 18676 18703 I chatty  : uid=1002(bluetooth) com.android.bluetooth expire 1 line
09-01 01:27:39.200 18676 18704 I chatty  : uid=1002(bluetooth) com.android.bluetooth expire 21 lines
09-01 01:27:39.208 18676 18705 I chatty  : uid=1002(bluetooth) com.android.bluetooth expire 2 lines
09-01 01:27:39.881   442   453 I ActivityManager: Process com.android.bluetooth (pid 18676) has died
09-01 01:27:39.881   442   453 D ActivityManager: cleanUpApplicationRecord -- 18676
09-01 01:27:39.881   442   453 W ActivityManager: Scheduling restart of crashed service com.android.bluetooth/.gatt.GattService in 1000ms
09-01 01:27:39.882   442   453 W ActivityManager: Scheduling restart of crashed service com.android.bluetooth/.btservice.AdapterService in 1000ms
09-01 01:27:39.882   442   442 D BluetoothManagerService: BluetoothServiceConnection, disconnected: com.android.bluetooth.btservice.AdapterService
09-01 01:27:39.882   442   462 E BluetoothManagerService: MESSAGE_BLUETOOTH_SERVICE_DISCONNECTED(1)
09-01 01:27:39.882   442   462 D BluetoothManagerService: Broadcasting onBluetoothServiceDown() to 4 receivers.
09-01 01:27:39.882   442   462 D BluetoothAdapter: onBluetoothServiceDown: android.bluetooth.IBluetooth$Stub$Proxy@139571c
09-01 01:27:39.882   670 12016 D BluetoothAdapter: onBluetoothServiceDown: android.bluetooth.IBluetooth$Stub$Proxy@a220715
09-01 01:27:39.882   653   666 D BluetoothAdapter: onBluetoothServiceDown: android.bluetooth.IBluetooth$Stub$Proxy@88c179
09-01 01:27:39.883   567   590 D BluetoothAdapter: onBluetoothServiceDown: android.bluetooth.IBluetooth$Stub$Proxy@18f8044
09-01 01:27:40.083   442   462 D BluetoothManagerService: MESSAGE_RESTART_BLUETOOTH_SERVICE
09-01 01:27:40.121   442   462 I ActivityManager: Start proc 18706:com.android.bluetooth/1002 for service com.android.bluetooth/.btservice.AdapterService
09-01 01:27:40.205 18706 18706 I chatty  : uid=1002(bluetooth) com.android.bluetooth expire 13 lines
09-01 01:27:40.250 18706 18722 I chatty  : uid=1002(bluetooth) com.android.bluetooth expire 1 line
09-01 01:27:40.250 18706 18723 I chatty  : uid=1002(bluetooth) com.android.bluetooth expire 20 lines
09-01 01:27:40.252 18706 18726 I chatty  : uid=1002(bluetooth) com.android.bluetooth expire 1 line
09-01 01:27:40.252 18706 18727 I chatty  : uid=1002(bluetooth) com.android.bluetooth expire 1 line
09-01 01:27:40.253 18706 18728 I chatty  : uid=1002(bluetooth) com.android.bluetooth expire 3 lines
09-01 01:27:40.254 18706 18706 I chatty  : uid=1002(bluetooth) com.android.bluetooth expire 23 lines
09-01 01:27:40.258   442   442 D BluetoothManagerService: Bluetooth Adapter name changed to AOSP on navi_ref
09-01 01:27:40.258   442   442 D BluetoothManagerService: Stored Bluetooth name: AOSP on navi_ref
09-01 01:27:40.265   442   442 D BluetoothManagerService: BluetoothServiceConnection: com.android.bluetooth.btservice.AdapterService
09-01 01:27:40.265   442   462 D BluetoothManagerService: MESSAGE_BLUETOOTH_SERVICE_CONNECTED: 1
09-01 01:27:40.268 18706 18720 I chatty  : uid=1002(bluetooth) com.android.bluetooth expire 3 lines
09-01 01:27:40.273   442   462 D BluetoothManagerService: Broadcasting onBluetoothServiceUp() to 5 receivers.
09-01 01:27:40.273   442   462 D BluetoothAdapter: onBluetoothServiceUp: android.bluetooth.IBluetooth$Stub$Proxy@3e65ad9
09-01 01:27:40.273   670 12016 D BluetoothAdapter: onBluetoothServiceUp: android.bluetooth.IBluetooth$Stub$Proxy@de39a2a
09-01 01:27:40.274   653   666 D BluetoothAdapter: onBluetoothServiceUp: android.bluetooth.IBluetooth$Stub$Proxy@1c36ebe
09-01 01:27:40.274   567   590 D BluetoothAdapter: onBluetoothServiceUp: android.bluetooth.IBluetooth$Stub$Proxy@bc6852d
09-01 01:27:40.275 18706 18722 I chatty  : uid=1002(bluetooth) com.android.bluetooth expire 11 lines
09-01 01:27:40.276   442   462 D BluetoothManagerService: MESSAGE_BLUETOOTH_STATE_CHANGE: OFF > BLE_TURNING_ON
09-01 01:27:40.276   442   462 D BluetoothManagerService: Sending BLE State Change: OFF > BLE_TURNING_ON
09-01 01:27:40.281 18706 18729 I chatty  : uid=1002(bluetooth) com.android.bluetooth expire 1 line
09-01 01:27:40.296 18706 18723 I chatty  : uid=1002(bluetooth) com.android.bluetooth expire 19 lines
09-01 01:27:40.297 18706 18732 I chatty  : uid=1002(bluetooth) com.android.bluetooth expire 7 lines
09-01 01:27:40.957 18706 18733 I chatty  : uid=1002(bluetooth) com.android.bluetooth expire 1 line
09-01 01:27:48.302 18706 18726 I chatty  : uid=1002(bluetooth) com.android.bluetooth expire 3 lines
09-01 01:27:48.303 18706 18734 I chatty  : uid=1002(bluetooth) com.android.bluetooth expire 21 lines
09-01 01:27:48.308 18706 18735 I chatty  : uid=1002(bluetooth) com.android.bluetooth expire 2 lines
09-01 01:27:48.985   442   639 I ActivityManager: Process com.android.bluetooth (pid 18706) has died
09-01 01:27:48.985   442   639 D ActivityManager: cleanUpApplicationRecord -- 18706
09-01 01:27:48.985   442   639 W ActivityManager: Scheduling restart of crashed service com.android.bluetooth/.gatt.GattService in 1000ms
09-01 01:27:48.985   442   442 D BluetoothManagerService: BluetoothServiceConnection, disconnected: com.android.bluetooth.btservice.AdapterService
09-01 01:27:48.985   442   639 W ActivityManager: Scheduling restart of crashed service com.android.bluetooth/.btservice.AdapterService in 1000ms
09-01 01:27:48.986   442   462 E BluetoothManagerService: MESSAGE_BLUETOOTH_SERVICE_DISCONNECTED(1)
09-01 01:27:48.986   442   462 D BluetoothManagerService: Broadcasting onBluetoothServiceDown() to 4 receivers.
09-01 01:27:48.986   442   462 D BluetoothAdapter: onBluetoothServiceDown: android.bluetooth.IBluetooth$Stub$Proxy@3e65ad9
09-01 01:27:48.986   670 12016 D BluetoothAdapter: onBluetoothServiceDown: android.bluetooth.IBluetooth$Stub$Proxy@de39a2a
09-01 01:27:48.987   653   666 D BluetoothAdapter: onBluetoothServiceDown: android.bluetooth.IBluetooth$Stub$Proxy@1c36ebe
09-01 01:27:48.987   567   590 D BluetoothAdapter: onBluetoothServiceDown: android.bluetooth.IBluetooth$Stub$Proxy@bc6852d
09-01 01:27:49.188   442   462 D BluetoothManagerService: MESSAGE_RESTART_BLUETOOTH_SERVICE
09-01 01:27:49.216   442   462 I ActivityManager: Start proc 18737:com.android.bluetooth/1002 for service com.android.bluetooth/.btservice.AdapterService
09-01 01:27:49.311 18737 18737 I chatty  : uid=1002(bluetooth) com.android.bluetooth expire 36 lines
09-01 01:27:49.352 18737 18754 I chatty  : uid=1002(bluetooth) com.android.bluetooth expire 12 lines
09-01 01:27:49.353 18737 18755 I chatty  : uid=1002(bluetooth) com.android.bluetooth expire 39 lines
09-01 01:27:49.355 18737 18758 I chatty  : uid=1002(bluetooth) com.android.bluetooth expire 4 lines
09-01 01:27:49.356 18737 18759 I chatty  : uid=1002(bluetooth) com.android.bluetooth expire 1 line
09-01 01:27:49.359 18737 18760 I chatty  : uid=1002(bluetooth) com.android.bluetooth expire 3 lines
09-01 01:27:49.363   442   442 D BluetoothManagerService: Bluetooth Adapter name changed to AOSP on navi_ref
09-01 01:27:49.363   442   442 D BluetoothManagerService: Stored Bluetooth name: AOSP on navi_ref
09-01 01:27:49.367   442   442 D BluetoothManagerService: BluetoothServiceConnection: com.android.bluetooth.btservice.AdapterService
09-01 01:27:49.367   442   462 D BluetoothManagerService: MESSAGE_BLUETOOTH_SERVICE_CONNECTED: 1
09-01 01:27:49.368 18737 18752 I chatty  : uid=1002(bluetooth) com.android.bluetooth expire 3 lines
09-01 01:27:49.369   442   462 D BluetoothManagerService: Broadcasting onBluetoothServiceUp() to 5 receivers.
09-01 01:27:49.370   442   462 D BluetoothAdapter: onBluetoothServiceUp: android.bluetooth.IBluetooth$Stub$Proxy@eccbf02
09-01 01:27:49.370   670 12016 D BluetoothAdapter: onBluetoothServiceUp: android.bluetooth.IBluetooth$Stub$Proxy@95da01b
09-01 01:27:49.370   653   666 D BluetoothAdapter: onBluetoothServiceUp: android.bluetooth.IBluetooth$Stub$Proxy@e83b1f
09-01 01:27:49.371   567   590 D BluetoothAdapter: onBluetoothServiceUp: android.bluetooth.IBluetooth$Stub$Proxy@de89a62
09-01 01:27:49.373   442   462 D BluetoothManagerService: MESSAGE_BLUETOOTH_STATE_CHANGE: OFF > BLE_TURNING_ON
09-01 01:27:49.373   442   462 D BluetoothManagerService: Sending BLE State Change: OFF > BLE_TURNING_ON
09-01 01:27:49.379 18737 18761 I chatty  : uid=1002(bluetooth) com.android.bluetooth expire 1 line
09-01 01:27:49.405 18737 18764 I chatty  : uid=1002(bluetooth) com.android.bluetooth expire 7 lines
09-01 01:27:50.065 18737 18765 I chatty  : uid=1002(bluetooth) com.android.bluetooth expire 1 line
09-01 01:27:57.413 18737 18766 I chatty  : uid=1002(bluetooth) com.android.bluetooth expire 21 lines
09-01 01:27:57.418 18737 18767 I chatty  : uid=1002(bluetooth) com.android.bluetooth expire 2 lines
09-01 01:27:58.093   442   639 I ActivityManager: Process com.android.bluetooth (pid 18737) has died
09-01 01:27:58.093   442   639 D ActivityManager: cleanUpApplicationRecord -- 18737
09-01 01:27:58.093   442   442 D BluetoothManagerService: BluetoothServiceConnection, disconnected: com.android.bluetooth.btservice.AdapterService
09-01 01:27:58.093   442   639 W ActivityManager: Scheduling restart of crashed service com.android.bluetooth/.gatt.GattService in 1000ms
09-01 01:27:58.093   442   462 E BluetoothManagerService: MESSAGE_BLUETOOTH_SERVICE_DISCONNECTED(1)
09-01 01:27:58.093   442   462 D BluetoothManagerService: Broadcasting onBluetoothServiceDown() to 4 receivers.
09-01 01:27:58.093   442   639 W ActivityManager: Scheduling restart of crashed service com.android.bluetooth/.btservice.AdapterService in 1000ms
09-01 01:27:58.094   442   462 D BluetoothAdapter: onBluetoothServiceDown: android.bluetooth.IBluetooth$Stub$Proxy@eccbf02
09-01 01:27:58.094   670 12016 D BluetoothAdapter: onBluetoothServiceDown: android.bluetooth.IBluetooth$Stub$Proxy@95da01b
09-01 01:27:58.094   653   666 D BluetoothAdapter: onBluetoothServiceDown: android.bluetooth.IBluetooth$Stub$Proxy@e83b1f
09-01 01:27:58.094   567   590 D BluetoothAdapter: onBluetoothServiceDown: android.bluetooth.IBluetooth$Stub$Proxy@de89a62
09-01 01:27:58.293   442   462 D BluetoothManagerService: MESSAGE_RESTART_BLUETOOTH_SERVICE
09-01 01:27:58.323   442   462 I ActivityManager: Start proc 18768:com.android.bluetooth/1002 for service com.android.bluetooth/.btservice.AdapterService
09-01 01:27:58.414 18768 18768 I chatty  : uid=1002(bluetooth) com.android.bluetooth expire 13 lines
09-01 01:27:58.458 18768 18784 I chatty  : uid=1002(bluetooth) com.android.bluetooth expire 1 line
09-01 01:27:58.459 18768 18785 I chatty  : uid=1002(bluetooth) com.android.bluetooth expire 16 lines
09-01 01:27:58.460 18768 18788 I chatty  : uid=1002(bluetooth) com.android.bluetooth expire 1 line
09-01 01:27:58.461 18768 18789 I chatty  : uid=1002(bluetooth) com.android.bluetooth expire 1 line
09-01 01:27:58.461 18768 18785 I chatty  : uid=1002(bluetooth) com.android.bluetooth expire 23 lines
09-01 01:27:58.462 18768 18790 I chatty  : uid=1002(bluetooth) com.android.bluetooth expire 3 lines
09-01 01:27:58.462 18768 18768 I chatty  : uid=1002(bluetooth) com.android.bluetooth expire 23 lines
09-01 01:27:58.466   442   442 D BluetoothManagerService: Bluetooth Adapter name changed to AOSP on navi_ref
09-01 01:27:58.466   442   442 D BluetoothManagerService: Stored Bluetooth name: AOSP on navi_ref
09-01 01:27:58.470   442   442 D BluetoothManagerService: BluetoothServiceConnection: com.android.bluetooth.btservice.AdapterService
09-01 01:27:58.470   442   462 D BluetoothManagerService: MESSAGE_BLUETOOTH_SERVICE_CONNECTED: 1
09-01 01:27:58.471 18768 18782 I chatty  : uid=1002(bluetooth) com.android.bluetooth expire 2 lines
09-01 01:27:58.474   442   462 D BluetoothManagerService: Broadcasting onBluetoothServiceUp() to 5 receivers.
09-01 01:27:58.474   442   462 D BluetoothAdapter: onBluetoothServiceUp: android.bluetooth.IBluetooth$Stub$Proxy@4ab7867
09-01 01:27:58.474   670 12016 D BluetoothAdapter: onBluetoothServiceUp: android.bluetooth.IBluetooth$Stub$Proxy@38795b8
09-01 01:27:58.475   653   666 D BluetoothAdapter: onBluetoothServiceUp: android.bluetooth.IBluetooth$Stub$Proxy@ddece6c
09-01 01:27:58.475 18768 18780 I chatty  : uid=1002(bluetooth) com.android.bluetooth expire 1 line
09-01 01:27:58.475   567   590 D BluetoothAdapter: onBluetoothServiceUp: android.bluetooth.IBluetooth$Stub$Proxy@4dfc7f3
09-01 01:27:58.475 18768 18784 I chatty  : uid=1002(bluetooth) com.android.bluetooth expire 11 lines
09-01 01:27:58.477   442   462 D BluetoothManagerService: MESSAGE_BLUETOOTH_STATE_CHANGE: OFF > BLE_TURNING_ON
09-01 01:27:58.477   442   462 D BluetoothManagerService: Sending BLE State Change: OFF > BLE_TURNING_ON
09-01 01:27:58.481 18768 18791 I chatty  : uid=1002(bluetooth) com.android.bluetooth expire 1 line
09-01 01:27:58.506 18768 18794 I chatty  : uid=1002(bluetooth) com.android.bluetooth expire 7 lines
09-01 01:27:59.166 18768 18795 I chatty  : uid=1002(bluetooth) com.android.bluetooth expire 1 line
09-01 01:28:06.510 18768 18788 I chatty  : uid=1002(bluetooth) com.android.bluetooth expire 3 lines
09-01 01:28:06.511 18768 18796 I chatty  : uid=1002(bluetooth) com.android.bluetooth expire 21 lines
09-01 01:28:06.519 18768 18797 I chatty  : uid=1002(bluetooth) com.android.bluetooth expire 2 lines
09-01 01:28:07.191   442   442 D BluetoothManagerService: BluetoothServiceConnection, disconnected: com.android.bluetooth.btservice.AdapterService
09-01 01:28:07.191   442   639 I ActivityManager: Process com.android.bluetooth (pid 18768) has died
09-01 01:28:07.191   442   639 D ActivityManager: cleanUpApplicationRecord -- 18768
09-01 01:28:07.191   442   639 W ActivityManager: Scheduling restart of crashed service com.android.bluetooth/.gatt.GattService in 1000ms
09-01 01:28:07.192   442   639 W ActivityManager: Scheduling restart of crashed service com.android.bluetooth/.btservice.AdapterService in 1000ms
09-01 01:28:07.192   442   462 E BluetoothManagerService: MESSAGE_BLUETOOTH_SERVICE_DISCONNECTED(1)
09-01 01:28:07.193   442   462 D BluetoothManagerService: Broadcasting onBluetoothServiceDown() to 4 receivers.
09-01 01:28:07.193   442   462 D BluetoothAdapter: onBluetoothServiceDown: android.bluetooth.IBluetooth$Stub$Proxy@4ab7867
09-01 01:28:07.193   670 12016 D BluetoothAdapter: onBluetoothServiceDown: android.bluetooth.IBluetooth$Stub$Proxy@38795b8
09-01 01:28:07.193   653   666 D BluetoothAdapter: onBluetoothServiceDown: android.bluetooth.IBluetooth$Stub$Proxy@ddece6c
09-01 01:28:07.193   567   590 D BluetoothAdapter: onBluetoothServiceDown: android.bluetooth.IBluetooth$Stub$Proxy@4dfc7f3
09-01 01:28:07.393   442   462 D BluetoothManagerService: MESSAGE_RESTART_BLUETOOTH_SERVICE
09-01 01:28:07.400   171 18772 I art     : Starting a blocking GC Background
09-01 01:28:07.400   171 18772 I art     : Starting a blocking GC Background
09-01 01:28:07.424   171 18772 I art     : Starting a blocking GC HeapTrim
09-01 01:28:07.447   442   462 W ActivityManager: Slow operation: 51ms so far, now at startProcess: returned from zygote!
09-01 01:28:07.447   442   462 W ActivityManager: Slow operation: 51ms so far, now at startProcess: done updating battery stats
09-01 01:28:07.447   442   462 W ActivityManager: Slow operation: 51ms so far, now at startProcess: building log message
09-01 01:28:07.447   442   462 I ActivityManager: Start proc 18798:com.android.bluetooth/1002 for service com.android.bluetooth/.btservice.AdapterService
09-01 01:28:07.447   442   462 W ActivityManager: Slow operation: 51ms so far, now at startProcess: starting to update pids map
09-01 01:28:07.447   442   462 W ActivityManager: Slow operation: 51ms so far, now at startProcess: done updating pids map
09-01 01:28:07.447   442   462 W ActivityManager: Slow operation: 53ms so far, now at startProcess: done starting proc!
09-01 01:28:07.544 18798 18798 I chatty  : uid=1002(bluetooth) com.android.bluetooth expire 36 lines
09-01 01:28:07.585 18798 18814 I chatty  : uid=1002(bluetooth) com.android.bluetooth expire 12 lines
09-01 01:28:07.585 18798 18815 I chatty  : uid=1002(bluetooth) com.android.bluetooth expire 39 lines
09-01 01:28:07.588 18798 18818 I chatty  : uid=1002(bluetooth) com.android.bluetooth expire 4 lines
09-01 01:28:07.589 18798 18819 I chatty  : uid=1002(bluetooth) com.android.bluetooth expire 1 line
09-01 01:28:07.591 18798 18820 I chatty  : uid=1002(bluetooth) com.android.bluetooth expire 3 lines
09-01 01:28:07.595   442   442 D BluetoothManagerService: Bluetooth Adapter name changed to AOSP on navi_ref
09-01 01:28:07.596   442   442 D BluetoothManagerService: Stored Bluetooth name: AOSP on navi_ref
09-01 01:28:07.600   442   442 D BluetoothManagerService: BluetoothServiceConnection: com.android.bluetooth.btservice.AdapterService
09-01 01:28:07.600   442   462 D BluetoothManagerService: MESSAGE_BLUETOOTH_SERVICE_CONNECTED: 1
09-01 01:28:07.602 18798 18812 I chatty  : uid=1002(bluetooth) com.android.bluetooth expire 2 lines
09-01 01:28:07.604   442   462 D BluetoothManagerService: Broadcasting onBluetoothServiceUp() to 5 receivers.
09-01 01:28:07.605   670 12016 D BluetoothAdapter: onBluetoothServiceUp: android.bluetooth.IBluetooth$Stub$Proxy@4a8ff91
09-01 01:28:07.605   442   462 D BluetoothAdapter: onBluetoothServiceUp: android.bluetooth.IBluetooth$Stub$Proxy@b607e98
09-01 01:28:07.605   567   590 D BluetoothAdapter: onBluetoothServiceUp: android.bluetooth.IBluetooth$Stub$Proxy@b265cb0
09-01 01:28:07.605   653   666 D BluetoothAdapter: onBluetoothServiceUp: android.bluetooth.IBluetooth$Stub$Proxy@e4afc35
09-01 01:28:07.607 18798 18811 I chatty  : uid=1002(bluetooth) com.android.bluetooth expire 1 line
09-01 01:28:07.611   442   462 D BluetoothManagerService: MESSAGE_BLUETOOTH_STATE_CHANGE: OFF > BLE_TURNING_ON
09-01 01:28:07.611   442   462 D BluetoothManagerService: Sending BLE State Change: OFF > BLE_TURNING_ON
09-01 01:28:07.614 18798 18821 I chatty  : uid=1002(bluetooth) com.android.bluetooth expire 1 line
09-01 01:28:07.640 18798 18824 I chatty  : uid=1002(bluetooth) com.android.bluetooth expire 7 lines
09-01 01:28:08.300 18798 18825 I chatty  : uid=1002(bluetooth) com.android.bluetooth expire 1 line
09-01 01:28:15.646 18798 18826 I chatty  : uid=1002(bluetooth) com.android.bluetooth expire 21 lines
09-01 01:28:15.652 18798 18827 I chatty  : uid=1002(bluetooth) com.android.bluetooth expire 2 lines
09-01 01:28:16.329   442   699 I ActivityManager: Process com.android.bluetooth (pid 18798) has died
09-01 01:28:16.329   442   699 D ActivityManager: cleanUpApplicationRecord -- 18798
09-01 01:28:16.330   442   699 W ActivityManager: Scheduling restart of crashed service com.android.bluetooth/.btservice.AdapterService in 1000ms
09-01 01:28:16.330   442   442 D BluetoothManagerService: BluetoothServiceConnection, disconnected: com.android.bluetooth.btservice.AdapterService
09-01 01:28:16.330   442   699 W ActivityManager: Scheduling restart of crashed service com.android.bluetooth/.gatt.GattService in 11000ms
09-01 01:28:16.333   442   462 E BluetoothManagerService: MESSAGE_BLUETOOTH_SERVICE_DISCONNECTED(1)
09-01 01:28:16.333   442   462 D BluetoothManagerService: Broadcasting onBluetoothServiceDown() to 4 receivers.
09-01 01:28:16.334   442   462 D BluetoothAdapter: onBluetoothServiceDown: android.bluetooth.IBluetooth$Stub$Proxy@b607e98
09-01 01:28:16.334   670 12016 D BluetoothAdapter: onBluetoothServiceDown: android.bluetooth.IBluetooth$Stub$Proxy@4a8ff91
09-01 01:28:16.334   567   590 D BluetoothAdapter: onBluetoothServiceDown: android.bluetooth.IBluetooth$Stub$Proxy@b265cb0
09-01 01:28:16.335   653   666 D BluetoothAdapter: onBluetoothServiceDown: android.bluetooth.IBluetooth$Stub$Proxy@e4afc35
09-01 01:28:16.533   442   462 D BluetoothManagerService: MESSAGE_RESTART_BLUETOOTH_SERVICE
09-01 01:28:16.565   442   462 I ActivityManager: Start proc 18828:com.android.bluetooth/1002 for service com.android.bluetooth/.btservice.AdapterService
09-01 01:28:16.652 18828 18828 I chatty  : uid=1002(bluetooth) com.android.bluetooth expire 13 lines
09-01 01:28:16.697 18828 18845 I chatty  : uid=1002(bluetooth) com.android.bluetooth expire 1 line
09-01 01:28:16.697 18828 18846 I chatty  : uid=1002(bluetooth) com.android.bluetooth expire 39 lines
09-01 01:28:16.699 18828 18849 I chatty  : uid=1002(bluetooth) com.android.bluetooth expire 4 lines
09-01 01:28:16.699 18828 18850 I chatty  : uid=1002(bluetooth) com.android.bluetooth expire 1 line
09-01 01:28:16.701 18828 18851 I chatty  : uid=1002(bluetooth) com.android.bluetooth expire 3 lines
09-01 01:28:16.701 18828 18828 I chatty  : uid=1002(bluetooth) com.android.bluetooth expire 23 lines
09-01 01:28:16.704   442   442 D BluetoothManagerService: Bluetooth Adapter name changed to AOSP on navi_ref
09-01 01:28:16.705   442   442 D BluetoothManagerService: Stored Bluetooth name: AOSP on navi_ref
09-01 01:28:16.709   442   442 D BluetoothManagerService: BluetoothServiceConnection: com.android.bluetooth.btservice.AdapterService
09-01 01:28:16.710   442   462 D BluetoothManagerService: MESSAGE_BLUETOOTH_SERVICE_CONNECTED: 1
09-01 01:28:16.711 18828 18843 I chatty  : uid=1002(bluetooth) com.android.bluetooth expire 2 lines
09-01 01:28:16.713   442   462 D BluetoothManagerService: Broadcasting onBluetoothServiceUp() to 5 receivers.
09-01 01:28:16.713   442   462 D BluetoothAdapter: onBluetoothServiceUp: android.bluetooth.IBluetooth$Stub$Proxy@1c8a8e5
09-01 01:28:16.713   670 12016 D BluetoothAdapter: onBluetoothServiceUp: android.bluetooth.IBluetooth$Stub$Proxy@4f92ef6
09-01 01:28:16.714   567   590 D BluetoothAdapter: onBluetoothServiceUp: android.bluetooth.IBluetooth$Stub$Proxy@fb34729
09-01 01:28:16.714   653   666 D BluetoothAdapter: onBluetoothServiceUp: android.bluetooth.IBluetooth$Stub$Proxy@4c3b8ca
09-01 01:28:16.715 18828 18840 I chatty  : uid=1002(bluetooth) com.android.bluetooth expire 1 line
09-01 01:28:16.715 18828 18845 I chatty  : uid=1002(bluetooth) com.android.bluetooth expire 11 lines
09-01 01:28:16.718   442   462 D BluetoothManagerService: MESSAGE_BLUETOOTH_STATE_CHANGE: OFF > BLE_TURNING_ON
09-01 01:28:16.718   442   462 D BluetoothManagerService: Sending BLE State Change: OFF > BLE_TURNING_ON
09-01 01:28:16.719 18828 18852 I chatty  : uid=1002(bluetooth) com.android.bluetooth expire 1 line
09-01 01:28:16.744 18828 18855 I chatty  : uid=1002(bluetooth) com.android.bluetooth expire 7 lines
09-01 01:28:17.403 18828 18856 I chatty  : uid=1002(bluetooth) com.android.bluetooth expire 1 line
09-01 01:28:24.753 18828 18857 I chatty  : uid=1002(bluetooth) com.android.bluetooth expire 21 lines
09-01 01:28:24.756 18828 18858 I chatty  : uid=1002(bluetooth) com.android.bluetooth expire 2 lines
09-01 01:28:25.431   442  1163 I ActivityManager: Process com.android.bluetooth (pid 18828) has died
09-01 01:28:25.431   442  1163 D ActivityManager: cleanUpApplicationRecord -- 18828
09-01 01:28:25.432   442  1163 W ActivityManager: Scheduling restart of crashed service com.android.bluetooth/.gatt.GattService in 1000ms
09-01 01:28:25.432   442  1163 W ActivityManager: Scheduling restart of crashed service com.android.bluetooth/.btservice.AdapterService in 1000ms
09-01 01:28:25.435   442   442 D BluetoothManagerService: BluetoothServiceConnection, disconnected: com.android.bluetooth.btservice.AdapterService
09-01 01:28:25.436   442   462 E BluetoothManagerService: MESSAGE_BLUETOOTH_SERVICE_DISCONNECTED(1)
09-01 01:28:25.436   442   462 D BluetoothManagerService: Broadcasting onBluetoothServiceDown() to 4 receivers.
09-01 01:28:25.436   442   462 D BluetoothAdapter: onBluetoothServiceDown: android.bluetooth.IBluetooth$Stub$Proxy@1c8a8e5
09-01 01:28:25.436   670 12016 D BluetoothAdapter: onBluetoothServiceDown: android.bluetooth.IBluetooth$Stub$Proxy@4f92ef6
09-01 01:28:25.436   567   590 D BluetoothAdapter: onBluetoothServiceDown: android.bluetooth.IBluetooth$Stub$Proxy@fb34729
09-01 01:28:25.437   653   666 D BluetoothAdapter: onBluetoothServiceDown: android.bluetooth.IBluetooth$Stub$Proxy@4c3b8ca
09-01 01:28:25.637   442   462 D BluetoothManagerService: MESSAGE_RESTART_BLUETOOTH_SERVICE
