09-01 01:25:04.238 18111 18131 I chatty  : uid=1002(bluetooth) com.android.bluetooth expire 3 lines
09-01 01:25:04.240 18111 18139 I chatty  : uid=1002(bluetooth) com.android.bluetooth expire 21 lines
09-01 01:25:04.246 18111 18140 I chatty  : uid=1002(bluetooth) com.android.bluetooth expire 2 lines
09-01 01:25:04.919   442   442 D BluetoothManagerService: BluetoothServiceConnection, disconnected: com.android.bluetooth.btservice.AdapterService
09-01 01:25:04.920   442   462 E BluetoothManagerService: MESSAGE_BLUETOOTH_SERVICE_DISCONNECTED(1)
09-01 01:25:04.920   442   462 D BluetoothManagerService: Broadcasting onBluetoothServiceDown() to 4 receivers.
09-01 01:25:04.920   442   462 D BluetoothAdapter: onBluetoothServiceDown: android.bluetooth.IBluetooth$Stub$Proxy@1089e4e
09-01 01:25:04.920   567   590 D BluetoothAdapter: onBluetoothServiceDown: android.bluetooth.IBluetooth$Stub$Proxy@414dc67
09-01 01:25:04.920   653   666 D BluetoothAdapter: onBluetoothServiceDown: android.bluetooth.IBluetooth$Stub$Proxy@4c94110
09-01 01:25:04.921   670 12016 D BluetoothAdapter: onBluetoothServiceDown: android.bluetooth.IBluetooth$Stub$Proxy@5e2f09c
09-01 01:25:04.921   442  1339 I ActivityManager: Process com.android.bluetooth (pid 18111) has died
09-01 01:25:04.921   442  1339 D ActivityManager: cleanUpApplicationRecord -- 18111
09-01 01:25:04.921   442  1339 W ActivityManager: Scheduling restart of crashed service com.android.bluetooth/.gatt.GattService in 1000ms
09-01 01:25:04.921   442  1339 W ActivityManager: Scheduling restart of crashed service com.android.bluetooth/.btservice.AdapterService in 1000ms
09-01 01:25:05.121   442   462 D BluetoothManagerService: MESSAGE_RESTART_BLUETOOTH_SERVICE
09-01 01:25:05.153   442   462 I ActivityManager: Start proc 18141:com.android.bluetooth/1002 for service com.android.bluetooth/.btservice.AdapterService
09-01 01:25:05.237 18141 18141 I chatty  : uid=1002(bluetooth) com.android.bluetooth expire 36 lines
09-01 01:25:05.286 18141 18157 I chatty  : uid=1002(bluetooth) com.android.bluetooth expire 12 lines
09-01 01:25:05.287 18141 18158 I chatty  : uid=1002(bluetooth) com.android.bluetooth expire 39 lines
09-01 01:25:05.289 18141 18161 I chatty  : uid=1002(bluetooth) com.android.bluetooth expire 4 lines
09-01 01:25:05.289 18141 18162 I chatty  : uid=1002(bluetooth) com.android.bluetooth expire 1 line
09-01 01:25:05.290 18141 18163 I chatty  : uid=1002(bluetooth) com.android.bluetooth expire 3 lines
09-01 01:25:05.294   442   442 D BluetoothManagerService: Bluetooth Adapter name changed to AOSP on navi_ref
09-01 01:25:05.295   442   442 D BluetoothManagerService: Stored Bluetooth name: AOSP on navi_ref
09-01 01:25:05.299   442   442 D BluetoothManagerService: BluetoothServiceConnection: com.android.bluetooth.btservice.AdapterService
09-01 01:25:05.299   442   462 D BluetoothManagerService: MESSAGE_BLUETOOTH_SERVICE_CONNECTED: 1
09-01 01:25:05.304 18141 18155 I chatty  : uid=1002(bluetooth) com.android.bluetooth expire 2 lines
09-01 01:25:05.306   442   462 D BluetoothManagerService: Broadcasting onBluetoothServiceUp() to 5 receivers.
09-01 01:25:05.307   670 12016 D BluetoothAdapter: onBluetoothServiceUp: android.bluetooth.IBluetooth$Stub$Proxy@b982aa5
09-01 01:25:05.307   442   462 D BluetoothAdapter: onBluetoothServiceUp: android.bluetooth.IBluetooth$Stub$Proxy@44b1503
09-01 01:25:05.307   567   590 D BluetoothAdapter: onBluetoothServiceUp: android.bluetooth.IBluetooth$Stub$Proxy@6b36a14
09-01 01:25:05.307   653   666 D BluetoothAdapter: onBluetoothServiceUp: android.bluetooth.IBluetooth$Stub$Proxy@de3c409
09-01 01:25:05.308 18141 18154 I chatty  : uid=1002(bluetooth) com.android.bluetooth expire 1 line
09-01 01:25:05.309   442   462 D BluetoothManagerService: MESSAGE_BLUETOOTH_STATE_CHANGE: OFF > BLE_TURNING_ON
09-01 01:25:05.309   442   462 D BluetoothManagerService: Sending BLE State Change: OFF > BLE_TURNING_ON
09-01 01:25:05.319 18141 18164 I chatty  : uid=1002(bluetooth) com.android.bluetooth expire 1 line
09-01 01:25:05.335 18141 18167 I chatty  : uid=1002(bluetooth) com.android.bluetooth expire 7 lines
09-01 01:25:05.995 18141 18168 I chatty  : uid=1002(bluetooth) com.android.bluetooth expire 1 line
09-01 01:25:13.340 18141 18169 I chatty  : uid=1002(bluetooth) com.android.bluetooth expire 21 lines
09-01 01:25:13.346 18141 18170 I chatty  : uid=1002(bluetooth) com.android.bluetooth expire 2 lines
09-01 01:25:14.022   442   442 D BluetoothManagerService: BluetoothServiceConnection, disconnected: com.android.bluetooth.btservice.AdapterService
09-01 01:25:14.022   442   462 E BluetoothManagerService: MESSAGE_BLUETOOTH_SERVICE_DISCONNECTED(1)
09-01 01:25:14.022   442  1339 I ActivityManager: Process com.android.bluetooth (pid 18141) has died
09-01 01:25:14.022   442   462 D BluetoothManagerService: Broadcasting onBluetoothServiceDown() to 4 receivers.
09-01 01:25:14.022   442  1339 D ActivityManager: cleanUpApplicationRecord -- 18141
09-01 01:25:14.022   442   462 D BluetoothAdapter: onBluetoothServiceDown: android.bluetooth.IBluetooth$Stub$Proxy@44b1503
09-01 01:25:14.022   442  1339 W ActivityManager: Scheduling restart of crashed service com.android.bluetooth/.gatt.GattService in 1000ms
09-01 01:25:14.022   670 12016 D BluetoothAdapter: onBluetoothServiceDown: android.bluetooth.IBluetooth$Stub$Proxy@b982aa5
09-01 01:25:14.023   442  1339 W ActivityManager: Scheduling restart of crashed service com.android.bluetooth/.btservice.AdapterService in 1000ms
09-01 01:25:14.023   653   666 D BluetoothAdapter: onBluetoothServiceDown: android.bluetooth.IBluetooth$Stub$Proxy@de3c409
09-01 01:25:14.023   567   590 D BluetoothAdapter: onBluetoothServiceDown: android.bluetooth.IBluetooth$Stub$Proxy@6b36a14
09-01 01:25:14.222   442   462 D BluetoothManagerService: MESSAGE_RESTART_BLUETOOTH_SERVICE
09-01 01:25:14.258   442   462 I ActivityManager: Start proc 18171:com.android.bluetooth/1002 for service com.android.bluetooth/.btservice.AdapterService
09-01 01:25:14.343 18171 18171 I chatty  : uid=1002(bluetooth) com.android.bluetooth expire 36 lines
09-01 01:25:14.387 18171 18188 I chatty  : uid=1002(bluetooth) com.android.bluetooth expire 12 lines
09-01 01:25:14.387 18171 18189 I chatty  : uid=1002(bluetooth) com.android.bluetooth expire 20 lines
09-01 01:25:14.389 18171 18192 I chatty  : uid=1002(bluetooth) com.android.bluetooth expire 1 line
09-01 01:25:14.389 18171 18193 I chatty  : uid=1002(bluetooth) com.android.bluetooth expire 1 line
09-01 01:25:14.390 18171 18194 I chatty  : uid=1002(bluetooth) com.android.bluetooth expire 3 lines
09-01 01:25:14.394   442   442 D BluetoothManagerService: Bluetooth Adapter name changed to AOSP on navi_ref
09-01 01:25:14.395   442   442 D BluetoothManagerService: Stored Bluetooth name: AOSP on navi_ref
09-01 01:25:14.398   442   442 D BluetoothManagerService: BluetoothServiceConnection: com.android.bluetooth.btservice.AdapterService
09-01 01:25:14.398   442   462 D BluetoothManagerService: MESSAGE_BLUETOOTH_SERVICE_CONNECTED: 1
09-01 01:25:14.399 18171 18186 I chatty  : uid=1002(bluetooth) com.android.bluetooth expire 2 lines
09-01 01:25:14.401   442   462 D BluetoothManagerService: Broadcasting onBluetoothServiceUp() to 5 receivers.
09-01 01:25:14.401   442   462 D BluetoothAdapter: onBluetoothServiceUp: android.bluetooth.IBluetooth$Stub$Proxy@2682944
09-01 01:25:14.401   670 12016 D BluetoothAdapter: onBluetoothServiceUp: android.bluetooth.IBluetooth$Stub$Proxy@d669e7a
09-01 01:25:14.401   653   666 D BluetoothAdapter: onBluetoothServiceUp: android.bluetooth.IBluetooth$Stub$Proxy@7ab660e
09-01 01:25:14.402 18171 18185 I chatty  : uid=1002(bluetooth) com.android.bluetooth expire 1 line
09-01 01:25:14.403   567   590 D BluetoothAdapter: onBluetoothServiceUp: android.bluetooth.IBluetooth$Stub$Proxy@42e72bd
09-01 01:25:14.403   442   462 D BluetoothManagerService: MESSAGE_BLUETOOTH_STATE_CHANGE: OFF > BLE_TURNING_ON
09-01 01:25:14.403   442   462 D BluetoothManagerService: Sending BLE State Change: OFF > BLE_TURNING_ON
09-01 01:25:14.407 18171 18195 I chatty  : uid=1002(bluetooth) com.android.bluetooth expire 1 line
09-01 01:25:14.432 18171 18189 I chatty  : uid=1002(bluetooth) com.android.bluetooth expire 19 lines
09-01 01:25:14.434 18171 18198 I chatty  : uid=1002(bluetooth) com.android.bluetooth expire 7 lines
09-01 01:25:15.095 18171 18199 I chatty  : uid=1002(bluetooth) com.android.bluetooth expire 1 line
09-01 01:25:22.438 18171 18192 I chatty  : uid=1002(bluetooth) com.android.bluetooth expire 3 lines
09-01 01:25:22.440 18171 18200 I chatty  : uid=1002(bluetooth) com.android.bluetooth expire 21 lines
09-01 01:25:22.445 18171 18201 I chatty  : uid=1002(bluetooth) com.android.bluetooth expire 2 lines
09-01 01:25:23.136   442   442 D BluetoothManagerService: BluetoothServiceConnection, disconnected: com.android.bluetooth.btservice.AdapterService
09-01 01:25:23.138   442  1514 I ActivityManager: Process com.android.bluetooth (pid 18171) has died
09-01 01:25:23.138   442  1514 D ActivityManager: cleanUpApplicationRecord -- 18171
09-01 01:25:23.139   442  1514 W ActivityManager: Scheduling restart of crashed service com.android.bluetooth/.gatt.GattService in 1000ms
09-01 01:25:23.139   442  1514 W ActivityManager: Scheduling restart of crashed service com.android.bluetooth/.btservice.AdapterService in 1000ms
09-01 01:25:23.141   442   462 E BluetoothManagerService: MESSAGE_BLUETOOTH_SERVICE_DISCONNECTED(1)
09-01 01:25:23.141   442   462 D BluetoothManagerService: Broadcasting onBluetoothServiceDown() to 4 receivers.
09-01 01:25:23.141   442   462 D BluetoothAdapter: onBluetoothServiceDown: android.bluetooth.IBluetooth$Stub$Proxy@2682944
09-01 01:25:23.141   670 12016 D BluetoothAdapter: onBluetoothServiceDown: android.bluetooth.IBluetooth$Stub$Proxy@d669e7a
09-01 01:25:23.142   567   590 D BluetoothAdapter: onBluetoothServiceDown: android.bluetooth.IBluetooth$Stub$Proxy@42e72bd
09-01 01:25:23.142   653   666 D BluetoothAdapter: onBluetoothServiceDown: android.bluetooth.IBluetooth$Stub$Proxy@7ab660e
09-01 01:25:23.342   442   462 D BluetoothManagerService: MESSAGE_RESTART_BLUETOOTH_SERVICE
09-01 01:25:23.372   442   462 I ActivityManager: Start proc 18202:com.android.bluetooth/1002 for service com.android.bluetooth/.btservice.AdapterService
09-01 01:25:23.463 18202 18202 I chatty  : uid=1002(bluetooth) com.android.bluetooth expire 36 lines
09-01 01:25:23.505 18202 18218 I chatty  : uid=1002(bluetooth) com.android.bluetooth expire 12 lines
09-01 01:25:23.505 18202 18219 I chatty  : uid=1002(bluetooth) com.android.bluetooth expire 39 lines
09-01 01:25:23.509 18202 18222 I chatty  : uid=1002(bluetooth) com.android.bluetooth expire 4 lines
09-01 01:25:23.509 18202 18223 I chatty  : uid=1002(bluetooth) com.android.bluetooth expire 1 line
09-01 01:25:23.511 18202 18224 I chatty  : uid=1002(bluetooth) com.android.bluetooth expire 3 lines
09-01 01:25:23.516   442   442 D BluetoothManagerService: Bluetooth Adapter name changed to AOSP on navi_ref
09-01 01:25:23.517   442   442 D BluetoothManagerService: Stored Bluetooth name: AOSP on navi_ref
09-01 01:25:23.522   442   442 D BluetoothManagerService: BluetoothServiceConnection: com.android.bluetooth.btservice.AdapterService
09-01 01:25:23.522   442   462 D BluetoothManagerService: MESSAGE_BLUETOOTH_SERVICE_CONNECTED: 1
09-01 01:25:23.523 18202 18216 I chatty  : uid=1002(bluetooth) com.android.bluetooth expire 3 lines
09-01 01:25:23.525   442   462 D BluetoothManagerService: Broadcasting onBluetoothServiceUp() to 5 receivers.
09-01 01:25:23.525   670 12016 D BluetoothAdapter: onBluetoothServiceUp: android.bluetooth.IBluetooth$Stub$Proxy@556d62b
09-01 01:25:23.525   442   462 D BluetoothAdapter: onBluetoothServiceUp: android.bluetooth.IBluetooth$Stub$Proxy@dc13286
09-01 01:25:23.526   567   590 D BluetoothAdapter: onBluetoothServiceUp: android.bluetooth.IBluetooth$Stub$Proxy@9eaa0b2
09-01 01:25:23.526   653   666 D BluetoothAdapter: onBluetoothServiceUp: android.bluetooth.IBluetooth$Stub$Proxy@9e6e82f
09-01 01:25:23.528   442   462 D BluetoothManagerService: MESSAGE_BLUETOOTH_STATE_CHANGE: OFF > BLE_TURNING_ON
09-01 01:25:23.528   442   462 D BluetoothManagerService: Sending BLE State Change: OFF > BLE_TURNING_ON
09-01 01:25:23.545 18202 18225 I chatty  : uid=1002(bluetooth) com.android.bluetooth expire 1 line
09-01 01:25:23.576 18202 18228 I chatty  : uid=1002(bluetooth) com.android.bluetooth expire 7 lines
09-01 01:25:24.238 18202 18229 I chatty  : uid=1002(bluetooth) com.android.bluetooth expire 1 line
09-01 01:25:31.584 18202 18230 I chatty  : uid=1002(bluetooth) com.android.bluetooth expire 21 lines
09-01 01:25:31.589 18202 18231 I chatty  : uid=1002(bluetooth) com.android.bluetooth expire 2 lines
09-01 01:25:32.282   442   442 D BluetoothManagerService: BluetoothServiceConnection, disconnected: com.android.bluetooth.btservice.AdapterService
09-01 01:25:32.283   442  1514 I ActivityManager: Process com.android.bluetooth (pid 18202) has died
09-01 01:25:32.283   442  1514 D ActivityManager: cleanUpApplicationRecord -- 18202
09-01 01:25:32.283   442  1514 W ActivityManager: Scheduling restart of crashed service com.android.bluetooth/.gatt.GattService in 1000ms
09-01 01:25:32.283   442   462 E BluetoothManagerService: MESSAGE_BLUETOOTH_SERVICE_DISCONNECTED(1)
09-01 01:25:32.283   442   462 D BluetoothManagerService: Broadcasting onBluetoothServiceDown() to 4 receivers.
09-01 01:25:32.283   442  1514 W ActivityManager: Scheduling restart of crashed service com.android.bluetooth/.btservice.AdapterService in 1000ms
09-01 01:25:32.283   442   462 D BluetoothAdapter: onBluetoothServiceDown: android.bluetooth.IBluetooth$Stub$Proxy@dc13286
09-01 01:25:32.284   670 12016 D BluetoothAdapter: onBluetoothServiceDown: android.bluetooth.IBluetooth$Stub$Proxy@556d62b
09-01 01:25:32.284   567   590 D BluetoothAdapter: onBluetoothServiceDown: android.bluetooth.IBluetooth$Stub$Proxy@9eaa0b2
09-01 01:25:32.284   653   666 D BluetoothAdapter: onBluetoothServiceDown: android.bluetooth.IBluetooth$Stub$Proxy@9e6e82f
09-01 01:25:32.483   442   462 D BluetoothManagerService: MESSAGE_RESTART_BLUETOOTH_SERVICE
09-01 01:25:32.515   442   462 I ActivityManager: Start proc 18232:com.android.bluetooth/1002 for service com.android.bluetooth/.btservice.AdapterService
09-01 01:25:32.603 18232 18232 I chatty  : uid=1002(bluetooth) com.android.bluetooth expire 33 lines
09-01 01:25:32.651 18232 18248 I chatty  : uid=1002(bluetooth) com.android.bluetooth expire 10 lines
09-01 01:25:32.651 18232 18249 I chatty  : uid=1002(bluetooth) com.android.bluetooth expire 20 lines
09-01 01:25:32.653 18232 18252 I chatty  : uid=1002(bluetooth) com.android.bluetooth expire 1 line
09-01 01:25:32.653 18232 18253 I chatty  : uid=1002(bluetooth) com.android.bluetooth expire 1 line
09-01 01:25:32.654 18232 18254 I chatty  : uid=1002(bluetooth) com.android.bluetooth expire 3 lines
09-01 01:25:32.658   442   442 D BluetoothManagerService: Bluetooth Adapter name changed to AOSP on navi_ref
09-01 01:25:32.658   442   442 D BluetoothManagerService: Stored Bluetooth name: AOSP on navi_ref
09-01 01:25:32.663   442   442 D BluetoothManagerService: BluetoothServiceConnection: com.android.bluetooth.btservice.AdapterService
09-01 01:25:32.663   442   462 D BluetoothManagerService: MESSAGE_BLUETOOTH_SERVICE_CONNECTED: 1
09-01 01:25:32.664 18232 18246 I chatty  : uid=1002(bluetooth) com.android.bluetooth expire 2 lines
09-01 01:25:32.666   442   462 D BluetoothManagerService: Broadcasting onBluetoothServiceUp() to 5 receivers.
09-01 01:25:32.666   670 12016 D BluetoothAdapter: onBluetoothServiceUp: android.bluetooth.IBluetooth$Stub$Proxy@b7c7a88
09-01 01:25:32.666   442   462 D BluetoothAdapter: onBluetoothServiceUp: android.bluetooth.IBluetooth$Stub$Proxy@92d15f8
09-01 01:25:32.666   567   590 D BluetoothAdapter: onBluetoothServiceUp: android.bluetooth.IBluetooth$Stub$Proxy@188d803
09-01 01:25:32.667   653   666 D BluetoothAdapter: onBluetoothServiceUp: android.bluetooth.IBluetooth$Stub$Proxy@5695e3c
09-01 01:25:32.667 18232 18245 I chatty  : uid=1002(bluetooth) com.android.bluetooth expire 1 line
09-01 01:25:32.668   442   462 D BluetoothManagerService: MESSAGE_BLUETOOTH_STATE_CHANGE: OFF > BLE_TURNING_ON
09-01 01:25:32.668   442   462 D BluetoothManagerService: Sending BLE State Change: OFF > BLE_TURNING_ON
09-01 01:25:32.671 18232 18255 I chatty  : uid=1002(bluetooth) com.android.bluetooth expire 1 line
09-01 01:25:32.694 18232 18232 I chatty  : uid=1002(bluetooth) com.android.bluetooth expire 3 lines
09-01 01:25:32.695 18232 18248 I chatty  : uid=1002(bluetooth) com.android.bluetooth expire 2 lines
09-01 01:25:32.696 18232 18249 I chatty  : uid=1002(bluetooth) com.android.bluetooth expire 19 lines
09-01 01:25:32.697 18232 18258 I chatty  : uid=1002(bluetooth) com.android.bluetooth expire 7 lines
09-01 01:25:33.356 18232 18259 I chatty  : uid=1002(bluetooth) com.android.bluetooth expire 1 line
09-01 01:25:40.701 18232 18252 I chatty  : uid=1002(bluetooth) com.android.bluetooth expire 3 lines
09-01 01:25:40.705 18232 18260 I chatty  : uid=1002(bluetooth) com.android.bluetooth expire 21 lines
09-01 01:25:40.712 18232 18261 I chatty  : uid=1002(bluetooth) com.android.bluetooth expire 2 lines
09-01 01:25:41.403   442   639 I ActivityManager: Process com.android.bluetooth (pid 18232) has died
09-01 01:25:41.403   442   639 D ActivityManager: cleanUpApplicationRecord -- 18232
09-01 01:25:41.404   442   639 W ActivityManager: Scheduling restart of crashed service com.android.bluetooth/.gatt.GattService in 1000ms
09-01 01:25:41.404   442   639 W ActivityManager: Scheduling restart of crashed service com.android.bluetooth/.btservice.AdapterService in 1000ms
09-01 01:25:41.405   442   442 D BluetoothManagerService: BluetoothServiceConnection, disconnected: com.android.bluetooth.btservice.AdapterService
09-01 01:25:41.405   442   462 E BluetoothManagerService: MESSAGE_BLUETOOTH_SERVICE_DISCONNECTED(1)
09-01 01:25:41.405   442   462 D BluetoothManagerService: Broadcasting onBluetoothServiceDown() to 4 receivers.
09-01 01:25:41.406   442   462 D BluetoothAdapter: onBluetoothServiceDown: android.bluetooth.IBluetooth$Stub$Proxy@92d15f8
09-01 01:25:41.406   670 12016 D BluetoothAdapter: onBluetoothServiceDown: android.bluetooth.IBluetooth$Stub$Proxy@b7c7a88
09-01 01:25:41.406   567   590 D BluetoothAdapter: onBluetoothServiceDown: android.bluetooth.IBluetooth$Stub$Proxy@188d803
09-01 01:25:41.406   653   666 D BluetoothAdapter: onBluetoothServiceDown: android.bluetooth.IBluetooth$Stub$Proxy@5695e3c
09-01 01:25:41.605   442   462 D BluetoothManagerService: MESSAGE_RESTART_BLUETOOTH_SERVICE
09-01 01:25:41.641   442   462 I ActivityManager: Start proc 18262:com.android.bluetooth/1002 for service com.android.bluetooth/.btservice.AdapterService
09-01 01:25:41.729 18262 18262 I chatty  : uid=1002(bluetooth) com.android.bluetooth expire 36 lines
09-01 01:25:41.771 18262 18278 I chatty  : uid=1002(bluetooth) com.android.bluetooth expire 12 lines
09-01 01:25:41.772 18262 18279 I chatty  : uid=1002(bluetooth) com.android.bluetooth expire 39 lines
09-01 01:25:41.774 18262 18282 I chatty  : uid=1002(bluetooth) com.android.bluetooth expire 4 lines
09-01 01:25:41.774 18262 18283 I chatty  : uid=1002(bluetooth) com.android.bluetooth expire 1 line
09-01 01:25:41.775 18262 18284 I chatty  : uid=1002(bluetooth) com.android.bluetooth expire 3 lines
09-01 01:25:41.780   442   442 D BluetoothManagerService: Bluetooth Adapter name changed to AOSP on navi_ref
09-01 01:25:41.780   442   442 D BluetoothManagerService: Stored Bluetooth name: AOSP on navi_ref
09-01 01:25:41.784   442   442 D BluetoothManagerService: BluetoothServiceConnection: com.android.bluetooth.btservice.AdapterService
09-01 01:25:41.784   442   462 D BluetoothManagerService: MESSAGE_BLUETOOTH_SERVICE_CONNECTED: 1
09-01 01:25:41.785 18262 18276 I chatty  : uid=1002(bluetooth) com.android.bluetooth expire 2 lines
09-01 01:25:41.786   442   462 D BluetoothManagerService: Broadcasting onBluetoothServiceUp() to 5 receivers.
09-01 01:25:41.786   442   462 D BluetoothAdapter: onBluetoothServiceUp: android.bluetooth.IBluetooth$Stub$Proxy@ad016c5
09-01 01:25:41.787   670 12016 D BluetoothAdapter: onBluetoothServiceUp: android.bluetooth.IBluetooth$Stub$Proxy@e85cc21
09-01 01:25:41.787   653   666 D BluetoothAdapter: onBluetoothServiceUp: android.bluetooth.IBluetooth$Stub$Proxy@6fb97c5
09-01 01:25:41.787   567   590 D BluetoothAdapter: onBluetoothServiceUp: android.bluetooth.IBluetooth$Stub$Proxy@e671380
09-01 01:25:41.787 18262 18274 I chatty  : uid=1002(bluetooth) com.android.bluetooth expire 1 line
09-01 01:25:41.788   442   462 D BluetoothManagerService: MESSAGE_BLUETOOTH_STATE_CHANGE: OFF > BLE_TURNING_ON
09-01 01:25:41.788   442   462 D BluetoothManagerService: Sending BLE State Change: OFF > BLE_TURNING_ON
09-01 01:25:41.798 18262 18285 I chatty  : uid=1002(bluetooth) com.android.bluetooth expire 1 line
09-01 01:25:41.823 18262 18288 I chatty  : uid=1002(bluetooth) com.android.bluetooth expire 7 lines
09-01 01:25:42.485 18262 18289 I chatty  : uid=1002(bluetooth) com.android.bluetooth expire 1 line
09-01 01:25:49.829 18262 18290 I chatty  : uid=1002(bluetooth) com.android.bluetooth expire 21 lines
09-01 01:25:49.838 18262 18291 I chatty  : uid=1002(bluetooth) com.android.bluetooth expire 2 lines
09-01 01:25:50.537   442   639 I ActivityManager: Process com.android.bluetooth (pid 18262) has died
09-01 01:25:50.537   442   639 D ActivityManager: cleanUpApplicationRecord -- 18262
09-01 01:25:50.537   442   442 D BluetoothManagerService: BluetoothServiceConnection, disconnected: com.android.bluetooth.btservice.AdapterService
09-01 01:25:50.537   442   639 W ActivityManager: Scheduling restart of crashed service com.android.bluetooth/.gatt.GattService in 1000ms
09-01 01:25:50.537   442   462 E BluetoothManagerService: MESSAGE_BLUETOOTH_SERVICE_DISCONNECTED(1)
09-01 01:25:50.537   442   462 D BluetoothManagerService: Broadcasting onBluetoothServiceDown() to 4 receivers.
09-01 01:25:50.537   442   639 W ActivityManager: Scheduling restart of crashed service com.android.bluetooth/.btservice.AdapterService in 1000ms
09-01 01:25:50.538   670 12016 D BluetoothAdapter: onBluetoothServiceDown: android.bluetooth.IBluetooth$Stub$Proxy@e85cc21
09-01 01:25:50.538   442   462 D BluetoothAdapter: onBluetoothServiceDown: android.bluetooth.IBluetooth$Stub$Proxy@ad016c5
09-01 01:25:50.538   567   590 D BluetoothAdapter: onBluetoothServiceDown: android.bluetooth.IBluetooth$Stub$Proxy@e671380
09-01 01:25:50.538   653   666 D BluetoothAdapter: onBluetoothServiceDown: android.bluetooth.IBluetooth$Stub$Proxy@6fb97c5
09-01 01:25:50.737   442   462 D BluetoothManagerService: MESSAGE_RESTART_BLUETOOTH_SERVICE
09-01 01:25:50.771   442   462 I ActivityManager: Start proc 18292:com.android.bluetooth/1002 for service com.android.bluetooth/.btservice.AdapterService
09-01 01:25:50.860 18292 18292 I chatty  : uid=1002(bluetooth) com.android.bluetooth expire 28 lines
09-01 01:25:50.905 18292 18308 I chatty  : uid=1002(bluetooth) com.android.bluetooth expire 10 lines
09-01 01:25:50.906 18292 18309 I chatty  : uid=1002(bluetooth) com.android.bluetooth expire 20 lines
09-01 01:25:50.907 18292 18312 I chatty  : uid=1002(bluetooth) com.android.bluetooth expire 1 line
09-01 01:25:50.908 18292 18313 I chatty  : uid=1002(bluetooth) com.android.bluetooth expire 1 line
09-01 01:25:50.909 18292 18314 I chatty  : uid=1002(bluetooth) com.android.bluetooth expire 3 lines
09-01 01:25:50.914   442   442 D BluetoothManagerService: Bluetooth Adapter name changed to AOSP on navi_ref
09-01 01:25:50.914   442   442 D BluetoothManagerService: Stored Bluetooth name: AOSP on navi_ref
09-01 01:25:50.917   442   442 D BluetoothManagerService: BluetoothServiceConnection: com.android.bluetooth.btservice.AdapterService
09-01 01:25:50.917   442   462 D BluetoothManagerService: MESSAGE_BLUETOOTH_SERVICE_CONNECTED: 1
09-01 01:25:50.918 18292 18305 I chatty  : uid=1002(bluetooth) com.android.bluetooth expire 2 lines
09-01 01:25:50.920   442   462 D BluetoothManagerService: Broadcasting onBluetoothServiceUp() to 5 receivers.
09-01 01:25:50.920   442   462 D BluetoothAdapter: onBluetoothServiceUp: android.bluetooth.IBluetooth$Stub$Proxy@c311be
09-01 01:25:50.920   670 12016 D BluetoothAdapter: onBluetoothServiceUp: android.bluetooth.IBluetooth$Stub$Proxy@5b02846
09-01 01:25:50.921   567   590 D BluetoothAdapter: onBluetoothServiceUp: android.bluetooth.IBluetooth$Stub$Proxy@ed47db9
09-01 01:25:50.921   653   666 D BluetoothAdapter: onBluetoothServiceUp: android.bluetooth.IBluetooth$Stub$Proxy@8bbd51a
09-01 01:25:50.922 18292 18306 I chatty  : uid=1002(bluetooth) com.android.bluetooth expire 1 line
09-01 01:25:50.923   442   462 D BluetoothManagerService: MESSAGE_BLUETOOTH_STATE_CHANGE: OFF > BLE_TURNING_ON
09-01 01:25:50.923   442   462 D BluetoothManagerService: Sending BLE State Change: OFF > BLE_TURNING_ON
09-01 01:25:50.926 18292 18315 I chatty  : uid=1002(bluetooth) com.android.bluetooth expire 1 line
09-01 01:25:50.948 18292 18292 I chatty  : uid=1002(bluetooth) com.android.bluetooth expire 8 lines
09-01 01:25:50.948 18292 18308 I chatty  : uid=1002(bluetooth) com.android.bluetooth expire 2 lines
09-01 01:25:50.950 18292 18309 I chatty  : uid=1002(bluetooth) com.android.bluetooth expire 19 lines
09-01 01:25:50.950 18292 18318 I chatty  : uid=1002(bluetooth) com.android.bluetooth expire 7 lines
09-01 01:25:51.611 18292 18319 I chatty  : uid=1002(bluetooth) com.android.bluetooth expire 1 line
09-01 01:25:58.955 18292 18312 I chatty  : uid=1002(bluetooth) com.android.bluetooth expire 3 lines
09-01 01:25:58.957 18292 18320 I chatty  : uid=1002(bluetooth) com.android.bluetooth expire 21 lines
09-01 01:25:58.962 18292 18321 I chatty  : uid=1002(bluetooth) com.android.bluetooth expire 2 lines
09-01 01:25:59.639   442   453 I ActivityManager: Process com.android.bluetooth (pid 18292) has died
09-01 01:25:59.640   442   453 D ActivityManager: cleanUpApplicationRecord -- 18292
09-01 01:25:59.640   442   453 W ActivityManager: Scheduling restart of crashed service com.android.bluetooth/.gatt.GattService in 1000ms
09-01 01:25:59.640   442   453 W ActivityManager: Scheduling restart of crashed service com.android.bluetooth/.btservice.AdapterService in 1000ms
09-01 01:25:59.642   442   442 D BluetoothManagerService: BluetoothServiceConnection, disconnected: com.android.bluetooth.btservice.AdapterService
09-01 01:25:59.642   442   462 E BluetoothManagerService: MESSAGE_BLUETOOTH_SERVICE_DISCONNECTED(1)
09-01 01:25:59.642   442   462 D BluetoothManagerService: Broadcasting onBluetoothServiceDown() to 4 receivers.
09-01 01:25:59.643   442   462 D BluetoothAdapter: onBluetoothServiceDown: android.bluetooth.IBluetooth$Stub$Proxy@c311be
09-01 01:25:59.643   670 12016 D BluetoothAdapter: onBluetoothServiceDown: android.bluetooth.IBluetooth$Stub$Proxy@5b02846
09-01 01:25:59.643   567   590 D BluetoothAdapter: onBluetoothServiceDown: android.bluetooth.IBluetooth$Stub$Proxy@ed47db9
09-01 01:25:59.643   653   666 D BluetoothAdapter: onBluetoothServiceDown: android.bluetooth.IBluetooth$Stub$Proxy@8bbd51a
09-01 01:25:59.842   442   462 D BluetoothManagerService: MESSAGE_RESTART_BLUETOOTH_SERVICE
09-01 01:25:59.876   442   462 I ActivityManager: Start proc 18322:com.android.bluetooth/1002 for service com.android.bluetooth/.btservice.AdapterService
09-01 01:25:59.962 18322 18322 I chatty  : uid=1002(bluetooth) com.android.bluetooth expire 36 lines
09-01 01:26:00.016 18322 18338 I chatty  : uid=1002(bluetooth) com.android.bluetooth expire 12 lines
09-01 01:26:00.017 18322 18339 I chatty  : uid=1002(bluetooth) com.android.bluetooth expire 39 lines
09-01 01:26:00.021 18322 18342 I chatty  : uid=1002(bluetooth) com.android.bluetooth expire 4 lines
09-01 01:26:00.022 18322 18343 I chatty  : uid=1002(bluetooth) com.android.bluetooth expire 1 line
09-01 01:26:00.024 18322 18344 I chatty  : uid=1002(bluetooth) com.android.bluetooth expire 3 lines
09-01 01:26:00.046   442   442 D BluetoothManagerService: Bluetooth Adapter name changed to AOSP on navi_ref
09-01 01:26:00.047   442   442 D BluetoothManagerService: Stored Bluetooth name: AOSP on navi_ref
09-01 01:26:00.048   442   442 D BluetoothManagerService: BluetoothServiceConnection: com.android.bluetooth.btservice.AdapterService
09-01 01:26:00.048   442   462 D BluetoothManagerService: MESSAGE_BLUETOOTH_SERVICE_CONNECTED: 1
09-01 01:26:00.049 18322 18334 I chatty  : uid=1002(bluetooth) com.android.bluetooth expire 1 line
09-01 01:26:00.050   442   462 D BluetoothManagerService: Broadcasting onBluetoothServiceUp() to 5 receivers.
09-01 01:26:00.051   670 12016 D BluetoothAdapter: onBluetoothServiceUp: android.bluetooth.IBluetooth$Stub$Proxy@46aaa07
09-01 01:26:00.051   442   462 D BluetoothAdapter: onBluetoothServiceUp: android.bluetooth.IBluetooth$Stub$Proxy@9a89cb3
09-01 01:26:00.051   653   666 D BluetoothAdapter: onBluetoothServiceUp: android.bluetooth.IBluetooth$Stub$Proxy@f03d84b
09-01 01:26:00.051   567   590 D BluetoothAdapter: onBluetoothServiceUp: android.bluetooth.IBluetooth$Stub$Proxy@4de15fe
09-01 01:26:00.052 18322 18336 I chatty  : uid=1002(bluetooth) com.android.bluetooth expire 1 line
09-01 01:26:00.052 18322 18335 I chatty  : uid=1002(bluetooth) com.android.bluetooth expire 1 line
09-01 01:26:00.054   442   462 D BluetoothManagerService: MESSAGE_BLUETOOTH_STATE_CHANGE: OFF > BLE_TURNING_ON
09-01 01:26:00.054   442   462 D BluetoothManagerService: Sending BLE State Change: OFF > BLE_TURNING_ON
09-01 01:26:00.066 18322 18346 I chatty  : uid=1002(bluetooth) com.android.bluetooth expire 1 line
09-01 01:26:00.086 18322 18349 I chatty  : uid=1002(bluetooth) com.android.bluetooth expire 7 lines
09-01 01:26:00.747 18322 18350 I chatty  : uid=1002(bluetooth) com.android.bluetooth expire 1 line
09-01 01:26:08.089 18322 18355 I chatty  : uid=1002(bluetooth) com.android.bluetooth expire 21 lines
09-01 01:26:08.092 18322 18356 I chatty  : uid=1002(bluetooth) com.android.bluetooth expire 2 lines
09-01 01:26:08.736 18353 18353 D AndroidRuntime: >>>>>> START com.android.internal.os.RuntimeInit uid 0 <<<<<<
09-01 01:26:08.742 18353 18353 D AndroidRuntime: CheckJNI is OFF
09-01 01:26:08.774   442  1339 I ActivityManager: Process com.android.bluetooth (pid 18322) has died
09-01 01:26:08.774   442  1339 D ActivityManager: cleanUpApplicationRecord -- 18322
09-01 01:26:08.775   442  1339 W ActivityManager: Scheduling restart of crashed service com.android.bluetooth/.gatt.GattService in 1000ms
09-01 01:26:08.775   442  1339 W ActivityManager: Scheduling restart of crashed service com.android.bluetooth/.btservice.AdapterService in 1000ms
09-01 01:26:08.775   442   442 D BluetoothManagerService: BluetoothServiceConnection, disconnected: com.android.bluetooth.btservice.AdapterService
09-01 01:26:08.775   442   462 E BluetoothManagerService: MESSAGE_BLUETOOTH_SERVICE_DISCONNECTED(1)
09-01 01:26:08.776   442   462 D BluetoothManagerService: Broadcasting onBluetoothServiceDown() to 4 receivers.
09-01 01:26:08.776   442   462 D BluetoothAdapter: onBluetoothServiceDown: android.bluetooth.IBluetooth$Stub$Proxy@9a89cb3
09-01 01:26:08.776   670 12016 D BluetoothAdapter: onBluetoothServiceDown: android.bluetooth.IBluetooth$Stub$Proxy@46aaa07
09-01 01:26:08.776   567   590 D BluetoothAdapter: onBluetoothServiceDown: android.bluetooth.IBluetooth$Stub$Proxy@4de15fe
09-01 01:26:08.776   653   666 D BluetoothAdapter: onBluetoothServiceDown: android.bluetooth.IBluetooth$Stub$Proxy@f03d84b
09-01 01:26:08.862 18353 18353 D ICU     : No timezone override file found: /data/misc/zoneinfo/current/icu/icu_tzdata.dat
09-01 01:26:08.914 18353 18353 I Radio-JNI: register_android_hardware_Radio DONE
09-01 01:26:08.935 18353 18353 D AndroidRuntime: Calling main entry com.android.commands.input.Input
09-01 01:26:08.936 18353 18353 I Input   : injectKeyEvent: KeyEvent { action=ACTION_DOWN, keyCode=KEYCODE_MENU, scanCode=0, metaState=0, flags=0x0, repeatCount=0, eventTime=5169871, downTime=5169871, deviceId=-1, source=0x101 }
09-01 01:26:08.939 18353 18353 I Input   : injectKeyEvent: KeyEvent { action=ACTION_UP, keyCode=KEYCODE_MENU, scanCode=0, metaState=0, flags=0x0, repeatCount=0, eventTime=5169871, downTime=5169871, deviceId=-1, source=0x101 }
09-01 01:26:08.941 18353 18353 D AndroidRuntime: Shutting down VM
09-01 01:26:08.975   442   462 D BluetoothManagerService: MESSAGE_RESTART_BLUETOOTH_SERVICE
09-01 01:26:08.995   442   462 I ActivityManager: Start proc 18366:com.android.bluetooth/1002 for service com.android.bluetooth/.btservice.AdapterService
09-01 01:26:09.108 18366 18366 I chatty  : uid=1002(bluetooth) com.android.bluetooth expire 23 lines
09-01 01:26:09.155 18366 18383 I chatty  : uid=1002(bluetooth) com.android.bluetooth expire 10 lines
09-01 01:26:09.155 18366 18384 I chatty  : uid=1002(bluetooth) com.android.bluetooth expire 20 lines
09-01 01:26:09.157 18366 18387 I chatty  : uid=1002(bluetooth) com.android.bluetooth expire 1 line
09-01 01:26:09.157 18366 18388 I chatty  : uid=1002(bluetooth) com.android.bluetooth expire 1 line
09-01 01:26:09.159 18366 18389 I chatty  : uid=1002(bluetooth) com.android.bluetooth expire 3 lines
09-01 01:26:09.164   442   442 D BluetoothManagerService: Bluetooth Adapter name changed to AOSP on navi_ref
09-01 01:26:09.164   442   442 D BluetoothManagerService: Stored Bluetooth name: AOSP on navi_ref
09-01 01:26:09.169   442   442 D BluetoothManagerService: BluetoothServiceConnection: com.android.bluetooth.btservice.AdapterService
09-01 01:26:09.170   442   462 D BluetoothManagerService: MESSAGE_BLUETOOTH_SERVICE_CONNECTED: 1
09-01 01:26:09.170 18366 18381 I chatty  : uid=1002(bluetooth) com.android.bluetooth expire 2 lines
09-01 01:26:09.172   442   462 D BluetoothManagerService: Broadcasting onBluetoothServiceUp() to 5 receivers.
09-01 01:26:09.173   442   462 D BluetoothAdapter: onBluetoothServiceUp: android.bluetooth.IBluetooth$Stub$Proxy@c92ac34
09-01 01:26:09.173   670 12016 D BluetoothAdapter: onBluetoothServiceUp: android.bluetooth.IBluetooth$Stub$Proxy@9a2b734
09-01 01:26:09.173   567   590 D BluetoothAdapter: onBluetoothServiceUp: android.bluetooth.IBluetooth$Stub$Proxy@db6f15f
09-01 01:26:09.173   653   666 D BluetoothAdapter: onBluetoothServiceUp: android.bluetooth.IBluetooth$Stub$Proxy@58c2228
09-01 01:26:09.175 18366 18379 I chatty  : uid=1002(bluetooth) com.android.bluetooth expire 1 line
09-01 01:26:09.177   442   462 D BluetoothManagerService: MESSAGE_BLUETOOTH_STATE_CHANGE: OFF > BLE_TURNING_ON
09-01 01:26:09.177   442   462 D BluetoothManagerService: Sending BLE State Change: OFF > BLE_TURNING_ON
09-01 01:26:09.183 18366 18390 I chatty  : uid=1002(bluetooth) com.android.bluetooth expire 1 line
09-01 01:26:09.197 18366 18366 I chatty  : uid=1002(bluetooth) com.android.bluetooth expire 13 lines
09-01 01:26:09.205 18366 18383 I chatty  : uid=1002(bluetooth) com.android.bluetooth expire 2 lines
09-01 01:26:09.206 18366 18384 I chatty  : uid=1002(bluetooth) com.android.bluetooth expire 19 lines
09-01 01:26:09.207 18366 18393 I chatty  : uid=1002(bluetooth) com.android.bluetooth expire 7 lines
09-01 01:26:09.863 18365 18365 D AndroidRuntime: >>>>>> START com.android.internal.os.RuntimeInit uid 0 <<<<<<
09-01 01:26:09.865 18366 18394 I chatty  : uid=1002(bluetooth) com.android.bluetooth expire 1 line
09-01 01:26:09.870 18365 18365 D AndroidRuntime: CheckJNI is OFF
09-01 01:26:09.987 18365 18365 D ICU     : No timezone override file found: /data/misc/zoneinfo/current/icu/icu_tzdata.dat
09-01 01:26:10.039 18365 18365 I Radio-JNI: register_android_hardware_Radio DONE
09-01 01:26:10.060 18365 18365 D AndroidRuntime: Calling main entry com.android.commands.svc.Svc
09-01 01:26:10.063 18365 18365 D AndroidRuntime: Shutting down VM
09-01 01:26:17.211 18366 18387 I chatty  : uid=1002(bluetooth) com.android.bluetooth expire 3 lines
09-01 01:26:17.213 18366 18403 I chatty  : uid=1002(bluetooth) com.android.bluetooth expire 21 lines
09-01 01:26:17.218 18366 18404 I chatty  : uid=1002(bluetooth) com.android.bluetooth expire 2 lines
09-01 01:26:17.896   442   442 D BluetoothManagerService: BluetoothServiceConnection, disconnected: com.android.bluetooth.btservice.AdapterService
09-01 01:26:17.896   442   669 I ActivityManager: Process com.android.bluetooth (pid 18366) has died
09-01 01:26:17.897   442   462 E BluetoothManagerService: MESSAGE_BLUETOOTH_SERVICE_DISCONNECTED(1)
09-01 01:26:17.897   442   669 D ActivityManager: cleanUpApplicationRecord -- 18366
09-01 01:26:17.897   442   462 D BluetoothManagerService: Broadcasting onBluetoothServiceDown() to 4 receivers.
09-01 01:26:17.897   442   669 W ActivityManager: Scheduling restart of crashed service com.android.bluetooth/.gatt.GattService in 1000ms
09-01 01:26:17.897   442   462 D BluetoothAdapter: onBluetoothServiceDown: android.bluetooth.IBluetooth$Stub$Proxy@c92ac34
09-01 01:26:17.897   670 12016 D BluetoothAdapter: onBluetoothServiceDown: android.bluetooth.IBluetooth$Stub$Proxy@9a2b734
09-01 01:26:17.897   442   669 W ActivityManager: Scheduling restart of crashed service com.android.bluetooth/.btservice.AdapterService in 1000ms
09-01 01:26:17.898   653   666 D BluetoothAdapter: onBluetoothServiceDown: android.bluetooth.IBluetooth$Stub$Proxy@58c2228
09-01 01:26:17.898   567   590 D BluetoothAdapter: onBluetoothServiceDown: android.bluetooth.IBluetooth$Stub$Proxy@db6f15f
09-01 01:26:18.098   442   462 D BluetoothManagerService: MESSAGE_RESTART_BLUETOOTH_SERVICE
09-01 01:26:18.128   442   462 I ActivityManager: Start proc 18405:com.android.bluetooth/1002 for service com.android.bluetooth/.btservice.AdapterService
09-01 01:26:18.223 18405 18405 I chatty  : uid=1002(bluetooth) com.android.bluetooth expire 36 lines
09-01 01:26:18.264 18405 18422 I chatty  : uid=1002(bluetooth) com.android.bluetooth expire 12 lines
09-01 01:26:18.264 18405 18423 I chatty  : uid=1002(bluetooth) com.android.bluetooth expire 39 lines
09-01 01:26:18.267 18405 18426 I chatty  : uid=1002(bluetooth) com.android.bluetooth expire 4 lines
09-01 01:26:18.267 18405 18427 I chatty  : uid=1002(bluetooth) com.android.bluetooth expire 1 line
09-01 01:26:18.269 18405 18428 I chatty  : uid=1002(bluetooth) com.android.bluetooth expire 3 lines
09-01 01:26:18.273   442   442 D BluetoothManagerService: Bluetooth Adapter name changed to AOSP on navi_ref
09-01 01:26:18.273   442   442 D BluetoothManagerService: Stored Bluetooth name: AOSP on navi_ref
09-01 01:26:18.277   442   442 D BluetoothManagerService: BluetoothServiceConnection: com.android.bluetooth.btservice.AdapterService
09-01 01:26:18.277   442   462 D BluetoothManagerService: MESSAGE_BLUETOOTH_SERVICE_CONNECTED: 1
09-01 01:26:18.280 18405 18420 I chatty  : uid=1002(bluetooth) com.android.bluetooth expire 2 lines
09-01 01:26:18.282   442   462 D BluetoothManagerService: Broadcasting onBluetoothServiceUp() to 5 receivers.
09-01 01:26:18.283   670 12016 D BluetoothAdapter: onBluetoothServiceUp: android.bluetooth.IBluetooth$Stub$Proxy@452095d
09-01 01:26:18.283   442   462 D BluetoothAdapter: onBluetoothServiceUp: android.bluetooth.IBluetooth$Stub$Proxy@1be1bf6
09-01 01:26:18.283   653   666 D BluetoothAdapter: onBluetoothServiceUp: android.bluetooth.IBluetooth$Stub$Proxy@202eb41
09-01 01:26:18.283   567   590 D BluetoothAdapter: onBluetoothServiceUp: android.bluetooth.IBluetooth$Stub$Proxy@2e9e7ac
09-01 01:26:18.284 18405 18419 I chatty  : uid=1002(bluetooth) com.android.bluetooth expire 1 line
09-01 01:26:18.285   442   462 D BluetoothManagerService: MESSAGE_BLUETOOTH_STATE_CHANGE: OFF > BLE_TURNING_ON
09-01 01:26:18.285   442   462 D BluetoothManagerService: Sending BLE State Change: OFF > BLE_TURNING_ON
09-01 01:26:18.288 18405 18429 I chatty  : uid=1002(bluetooth) com.android.bluetooth expire 1 line
09-01 01:26:18.313 18405 18432 I chatty  : uid=1002(bluetooth) com.android.bluetooth expire 7 lines
09-01 01:26:18.976 18405 18433 I chatty  : uid=1002(bluetooth) com.android.bluetooth expire 1 line
09-01 01:26:26.319 18405 18434 I chatty  : uid=1002(bluetooth) com.android.bluetooth expire 21 lines
09-01 01:26:26.327 18405 18435 I chatty  : uid=1002(bluetooth) com.android.bluetooth expire 2 lines
09-01 01:26:27.022   442   442 D BluetoothManagerService: BluetoothServiceConnection, disconnected: com.android.bluetooth.btservice.AdapterService
09-01 01:26:27.023   442   669 I ActivityManager: Process com.android.bluetooth (pid 18405) has died
09-01 01:26:27.023   442   669 D ActivityManager: cleanUpApplicationRecord -- 18405
09-01 01:26:27.023   442   669 W ActivityManager: Scheduling restart of crashed service com.android.bluetooth/.gatt.GattService in 1000ms
09-01 01:26:27.024   442   669 W ActivityManager: Scheduling restart of crashed service com.android.bluetooth/.btservice.AdapterService in 1000ms
09-01 01:26:27.024   442   462 E BluetoothManagerService: MESSAGE_BLUETOOTH_SERVICE_DISCONNECTED(1)
09-01 01:26:27.025   442   462 D BluetoothManagerService: Broadcasting onBluetoothServiceDown() to 4 receivers.
09-01 01:26:27.025   442   462 D BluetoothAdapter: onBluetoothServiceDown: android.bluetooth.IBluetooth$Stub$Proxy@1be1bf6
09-01 01:26:27.025   670 12016 D BluetoothAdapter: onBluetoothServiceDown: android.bluetooth.IBluetooth$Stub$Proxy@452095d
09-01 01:26:27.025   653   666 D BluetoothAdapter: onBluetoothServiceDown: android.bluetooth.IBluetooth$Stub$Proxy@202eb41
09-01 01:26:27.025   567   590 D BluetoothAdapter: onBluetoothServiceDown: android.bluetooth.IBluetooth$Stub$Proxy@2e9e7ac
09-01 01:26:27.226   442   462 D BluetoothManagerService: MESSAGE_RESTART_BLUETOOTH_SERVICE
09-01 01:26:27.262   442   462 I ActivityManager: Start proc 18436:com.android.bluetooth/1002 for service com.android.bluetooth/.btservice.AdapterService
09-01 01:26:27.353 18436 18436 I chatty  : uid=1002(bluetooth) com.android.bluetooth expire 18 lines
09-01 01:26:27.394 18436 18452 I chatty  : uid=1002(bluetooth) com.android.bluetooth expire 10 lines
09-01 01:26:27.395 18436 18453 I chatty  : uid=1002(bluetooth) com.android.bluetooth expire 20 lines
09-01 01:26:27.397 18436 18456 I chatty  : uid=1002(bluetooth) com.android.bluetooth expire 1 line
09-01 01:26:27.397 18436 18457 I chatty  : uid=1002(bluetooth) com.android.bluetooth expire 1 line
09-01 01:26:27.398 18436 18458 I chatty  : uid=1002(bluetooth) com.android.bluetooth expire 3 lines
09-01 01:26:27.402   442   442 D BluetoothManagerService: Bluetooth Adapter name changed to AOSP on navi_ref
09-01 01:26:27.403   442   442 D BluetoothManagerService: Stored Bluetooth name: AOSP on navi_ref
09-01 01:26:27.406   442   442 D BluetoothManagerService: BluetoothServiceConnection: com.android.bluetooth.btservice.AdapterService
09-01 01:26:27.407   442   462 D BluetoothManagerService: MESSAGE_BLUETOOTH_SERVICE_CONNECTED: 1
09-01 01:26:27.409 18436 18448 I chatty  : uid=1002(bluetooth) com.android.bluetooth expire 3 lines
09-01 01:26:27.410   442   462 D BluetoothManagerService: Broadcasting onBluetoothServiceUp() to 5 receivers.
09-01 01:26:27.411   442   462 D BluetoothAdapter: onBluetoothServiceUp: android.bluetooth.IBluetooth$Stub$Proxy@9ed5f0b
09-01 01:26:27.411   670 12016 D BluetoothAdapter: onBluetoothServiceUp: android.bluetooth.IBluetooth$Stub$Proxy@b682d2
09-01 01:26:27.411   653   666 D BluetoothAdapter: onBluetoothServiceUp: android.bluetooth.IBluetooth$Stub$Proxy@43228e6
09-01 01:26:27.411   567   590 D BluetoothAdapter: onBluetoothServiceUp: android.bluetooth.IBluetooth$Stub$Proxy@d363c75
09-01 01:26:27.412   442   462 D BluetoothManagerService: MESSAGE_BLUETOOTH_STATE_CHANGE: OFF > BLE_TURNING_ON
09-01 01:26:27.412   442   462 D BluetoothManagerService: Sending BLE State Change: OFF > BLE_TURNING_ON
09-01 01:26:27.416 18436 18459 I chatty  : uid=1002(bluetooth) com.android.bluetooth expire 1 line
09-01 01:26:27.427 18436 18436 I chatty  : uid=1002(bluetooth) com.android.bluetooth expire 18 lines
09-01 01:26:27.437 18436 18452 I chatty  : uid=1002(bluetooth) com.android.bluetooth expire 2 lines
09-01 01:26:27.438 18436 18453 I chatty  : uid=1002(bluetooth) com.android.bluetooth expire 19 lines
09-01 01:26:27.438 18436 18462 I chatty  : uid=1002(bluetooth) com.android.bluetooth expire 7 lines
09-01 01:26:28.099 18436 18463 I chatty  : uid=1002(bluetooth) com.android.bluetooth expire 1 line
09-01 01:26:35.443 18436 18456 I chatty  : uid=1002(bluetooth) com.android.bluetooth expire 3 lines
09-01 01:26:35.445 18436 18464 I chatty  : uid=1002(bluetooth) com.android.bluetooth expire 21 lines
09-01 01:26:35.450 18436 18465 I chatty  : uid=1002(bluetooth) com.android.bluetooth expire 2 lines
09-01 01:26:36.144   442   442 D BluetoothManagerService: BluetoothServiceConnection, disconnected: com.android.bluetooth.btservice.AdapterService
09-01 01:26:36.144   442   462 E BluetoothManagerService: MESSAGE_BLUETOOTH_SERVICE_DISCONNECTED(1)
09-01 01:26:36.144   442   462 D BluetoothManagerService: Broadcasting onBluetoothServiceDown() to 4 receivers.
09-01 01:26:36.144   442   669 I ActivityManager: Process com.android.bluetooth (pid 18436) has died
09-01 01:26:36.144   442   669 D ActivityManager: cleanUpApplicationRecord -- 18436
09-01 01:26:36.144   442   462 D BluetoothAdapter: onBluetoothServiceDown: android.bluetooth.IBluetooth$Stub$Proxy@9ed5f0b
09-01 01:26:36.144   670 12016 D BluetoothAdapter: onBluetoothServiceDown: android.bluetooth.IBluetooth$Stub$Proxy@b682d2
09-01 01:26:36.145   442   669 W ActivityManager: Scheduling restart of crashed service com.android.bluetooth/.gatt.GattService in 1000ms
09-01 01:26:36.145   567   590 D BluetoothAdapter: onBluetoothServiceDown: android.bluetooth.IBluetooth$Stub$Proxy@d363c75
09-01 01:26:36.145   442   669 W ActivityManager: Scheduling restart of crashed service com.android.bluetooth/.btservice.AdapterService in 1000ms
09-01 01:26:36.147   653   666 D BluetoothAdapter: onBluetoothServiceDown: android.bluetooth.IBluetooth$Stub$Proxy@43228e6
09-01 01:26:36.344   442   462 D BluetoothManagerService: MESSAGE_RESTART_BLUETOOTH_SERVICE
09-01 01:26:36.375   442   462 I ActivityManager: Start proc 18466:com.android.bluetooth/1002 for service com.android.bluetooth/.btservice.AdapterService
09-01 01:26:36.469 18466 18466 I chatty  : uid=1002(bluetooth) com.android.bluetooth expire 36 lines
09-01 01:26:36.513 18466 18482 I chatty  : uid=1002(bluetooth) com.android.bluetooth expire 12 lines
09-01 01:26:36.513 18466 18483 I chatty  : uid=1002(bluetooth) com.android.bluetooth expire 39 lines
09-01 01:26:36.516 18466 18486 I chatty  : uid=1002(bluetooth) com.android.bluetooth expire 4 lines
09-01 01:26:36.516 18466 18487 I chatty  : uid=1002(bluetooth) com.android.bluetooth expire 1 line
09-01 01:26:36.518 18466 18488 I chatty  : uid=1002(bluetooth) com.android.bluetooth expire 3 lines
09-01 01:26:36.522   442   442 D BluetoothManagerService: Bluetooth Adapter name changed to AOSP on navi_ref
09-01 01:26:36.522   442   442 D BluetoothManagerService: Stored Bluetooth name: AOSP on navi_ref
09-01 01:26:36.526   442   442 D BluetoothManagerService: BluetoothServiceConnection: com.android.bluetooth.btservice.AdapterService
09-01 01:26:36.526   442   462 D BluetoothManagerService: MESSAGE_BLUETOOTH_SERVICE_CONNECTED: 1
09-01 01:26:36.528 18466 18479 I chatty  : uid=1002(bluetooth) com.android.bluetooth expire 2 lines
09-01 01:26:36.530   442   462 D BluetoothManagerService: Broadcasting onBluetoothServiceUp() to 5 receivers.
09-01 01:26:36.531   442   462 D BluetoothAdapter: onBluetoothServiceUp: android.bluetooth.IBluetooth$Stub$Proxy@f79a22c
09-01 01:26:36.531   670 12016 D BluetoothAdapter: onBluetoothServiceUp: android.bluetooth.IBluetooth$Stub$Proxy@9fddfa3
09-01 01:26:36.531   567   590 D BluetoothAdapter: onBluetoothServiceUp: android.bluetooth.IBluetooth$Stub$Proxy@e01940a
09-01 01:26:36.531   653   666 D BluetoothAdapter: onBluetoothServiceUp: android.bluetooth.IBluetooth$Stub$Proxy@9b5ae27
09-01 01:26:36.532 18466 18480 I chatty  : uid=1002(bluetooth) com.android.bluetooth expire 1 line
09-01 01:26:36.534   442   462 D BluetoothManagerService: MESSAGE_BLUETOOTH_STATE_CHANGE: OFF > BLE_TURNING_ON
09-01 01:26:36.534   442   462 D BluetoothManagerService: Sending BLE State Change: OFF > BLE_TURNING_ON
09-01 01:26:36.537 18466 18489 I chatty  : uid=1002(bluetooth) com.android.bluetooth expire 1 line
09-01 01:26:36.560 18466 18492 I chatty  : uid=1002(bluetooth) com.android.bluetooth expire 7 lines
09-01 01:26:37.222 18466 18493 I chatty  : uid=1002(bluetooth) com.android.bluetooth expire 1 line
09-01 01:26:44.568 18466 18494 I chatty  : uid=1002(bluetooth) com.android.bluetooth expire 21 lines
09-01 01:26:44.572 18466 18495 I chatty  : uid=1002(bluetooth) com.android.bluetooth expire 2 lines
09-01 01:26:45.249   442  1514 I ActivityManager: Process com.android.bluetooth (pid 18466) has died
09-01 01:26:45.249   442   442 D BluetoothManagerService: BluetoothServiceConnection, disconnected: com.android.bluetooth.btservice.AdapterService
09-01 01:26:45.249   442  1514 D ActivityManager: cleanUpApplicationRecord -- 18466
09-01 01:26:45.249   442  1514 W ActivityManager: Scheduling restart of crashed service com.android.bluetooth/.btservice.AdapterService in 1000ms
09-01 01:26:45.250   442  1514 W ActivityManager: Scheduling restart of crashed service com.android.bluetooth/.gatt.GattService in 10999ms
09-01 01:26:45.252   442   462 E BluetoothManagerService: MESSAGE_BLUETOOTH_SERVICE_DISCONNECTED(1)
09-01 01:26:45.252   442   462 D BluetoothManagerService: Broadcasting onBluetoothServiceDown() to 4 receivers.
09-01 01:26:45.252   442   462 D BluetoothAdapter: onBluetoothServiceDown: android.bluetooth.IBluetooth$Stub$Proxy@f79a22c
09-01 01:26:45.252   670 12016 D BluetoothAdapter: onBluetoothServiceDown: android.bluetooth.IBluetooth$Stub$Proxy@9fddfa3
09-01 01:26:45.253   567   590 D BluetoothAdapter: onBluetoothServiceDown: android.bluetooth.IBluetooth$Stub$Proxy@e01940a
