09-01 00:00:19.859 W/OMXNodeInstance(  181): [b50017:NX._DECODER.flv] component does not support metadata mode; using fallback
09-01 00:00:19.859 E/OMXNodeInstance(  181): getExtensionIndex(b50017:NX._DECODER.flv, OMX.google.android.index.prepareForAdaptivePlayback) ERROR: NotImplemented(0x80001006)
09-01 00:00:19.863 I/MediaPlayerService(  184): MediaPlayerService::getOMX
09-01 00:00:19.864 I/OMXClient(  184): MuxOMX ctor
09-01 00:00:19.865 I/OMXMaster(  181): makeComponentInstance(OMX.NX.VIDEO_ENCODER.avc) in mediacodec process
09-01 00:00:19.869 D/TelephonyProvider(  645): dbh.onOpen: ok, queried table=siminfo
09-01 00:00:19.871 D/TelephonyProvider(  645): dbh.onOpen: ok, queried table=carriers
09-01 00:00:19.893 W/ACodec  (  184): do not know color format 0x7f000789 = 2130708361
09-01 00:00:19.897 I/MediaPlayerService(  184): MediaPlayerService::getOMX
09-01 00:00:19.898 I/OMXClient(  184): MuxOMX ctor
09-01 00:00:19.899 I/OMXMaster(  181): makeComponentInstance(OMX.NX.VIDEO_ENCODER.3gpp) in mediacodec process
09-01 00:00:19.899 I/Telecom (  435): Telecom: Non-call EVENT: AUDIO_ROUTE, Entering state QuiescentEarpieceRoute
09-01 00:00:19.907 W/ACodec  (  184): do not know color format 0x7f000789 = 2130708361
09-01 00:00:19.914 I/Telecom (  435): CallAudioModeStateMachine: Message received: null.: TS.init->CAMSM.pM_1@AAA_0
09-01 00:00:19.915 I/MediaPlayerService(  184): MediaPlayerService::getOMX
09-01 00:00:19.927 I/OMXClient(  184): MuxOMX ctor
09-01 00:00:19.927 I/OMXMaster(  181): makeComponentInstance(OMX.NX.VIDEO_ENCODER.mpeg4) in mediacodec process
09-01 00:00:19.935 W/ACodec  (  184): do not know color format 0x7f000789 = 2130708361
09-01 00:00:19.942 I/MediaPlayerService(  184): MediaPlayerService::getOMX
09-01 00:00:19.943 I/OMXClient(  184): MuxOMX ctor
09-01 00:00:19.943 I/OMXMaster(  181): makeComponentInstance(OMX.google.mpeg4.decoder) in mediacodec process
09-01 00:00:19.964 E/ActivityThread(  435): Failed to find provider info for call_log
09-01 00:00:20.001 I/Telecom (  435): Class: TelecomSystem.INSTANCE being set
09-01 00:00:20.003 W/ContextImpl(  435): Calling a method in the system process without a qualified user: android.app.ContextImpl.startService:1357 android.content.ContextWrapper.startService:613 com.android.server.telecom.components.TelecomService.initializeTelecomSystem:186 com.android.server.telecom.components.TelecomService.onBind:62 android.app.ActivityThread.handleBindService:3219 
09-01 00:00:20.015 W/ContextImpl(  435): Calling a method in the system process without a qualified user: android.app.ContextImpl.startService:1357 com.android.server.content.SyncManager$13.run:658 android.os.Handler.handleCallback:751 android.os.Handler.dispatchMessage:95 android.os.Looper.loop:154 
09-01 00:00:20.021 I/OpenGLRenderer(  675): Initialized EGL, version 1.4
09-01 00:00:20.021 D/OpenGLRenderer(  675): Swap behavior 1
09-01 00:00:20.081 W/System  (  435): ClassLoader referenced unknown path: /system/priv-app/FusedLocation/lib/arm
09-01 00:00:20.086 D/ApplicationLoaders(  435): ignored Vulkan layer search path /system/priv-app/FusedLocation/lib/arm:/system/priv-app/FusedLocation/FusedLocation.apk!/lib/armeabi-v7a:/system/lib:/vendor/lib for namespace 0xaee19150
09-01 00:00:20.112 E/OMXNodeInstance(  181): getExtensionIndex(b5001b:google.mpeg4.decoder, OMX.google.android.index.configureVideoTunnelMode) ERROR: UnsupportedIndex(0x8000101a)
09-01 00:00:20.112 W/OMXNodeInstance(  181): [b5001b:google.mpeg4.decoder] component does not support metadata mode; using fallback
09-01 00:00:20.121 V/WiredAccessoryManager(  435): init()
09-01 00:00:20.126 I/MediaPlayerService(  184): MediaPlayerService::getOMX
09-01 00:00:20.128 I/OMXClient(  184): MuxOMX ctor
09-01 00:00:20.128 I/OMXMaster(  181): makeComponentInstance(OMX.google.h263.decoder) in mediacodec process
09-01 00:00:20.153 D/NotificationSQLiteLog(  435): Pruned event entries: 0
09-01 00:00:20.174 I/ActivityManager(  435): Displayed com.android.settings/.FallbackHome: +890ms
09-01 00:00:20.177 V/KeyguardServiceDelegate(  435): *** Keyguard started
09-01 00:00:20.178 W/KeyguardServiceDelegate(  435): onScreenTurningOn(): no keyguard service!
09-01 00:00:20.181 I/WindowManager(  435): Screen frozen for +730ms due to AppWindowToken{5e1ac06 token=Token{c23e848 ActivityRecord{8e462eb u0 com.android.settings/.FallbackHome t1}}}
09-01 00:00:20.191 I/vol.Events(  574): writeEvent collection_started
09-01 00:00:20.225 I/vol.Events(  574): writeEvent external_ringer_mode_changed normal
09-01 00:00:20.225 I/vol.Events(  574): writeEvent internal_ringer_mode_changed normal
09-01 00:00:20.243 W/VibratorService(  435): Tried to stop vibrating but there is no vibrator device.
09-01 00:00:20.246 D/BluetoothManagerService(  435): Bluetooth Adapter name changed to AOSP on navi_ref
09-01 00:00:20.247 D/BluetoothManagerService(  435): Stored Bluetooth name: AOSP on navi_ref
09-01 00:00:20.255 D/ConditionProviders.SCP(  435): onSubscribe condition://android/schedule?days=1.2.3.4.5&start=22.0&end=7.0&exitAtAlarm=false
09-01 00:00:20.256 D/ConditionProviders.SCP(  435): setRegistered true
09-01 00:00:20.258 D/ConditionProviders.SCP(  435): notifyCondition condition://android/schedule?days=1.2.3.4.5&start=22.0&end=7.0&exitAtAlarm=false STATE_TRUE reason=meetsSchedule
09-01 00:00:20.263 D/ConditionProviders.SCP(  435): Scheduling evaluate for Tue Sep 01 07:00:00 GMT+00:00 2009 (1251788400000), in +6h59m39s743ms, now=Tue Sep 01 00:00:20 GMT+00:00 2009 (1251763220257)
09-01 00:00:20.264 D/ConditionProviders.SCP(  435): onSubscribe condition://android/schedule?days=6.7&start=23.30&end=10.0&exitAtAlarm=false
09-01 00:00:20.265 D/ConditionProviders.SCP(  435): notifyCondition condition://android/schedule?days=6.7&start=23.30&end=10.0&exitAtAlarm=false STATE_FALSE reason=!meetsSchedule
09-01 00:00:20.266 D/ConditionProviders.SCP(  435): notifyCondition condition://android/schedule?days=1.2.3.4.5&start=22.0&end=7.0&exitAtAlarm=false STATE_TRUE reason=meetsSchedule
09-01 00:00:20.267 D/ConditionProviders.SCP(  435): Scheduling evaluate for Tue Sep 01 07:00:00 GMT+00:00 2009 (1251788400000), in +6h59m39s735ms, now=Tue Sep 01 00:00:20 GMT+00:00 2009 (1251763220265)
09-01 00:00:20.268 D/BluetoothManagerService(  435): BluetoothServiceConnection: com.android.bluetooth.btservice.AdapterService
09-01 00:00:20.268 D/BluetoothManagerService(  435): MESSAGE_BLUETOOTH_SERVICE_CONNECTED: 1
09-01 00:00:20.276 I/Telecom (  435): WiredHeadsetManager: ACTION_HEADSET_PLUG event, plugged in: false, : WHC.oADA@AAE
09-01 00:00:20.276 I/bt_btif (  525): config_hci_snoop_log
09-01 00:00:20.285 D/BluetoothManagerService(  435): Broadcasting onBluetoothServiceUp() to 2 receivers.
09-01 00:00:20.285 D/BluetoothAdapter(  435): onBluetoothServiceUp: android.bluetooth.IBluetooth$Stub$Proxy@873a47d
09-01 00:00:20.285 D/BluetoothAdapter(  525): onBluetoothServiceUp: com.android.bluetooth.btservice.AdapterService$AdapterServiceBinder@19e57ee
09-01 00:00:20.287 D/BluetoothAdapterService(  525): enable() - Enable called with quiet mode status =  false
09-01 00:00:20.288 D/BluetoothAdapterState(  525): Current state: OFF, message: 0
09-01 00:00:20.288 D/BluetoothAdapterProperties(  525): Setting state to 14
09-01 00:00:20.288 I/BluetoothAdapterState(  525): Bluetooth adapter state changed: 10-> 14
09-01 00:00:20.289 D/BluetoothAdapterService(  525): updateAdapterState() - Broadcasting state to 1 receivers.
09-01 00:00:20.289 D/BluetoothManagerService(  435): MESSAGE_BLUETOOTH_STATE_CHANGE: OFF > BLE_TURNING_ON
09-01 00:00:20.290 D/BluetoothManagerService(  435): Sending BLE State Change: OFF > BLE_TURNING_ON
09-01 00:00:20.290 D/BluetoothAdapterService(  525): BleOnProcessStart()
09-01 00:00:20.291 D/BluetoothAdapterService(  525): BleOnProcessStart() - Make Bond State Machine
09-01 00:00:20.292 D/BluetoothBondStateMachine(  525): make
09-01 00:00:20.295 I/BluetoothBondStateMachine(  525): StableState(): Entering Off State
09-01 00:00:20.296 D/BluetoothAdapterService(  525): setProfileServiceState() - Starting service com.android.bluetooth.gatt.GattService
09-01 00:00:20.305 I/BluetoothAdapterState(  525): Entering PendingCommandState
09-01 00:00:20.306 I/ActivityManager(  435): user 0 is still locked. Cannot load recents
09-01 00:00:20.309 I/BtGatt.JNI(  525): classInitNative(L922): classInitNative: Success!
09-01 00:00:20.327 D/BtGatt.DebugUtils(  525): handleDebugAction() action=null
09-01 00:00:20.328 D/BluetoothAdapterService(  525): getAdapterService() - returning com.android.bluetooth.btservice.AdapterService@ee3833
09-01 00:00:20.329 E/OMXNodeInstance(  181): getExtensionIndex(b5001c:google.h263.decoder, OMX.google.android.index.configureVideoTunnelMode) ERROR: UnsupportedIndex(0x8000101a)
09-01 00:00:20.330 W/OMXNodeInstance(  181): [b5001c:google.h263.decoder] component does not support metadata mode; using fallback
09-01 00:00:20.330 D/BtGatt.GattService(  525): Received start request. Starting profile...
09-01 00:00:20.330 D/BtGatt.GattService(  525): start()
09-01 00:00:20.330 I/bt_btif (  525): get_profile_interface gatt
09-01 00:00:20.334 E/ActivityThread(  435): Failed to find provider info for com.android.calendar
09-01 00:00:20.336 E/ActivityThread(  435): Failed to find provider info for com.android.calendar
09-01 00:00:20.336 D/BluetoothAdapterService(  525): getAdapterService() - returning com.android.bluetooth.btservice.AdapterService@ee3833
09-01 00:00:20.336 D/BtGatt.AdvertiseManager(  525): advertise manager created
09-01 00:00:20.342 I/MediaPlayerService(  184): MediaPlayerService::getOMX
09-01 00:00:20.342 I/OMXClient(  184): MuxOMX ctor
09-01 00:00:20.343 I/SyncManager(  435): Got SyncJobService instance.
09-01 00:00:20.344 I/OMXMaster(  181): makeComponentInstance(OMX.google.h264.decoder) in mediacodec process
09-01 00:00:20.361 I/FusedLocation(  435): engine started (com.android.location.fused)
09-01 00:00:20.369 D/BluetoothAdapterService(  525): getAdapterService() - returning com.android.bluetooth.btservice.AdapterService@ee3833
09-01 00:00:20.370 D/BluetoothAdapterService(  525): handleMessage() - Message: 1
09-01 00:00:20.370 D/BluetoothAdapterService(  525): handleMessage() - MESSAGE_PROFILE_SERVICE_STATE_CHANGED
09-01 00:00:20.370 D/BluetoothAdapterService(  525): processProfileServiceStateChanged() serviceName=com.android.bluetooth.gatt.GattService, state=12, doUpdate=true
09-01 00:00:20.370 V/BluetoothAdapterState(  525): isTurningOff()=false
09-01 00:00:20.371 V/BluetoothAdapterState(  525): isTurningOn()=false
09-01 00:00:20.371 V/BluetoothAdapterState(  525): isBleTurningOn()=true
09-01 00:00:20.371 V/BluetoothAdapterState(  525): isBleTurningOff()=false
09-01 00:00:20.371 D/BluetoothAdapterService(  525): processProfileServiceStateChanged() - serviceName=com.android.bluetooth.gatt.GattService isTurningOn=false isTurningOff=false isBleTurningOn=true isBleTurningOff=false
09-01 00:00:20.371 D/BluetoothAdapterService(  525): GattService is started
09-01 00:00:20.372 D/BluetoothAdapterState(  525): Current state: PENDING_COMMAND, message: 4
09-01 00:00:20.374 I/bt_btif (  525): enable: start restricted = 0
09-01 00:00:20.374 I/bt_stack_manager(  525): event_start_up_stack is bringing up the stack
09-01 00:00:20.375 I/bt_core_module(  525): module_start_up Starting module "btif_config_module"
09-01 00:00:20.375 I/bt_core_module(  525): module_start_up Started module "btif_config_module"
09-01 00:00:20.375 I/bt_core_module(  525): module_start_up Starting module "btsnoop_module"
09-01 00:00:20.375 I/bt_core_module(  525): module_start_up Started module "btsnoop_module"
09-01 00:00:20.375 I/bt_core_module(  525): module_start_up Starting module "hci_module"
09-01 00:00:20.375 I/bt_hci  (  525): start_up
09-01 00:00:20.375 W/bt_osi_thread(  525): run_thread: thread id 780, thread name hci_thread started
09-01 00:00:20.387 I/bt_vendor(  525): alloc value 0xa4f27d11
09-01 00:00:20.387 I/bt_vendor(  525): init
09-01 00:00:20.387 I/bt_vnd_conf(  525): Attempt to load conf from /etc/bluetooth/bt_vendor.conf
09-01 00:00:20.390 D/bt_vendor(  525): op for 0
09-01 00:00:20.390 D/bt_upio (  525): is_emulator_context : 0
09-01 00:00:20.390 D/bt_upio (  525): is_rfkill_disabled ? [0]
09-01 00:00:20.390 D/bt_upio (  525): is_rfkill_disabled ? [0]
09-01 00:00:20.390 D/bt_vendor(  525): op for 0
09-01 00:00:20.391 D/bt_upio (  525): is_emulator_context : 0
09-01 00:00:20.391 D/bt_upio (  525): is_rfkill_disabled ? [0]
09-01 00:00:20.480 W/ACodec  (  184): [OMX.google.h264.decoder] stopping checking profiles after 32: 2/8000
09-01 00:00:20.482 E/OMXNodeInstance(  181): getExtensionIndex(b5001d:google.h264.decoder, OMX.google.android.index.configureVideoTunnelMode) ERROR: UnsupportedIndex(0x8000101a)
09-01 00:00:20.482 W/OMXNodeInstance(  181): [b5001d:google.h264.decoder] component does not support metadata mode; using fallback
09-01 00:00:20.487 I/MediaPlayerService(  184): MediaPlayerService::getOMX
09-01 00:00:20.487 I/OMXClient(  184): MuxOMX ctor
09-01 00:00:20.488 I/OMXMaster(  181): makeComponentInstance(OMX.google.hevc.decoder) in mediacodec process
09-01 00:00:20.595 E/OMXNodeInstance(  181): getExtensionIndex(b5001e:google.hevc.decoder, OMX.google.android.index.configureVideoTunnelMode) ERROR: UnsupportedIndex(0x8000101a)
09-01 00:00:20.596 W/OMXNodeInstance(  181): [b5001e:google.hevc.decoder] component does not support metadata mode; using fallback
09-01 00:00:20.602 I/MediaPlayerService(  184): MediaPlayerService::getOMX
09-01 00:00:20.603 I/OMXClient(  184): MuxOMX ctor
09-01 00:00:20.603 I/OMXMaster(  181): makeComponentInstance(OMX.google.vp8.decoder) in mediacodec process
09-01 00:00:20.609 W/SystemConfig(  645): No directory /system/etc/sysconfig, skipping
09-01 00:00:20.672 D/PhoneSwitcherNetworkRequstListener(  645): Registering NetworkFactory
09-01 00:00:20.673 D/ConnectivityService(  435): Got NetworkFactory Messenger for PhoneSwitcherNetworkRequstListener
09-01 00:00:20.677 I/vol.Events(  574): writeEvent level_changed STREAM_ALARM 6
09-01 00:00:20.680 I/vol.Events(  574): writeEvent level_changed STREAM_BLUETOOTH_SCO 7
09-01 00:00:20.685 I/vol.Events(  574): writeEvent level_changed STREAM_MUSIC 11
09-01 00:00:20.686 D/ConnectivityService(  435): Got NetworkFactory Messenger for TelephonyNetworkFactory[0]
09-01 00:00:20.693 I/vol.Events(  574): writeEvent level_changed STREAM_RING 5
09-01 00:00:20.696 I/vol.Events(  574): writeEvent level_changed STREAM_SYSTEM 5
09-01 00:00:20.701 I/vol.Events(  574): writeEvent level_changed STREAM_VOICE_CALL 4
09-01 00:00:20.710 E/OMXNodeInstance(  181): getExtensionIndex(b5001f:google.vp8.decoder, OMX.google.android.index.configureVideoTunnelMode) ERROR: UnsupportedIndex(0x8000101a)
09-01 00:00:20.710 W/OMXNodeInstance(  181): [b5001f:google.vp8.decoder] component does not support metadata mode; using fallback
09-01 00:00:20.714 I/MediaPlayerService(  184): MediaPlayerService::getOMX
09-01 00:00:20.714 I/OMXClient(  184): MuxOMX ctor
09-01 00:00:20.714 I/OMXMaster(  181): makeComponentInstance(OMX.google.vp9.decoder) in mediacodec process
09-01 00:00:20.746 E/ActivityThread(  645): Failed to find provider info for com.android.contacts
09-01 00:00:20.746 W/CallerInfoCache(  645): cursor is null
09-01 00:00:20.759 D/CarrierConfigLoader(  645): CarrierConfigLoader has started
09-01 00:00:20.786 D/StorageNotification(  574): Notifying about private volume: VolumeInfo{private}:
09-01 00:00:20.786 D/StorageNotification(  574):     type=PRIVATE diskId=null partGuid=null mountFlags=0 mountUserId=-1 
09-01 00:00:20.786 D/StorageNotification(  574):     state=MOUNTED 
09-01 00:00:20.786 D/StorageNotification(  574):     fsType=null fsUuid=null fsLabel=null 
09-01 00:00:20.786 D/StorageNotification(  574):     path=/data internalPath=null 
09-01 00:00:20.799 E/OMXNodeInstance(  181): getExtensionIndex(b50020:google.vp9.decoder, OMX.google.android.index.configureVideoTunnelMode) ERROR: UnsupportedIndex(0x8000101a)
09-01 00:00:20.799 W/OMXNodeInstance(  181): [b50020:google.vp9.decoder] component does not support metadata mode; using fallback
09-01 00:00:20.805 I/MediaPlayerService(  184): MediaPlayerService::getOMX
09-01 00:00:20.806 I/OMXClient(  184): MuxOMX ctor
09-01 00:00:20.806 I/OMXMaster(  181): makeComponentInstance(OMX.google.h263.encoder) in mediacodec process
09-01 00:00:20.830 I/Telephony(  645): TtyManager: updateUiTtyMode -1 -> 0
09-01 00:00:20.893 D/bt_hci  (  525): start_up starting async portion
09-01 00:00:20.893 I/bt_hci  (  525): event_finish_startup
09-01 00:00:20.893 I/bt_hci_h4(  525): hal_open
09-01 00:00:20.893 D/bt_vendor(  525): op for 3
09-01 00:00:20.893 I/bt_userial_vendor(  525): userial vendor open: opening /dev/ttyAMA1
09-01 00:00:20.895 V/KeyguardServiceDelegate(  435): *** Keyguard connected (yay!)
09-01 00:00:20.908 I/SoftMPEG4Encoder(  181): Construct SoftMPEG4Encoder
09-01 00:00:20.918 D/CryptdConnector(  435): SND -> {3 cryptfs getpw}
09-01 00:00:20.919 D/VoldCryptCmdListener(  132): cryptfs getpw
09-01 00:00:20.921 W/ACodec  (  184): do not know color format 0x7f000789 = 2130708361
09-01 00:00:20.922 E/OMXNodeInstance(  181): getConfig(b50021:google.h263.encoder, ConfigAndroidIntraRefresh(0x6f60000a)) ERROR: Undefined(0x80001001)
09-01 00:00:20.922 D/CryptdConnector(  435): RCV <- {200 3 -1}
09-01 00:00:20.924 D/CryptdConnector(  435): SND -> {4 cryptfs clearpw}
09-01 00:00:20.924 D/VoldCryptCmdListener(  132): cryptfs clearpw
09-01 00:00:20.925 D/CryptdConnector(  435): RCV <- {200 4 0}
09-01 00:00:20.929 I/MediaPlayerService(  184): MediaPlayerService::getOMX
09-01 00:00:20.931 I/OMXClient(  184): MuxOMX ctor
09-01 00:00:20.932 I/OMXMaster(  181): makeComponentInstance(OMX.google.h264.encoder) in mediacodec process
09-01 00:00:20.959 D/PhoneSwitcherNetworkRequstListener(  645): got request NetworkRequest [ REQUEST id=1, [ Capabilities: INTERNET&NOT_RESTRICTED&TRUSTED&NOT_VPN] ] with score 0
09-01 00:00:20.966 D/TelephonyDebugService(  645): TelephonyDebugService()
09-01 00:00:20.970 D/CarrierConfigLoader(  645): mHandler: 12 phoneId: 0
09-01 00:00:20.986 E/PhoneInterfaceManager(  645): [PhoneIntfMgr] getIccId: No UICC
09-01 00:00:21.003 W/Telecom (  435): : registerPhoneAccount not allowed on non-voice capable device.: TSI.rPA@AAM
09-01 00:00:21.005 I/Telephony(  645): AccountEntry: Registered phoneAccount: [[ ] PhoneAccount: ComponentInfo{com.android.phone/com.android.services.telephony.TelephonyConnectionService}, [e0184adedf913b076626646d3f52c3b49c39ad6d], UserHandle{0} Capabilities: CallProvider MultiUser PlaceEmerg SimSub  Audio Routes: BESW Schemes: tel voicemail  Extras: null GroupId: [da39a3ee5e6b4b0d3255bfef95601890afd80709]] with handle: ComponentInfo{com.android.phone/com.android.services.telephony.TelephonyConnectionService}, [e0184adedf913b076626646d3f52c3b49c39ad6d], UserHandle{0}
09-01 00:00:21.013 I/Telephony(  645): PstnIncomingCallNotifier: Registering: Handler (com.android.internal.telephony.GsmCdmaPhone) {f4a8ed6}
09-01 00:00:21.027 I/StatusBarManagerService(  435): registerStatusBar bar=com.android.internal.statusbar.IStatusBar$Stub$Proxy@90cecf2
09-01 00:00:21.045 E/PhoneInterfaceManager(  645): [PhoneIntfMgr] getIccId: No UICC
09-01 00:00:21.048 I/bt_userial_vendor(  525): device fd = 72 open
09-01 00:00:21.048 W/bt_osi_thread(  525): run_thread: thread id 813, thread name hci_single_chann started
09-01 00:00:21.048 D/bt_vendor(  525): op for 1
09-01 00:00:21.053 W/ACodec  (  184): do not know color format 0x7f000789 = 2130708361
09-01 00:00:21.054 W/Telecom (  435): : registerPhoneAccount not allowed on non-voice capable device.: TSI.rPA@AAY
09-01 00:00:21.058 I/MediaPlayerService(  184): MediaPlayerService::getOMX
09-01 00:00:21.059 I/OMXClient(  184): MuxOMX ctor
09-01 00:00:21.060 I/OMXMaster(  181): makeComponentInstance(OMX.google.mpeg4.encoder) in mediacodec process
09-01 00:00:21.139 I/SoftMPEG4Encoder(  181): Construct SoftMPEG4Encoder
09-01 00:00:21.142 W/ACodec  (  184): do not know color format 0x7f000789 = 2130708361
09-01 00:00:21.143 E/OMXNodeInstance(  181): getConfig(b50023:google.mpeg4.encoder, ConfigAndroidIntraRefresh(0x6f60000a)) ERROR: Undefined(0x80001001)
09-01 00:00:21.146 I/MediaPlayerService(  184): MediaPlayerService::getOMX
09-01 00:00:21.148 I/OMXClient(  184): MuxOMX ctor
09-01 00:00:21.148 I/OMXMaster(  181): makeComponentInstance(OMX.google.vp8.encoder) in mediacodec process
09-01 00:00:21.178 W/WindowManager(  435): Keyguard drawn timeout. Setting mKeyguardDrawComplete
09-01 00:00:21.253 W/ACodec  (  184): do not know color format 0x7f000789 = 2130708361
09-01 00:00:21.254 E/OMXNodeInstance(  181): getConfig(b50024:google.vp8.encoder, ConfigAndroidIntraRefresh(0x6f60000a)) ERROR: Undefined(0x80001001)
09-01 00:00:21.257 I/MediaPlayerService(  184): MediaPlayerService::getOMX
09-01 00:00:21.258 I/OMXClient(  184): MuxOMX ctor
09-01 00:00:21.261 I/MediaPlayerService(  184): MediaPlayerService::getOMX
09-01 00:00:21.262 I/OMXClient(  184): MuxOMX ctor
09-01 00:00:21.263 W/MediaCodecList(  184): unable to open media codecs configuration xml file: /data/misc/media/media_codecs_profiling_results.xml
09-01 00:00:21.265 I/MediaPlayerService(  184): MediaPlayerService::getOMX
09-01 00:00:21.265 I/MediaPlayerService(  184): MediaPlayerService::getOMX
09-01 00:00:21.266 I/OMXClient(  574): MuxOMX ctor
09-01 00:00:21.267 I/OMXClient(  435): MuxOMX ctor
09-01 00:00:21.269 I/OMXMaster(  181): makeComponentInstance(OMX.google.vorbis.decoder) in mediacodec process
09-01 00:00:21.339 I/OMXMaster(  181): makeComponentInstance(OMX.google.vorbis.decoder) in mediacodec process
09-01 00:00:21.393 I/MediaExtractor(  183): Autodetected media content as 'application/ogg' with confidence 0.20
09-01 00:00:21.404 I/MediaPlayerService(  184): MediaPlayerService::getOMX
09-01 00:00:21.405 I/OMXClient(  435): MuxOMX ctor
09-01 00:00:21.406 I/OMXMaster(  181): makeComponentInstance(OMX.google.vorbis.decoder) in mediacodec process
09-01 00:00:21.427 I/MediaExtractor(  183): Autodetected media content as 'application/ogg' with confidence 0.20
09-01 00:00:21.435 I/MediaPlayerService(  184): MediaPlayerService::getOMX
09-01 00:00:21.436 I/OMXClient(  574): MuxOMX ctor
09-01 00:00:21.455 I/OMXMaster(  181): makeComponentInstance(OMX.google.vorbis.decoder) in mediacodec process
09-01 00:00:21.488 I/MediaExtractor(  183): Autodetected media content as 'application/ogg' with confidence 0.20
09-01 00:00:21.500 I/MediaPlayerService(  184): MediaPlayerService::getOMX
09-01 00:00:21.501 I/OMXClient(  435): MuxOMX ctor
09-01 00:00:21.503 I/OMXMaster(  181): makeComponentInstance(OMX.google.vorbis.decoder) in mediacodec process
09-01 00:00:21.561 I/MediaExtractor(  183): Autodetected media content as 'application/ogg' with confidence 0.20
09-01 00:00:21.570 I/MediaExtractor(  183): Autodetected media content as 'application/ogg' with confidence 0.20
09-01 00:00:21.571 I/MediaPlayerService(  184): MediaPlayerService::getOMX
09-01 00:00:21.574 I/OMXClient(  574): MuxOMX ctor
09-01 00:00:21.576 I/OMXMaster(  181): makeComponentInstance(OMX.google.vorbis.decoder) in mediacodec process
09-01 00:00:21.583 I/MediaPlayerService(  184): MediaPlayerService::getOMX
09-01 00:00:21.585 I/OMXClient(  435): MuxOMX ctor
09-01 00:00:21.612 W/System  (  574): ClassLoader referenced unknown path: 
09-01 00:00:21.614 D/ApplicationLoaders(  574): ignored Vulkan layer search path /system/app/Camera2/lib/arm:/system/app/Camera2/Camera2.apk!/lib/armeabi-v7a:/system/lib:/vendor/lib for namespace 0xaee19090
09-01 00:00:21.652 I/OMXMaster(  181): makeComponentInstance(OMX.google.vorbis.decoder) in mediacodec process
09-01 00:00:21.714 I/MediaExtractor(  183): Autodetected media content as 'application/ogg' with confidence 0.20
09-01 00:00:21.722 I/MediaPlayerService(  184): MediaPlayerService::getOMX
09-01 00:00:21.723 I/OMXClient(  435): MuxOMX ctor
09-01 00:00:21.724 I/OMXMaster(  181): makeComponentInstance(OMX.google.vorbis.decoder) in mediacodec process
09-01 00:00:21.838 D/LocalBluetoothProfileManager(  574): Adding local MAP profile
09-01 00:00:21.841 D/BluetoothMap(  574): Create BluetoothMap proxy object
09-01 00:00:21.850 D/LocalBluetoothProfileManager(  574): LocalBluetoothProfileManager construction complete
09-01 00:00:21.864 I/MediaExtractor(  183): Autodetected media content as 'application/ogg' with confidence 0.20
09-01 00:00:21.873 I/MediaPlayerService(  184): MediaPlayerService::getOMX
09-01 00:00:21.874 I/OMXClient(  435): MuxOMX ctor
09-01 00:00:21.875 I/OMXMaster(  181): makeComponentInstance(OMX.google.vorbis.decoder) in mediacodec process
09-01 00:00:21.880 I/CameraManagerGlobal(  574): Connecting to camera service
09-01 00:00:21.887 I/StatusBar(  574): isKeyguardShowing() called before startKeyguard(), returning true
09-01 00:00:21.888 W/StatusBar(  574): isKeyguardSecure() called before startKeyguard(), returning false
09-01 00:00:21.888 W/StatusBar(  574): java.lang.Throwable
09-01 00:00:21.888 W/StatusBar(  574): 	at com.android.systemui.statusbar.BaseStatusBar.isKeyguardSecure(BaseStatusBar.java:2652)
09-01 00:00:21.888 W/StatusBar(  574): 	at com.android.systemui.statusbar.BaseStatusBar.isCameraAllowedByAdmin(BaseStatusBar.java:2675)
09-01 00:00:21.888 W/StatusBar(  574): 	at com.android.systemui.statusbar.phone.KeyguardBottomAreaView.updateCameraVisibility(KeyguardBottomAreaView.java:309)
09-01 00:00:21.888 W/StatusBar(  574): 	at com.android.systemui.statusbar.phone.KeyguardBottomAreaView.setPhoneStatusBar(KeyguardBottomAreaView.java:272)
09-01 00:00:21.888 W/StatusBar(  574): 	at com.android.systemui.statusbar.phone.PhoneStatusBar.makeStatusBarView(PhoneStatusBar.java:909)
09-01 00:00:21.888 W/StatusBar(  574): 	at com.android.systemui.statusbar.phone.PhoneStatusBar.addStatusBarWindow(PhoneStatusBar.java:3467)
09-01 00:00:21.888 W/StatusBar(  574): 	at com.android.systemui.statusbar.phone.PhoneStatusBar.createAndAddWindows(PhoneStatusBar.java:3463)
09-01 00:00:21.888 W/StatusBar(  574): 	at com.android.systemui.statusbar.BaseStatusBar.start(BaseStatusBar.java:763)
09-01 00:00:21.888 W/StatusBar(  574): 	at com.android.systemui.statusbar.phone.PhoneStatusBar.start(PhoneStatusBar.java:687)
09-01 00:00:21.888 W/StatusBar(  574): 	at com.android.systemui.statusbar.SystemBars.createStatusBarFromConfig(SystemBars.java:106)
09-01 00:00:21.888 W/StatusBar(  574): 	at com.android.systemui.statusbar.SystemBars.onNoService(SystemBars.java:58)
09-01 00:00:21.888 W/StatusBar(  574): 	at com.android.systemui.statusbar.ServiceMonitor.startService(ServiceMonitor.java:230)
09-01 00:00:21.888 W/StatusBar(  574): 	at com.android.systemui.statusbar.ServiceMonitor.-wrap5(ServiceMonitor.java)
09-01 00:00:21.888 W/StatusBar(  574): 	at com.android.systemui.statusbar.ServiceMonitor$1.handleMessage(ServiceMonitor.java:73)
09-01 00:00:21.888 W/StatusBar(  574): 	at android.os.Handler.dispatchMessage(Handler.java:102)
09-01 00:00:21.888 W/StatusBar(  574): 	at android.os.Looper.loop(Looper.java:154)
09-01 00:00:21.888 W/StatusBar(  574): 	at android.app.ActivityThread.main(ActivityThread.java:6121)
09-01 00:00:21.888 W/StatusBar(  574): 	at java.lang.reflect.Method.invoke(Native Method)
09-01 00:00:21.888 W/StatusBar(  574): 	at com.android.internal.os.ZygoteInit$MethodAndArgsCaller.run(ZygoteInit.java:889)
09-01 00:00:21.888 W/StatusBar(  574): 	at com.android.internal.os.ZygoteInit.main(ZygoteInit.java:779)
09-01 00:00:21.889 I/StatusBar(  574): isKeyguardShowing() called before startKeyguard(), returning true
09-01 00:00:21.890 W/StatusBar(  574): isKeyguardSecure() called before startKeyguard(), returning false
09-01 00:00:21.890 W/StatusBar(  574): java.lang.Throwable
09-01 00:00:21.890 W/StatusBar(  574): 	at com.android.systemui.statusbar.BaseStatusBar.isKeyguardSecure(BaseStatusBar.java:2652)
09-01 00:00:21.890 W/StatusBar(  574): 	at com.android.systemui.statusbar.BaseStatusBar.isCameraAllowedByAdmin(BaseStatusBar.java:2675)
09-01 00:00:21.890 W/StatusBar(  574): 	at com.android.systemui.statusbar.phone.KeyguardBottomAreaView.updateCameraVisibility(KeyguardBottomAreaView.java:309)
09-01 00:00:21.890 W/StatusBar(  574): 	at com.android.systemui.statusbar.phone.KeyguardBottomAreaView.setUserSetupComplete(KeyguardBottomAreaView.java:281)
09-01 00:00:21.890 W/StatusBar(  574): 	at com.android.systemui.statusbar.phone.PhoneStatusBar.makeStatusBarView(PhoneStatusBar.java:910)
09-01 00:00:21.890 W/StatusBar(  574): 	at com.android.systemui.statusbar.phone.PhoneStatusBar.addStatusBarWindow(PhoneStatusBar.java:3467)
09-01 00:00:21.890 W/StatusBar(  574): 	at com.android.systemui.statusbar.phone.PhoneStatusBar.createAndAddWindows(PhoneStatusBar.java:3463)
09-01 00:00:21.890 W/StatusBar(  574): 	at com.android.systemui.statusbar.BaseStatusBar.start(BaseStatusBar.java:763)
09-01 00:00:21.890 W/StatusBar(  574): 	at com.android.systemui.statusbar.phone.PhoneStatusBar.start(PhoneStatusBar.java:687)
09-01 00:00:21.890 W/StatusBar(  574): 	at com.android.systemui.statusbar.SystemBars.createStatusBarFromConfig(SystemBars.java:106)
09-01 00:00:21.890 W/StatusBar(  574): 	at com.android.systemui.statusbar.SystemBars.onNoService(SystemBars.java:58)
09-01 00:00:21.890 W/StatusBar(  574): 	at com.android.systemui.statusbar.ServiceMonitor.startService(ServiceMonitor.java:230)
09-01 00:00:21.890 W/StatusBar(  574): 	at com.android.systemui.statusbar.ServiceMonitor.-wrap5(ServiceMonitor.java)
09-01 00:00:21.890 W/StatusBar(  574): 	at com.android.systemui.statusbar.ServiceMonitor$1.handleMessage(ServiceMonitor.java:73)
09-01 00:00:21.890 W/StatusBar(  574): 	at android.os.Handler.dispatchMessage(Handler.java:102)
09-01 00:00:21.890 W/StatusBar(  574): 	at android.os.Looper.loop(Looper.java:154)
09-01 00:00:21.890 W/StatusBar(  574): 	at android.app.ActivityThread.main(ActivityThread.java:6121)
09-01 00:00:21.890 W/StatusBar(  574): 	at java.lang.reflect.Method.invoke(Native Method)
09-01 00:00:21.890 W/StatusBar(  574): 	at com.android.internal.os.ZygoteInit$MethodAndArgsCaller.run(ZygoteInit.java:889)
09-01 00:00:21.890 W/StatusBar(  574): 	at com.android.internal.os.ZygoteInit.main(ZygoteInit.java:779)
09-01 00:00:22.029 I/StatusBar(  574): isKeyguardShowing() called before startKeyguard(), returning true
09-01 00:00:22.031 E/ActivityThread(  574): Failed to find provider info for com.android.contacts
09-01 00:00:22.031 W/StatusBar(  574): isKeyguardSecure() called before startKeyguard(), returning false
09-01 00:00:22.031 W/StatusBar(  574): java.lang.Throwable
09-01 00:00:22.031 W/StatusBar(  574): 	at com.android.systemui.statusbar.BaseStatusBar.isKeyguardSecure(BaseStatusBar.java:2652)
09-01 00:00:22.031 W/StatusBar(  574): 	at com.android.systemui.statusbar.BaseStatusBar.isCameraAllowedByAdmin(BaseStatusBar.java:2675)
09-01 00:00:22.031 W/StatusBar(  574): 	at com.android.systemui.statusbar.phone.KeyguardBottomAreaView.updateCameraVisibility(KeyguardBottomAreaView.java:309)
09-01 00:00:22.031 W/StatusBar(  574): 	at com.android.systemui.statusbar.phone.KeyguardBottomAreaView.setUserSetupComplete(KeyguardBottomAreaView.java:281)
09-01 00:00:22.031 W/StatusBar(  574): 	at com.android.systemui.statusbar.phone.PhoneStatusBar$1.onChange(PhoneStatusBar.java:445)
09-01 00:00:22.031 W/StatusBar(  574): 	at com.android.systemui.statusbar.phone.PhoneStatusBar.resetUserSetupObserver(PhoneStatusBar.java:3714)
09-01 00:00:22.031 W/StatusBar(  574): 	at com.android.systemui.statusbar.phone.PhoneStatusBar.makeStatusBarView(PhoneStatusBar.java:1014)
09-01 00:00:22.031 W/StatusBar(  574): 	at com.android.systemui.statusbar.phone.PhoneStatusBar.addStatusBarWindow(PhoneStatusBar.java:3467)
09-01 00:00:22.031 W/StatusBar(  574): 	at com.android.systemui.statusbar.phone.PhoneStatusBar.createAndAddWindows(PhoneStatusBar.java:3463)
09-01 00:00:22.031 W/StatusBar(  574): 	at com.android.systemui.statusbar.BaseStatusBar.start(BaseStatusBar.java:763)
09-01 00:00:22.031 W/StatusBar(  574): 	at com.android.systemui.statusbar.phone.PhoneStatusBar.start(PhoneStatusBar.java:687)
09-01 00:00:22.031 W/StatusBar(  574): 	at com.android.systemui.statusbar.SystemBars.createStatusBarFromConfig(SystemBars.java:106)
09-01 00:00:22.031 W/StatusBar(  574): 	at com.android.systemui.statusbar.SystemBars.onNoService(SystemBars.java:58)
09-01 00:00:22.031 W/StatusBar(  574): 	at com.android.systemui.statusbar.ServiceMonitor.startService(ServiceMonitor.java:230)
09-01 00:00:22.031 W/StatusBar(  574): 	at com.android.systemui.statusbar.ServiceMonitor.-wrap5(ServiceMonitor.java)
09-01 00:00:22.031 W/StatusBar(  574): 	at com.android.systemui.statusbar.ServiceMonitor$1.handleMessage(ServiceMonitor.java:73)
09-01 00:00:22.031 W/StatusBar(  574): 	at android.os.Handler.dispatchMessage(Handler.java:102)
09-01 00:00:22.031 W/StatusBar(  574): 	at android.os.Looper.loop(Looper.java:154)
09-01 00:00:22.031 W/StatusBar(  574): 	at android.app.ActivityThread.main(ActivityThread.java:6121)
09-01 00:00:22.031 W/StatusBar(  574): 	at java.lang.reflect.Method.invoke(Native Method)
09-01 00:00:22.031 W/StatusBar(  574): 	at com.android.internal.os.ZygoteInit$MethodAndArgsCaller.run(ZygoteInit.java:889)
09-01 00:00:22.031 W/StatusBar(  574): 	at com.android.internal.os.ZygoteInit.main(ZygoteInit.java:779)
09-01 00:00:22.036 D/OpenGLRenderer(  574): profile bars disabled
09-01 00:00:22.037 D/OpenGLRenderer(  574): ambientRatio = 1.50
09-01 00:00:22.054 D/PhoneStatusBar(  574): disable: < EXPAND* icons alerts system_info BACK* HOME* RECENT* clock SEARCH* quick_settings >
09-01 00:00:22.167 D/PhoneStatusBar(  574): heads up is enabled
09-01 00:00:22.203 I/art     (  435): Starting a blocking GC Explicit
09-01 00:00:22.319 W/KeyguardUpdateMonitor(  574): invalid subId in handleSimStateChange()
09-01 00:00:22.325 I/ActivityManager(  435): Setting hasTopUi=true for pid=574
09-01 00:00:22.331 I/art     (  435): Explicit concurrent mark sweep GC freed 8902(814KB) AllocSpace objects, 5(236KB) LOS objects, 33% free, 4MB/7MB, paused 2.499ms total 126.825ms
09-01 00:00:22.379 D/PhoneStatusBar(  574): disable: < EXPAND ICONS* alerts SYSTEM_INFO* BACK HOME RECENT clock SEARCH quick_settings >
09-01 00:00:22.384 I/SurfaceFlinger(  128): Boot is finished (19845 ms)
09-01 00:00:22.408 W/FingerprintManager(  574): isFingerprintHardwareDetected(): Service not connected!
09-01 00:00:22.408 D/PhoneStatusBar(  574): disable: < EXPAND ICONS alerts SYSTEM_INFO BACK HOME RECENT clock SEARCH quick_settings >
09-01 00:00:22.410 W/FingerprintManager(  574): isFingerprintHardwareDetected(): Service not connected!
09-01 00:00:22.435 W/FingerprintManager(  574): isFingerprintHardwareDetected(): Service not connected!
09-01 00:00:22.443 V/KeyguardServiceDelegate(  435): **** SHOWN CALLED ****
09-01 00:00:22.444 I/Choreographer(  574): Skipped 53 frames!  The application may be doing too much work on its main thread.
09-01 00:00:22.457 I/SystemServiceManager(  435): Starting phase 1000
09-01 00:00:22.460 D/ViewRootImpl[StatusBar](  574): changeCanvasOpacity: opaque=true
09-01 00:00:22.490 I/ActivityManager(  435): Start proc 868:android.ext.services/u0a8 for on-hold
09-01 00:00:22.492 D/ActivityManager(  435): Finishing user boot 0
09-01 00:00:22.500 D/CryptdConnector(  435): SND -> {5 cryptfs prepare_user_storage ! 0 0 2}
09-01 00:00:22.513 D/vold    (  132): e4crypt_prepare_user_storage for volume null, user 0, serial 0, flags 2
09-01 00:00:22.513 D/vold    (  132): Preparing: /data/system_ce/0
09-01 00:00:22.513 D/vold    (  132): Preparing: /data/misc_ce/0
09-01 00:00:22.513 D/vold    (  132): Preparing: /data/media/0
09-01 00:00:22.513 D/vold    (  132): Preparing: /data/data
09-01 00:00:22.514 D/CryptdConnector(  435): RCV <- {200 5 Command succeeded}
09-01 00:00:22.516 V/UserManagerService(  435): Found /data/user/0 with serial number 0
09-01 00:00:22.516 V/UserManagerService(  435): Found /data/system_ce/0 with serial number 0
09-01 00:00:22.520 V/PackageManager(  435): reconcileAppsData for null u0 0x2
09-01 00:00:22.645 I/bootstat(  892): Service started: /system/bin/bootstat --record_boot_complete 
09-01 00:00:22.647 I/bootstat(  892): Logging histogram: bootstat_mtime_matches_content 1
09-01 00:00:22.655 I/bootstat(  892): Logging histogram: bootstat_mtime_matches_content 1
09-01 00:00:22.656 I/bootstat(  892): Logging histogram: bootstat_mtime_matches_content 1
09-01 00:00:22.696 I/bootstat(  894): Service started: /system/bin/bootstat --record_boot_reason 
09-01 00:00:22.697 I/bootstat(  894): Unknown boot reason: 
09-01 00:00:22.728 I/bootstat(  897): Service started: /system/bin/bootstat --record_time_since_factory_reset 
09-01 00:00:22.728 I/bootstat(  897): Logging histogram: factory_reset_current_time 1251763222
09-01 00:00:22.732 I/bootstat(  897): Logging histogram: bootstat_mtime_matches_content 1
09-01 00:00:22.732 I/bootstat(  897): Logging histogram: factory_reset_record_value 1251763240
09-01 00:00:22.779 I/bootstat(  899): Service started: /system/bin/bootstat -l 
09-01 00:00:22.780 I/bootstat(  899): Logging histogram: bootstat_mtime_matches_content 1
09-01 00:00:22.781 I/bootstat(  899): Logging histogram: bootstat_mtime_matches_content 1
09-01 00:00:22.781 I/bootstat(  899): Logging histogram: bootstat_mtime_matches_content 1
09-01 00:00:22.781 I/bootstat(  899): Logging histogram: bootstat_mtime_matches_content 1
09-01 00:00:22.783 I/bootstat(  899): Logging histogram: bootstat_mtime_matches_content 1
09-01 00:00:22.784 I/bootstat(  899): Logging histogram: bootstat_mtime_matches_content 1
09-01 00:00:22.784 I/bootstat(  899): Logging histogram: bootstat_mtime_matches_content 1
09-01 00:00:22.787 I/bootstat(  899): Logging histogram: bootstat_mtime_matches_content 1
09-01 00:00:22.787 I/bootstat(  899): Logging histogram: bootstat_mtime_matches_content 1
09-01 00:00:22.787 I/bootstat(  899): Logging histogram: bootstat_mtime_matches_content 1
09-01 00:00:22.787 I/bootstat(  899): Logging histogram: bootstat_mtime_matches_content 1
09-01 00:00:22.787 I/bootstat(  899): Logging histogram: bootstat_mtime_matches_content 1
09-01 00:00:22.787 I/bootstat(  899): Logging histogram: bootstat_mtime_matches_content 1
09-01 00:00:22.788 I/bootstat(  899): Logging histogram: bootstat_mtime_matches_content 1
09-01 00:00:22.788 I/bootstat(  899): Logging histogram: post_decrypt_time_elapsed 3
09-01 00:00:22.788 I/bootstat(  899): Logging histogram: last_boot_time_utc 1251763222
09-01 00:00:22.788 I/bootstat(  899): Logging histogram: build_date 1548182105
09-01 00:00:22.788 I/bootstat(  899): Logging histogram: boot_decryption_complete 23
09-01 00:00:22.788 I/bootstat(  899): Logging histogram: ota_boot_complete_post_decrypt 37
09-01 00:00:22.788 I/bootstat(  899): Logging histogram: ota_boot_complete 40
09-01 00:00:22.788 I/bootstat(  899): Logging histogram: boot_reason 1
09-01 00:00:22.788 I/bootstat(  899): Logging histogram: factory_reset_current_time 1251763222
09-01 00:00:22.788 I/bootstat(  899): Logging histogram: factory_reset 1251763240
09-01 00:00:22.788 I/bootstat(  899): Logging histogram: time_since_last_boot -17
09-01 00:00:22.789 I/bootstat(  899): Logging histogram: boot_complete_post_decrypt 20
09-01 00:00:22.789 I/bootstat(  899): Logging histogram: boot_complete 23
09-01 00:00:22.789 I/bootstat(  899): Logging histogram: factory_reset_record_value 1251763240
09-01 00:00:22.789 I/bootstat(  899): Logging histogram: time_since_factory_reset -18
09-01 00:00:22.944 V/PackageManager(  435): reconcileAppsData finished 69 packages
09-01 00:00:22.946 W/art     (  435): Long monitor contention with owner android.display (456) at void com.android.server.am.ActivityManagerService.finishBooting()(ActivityManagerService.java:6852) waiters=0 in android.content.Intent com.android.server.am.ActivityManagerService.registerReceiver(android.app.IApplicationThread, java.lang.String, android.content.IIntentReceiver, android.content.IntentFilter, java.lang.String, int) for 475ms
09-01 00:00:22.951 W/art     (  435): Long monitor contention with owner android.display (456) at void com.android.server.am.ActivityManagerService.finishBooting()(ActivityManagerService.java:6852) waiters=1 in java.lang.String com.android.server.am.ActivityManagerService.checkContentProviderAccess(java.lang.String, int) for 464ms
09-01 00:00:22.952 W/art     (  435): Long monitor contention with owner android.display (456) at void com.android.server.am.ActivityManagerService.finishBooting()(ActivityManagerService.java:6852) waiters=2 in void com.android.server.am.BroadcastQueue.processNextBroadcast(boolean) for 460ms
09-01 00:00:22.955 D/BluetoothManagerService(  435): User 0 unlocked
09-01 00:00:22.956 D/MountService(  435): onUnlockUser 0
09-01 00:00:22.956 D/VoldConnector(  435): SND -> {6 volume user_started 0}
09-01 00:00:22.957 I/Choreographer(  435): Skipped 38 frames!  The application may be doing too much work on its main thread.
09-01 00:00:22.960 D/BluetoothManagerService(  435): MESSAGE_USER_UNLOCKED
09-01 00:00:22.961 D/WIFI    (  435): Registering NetworkFactory
09-01 00:00:22.961 D/WIFI_UT (  435): Registering NetworkFactory
09-01 00:00:22.963 D/ConnectivityService(  435): Got NetworkFactory Messenger for WIFI
09-01 00:00:22.963 D/ConnectivityService(  435): Got NetworkFactory Messenger for WIFI_UT
09-01 00:00:22.964 D/WIFI    (  435): got request NetworkRequest [ REQUEST id=1, [ Capabilities: INTERNET&NOT_RESTRICTED&TRUSTED&NOT_VPN] ] with score 0
09-01 00:00:22.964 D/WIFI_UT (  435): got request NetworkRequest [ REQUEST id=1, [ Capabilities: INTERNET&NOT_RESTRICTED&TRUSTED&NOT_VPN] ] with score 0
09-01 00:00:22.973 D/vold    (  132): Linking /storage/emulated/0 to /mnt/user/0/primary
09-01 00:00:22.974 D/VoldConnector(  435): RCV <- {200 6 Command succeeded}
09-01 00:00:22.989 D/MountService(  435): Volume emulated broadcasting mounted to UserHandle{0}
09-01 00:00:22.998 I/ActivityManager(  435): Start proc 902:com.android.deskclock/u0a31 for broadcast com.android.deskclock/.AlarmInitReceiver
09-01 00:00:23.092 I/ActivityManager(  435): Loading recents for user 0 into memory.
09-01 00:00:23.101 W/System  (  868): ClassLoader referenced unknown path: /system/priv-app/ExtServices/lib/arm
09-01 00:00:23.107 D/ActivityManager(  435): Sending BOOT_COMPLETE user #0
09-01 00:00:23.121 D/FallbackHome(  675): User unlocked and real home found; let's go!
09-01 00:00:23.207 I/ActivityManager(  435): Start proc 932:com.android.smspush/u0a49 for service com.android.smspush/.WapPushManager
09-01 00:00:23.223 D/CarrierSvcBindHelper(  645): Received android.intent.action.USER_UNLOCKED
09-01 00:00:23.292 I/ActivityManager(  435): Start proc 946:com.android.keychain/1000 for service com.android.keychain/.KeyChainService
09-01 00:00:23.300 W/ResourceType(  435): No known package when getting value for resource number 0x7f0200fc
09-01 00:00:23.300 W/ResourceType(  435): No known package when getting value for resource number 0x7f0e03ac
09-01 00:00:23.301 W/ResourceType(  435): No known package when getting value for resource number 0x7f0200fb
09-01 00:00:23.301 W/ResourceType(  435): No known package when getting value for resource number 0x7f0e0930
09-01 00:00:23.301 W/ResourceType(  435): No known package when getting value for resource number 0x7f0200fa
09-01 00:00:23.301 W/ResourceType(  435): No known package when getting value for resource number 0x7f0e07ea
09-01 00:00:23.332 I/AccountManagerService(  435): User 0 is unlocked - opening CE database
09-01 00:00:23.379 W/System  (  932): ClassLoader referenced unknown path: /system/app/WAPPushManager/lib/arm
09-01 00:00:23.380 I/SELinux (  435): SELinux: Loaded file_contexts contexts from /file_contexts.bin.
09-01 00:00:23.421 I/art     (  435): Background sticky concurrent mark sweep GC freed 31862(2MB) AllocSpace objects, 3(60KB) LOS objects, 25% free, 5MB/7MB, paused 8.105ms total 152.417ms
09-01 00:00:23.438 W/art     (  435): Long monitor contention with owner Thread-6 (907) at void com.android.server.pm.ShortcutUser.forPackageItem(java.lang.String, int, java.util.function.Consumer)(ShortcutUser.java:255) waiters=0 in void com.android.server.pm.ShortcutService.handleOnUidStateChanged(int, int) for 205ms
09-01 00:00:23.476 I/ActivityManager(  435): START u0 {act=android.intent.action.MAIN cat=[android.intent.category.HOME] flg=0x10000100 cmp=com.android.launcher3/.Launcher} from uid 0 on display 0
09-01 00:00:23.484 I/OpenGLRenderer(  574): Initialized EGL, version 1.4
09-01 00:00:23.485 D/OpenGLRenderer(  574): Swap behavior 1
09-01 00:00:23.525 W/System  (  902): ClassLoader referenced unknown path: /system/app/DeskClock/lib/arm
09-01 00:00:23.538 W/System  (  946): ClassLoader referenced unknown path: /system/app/KeyChain/lib/arm
09-01 00:00:23.556 I/ActivityManager(  435): Start proc 979:com.android.launcher3/u0a39 for activity com.android.launcher3/.Launcher
09-01 00:00:23.589 W/RichInputConnection(  541): Slow InputConnection: GET_TEXT_BEFORE_CURSOR took 346 ms.
09-01 00:00:23.610 D/WifiService(  435): New client listening to asynchronous messages
09-01 00:00:23.622 I/InputAttributes(  541): InputType.TYPE_NULL is specified
09-01 00:00:23.677 W/System  (  979): ClassLoader referenced unknown path: /system/app/Launcher3/lib/arm
09-01 00:00:23.728 W/KeyguardUpdateMonitor(  574): invalid subId in handleServiceStateChange()
09-01 00:00:23.730 W/FingerprintManager(  574): isFingerprintHardwareDetected(): Service not connected!
09-01 00:00:23.734 W/FingerprintManager(  574): isFingerprintHardwareDetected(): Service not connected!
09-01 00:00:23.735 I/Choreographer(  574): Skipped 100 frames!  The application may be doing too much work on its main thread.
09-01 00:00:23.803 D/PhoneStatusBar(  574): disable: < expand* ICONS alerts SYSTEM_INFO back* HOME RECENT clock SEARCH quick_settings >
09-01 00:00:23.845 D/LauncherProvider(  979): Launcher process started
09-01 00:00:23.929 V/Launcher(  979): LauncherAppState inited
09-01 00:00:23.972 I/AlarmClock(  902): AlarmInitReceiver android.intent.action.LOCKED_BOOT_COMPLETED
09-01 00:00:24.047 D/AlarmClock/Events(  902): [Stopwatch] [Reset] [Reboot]
09-01 00:00:24.122 W/KeyguardUpdateMonitor(  574): invalid subId in handleSimStateChange()
09-01 00:00:24.126 W/ActivityManager(  435): Activity pause timeout for ActivityRecord{3ca8e48 u0 com.android.launcher3/.Launcher t2}
09-01 00:00:24.206 V/AlarmClock(  902): AlarmInitReceiver finished
09-01 00:00:24.230 I/ActivityManager(  435): Start proc 1013:android.process.media/u0a7 for broadcast com.android.providers.downloads/.DownloadReceiver
09-01 00:00:24.390 W/System  ( 1013): ClassLoader referenced unknown path: /system/priv-app/DownloadProvider/lib/arm
09-01 00:00:24.459 W/System  ( 1013): ClassLoader referenced unknown path: /system/priv-app/MediaProvider/lib/arm
09-01 00:00:24.467 D/ApplicationLoaders( 1013): ignored Vulkan layer search path /system/priv-app/MediaProvider/lib/arm:/system/priv-app/MediaProvider/MediaProvider.apk!/lib/armeabi-v7a:/system/lib:/vendor/lib for namespace 0xaee19090
09-01 00:00:24.511 V/GridSizeMigrationTask(  979): Workspace migration completed in 35
09-01 00:00:24.513 D/Launcher.Model(  979): loadWorkspace: loading default favorites
09-01 00:00:24.628 I/OpenGLRenderer(  979): Initialized EGL, version 1.4
09-01 00:00:24.628 D/OpenGLRenderer(  979): Swap behavior 1
09-01 00:00:24.745 I/ActivityManager(  435): Displayed com.android.launcher3/.Launcher: +1s118ms (total +1s238ms)
09-01 00:00:24.885 D/MediaScannerReceiver( 1013): action: android.intent.action.MEDIA_MOUNTED path: /storage/emulated/0
09-01 00:00:24.927 I/RecoverySystem(  435): No recovery log file
09-01 00:00:24.929 D/CarrierConfigLoader(  645): mHandler: 13 phoneId: 0
09-01 00:00:24.939 I/BootReceiver(  435): Copying audit failures to DropBox
09-01 00:00:24.939 I/BootReceiver(  435): Checking for fsck errors
09-01 00:00:24.947 I/ActivityManager(  435): Start proc 1050:com.android.calendar/u0a26 for broadcast com.android.calendar/.alerts.AlertReceiver
09-01 00:00:25.010 W/System  ( 1050): ClassLoader referenced unknown path: /system/app/Calendar/lib/arm
09-01 00:00:25.185 D/ExtensionsFactory( 1050): No custom extensions.
09-01 00:00:25.201 D/AlertReceiver( 1050): onReceive: a=android.intent.action.BOOT_COMPLETED Intent { act=android.intent.action.BOOT_COMPLETED flg=0x9000010 cmp=com.android.calendar/.alerts.AlertReceiver (has extras) }
09-01 00:00:25.209 I/AlarmClock(  902): AlarmInitReceiver android.intent.action.BOOT_COMPLETED
09-01 00:00:25.239 V/AlarmClock(  902): AlarmInitReceiver finished
09-01 00:00:25.254 I/ActivityManager(  435): Start proc 1077:com.android.email/u0a33 for broadcast com.android.email/.service.EmailBroadcastReceiver
09-01 00:00:25.263 D/AlertService( 1050): 0 Action = android.intent.action.BOOT_COMPLETED
09-01 00:00:25.280 D/AlertService( 1050): Scheduling next alarm with AlarmScheduler. sEventReminderReceived: null
09-01 00:00:25.296 V/MediaScanner( 1013): pruneDeadThumbnailFiles... android.content.ContentProviderClient$CursorWrapperInner@19e57ee
09-01 00:00:25.309 V/MediaScanner( 1013): /pruneDeadThumbnailFiles... android.content.ContentProviderClient$CursorWrapperInner@19e57ee
09-01 00:00:25.317 W/System  ( 1077): ClassLoader referenced unknown path: /system/app/Email/lib/arm
09-01 00:00:25.327 I/ActivityManager(  435): Start proc 1093:com.android.providers.calendar/u0a2 for content provider com.android.providers.calendar/.CalendarProvider2
09-01 00:00:25.421 W/System  ( 1093): ClassLoader referenced unknown path: /system/priv-app/CalendarProvider/lib/arm
09-01 00:00:25.630 I/LatinIME(  541): Timeout waiting for dictionary load
09-01 00:00:25.637 I/CalendarProvider2( 1093): Created com.android.providers.calendar.CalendarAlarmManager@d8cecbb(com.android.providers.calendar.CalendarProvider2@8c3f5d8)
09-01 00:00:25.713 D/AlarmScheduler( 1050): No events found starting within 1 week.
