09-01 00:00:16.361 W/PackageManager(  435): Not granting permission android.permission.DELETE_PACKAGES to package com.svox.pico (protectionLevel=18 flags=0x3808be45)
09-01 00:00:16.361 W/PackageManager(  435): Unknown permission android.permission.RUN_INSTRUMENTATION in package org.chromium.webview_shell
09-01 00:00:16.361 W/PackageManager(  435): Unknown permission com.google.android.gallery3d.permission.PICASA_STORE in package com.android.dreams.phototable
09-01 00:00:16.361 W/PackageManager(  435): Unknown permission com.google.android.googleapps.permission.GOOGLE_AUTH in package com.android.settings
09-01 00:00:16.361 W/PackageManager(  435): Unknown permission com.android.launcher.permission.READ_SETTINGS in package com.android.settings
09-01 00:00:16.361 W/PackageManager(  435): Unknown permission com.android.launcher.permission.WRITE_SETTINGS in package com.android.settings
09-01 00:00:16.363 W/PackageManager(  435): Unknown permission com.google.android.gallery3d.permission.GALLERY_PROVIDER in package com.android.bluetooth
09-01 00:00:16.435 I/SystemServer(  435): StartLockSettingsService
09-01 00:00:16.437 I/SystemServiceManager(  435): Starting com.android.server.LockSettingsService$Lifecycle
09-01 00:00:16.443 W/MountService(  435): No primary storage defined yet; hacking together a stub
09-01 00:00:16.444 W/MountService(  435): No primary storage defined yet; hacking together a stub
09-01 00:00:16.449 W/MountService(  435): No primary storage mounted!
09-01 00:00:16.449 D/VoldConnector(  435): SND -> {2 asec list}
09-01 00:00:16.450 D/VoldConnector(  435): RCV <- {200 2 asec operation succeeded}
09-01 00:00:16.480 I/SystemServiceManager(  435): Starting com.android.server.DeviceIdleController
09-01 00:00:16.489 I/SystemServiceManager(  435): Starting com.android.server.devicepolicy.DevicePolicyManagerService$Lifecycle
09-01 00:00:16.523 I/SystemServer(  435): StartStatusBarManagerService
09-01 00:00:16.536 I/SystemServer(  435): StartClipboardService
09-01 00:00:16.542 I/SystemServer(  435): StartNetworkManagementService
09-01 00:00:16.557 I/NetworkManagement(  435): onDaemonConnected()
09-01 00:00:16.564 I/SystemServiceManager(  435): Starting com.android.server.TextServicesManagerService$Lifecycle
09-01 00:00:16.578 I/SystemServer(  435): StartNetworkScoreService
09-01 00:00:16.582 I/SystemServer(  435): StartNetworkStatsService
09-01 00:00:16.601 I/SystemServer(  435): StartNetworkPolicyManagerService
09-01 00:00:16.618 I/SystemServer(  435): No Wi-Fi NAN Service (NAN support Not Present)
09-01 00:00:16.669 I/SystemServiceManager(  435): Starting com.android.server.wifi.p2p.WifiP2pService
09-01 00:00:16.747 I/WifiP2pService(  435): Registering wifip2p
09-01 00:00:16.754 I/SystemServiceManager(  435): Starting com.android.server.wifi.WifiService
09-01 00:00:16.923 D/HS20    (  435): Passpoint is disabled
09-01 00:00:16.958 E/IpManager.wlan0(  435): Failed to disable IPv6java.lang.IllegalStateException: command '1 interface ipv6 wlan0 disable' failed with '400 1 Failed to change IPv6 state (No such file or directory)'
09-01 00:00:16.959 D/CommandListener(  185): Clearing all IP addresses on wlan0
09-01 00:00:17.162 D/WifiHW  (  435): Unable to unload driver module "wlan": No such file or directory
09-01 00:00:17.163 E/WifiLogger(  435): no ring buffers found
09-01 00:00:17.163 E/WifiLogger(  435): Failed to start packet fate monitoring
09-01 00:00:17.163 D/WifiApConfigStore(  435): 2G band allowed channels are:1,6,11
09-01 00:00:17.179 D/WifiController(  435): isAirplaneModeOn = false, isWifiEnabled = false, isScanningAvailable = false
09-01 00:00:17.183 I/WifiService(  435): Registering wifi
09-01 00:00:17.193 I/SystemServiceManager(  435): Starting com.android.server.wifi.scanner.WifiScanningService
09-01 00:00:17.195 I/WifiScanningService(  435): Creating wifiscanner
09-01 00:00:17.200 I/WifiScanningService(  435): Publishing wifiscanner
09-01 00:00:17.203 I/SystemServiceManager(  435): Starting com.android.server.ethernet.EthernetService
09-01 00:00:17.204 I/EthernetServiceImpl(  435): Creating EthernetConfigStore
09-01 00:00:17.207 E/IpConfigStore(  435): Error parsing configuration: java.io.FileNotFoundException: /data/misc/ethernet/ipconfig.txt (No such file or directory)
09-01 00:00:17.207 W/EthernetConfigStore(  435): No Ethernet configuration found. Using default.
09-01 00:00:17.207 I/EthernetServiceImpl(  435): Read stored IP configuration: IP assignment: DHCP
09-01 00:00:17.207 I/EthernetServiceImpl(  435): Proxy settings: NONE
09-01 00:00:17.208 I/EthernetService(  435): Registering service ethernet
09-01 00:00:17.210 I/SystemServer(  435): StartConnectivityService
09-01 00:00:17.237 D/ConnectivityService(  435): ConnectivityService starting up
09-01 00:00:17.254 D/ConnectivityService(  435): wifiOnly=false
09-01 00:00:17.255 E/ConnectivityService(  435): Ignoring protectedNetwork 10
09-01 00:00:17.255 E/ConnectivityService(  435): Ignoring protectedNetwork 11
09-01 00:00:17.255 E/ConnectivityService(  435): Ignoring protectedNetwork 12
09-01 00:00:17.255 E/ConnectivityService(  435): Ignoring protectedNetwork 14
09-01 00:00:17.255 E/ConnectivityService(  435): Ignoring protectedNetwork 15
09-01 00:00:17.286 I/SystemServer(  435): StartNsdService
09-01 00:00:17.293 I/SystemServer(  435): StartUpdateLockService
09-01 00:00:17.296 I/SystemServiceManager(  435): Starting com.android.server.RecoverySystemService
09-01 00:00:17.307 I/SystemServiceManager(  435): Starting com.android.server.notification.NotificationManagerService
09-01 00:00:17.313 I/art     (  435): Background partial concurrent mark sweep GC freed 8440(559KB) AllocSpace objects, 3(60KB) LOS objects, 33% free, 3MB/5MB, paused 7.744ms total 72.999ms
09-01 00:00:17.362 D/ConditionProviders.SCP(  435): new ScheduleConditionProvider()
09-01 00:00:17.370 D/ZenLog  (  435): config: readXml,ZenModeConfig[user=0,allowCalls=true,allowRepeatCallers=false,allowMessages=false,allowCallsFrom=contacts,allowMessagesFrom=contacts,allowReminders=true,allowEvents=true,allowWhenScreenOff=true,allowWhenScreenOn=true,automaticRules={2eb364a01dbe4ac7839506a7e9f3efd5=ZenRule[enabled=false,snoozing=false,name=Weeknight,zenMode=ZEN_MODE_ALARMS,conditionId=condition://android/schedule?days=1.2.3.4.5&start=22.0&end=7.0&exitAtAlarm=false,condition=Condition[id=condition://android/schedule?days=1.2.3.4.5&start=22.0&end=7.0&exitAtAlarm=false,summary=...,line1=...,line2=...,icon=0,state=STATE_TRUE,flags=2],component=ComponentInfo{android/com.android.server.notification.ScheduleConditionProvider},id=2eb364a01dbe4ac7839506a7e9f3efd5,creationTime=1251763233154,enabler=null], 0bdbd09bfb664db19b023136cce8cb7d=ZenRule[enabled=false,snoozing=false,name=Event,zenMode=ZEN_MODE_ALARMS,conditionId=condition://android/event?userId=-10000&calendar=&reply=1,condition=Condition[id=condition://android/event?userId=-10000&calendar=&reply=1,summary=...,line1=...,line2=...,icon=0,state=STATE_FALSE,flags=2],component=ComponentInfo{android/com.android.server.notification.EventConditionProvider},id=0bdbd09bfb664db19b023136cce8cb7d,creationTime=1251763233156,enabler=null], ab221c0865c743dc992e5312c09fe803=ZenRule[enabled=false,snoozing=false,name=Weekend,zenMode=ZEN_MODE_ALARMS,conditionId=condition://android/schedule?days=6.7&start=23.30&end=10.0&exitAtAlarm=false,condition=Condition[id=condition://android/schedule?days=6.7&start=23.30&end=10.0&exitAtAlarm=false,summary=...,line1=...,line2=...,icon=0,state=STATE_FALSE,flags=2],component=ComponentInfo{android/com.android.server.notification.ScheduleConditionProvider},id=ab221c0865c743dc992e5312c09fe803,creationTime=1251763233155,enabler=null]},manualRule=null],Diff[automaticRule[1ee5e2fb017640e7b49448dd7dc12754]:delete,automaticRule[9aad339cf757405aa2dc4afa8b3a5c6c]:delete,automaticRule[2eb364a01dbe4ac7839506a7e9f3efd5]:insert,automaticRule[0bdbd09bfb664db19b023136cce8cb7d]:insert,automaticRule[35abf9785f224f4e9f0e15899dcabb13]:delete,automaticRule[ab221c0865c743dc992e5312c09fe803]:insert]
09-01 00:00:17.389 D/ZenLog  (  435): set_zen_mode: off,init
09-01 00:00:17.397 I/SystemServiceManager(  435): Starting com.android.server.storage.DeviceStorageMonitorService
09-01 00:00:17.404 I/SystemServer(  435): StartLocationManagerService
09-01 00:00:17.414 I/SystemServer(  435): StartCountryDetectorService
09-01 00:00:17.420 I/SystemServer(  435): StartSearchManagerService
09-01 00:00:17.424 I/SystemServiceManager(  435): Starting com.android.server.search.SearchManagerService$Lifecycle
09-01 00:00:17.429 I/SystemServiceManager(  435): Starting com.android.server.DropBoxManagerService
09-01 00:00:17.432 I/SystemServer(  435): StartWallpaperManagerService
09-01 00:00:17.434 I/SystemServiceManager(  435): Starting com.android.server.wallpaper.WallpaperManagerService$Lifecycle
09-01 00:00:17.443 I/SystemServer(  435): StartAudioService
09-01 00:00:17.443 I/SystemServiceManager(  435): Starting com.android.server.audio.AudioService$Lifecycle
09-01 00:00:17.478 D/PermissionCache(  176): checking android.permission.MODIFY_AUDIO_SETTINGS for uid=1000 => granted (1956 us)
09-01 00:00:17.495 W/TelecomManager(  435): Telecom Service not found.
09-01 00:00:17.503 W/AudioFlinger(  176): no wake lock to update, system not ready yet
09-01 00:00:17.535 I/SystemServiceManager(  435): Starting com.android.server.DockObserver
09-01 00:00:17.536 W/DockObserver(  435): This kernel does not have dock station support
09-01 00:00:17.537 I/SystemServer(  435): StartWiredAccessoryManager
09-01 00:00:17.538 W/WiredAccessoryManager(  435): This kernel does not have wired headset support
09-01 00:00:17.539 W/WiredAccessoryManager(  435): This kernel does not have usb audio support
09-01 00:00:17.539 I/SystemServiceManager(  435): Starting com.android.server.usb.UsbService$Lifecycle
09-01 00:00:17.556 E/UsbDeviceManager(  435): failed to write to /sys/class/android_usb/android0/f_rndis/ethaddr
09-01 00:00:17.576 E/HardwarePropertiesManagerService-JNI(  435): Couldn't load thermal module (No such file or directory)
09-01 00:00:17.577 I/SystemServiceManager(  435): Starting com.android.server.twilight.TwilightService
09-01 00:00:17.580 I/SystemServiceManager(  435): Starting com.android.server.job.JobSchedulerService
09-01 00:00:17.598 I/SystemServiceManager(  435): Starting com.android.server.soundtrigger.SoundTriggerService
09-01 00:00:17.602 I/SystemServiceManager(  435): Starting com.android.server.appwidget.AppWidgetService
09-01 00:00:17.627 I/SystemServer(  435): Gesture Launcher Service
09-01 00:00:17.627 I/SystemServiceManager(  435): Starting com.android.server.GestureLauncherService
09-01 00:00:17.628 I/SystemServiceManager(  435): Starting com.android.server.SensorNotificationService
09-01 00:00:17.628 I/SystemServiceManager(  435): Starting com.android.server.ContextHubSystemService
09-01 00:00:17.635 E/ContextHubService(  435): ** Could not load context_hub module : err No such file or directory
09-01 00:00:17.635 W/ContextHubService(  435): No Context Hub Module present
09-01 00:00:17.636 I/SystemServer(  435): StartDiskStatsService
09-01 00:00:17.644 I/SystemServer(  435): StartNetworkTimeUpdateService
09-01 00:00:17.646 I/SystemServer(  435): StartCommonTimeManagementService
09-01 00:00:17.649 I/SystemServer(  435): CertBlacklister
09-01 00:00:17.653 I/SystemServiceManager(  435): Starting com.android.server.emergency.EmergencyAffordanceService
09-01 00:00:17.657 I/SystemServiceManager(  435): Starting com.android.server.dreams.DreamManagerService
09-01 00:00:17.663 I/SystemServer(  435): StartAssetAtlasService
09-01 00:00:17.673 I/SystemServiceManager(  435): Starting com.android.server.restrictions.RestrictionsManagerService
09-01 00:00:17.674 D/AssetAtlas(  435): Loaded configuration: SliceMinArea (576x576) flags=0x2 count=98
09-01 00:00:17.679 I/SystemServiceManager(  435): Starting com.android.server.media.MediaSessionService
09-01 00:00:17.694 I/SystemServer(  435): StartMediaRouterService
09-01 00:00:17.700 I/SystemServiceManager(  435): Starting com.android.server.trust.TrustManagerService
09-01 00:00:17.706 I/SystemServer(  435): StartBackgroundDexOptService
09-01 00:00:17.710 I/SystemServiceManager(  435): Starting com.android.server.pm.ShortcutService$Lifecycle
09-01 00:00:17.736 D/AssetAtlas(  435): Rendered atlas in 44.04ms (21.75+22.28ms)
09-01 00:00:17.739 I/art     (  435): Background sticky concurrent mark sweep GC freed 6153(543KB) AllocSpace objects, 4(80KB) LOS objects, 6% free, 5MB/5MB, paused 6.356ms total 49.251ms
09-01 00:00:17.740 I/SystemServiceManager(  435): Starting com.android.server.pm.LauncherAppsService
09-01 00:00:17.744 I/SystemServiceManager(  435): Starting com.android.server.media.projection.MediaProjectionManagerService
09-01 00:00:17.752 V/MediaRouter(  435): Adding route: RouteInfo{ name=Tablet, description=null, status=null, category=RouteCategory{ name=null types=ROUTE_TYPE_LIVE_AUDIO ROUTE_TYPE_LIVE_VIDEO  groupable=false }, supportedTypes=ROUTE_TYPE_LIVE_AUDIO ROUTE_TYPE_LIVE_VIDEO , presentationDisplay=null }
09-01 00:00:17.758 V/MediaRouter(  435): Updating audio routes: AudioRoutesInfo{ type=SPEAKER }
09-01 00:00:17.760 V/MediaRouter(  435): Selecting route: RouteInfo{ name=Tablet, description=null, status=null, category=RouteCategory{ name=null types=ROUTE_TYPE_LIVE_AUDIO ROUTE_TYPE_LIVE_VIDEO  groupable=false }, supportedTypes=ROUTE_TYPE_LIVE_AUDIO ROUTE_TYPE_LIVE_VIDEO , presentationDisplay=null }
09-01 00:00:17.764 I/WindowManager(  435): SAFE MODE not enabled
09-01 00:00:17.764 I/SystemServiceManager(  435): Starting com.android.server.MmsServiceBroker
09-01 00:00:17.774 W/VibratorService(  435): Tried to stop vibrating but there is no vibrator device.
09-01 00:00:17.858 E/LockSettingsStorage(  435): Cannot read file java.io.FileNotFoundException: /data/system/gatekeeper.password.key: open failed: ENOENT (No such file or directory)
09-01 00:00:17.858 E/LockSettingsStorage(  435): Cannot read file java.io.FileNotFoundException: /data/system/password.key: open failed: ENOENT (No such file or directory)
09-01 00:00:17.859 E/LockSettingsStorage(  435): Cannot read file java.io.FileNotFoundException: /data/system/gatekeeper.pattern.key: open failed: ENOENT (No such file or directory)
09-01 00:00:17.860 E/LockSettingsStorage(  435): Cannot read file java.io.FileNotFoundException: /data/system/gatekeeper.gesture.key: open failed: ENOENT (No such file or directory)
09-01 00:00:17.861 E/LockSettingsStorage(  435): Cannot read file java.io.FileNotFoundException: /data/system/gesture.key: open failed: ENOENT (No such file or directory)
09-01 00:00:17.861 I/SystemServiceManager(  435): Starting phase 480
09-01 00:00:17.870 I/DevicePolicyManagerService(  435): Set ro.device_owner property to false
09-01 00:00:17.877 W/ShortcutService(  435): Clock rewound
09-01 00:00:17.877 I/SystemServiceManager(  435): Starting phase 500
09-01 00:00:17.881 D/ConnectivityMetricsLoggerService(  435): onBootPhase: PHASE_SYSTEM_SERVICES_READY
09-01 00:00:17.908 I/WifiService(  435): WifiService starting up with Wi-Fi disabled
09-01 00:00:17.914 I/WifiScanningService(  435): Starting wifiscanner
09-01 00:00:17.924 I/EthernetServiceImpl(  435): Starting Ethernet service
09-01 00:00:17.930 D/Ethernet(  435): Registering NetworkFactory
09-01 00:00:17.931 D/ConnectivityService(  435): Got NetworkFactory Messenger for Ethernet
09-01 00:00:17.931 D/Ethernet(  435): got request NetworkRequest [ REQUEST id=1, [ Capabilities: INTERNET&NOT_RESTRICTED&TRUSTED&NOT_VPN] ] with score 0
09-01 00:00:17.938 D/ZenLog  (  435): config: cleanUpZenRules,ZenModeConfig[user=0,allowCalls=true,allowRepeatCallers=false,allowMessages=false,allowCallsFrom=contacts,allowMessagesFrom=contacts,allowReminders=true,allowEvents=true,allowWhenScreenOff=true,allowWhenScreenOn=true,automaticRules={2eb364a01dbe4ac7839506a7e9f3efd5=ZenRule[enabled=false,snoozing=false,name=Weeknight,zenMode=ZEN_MODE_ALARMS,conditionId=condition://android/schedule?days=1.2.3.4.5&start=22.0&end=7.0&exitAtAlarm=false,condition=Condition[id=condition://android/schedule?days=1.2.3.4.5&start=22.0&end=7.0&exitAtAlarm=false,summary=...,line1=...,line2=...,icon=0,state=STATE_TRUE,flags=2],component=ComponentInfo{android/com.android.server.notification.ScheduleConditionProvider},id=2eb364a01dbe4ac7839506a7e9f3efd5,creationTime=1251763233154,enabler=null], 0bdbd09bfb664db19b023136cce8cb7d=ZenRule[enabled=false,snoozing=false,name=Event,zenMode=ZEN_MODE_ALARMS,conditionId=condition://android/event?userId=-10000&calendar=&reply=1,condition=Condition[id=condition://android/event?userId=-10000&calendar=&reply=1,summary=...,line1=...,line2=...,icon=0,state=STATE_FALSE,flags=2],component=ComponentInfo{android/com.android.server.notification.EventConditionProvider},id=0bdbd09bfb664db19b023136cce8cb7d,creationTime=1251763233156,enabler=null], ab221c0865c743dc992e5312c09fe803=ZenRule[enabled=false,snoozing=false,name=Weekend,zenMode=ZEN_MODE_ALARMS,conditionId=condition://android/schedule?days=6.7&start=23.30&end=10.0&exitAtAlarm=false,condition=Condition[id=condition://android/schedule?days=6.7&start=23.30&end=10.0&exitAtAlarm=false,summary=...,line1=...,line2=...,icon=0,state=STATE_FALSE,flags=2],component=ComponentInfo{android/com.android.server.notification.ScheduleConditionProvider},id=ab221c0865c743dc992e5312c09fe803,creationTime=1251763233155,enabler=null]},manualRule=null],Diff[]
09-01 00:00:17.939 D/ZenLog  (  435): set_zen_mode: off,onSystemReady
09-01 00:00:17.943 D/PermissionCache(  176): checking android.permission.CAPTURE_AUDIO_HOTWORD for uid=1000 => granted (345 us)
09-01 00:00:17.944 W/SoundTriggerHelper(  435): listModules status=0, # of modules=0
09-01 00:00:17.944 D/ContextHubSystemService(  435): onBootPhase: PHASE_SYSTEM_SERVICES_READY
09-01 00:00:17.980 I/art     (  435): Background partial concurrent mark sweep GC freed 3408(303KB) AllocSpace objects, 3(1340KB) LOS objects, 33% free, 4MB/6MB, paused 11.690ms total 80.360ms
09-01 00:00:18.019 W/KeyguardServiceDelegate(  435): onScreenTurningOn(): no keyguard service!
09-01 00:00:18.021 V/UserManagerService(  435): Found /data/user_de/0 with serial number 0
09-01 00:00:18.021 V/UserManagerService(  435): Found /data/user/0 with serial number 0
09-01 00:00:18.022 V/UserManagerService(  435): Found /data/system_de/0 with serial number 0
09-01 00:00:18.022 V/UserManagerService(  435): Found /data/system_ce/0 with serial number 0
09-01 00:00:18.024 I/ActivityManager(  435): System now ready
09-01 00:00:18.038 I/SystemServer(  435): Making services ready
09-01 00:00:18.038 I/SystemServiceManager(  435): Starting phase 550
09-01 00:00:18.097 D/BluetoothManagerService(  435): Bluetooth boot completed
09-01 00:00:18.097 D/BluetoothManagerService(  435): Auto-enabling Bluetooth.
09-01 00:00:18.097 D/BluetoothManagerService(  435): MESSAGE_ENABLE(0): mBluetooth = null
09-01 00:00:18.098 E/InputMethodManagerService(  435): Ignoring updateSystemUiLocked due to an invalid token. uid:1000 token:null
09-01 00:00:18.104 I/Zygote  (  435): Process: zygote socket opened, supported ABIS: armeabi-v7a,armeabi
09-01 00:00:18.127 I/ActivityManager(  435): Start proc 525:com.android.bluetooth/1002 for service com.android.bluetooth/.btservice.AdapterService
09-01 00:00:18.197 I/ActivityManager(  435): Start proc 541:com.android.inputmethod.latin/u0a38 for service com.android.inputmethod.latin/.LatinIME
09-01 00:00:18.198 V/InputMethodManagerService(  435): Adding window token: android.os.Binder@8e3f24a
09-01 00:00:18.199 D/MountService(  435): Thinking about init, mSystemReady=true, mDaemonConnected=true
09-01 00:00:18.199 D/MountService(  435): Setting up emulation state, initlocked=false
09-01 00:00:18.199 D/CryptdConnector(  435): SND -> {2 cryptfs unlock_user_key 0 0 ! !}
09-01 00:00:18.201 D/vold    (  132): e4crypt_unlock_user_key 0 serial=0 token_present=0
09-01 00:00:18.202 D/CryptdConnector(  435): RCV <- {200 2 Command succeeded}
09-01 00:00:18.203 D/MountService(  435): Thinking about reset, mSystemReady=true, mDaemonConnected=true
09-01 00:00:18.205 I/ActivityManager(  435): Force stopping com.android.providers.media appid=10007 user=-1: vold reset
09-01 00:00:18.206 D/VoldConnector(  435): SND -> {3 volume reset}
09-01 00:00:18.208 D/VoldConnector(  435): RCV <- {651 emulated 7}
09-01 00:00:18.209 D/UsbAlsaManager(  435): Adding ALSA device AlsaDevice: [card: 0, device: 3, type: 1]
09-01 00:00:18.209 D/UsbAlsaManager(  435): Adding ALSA device AlsaDevice: [card: 0, device: 2, type: 1]
09-01 00:00:18.209 D/UsbAlsaManager(  435): Adding ALSA device AlsaDevice: [card: 0, device: 1, type: 1]
09-01 00:00:18.209 D/UsbAlsaManager(  435): Adding ALSA device AlsaDevice: [card: 0, device: 2, type: 2]
09-01 00:00:18.209 D/VoldConnector(  435): RCV <- {659 emulated}
09-01 00:00:18.209 D/UsbAlsaManager(  435): Adding ALSA device AlsaDevice: [card: 0, device: 0, type: 1]
09-01 00:00:18.209 D/UsbAlsaManager(  435): Adding ALSA device AlsaDevice: [card: 0, device: 1, type: 2]
09-01 00:00:18.209 D/UsbAlsaManager(  435): Adding ALSA device AlsaDevice: [card: 0, device: 0, type: 2]
09-01 00:00:18.209 D/VoldConnector(  435): RCV <- {650 emulated 2 "" ""}
09-01 00:00:18.210 W/MountService(  435): No primary storage defined yet; hacking together a stub
09-01 00:00:18.211 D/VoldConnector(  435): RCV <- {651 emulated 0}
09-01 00:00:18.212 D/VoldConnector(  435): RCV <- {200 3 Command succeeded}
09-01 00:00:18.215 D/VoldConnector(  435): SND -> {4 volume user_added 0 0}
09-01 00:00:18.216 V/MountService(  435): Found primary storage at VolumeInfo{emulated}:
09-01 00:00:18.216 V/MountService(  435):     type=EMULATED diskId=null partGuid=null mountFlags=0 mountUserId=-1 
09-01 00:00:18.216 V/MountService(  435):     state=UNMOUNTED 
09-01 00:00:18.216 V/MountService(  435):     fsType=null fsUuid=null fsLabel=null 
09-01 00:00:18.216 V/MountService(  435):     path=null internalPath=null 
09-01 00:00:18.216 D/VoldConnector(  435): RCV <- {200 4 Command succeeded}
09-01 00:00:18.217 I/SystemServer(  435): WebViewFactory preparation
09-01 00:00:18.220 D/VoldConnector(  435): SND -> {5 volume mount emulated 3 -1}
09-01 00:00:18.226 D/VoldConnector(  435): RCV <- {651 emulated 1}
09-01 00:00:18.231 D/VoldConnector(  435): RCV <- {656 emulated /data/media}
09-01 00:00:18.232 D/BluetoothManagerService(  435): Creating new ProfileServiceConnections object for profile: 1
09-01 00:00:18.232 D/VoldConnector(  435): RCV <- {655 emulated /storage/emulated}
09-01 00:00:18.235 D/UsbHostManager(  435): Added device UsbDevice[mName=/dev/bus/usb/002/003,mVendorId=3034,mProductId=33145,mClass=0,mSubclass=0,mProtocol=0,mManufacturerName=Realtek,mProductName=802.11n NIC,mVersion=2.0,mSerialNumber=00E04C0001,mConfigurations=[
09-01 00:00:18.235 D/UsbHostManager(  435): UsbConfiguration[mId=1,mName=null,mAttributes=160,mMaxPower=250,mInterfaces=[
09-01 00:00:18.235 D/UsbHostManager(  435): UsbInterface[mId=0,mAlternateSetting=0,mName=null,mClass=255,mSubclass=255,mProtocol=255,mEndpoints=[
09-01 00:00:18.235 D/UsbHostManager(  435): UsbEndpoint[mAddress=129,mAttributes=2,mMaxPacketSize=512,mInterval=0]
09-01 00:00:18.235 D/UsbHostManager(  435): UsbEndpoint[mAddress=2,mAttributes=2,mMaxPacketSize=512,mInterval=0]
09-01 00:00:18.235 D/UsbHostManager(  435): UsbEndpoint[mAddress=3,mAttributes=2,mMaxPacketSize=512,mInterval=0]]]]
09-01 00:00:18.235 V/vold    (  132): Waiting for FUSE to spin up...
09-01 00:00:18.236 D/WebViewFactory(  435): Setting new address space to 104857600
09-01 00:00:18.239 E/BluetoothA2dp(  435): Could not bind to Bluetooth A2DP Service with Intent { act=android.bluetooth.IBluetoothA2dp }
09-01 00:00:18.242 W/ContextImpl(  435): Calling a method in the system process without a qualified user: android.app.ContextImpl.sendBroadcast:877 com.android.server.usb.UsbSettingsManager.deviceAttached:739 com.android.server.usb.UsbHostManager.endUsbDeviceAdded:225 com.android.server.usb.UsbHostManager.monitorUsbHostBus:-2 com.android.server.usb.UsbHostManager.-wrap0:-1 
09-01 00:00:18.271 I/ActivityManager(  435): Start proc 559:WebViewLoader-armeabi-v7a/1037 [android.webkit.WebViewFactory$RelroFileCreator] for 
09-01 00:00:18.273 W/sdcard  (  548): Device explicitly disabled sdcardfs
09-01 00:00:18.289 D/VoldConnector(  435): RCV <- {651 emulated 2}
09-01 00:00:18.289 D/VoldConnector(  435): RCV <- {200 5 Command succeeded}
09-01 00:00:18.299 I/ActivityManager(  435): Start proc 574:com.android.systemui/u0a19 for service com.android.systemui/.SystemUIService
09-01 00:00:18.302 I/AudioFlinger(  176): systemReady
09-01 00:00:18.302 D/NetworkManagement(  435): enabling bandwidth control
09-01 00:00:18.319 V/WebViewFactory(  559): RelroFileCreator (64bit = false),  32-bit lib: /system/app/webview/webview.apk!/lib/armeabi-v7a/libwebviewchromium.so, 64-bit lib: 
09-01 00:00:18.355 E/WVMExtractor(  435): Failed to open libwvm.so: dlopen failed: library "libwvm.so" not found
09-01 00:00:18.422 I/MediaExtractor(  183): Autodetected media content as 'application/ogg' with confidence 0.20
09-01 00:00:18.457 W/System  (  574): ClassLoader referenced unknown path: /system/priv-app/SystemUI/lib/arm
09-01 00:00:18.506 I/MediaPlayerService(  184): MediaPlayerService::getOMX
09-01 00:00:18.536 D/NXOMXPlugin(  184): 	 ------------------------------------------------------
09-01 00:00:18.536 D/NXOMXPlugin(  184): 	 -                                                    -
09-01 00:00:18.536 D/NXOMXPlugin(  184): 	 -          Nexell Open MAX IL Plugin                 -
09-01 00:00:18.536 D/NXOMXPlugin(  184): 	 -                                                    -
09-01 00:00:18.536 D/NXOMXPlugin(  184): 	 -          Version: 0.90.0.0                      -
09-01 00:00:18.536 D/NXOMXPlugin(  184): 	 ------------------------------------------------------
09-01 00:00:18.542 D/NXOMXPlugin(  181): 	 ------------------------------------------------------
09-01 00:00:18.542 D/NXOMXPlugin(  181): 	 -                                                    -
09-01 00:00:18.542 D/NXOMXPlugin(  181): 	 -          Nexell Open MAX IL Plugin                 -
09-01 00:00:18.542 D/NXOMXPlugin(  181): 	 -                                                    -
09-01 00:00:18.542 D/NXOMXPlugin(  181): 	 -          Version: 0.90.0.0                      -
09-01 00:00:18.542 D/NXOMXPlugin(  181): 	 ------------------------------------------------------
09-01 00:00:18.543 I/OMXClient(  184): MuxOMX ctor
09-01 00:00:18.557 I/MediaPlayerService(  184): MediaPlayerService::getOMX
09-01 00:00:18.557 I/OMXClient(  184): MuxOMX ctor
09-01 00:00:18.558 I/OMXMaster(  181): makeComponentInstance(OMX.google.mp3.decoder) in mediacodec process
09-01 00:00:18.622 W/NetworkManagement(  435): setDataSaverMode(): already false
09-01 00:00:18.670 I/MediaPlayerService(  184): MediaPlayerService::getOMX
09-01 00:00:18.673 I/OMXClient(  184): MuxOMX ctor
09-01 00:00:18.674 I/OMXMaster(  181): makeComponentInstance(OMX.google.amrnb.decoder) in mediacodec process
09-01 00:00:18.699 I/MediaPlayerService(  184): MediaPlayerService::getOMX
09-01 00:00:18.700 I/OMXClient(  184): MuxOMX ctor
09-01 00:00:18.700 I/OMXMaster(  181): makeComponentInstance(OMX.google.amrwb.decoder) in mediacodec process
09-01 00:00:18.708 I/MediaPlayerService(  184): MediaPlayerService::getOMX
09-01 00:00:18.709 I/OMXClient(  184): MuxOMX ctor
09-01 00:00:18.709 I/OMXMaster(  181): makeComponentInstance(OMX.google.aac.decoder) in mediacodec process
09-01 00:00:18.754 I/MediaPlayerService(  184): MediaPlayerService::getOMX
09-01 00:00:18.756 I/OMXClient(  184): MuxOMX ctor
09-01 00:00:18.757 I/OMXMaster(  181): makeComponentInstance(OMX.google.g711.alaw.decoder) in mediacodec process
09-01 00:00:18.784 D/NetworkPolicy(  435): setRestrictBackgroundUL(): false
09-01 00:00:18.785 W/NetworkManagement(  435): setDataSaverMode(): already false
09-01 00:00:18.872 I/MediaPlayerService(  184): MediaPlayerService::getOMX
09-01 00:00:18.873 I/OMXClient(  184): MuxOMX ctor
09-01 00:00:18.874 I/OMXMaster(  181): makeComponentInstance(OMX.google.g711.mlaw.decoder) in mediacodec process
09-01 00:00:18.884 I/art     (  559): System.exit called, status: 0
09-01 00:00:18.884 I/AndroidRuntime(  559): VM exiting with result code 0, cleanup skipped.
09-01 00:00:18.929 W/art     (  435): Suspending all threads took: 5.717ms
09-01 00:00:18.942 D/AdapterServiceConfig(  525): Adding HeadsetService
09-01 00:00:18.942 D/AdapterServiceConfig(  525): Adding A2dpSinkService
09-01 00:00:18.943 D/AdapterServiceConfig(  525): Adding HidService
09-01 00:00:18.943 D/AdapterServiceConfig(  525): Adding HealthService
09-01 00:00:18.943 D/AdapterServiceConfig(  525): Adding PanService
09-01 00:00:18.943 D/AdapterServiceConfig(  525): Adding GattService
09-01 00:00:18.943 D/AdapterServiceConfig(  525): Adding BluetoothMapService
09-01 00:00:18.943 D/AdapterServiceConfig(  525): Adding HeadsetClientService
09-01 00:00:18.943 D/AdapterServiceConfig(  525): Adding AvrcpControllerService
09-01 00:00:18.943 D/AdapterServiceConfig(  525): Adding PbapClientService
09-01 00:00:18.945 I/art     (  435): Background sticky concurrent mark sweep GC freed 19266(998KB) AllocSpace objects, 7(140KB) LOS objects, 29% free, 4MB/6MB, paused 9.890ms total 92.155ms
09-01 00:00:18.993 I/MediaPlayerService(  184): MediaPlayerService::getOMX
09-01 00:00:18.994 I/OMXClient(  184): MuxOMX ctor
09-01 00:00:18.994 I/OMXMaster(  181): makeComponentInstance(OMX.google.vorbis.decoder) in mediacodec process
09-01 00:00:19.008 V/SystemUIService(  574): Starting SystemUI services for user 0.
09-01 00:00:19.019 W/WindowManager(  435): Keyguard drawn timeout. Setting mKeyguardDrawComplete
09-01 00:00:19.038 W/art     (  435): Long monitor contention with owner main (435) at void com.android.server.NetworkManagementService.setFirewallChainEnabled(int, boolean)(NetworkManagementService.java:2207) waiters=0 in void com.android.server.NetworkManagementService.setFirewallChainEnabled(int, boolean) for 141ms
09-01 00:00:19.073 I/SystemServiceManager(  435): Starting phase 600
09-01 00:00:19.081 I/LatinIME(  541): Hardware accelerated drawing: true
09-01 00:00:19.101 D/SensorNotificationService(  435): Cannot obtain dynamic meta sensor, not supported.
09-01 00:00:19.114 I/MediaPlayerService(  184): MediaPlayerService::getOMX
09-01 00:00:19.116 I/OMXClient(  184): MuxOMX ctor
09-01 00:00:19.120 I/OMXMaster(  181): makeComponentInstance(OMX.google.opus.decoder) in mediacodec process
09-01 00:00:19.134 W/LocationManagerService(  435): no network location provider found
09-01 00:00:19.144 E/LocationManagerService(  435): no geocoder provider found
09-01 00:00:19.145 V/MediaRouter(  574): Adding route: RouteInfo{ name=Tablet, description=null, status=null, category=RouteCategory{ name=null types=ROUTE_TYPE_LIVE_AUDIO ROUTE_TYPE_LIVE_VIDEO  groupable=false }, supportedTypes=ROUTE_TYPE_LIVE_AUDIO ROUTE_TYPE_LIVE_VIDEO , presentationDisplay=null }
09-01 00:00:19.145 E/FlpHardwareProvider(  435): Error hw_get_module 'flp': -2
09-01 00:00:19.145 D/LocationManagerService(  435): FLP HAL not supported
09-01 00:00:19.151 V/MediaRouter(  574): Updating audio routes: AudioRoutesInfo{ type=SPEAKER }
09-01 00:00:19.154 V/MediaRouter(  574): Selecting route: RouteInfo{ name=Tablet, description=null, status=null, category=RouteCategory{ name=null types=ROUTE_TYPE_LIVE_AUDIO ROUTE_TYPE_LIVE_VIDEO  groupable=false }, supportedTypes=ROUTE_TYPE_LIVE_AUDIO ROUTE_TYPE_LIVE_VIDEO , presentationDisplay=null }
09-01 00:00:19.157 D/LocationManagerService(  435): Unable to bind FLP Geofence proxy.
09-01 00:00:19.158 E/ActivityRecognitionHardware(  435): Error hw_get_module: -2
09-01 00:00:19.158 D/LocationManagerService(  435): Hardware Activity-Recognition not supported.
09-01 00:00:19.159 E/ActivityRecognitionProxy(  435): ServiceWatcher could not start.
09-01 00:00:19.159 D/LocationManagerService(  435): Unable to bind ActivityRecognitionProxy.
09-01 00:00:19.169 I/CommonTimeManagementService(  435): No common time service detected on this platform.  Common time services will be unavailable.
09-01 00:00:19.177 I/InputReader(  435): Reconfiguring input devices.  changes=0x00000020
09-01 00:00:19.186 I/MmsServiceBroker(  435): Delay connecting to MmsService until an API is called
09-01 00:00:19.189 I/InputReader(  435): Reconfiguring input devices.  changes=0x00000010
09-01 00:00:19.205 D/BluetoothAdapterService(  525): onCreate()
09-01 00:00:19.212 D/BluetoothAdapterState(  525): make() - Creating AdapterState
09-01 00:00:19.218 I/ActivityManager(  435): Start proc 645:com.android.phone/1001 for added application com.android.phone
09-01 00:00:19.225 I/ActivityManager(  435): START u0 {act=android.intent.action.MAIN cat=[android.intent.category.HOME] flg=0x10000100 cmp=com.android.settings/.FallbackHome} from uid 0 on display 0
09-01 00:00:19.232 W/System  (  435): ClassLoader referenced unknown path: 
09-01 00:00:19.232 W/System  (  435): ClassLoader referenced unknown path: /system/priv-app/Settings/lib/arm
09-01 00:00:19.234 D/ApplicationLoaders(  435): ignored Vulkan layer search path /system/priv-app/Settings/lib/arm:/system/priv-app/Settings/Settings.apk!/lib/armeabi-v7a:/system/lib:/vendor/lib for namespace 0xaee190d0
09-01 00:00:19.237 I/BluetoothAdapterState(  525): Entering OffState
09-01 00:00:19.241 I/bt_btif (  525): init
09-01 00:00:19.243 I/MediaPlayerService(  184): MediaPlayerService::getOMX
09-01 00:00:19.246 I/OMXClient(  184): MuxOMX ctor
09-01 00:00:19.246 I/OMXMaster(  181): makeComponentInstance(OMX.google.raw.decoder) in mediacodec process
09-01 00:00:19.248 W/bt_osi_thread(  525): run_thread: thread id 658, thread name stack_manager started
09-01 00:00:19.249 I/bt_stack_manager(  525): event_init_stack is initializing the stack
09-01 00:00:19.250 I/bt_core_module(  525): module_init Initializing module "osi_module"
09-01 00:00:19.250 I/bt_core_module(  525): module_init Initialized module "osi_module"
09-01 00:00:19.250 I/bt_core_module(  525): module_init Initializing module "bt_utils_module"
09-01 00:00:19.250 I/bt_core_module(  525): module_init Initialized module "bt_utils_module"
09-01 00:00:19.253 I/bt_core_module(  525): module_init Initializing module "btif_config_module"
09-01 00:00:19.256 I/ActivityManager(  435): Loaded persisted task ids for user 0
09-01 00:00:19.256 I/MediaPlayerService(  184): MediaPlayerService::getOMX
09-01 00:00:19.257 I/OMXClient(  184): MuxOMX ctor
09-01 00:00:19.257 I/OMXMaster(  181): makeComponentInstance(OMX.google.aac.encoder) in mediacodec process
09-01 00:00:19.258 E/bt_osi_config(  525): config_new unable to open file '/data/misc/bluedroid/bt_config.conf': No such file or directory
09-01 00:00:19.259 W/%s unable to load config file: %s; using backup.(  525): init
09-01 00:00:19.259 E/bt_osi_config(  525): config_new unable to open file '/data/misc/bluedroid/bt_config.bak': No such file or directory
09-01 00:00:19.259 W/%s unable to load backup; attempting to transcode legacy file.(  525): init
09-01 00:00:19.259 E/%s unable to load XML file '%s': %d(  525): config_t *btif_config_transcode(const char *)
09-01 00:00:19.259 E/%s unable to transcode legacy file; creating empty config.(  525): init
09-01 00:00:19.261 W/bt_osi_thread(  525): run_thread: thread id 666, thread name alarm_default_ca started
09-01 00:00:19.263 W/bt_osi_thread(  525): run_thread: thread id 667, thread name alarm_dispatcher started
09-01 00:00:19.263 I/bt_core_module(  525): module_init Initialized module "btif_config_module"
09-01 00:00:19.264 I/bt_core_module(  525): module_init Initializing module "interop_module"
09-01 00:00:19.264 I/bt_core_module(  525): module_init Initialized module "interop_module"
09-01 00:00:19.264 I/bt_core_module(  525): module_init Initializing module "stack_config_module"
09-01 00:00:19.264 I/bt_stack_config(  525): init attempt to load stack conf from /etc/bluetooth/bt_stack.conf
09-01 00:00:19.270 I/bt_core_module(  525): module_init Initialized module "stack_config_module"
09-01 00:00:19.279 W/bt_osi_thread(  525): run_thread: thread id 669, thread name bt_jni_workqueue started
09-01 00:00:19.279 I/bt_stack_manager(  525): event_init_stack finished
09-01 00:00:19.280 I/bt_osi_wakelock(  525): wakelock_set_os_callouts set to non-native
09-01 00:00:19.280 I/bt_btif (  525): get_profile_interface socket
09-01 00:00:19.295 I/MediaPlayerService(  184): MediaPlayerService::getOMX
09-01 00:00:19.297 I/OMXClient(  184): MuxOMX ctor
09-01 00:00:19.298 I/OMXMaster(  181): makeComponentInstance(OMX.google.amrnb.encoder) in mediacodec process
09-01 00:00:19.299 D/BluetoothAdapterProperties(  525): Address is:22:22:5F:14:41:FA
09-01 00:00:19.301 I/bt_btif (  525): get_profile_interface sdp
09-01 00:00:19.313 I/ActivityManager(  435): Start proc 675:com.android.settings/1000 for activity com.android.settings/.FallbackHome
09-01 00:00:19.319 I/MediaPlayerService(  184): MediaPlayerService::getOMX
09-01 00:00:19.319 I/SystemServer(  435): Enabled StrictMode for system server main thread.
09-01 00:00:19.321 D/BluetoothAdapterProperties(  525): Name is: AOSP on navi_ref
09-01 00:00:19.327 D/ConditionProviders.SCP(  435): onConnected
09-01 00:00:19.328 D/ZenLog  (  435): set_zen_mode: off,readXml
09-01 00:00:19.328 I/OMXClient(  184): MuxOMX ctor
09-01 00:00:19.329 I/OMXMaster(  181): makeComponentInstance(OMX.google.amrwb.encoder) in mediacodec process
09-01 00:00:19.345 V/FingerprintManager(  574): FingerprintManagerService was null
09-01 00:00:19.356 D/ConditionProviders(  435): Subscribing to condition://android/schedule?days=1.2.3.4.5&start=22.0&end=7.0&exitAtAlarm=false with ComponentInfo{android/com.android.server.notification.ScheduleConditionProvider}
09-01 00:00:19.356 D/ZenLog  (  435): subscribe: condition://android/schedule?days=1.2.3.4.5&start=22.0&end=7.0&exitAtAlarm=false,ok
09-01 00:00:19.357 D/ConditionProviders(  435): Subscribing to condition://android/event?userId=-10000&calendar=&reply=1 with ComponentInfo{android/com.android.server.notification.EventConditionProvider}
09-01 00:00:19.357 D/ZenLog  (  435): subscribe: condition://android/event?userId=-10000&calendar=&reply=1,ok
09-01 00:00:19.358 I/MediaPlayerService(  184): MediaPlayerService::getOMX
09-01 00:00:19.359 D/ConditionProviders(  435): Subscribing to condition://android/schedule?days=6.7&start=23.30&end=10.0&exitAtAlarm=false with ComponentInfo{android/com.android.server.notification.ScheduleConditionProvider}
09-01 00:00:19.359 D/ZenLog  (  435): subscribe: condition://android/schedule?days=6.7&start=23.30&end=10.0&exitAtAlarm=false,ok
09-01 00:00:19.360 I/OMXClient(  184): MuxOMX ctor
09-01 00:00:19.363 I/OMXMaster(  181): makeComponentInstance(OMX.google.flac.encoder) in mediacodec process
09-01 00:00:19.370 W/FingerprintManager(  574): isFingerprintHardwareDetected(): Service not connected!
09-01 00:00:19.370 W/FingerprintManager(  574): addLockoutResetCallback(): Service not connected!
09-01 00:00:19.379 D/BluetoothAdapterService(  525): setAdapterService() - set to: null
09-01 00:00:19.380 D/BluetoothAdapterService(  525): onBind()
09-01 00:00:19.410 W/System  (  645): ClassLoader referenced unknown path: /system/priv-app/TeleService/lib/arm
09-01 00:00:19.427 D/ZenLog  (  435): set_zen_mode: off,cleanUpZenRules
09-01 00:00:19.431 I/WifiScanningService(  435): wifi driver unloaded
09-01 00:00:19.477 D/PermissionCache(  128): checking android.permission.READ_FRAME_BUFFER for uid=1000 => granted (2636 us)
09-01 00:00:19.496 E/WVMExtractor(  574): Failed to open libwvm.so: dlopen failed: library "libwvm.so" not found
09-01 00:00:19.514 I/MediaExtractor(  183): Autodetected media content as 'application/ogg' with confidence 0.20
09-01 00:00:19.528 W/ActivityManager(  435): Slow operation: 79ms so far, now at attachApplicationLocked: after mServices.attachApplicationLocked
09-01 00:00:19.534 I/art     (  435): Background partial concurrent mark sweep GC freed 23115(1407KB) AllocSpace objects, 5(92KB) LOS objects, 33% free, 4MB/6MB, paused 2.864ms total 168.724ms
09-01 00:00:19.545 W/InputAttributes(  541): No editor info for this field. Bug?
09-01 00:00:19.561 W/System  (  645): ClassLoader referenced unknown path: /system/priv-app/TelephonyProvider/lib/arm
09-01 00:00:19.563 W/System  (  435): ClassLoader referenced unknown path: /system/priv-app/Telecom/lib/arm
09-01 00:00:19.565 D/ApplicationLoaders(  645): ignored Vulkan layer search path /system/priv-app/TelephonyProvider/lib/arm:/system/lib:/vendor/lib for namespace 0xaee19090
09-01 00:00:19.566 I/MediaPlayerService(  184): MediaPlayerService::getOMX
09-01 00:00:19.570 D/ApplicationLoaders(  435): ignored Vulkan layer search path /system/priv-app/Telecom/lib/arm:/system/priv-app/Telecom/Telecom.apk!/lib/armeabi-v7a:/system/lib:/vendor/lib for namespace 0xaee19110
09-01 00:00:19.575 I/OMXClient(  184): MuxOMX ctor
09-01 00:00:19.576 I/OMXMaster(  181): makeComponentInstance(OMX.NX.VIDEO_DECODER.3gpp) in mediacodec process
09-01 00:00:19.576 W/System  (  675): ClassLoader referenced unknown path: /system/priv-app/Settings/lib/arm
09-01 00:00:19.625 D/NX_VIDDEC(  181): NX_VidDec_SetParameter(): Set new role : in role = video_decoder.h263, comp role = video_decoder.h263
09-01 00:00:19.631 E/OMXNodeInstance(  181): getExtensionIndex(b5000e:NX._DECODER.3gpp, OMX.google.android.index.configureVideoTunnelMode) ERROR: NotImplemented(0x80001006)
09-01 00:00:19.631 W/OMXNodeInstance(  181): [b5000e:NX._DECODER.3gpp] component does not support metadata mode; using fallback
09-01 00:00:19.631 E/OMXNodeInstance(  181): getExtensionIndex(b5000e:NX._DECODER.3gpp, OMX.google.android.index.prepareForAdaptivePlayback) ERROR: NotImplemented(0x80001006)
09-01 00:00:19.644 I/MediaPlayerService(  184): MediaPlayerService::getOMX
09-01 00:00:19.646 I/OMXClient(  184): MuxOMX ctor
09-01 00:00:19.647 I/OMXMaster(  181): makeComponentInstance(OMX.NX.VIDEO_DECODER.avc) in mediacodec process
09-01 00:00:19.663 I/LatinIME:LogUtils(  541): Dictionary info: dictionary = userunigram.en_US ; version = 1251763219 ; date = ?
09-01 00:00:19.664 D/NX_VIDDEC(  181): NX_VidDec_SetParameter(): Set new role : in role = video_decoder.avc, comp role = video_decoder.avc
09-01 00:00:19.666 E/ActivityThread(  541): Failed to find provider info for user_dictionary
09-01 00:00:19.669 I/LatinIME:LogUtils(  541): Dictionary info: dictionary = UserHistoryDictionary.en_US ; version = 1251763219 ; date = ?
09-01 00:00:19.682 W/ACodec  (  184): [OMX.NX.VIDEO_DECODER.avc] stopping checking profiles after 32: 80/10
09-01 00:00:19.683 E/OMXNodeInstance(  181): getExtensionIndex(b5000f:NX._DECODER.avc, OMX.google.android.index.configureVideoTunnelMode) ERROR: NotImplemented(0x80001006)
09-01 00:00:19.684 W/OMXNodeInstance(  181): [b5000f:NX._DECODER.avc] component does not support metadata mode; using fallback
09-01 00:00:19.684 E/OMXNodeInstance(  181): getExtensionIndex(b5000f:NX._DECODER.avc, OMX.google.android.index.prepareForAdaptivePlayback) ERROR: NotImplemented(0x80001006)
09-01 00:00:19.688 I/MediaPlayerService(  184): MediaPlayerService::getOMX
09-01 00:00:19.689 I/OMXClient(  184): MuxOMX ctor
09-01 00:00:19.689 I/OMXMaster(  181): makeComponentInstance(OMX.NX.VIDEO_DECODER.mpeg2) in mediacodec process
09-01 00:00:19.705 D/NX_VIDDEC(  181): NX_VidDec_SetParameter(): Set new role : in role = video_decoder.mpeg2, comp role = video_decoder.mpeg2
09-01 00:00:19.707 E/OMXNodeInstance(  181): getExtensionIndex(b50010:NX._DECODER.mpeg2, OMX.google.android.index.configureVideoTunnelMode) ERROR: NotImplemented(0x80001006)
09-01 00:00:19.707 W/OMXNodeInstance(  181): [b50010:NX._DECODER.mpeg2] component does not support metadata mode; using fallback
09-01 00:00:19.707 E/OMXNodeInstance(  181): getExtensionIndex(b50010:NX._DECODER.mpeg2, OMX.google.android.index.prepareForAdaptivePlayback) ERROR: NotImplemented(0x80001006)
09-01 00:00:19.709 I/MediaPlayerService(  184): MediaPlayerService::getOMX
09-01 00:00:19.709 I/OMXClient(  184): MuxOMX ctor
09-01 00:00:19.709 I/OMXMaster(  181): makeComponentInstance(OMX.NX.VIDEO_DECODER.mpeg4) in mediacodec process
09-01 00:00:19.717 D/NX_VIDDEC(  181): NX_VidDec_SetParameter(): Set new role : in role = video_decoder.mpeg4, comp role = video_decoder.mpeg4
09-01 00:00:19.725 E/OMXNodeInstance(  181): getExtensionIndex(b50011:NX._DECODER.mpeg4, OMX.google.android.index.configureVideoTunnelMode) ERROR: NotImplemented(0x80001006)
09-01 00:00:19.725 W/OMXNodeInstance(  181): [b50011:NX._DECODER.mpeg4] component does not support metadata mode; using fallback
09-01 00:00:19.726 E/OMXNodeInstance(  181): getExtensionIndex(b50011:NX._DECODER.mpeg4, OMX.google.android.index.prepareForAdaptivePlayback) ERROR: NotImplemented(0x80001006)
09-01 00:00:19.728 I/MediaPlayerService(  184): MediaPlayerService::getOMX
09-01 00:00:19.728 I/OMXClient(  184): MuxOMX ctor
09-01 00:00:19.729 I/OMXMaster(  181): makeComponentInstance(OMX.NX.VIDEO_DECODER.mp43) in mediacodec process
09-01 00:00:19.735 D/NX_VIDDEC(  181): NX_VidDec_SetParameter(): Set new role : in role = video_decoder.mp43, comp role = video_decoder.mp43
09-01 00:00:19.747 E/OMXNodeInstance(  181): getExtensionIndex(b50012:NX._DECODER.mp43, OMX.google.android.index.configureVideoTunnelMode) ERROR: NotImplemented(0x80001006)
09-01 00:00:19.747 W/OMXNodeInstance(  181): [b50012:NX._DECODER.mp43] component does not support metadata mode; using fallback
09-01 00:00:19.747 E/OMXNodeInstance(  181): getExtensionIndex(b50012:NX._DECODER.mp43, OMX.google.android.index.prepareForAdaptivePlayback) ERROR: NotImplemented(0x80001006)
09-01 00:00:19.750 I/MediaPlayerService(  184): MediaPlayerService::getOMX
09-01 00:00:19.753 I/OMXClient(  184): MuxOMX ctor
09-01 00:00:19.755 I/OMXMaster(  181): makeComponentInstance(OMX.NX.VIDEO_DECODER.rv) in mediacodec process
09-01 00:00:19.771 D/NX_VIDDEC(  181): NX_VidDec_SetParameter(): Set new role : in role = video_decoder.x-pn-realvideo, comp role = video_decoder.x-pn-realvideo
09-01 00:00:19.778 E/OMXNodeInstance(  181): getExtensionIndex(b50013:NX._DECODER.rv, OMX.google.android.index.configureVideoTunnelMode) ERROR: NotImplemented(0x80001006)
09-01 00:00:19.778 W/OMXNodeInstance(  181): [b50013:NX._DECODER.rv] component does not support metadata mode; using fallback
09-01 00:00:19.778 E/OMXNodeInstance(  181): getExtensionIndex(b50013:NX._DECODER.rv, OMX.google.android.index.prepareForAdaptivePlayback) ERROR: NotImplemented(0x80001006)
09-01 00:00:19.784 I/MediaPlayerService(  184): MediaPlayerService::getOMX
09-01 00:00:19.787 I/OMXClient(  184): MuxOMX ctor
09-01 00:00:19.788 I/OMXMaster(  181): makeComponentInstance(OMX.NX.VIDEO_DECODER.wmv) in mediacodec process
09-01 00:00:19.796 I/LatinIME:LogUtils(  541): Dictionary info: dictionary = main:en ; version = 54 ; date = 1414726273
09-01 00:00:19.799 D/NX_VIDDEC(  181): NX_VidDec_SetParameter(): Set new role : in role = video_decoder.x-ms-wmv, comp role = video_decoder.x-ms-wmv
09-01 00:00:19.800 E/OMXNodeInstance(  181): getExtensionIndex(b50014:NX._DECODER.wmv, OMX.google.android.index.configureVideoTunnelMode) ERROR: NotImplemented(0x80001006)
09-01 00:00:19.800 W/OMXNodeInstance(  181): [b50014:NX._DECODER.wmv] component does not support metadata mode; using fallback
09-01 00:00:19.801 E/OMXNodeInstance(  181): getExtensionIndex(b50014:NX._DECODER.wmv, OMX.google.android.index.prepareForAdaptivePlayback) ERROR: NotImplemented(0x80001006)
09-01 00:00:19.802 I/MediaPlayerService(  184): MediaPlayerService::getOMX
09-01 00:00:19.803 I/OMXClient(  184): MuxOMX ctor
09-01 00:00:19.803 I/OMXMaster(  181): makeComponentInstance(OMX.NX.VIDEO_DECODER.wvc1) in mediacodec process
09-01 00:00:19.812 D/NX_VIDDEC(  181): NX_VidDec_SetParameter(): Set new role : in role = video_decoder.wvc1, comp role = video_decoder.wvc1
09-01 00:00:19.816 E/OMXNodeInstance(  181): getExtensionIndex(b50015:NX._DECODER.wvc1, OMX.google.android.index.configureVideoTunnelMode) ERROR: NotImplemented(0x80001006)
09-01 00:00:19.816 W/OMXNodeInstance(  181): [b50015:NX._DECODER.wvc1] component does not support metadata mode; using fallback
09-01 00:00:19.816 E/OMXNodeInstance(  181): getExtensionIndex(b50015:NX._DECODER.wvc1, OMX.google.android.index.prepareForAdaptivePlayback) ERROR: NotImplemented(0x80001006)
09-01 00:00:19.818 I/MediaPlayerService(  184): MediaPlayerService::getOMX
09-01 00:00:19.819 I/OMXClient(  184): MuxOMX ctor
09-01 00:00:19.819 I/OMXMaster(  181): makeComponentInstance(OMX.NX.VIDEO_DECODER.vc1) in mediacodec process
09-01 00:00:19.832 D/NX_VIDDEC(  181): NX_VidDec_SetParameter(): Set new role : in role = video_decoder.vc1, comp role = video_decoder.vc1
09-01 00:00:19.839 E/OMXNodeInstance(  181): getExtensionIndex(b50016:NX._DECODER.vc1, OMX.google.android.index.configureVideoTunnelMode) ERROR: NotImplemented(0x80001006)
09-01 00:00:19.840 W/OMXNodeInstance(  181): [b50016:NX._DECODER.vc1] component does not support metadata mode; using fallback
09-01 00:00:19.840 E/OMXNodeInstance(  181): getExtensionIndex(b50016:NX._DECODER.vc1, OMX.google.android.index.prepareForAdaptivePlayback) ERROR: NotImplemented(0x80001006)
09-01 00:00:19.843 I/Telecom (  435): SystemStateProvider: Registering car mode receiver: android.content.IntentFilter@8b1197: TS.init@AAA
09-01 00:00:19.843 I/MediaPlayerService(  184): MediaPlayerService::getOMX
09-01 00:00:19.847 I/OMXClient(  184): MuxOMX ctor
09-01 00:00:19.847 I/OMXMaster(  181): makeComponentInstance(OMX.NX.VIDEO_DECODER.flv) in mediacodec process
09-01 00:00:19.856 D/NX_VIDDEC(  181): NX_VidDec_SetParameter(): Set new role : in role = video_decoder.x-flv, comp role = video_decoder.x-flv
09-01 00:00:19.858 E/OMXNodeInstance(  181): getExtensionIndex(b50017:NX._DECODER.flv, OMX.google.android.index.configureVideoTunnelMode) ERROR: NotImplemented(0x80001006)
