09-01 01:11:29.446   442   462 D BluetoothManagerService: MESSAGE_BLUETOOTH_SERVICE_CONNECTED: 1
09-01 01:11:29.446 15573 15588 I chatty  : uid=1002(bluetooth) com.android.bluetooth expire 3 lines
09-01 01:11:29.448   442   462 D BluetoothManagerService: Broadcasting onBluetoothServiceUp() to 5 receivers.
09-01 01:11:29.448   670 12016 D BluetoothAdapter: onBluetoothServiceUp: android.bluetooth.IBluetooth$Stub$Proxy@75669fe
09-01 01:11:29.448   442   462 D BluetoothAdapter: onBluetoothServiceUp: android.bluetooth.IBluetooth$Stub$Proxy@535491d
09-01 01:11:29.449   567   590 D BluetoothAdapter: onBluetoothServiceUp: android.bluetooth.IBluetooth$Stub$Proxy@1476a51
09-01 01:11:29.449   653   666 D BluetoothAdapter: onBluetoothServiceUp: android.bluetooth.IBluetooth$Stub$Proxy@609af52
09-01 01:11:29.450 15573 15590 I chatty  : uid=1002(bluetooth) com.android.bluetooth expire 11 lines
09-01 01:11:29.450   442   462 D BluetoothManagerService: MESSAGE_BLUETOOTH_STATE_CHANGE: OFF > BLE_TURNING_ON
09-01 01:11:29.450   442   462 D BluetoothManagerService: Sending BLE State Change: OFF > BLE_TURNING_ON
09-01 01:11:29.452 15573 15597 I chatty  : uid=1002(bluetooth) com.android.bluetooth expire 1 line
09-01 01:11:29.468 15573 15600 I chatty  : uid=1002(bluetooth) com.android.bluetooth expire 7 lines
09-01 01:11:30.126 15573 15601 I chatty  : uid=1002(bluetooth) com.android.bluetooth expire 1 line
09-01 01:11:37.472 15573 15594 I chatty  : uid=1002(bluetooth) com.android.bluetooth expire 3 lines
09-01 01:11:37.474 15573 15602 I chatty  : uid=1002(bluetooth) com.android.bluetooth expire 21 lines
09-01 01:11:37.482 15573 15603 I chatty  : uid=1002(bluetooth) com.android.bluetooth expire 2 lines
09-01 01:11:38.156   442   442 D BluetoothManagerService: BluetoothServiceConnection, disconnected: com.android.bluetooth.btservice.AdapterService
09-01 01:11:38.156   442  1339 I ActivityManager: Process com.android.bluetooth (pid 15573) has died
09-01 01:11:38.157   442   462 E BluetoothManagerService: MESSAGE_BLUETOOTH_SERVICE_DISCONNECTED(1)
09-01 01:11:38.157   442  1339 D ActivityManager: cleanUpApplicationRecord -- 15573
09-01 01:11:38.157   442   462 D BluetoothManagerService: Broadcasting onBluetoothServiceDown() to 4 receivers.
09-01 01:11:38.157   442  1339 W ActivityManager: Scheduling restart of crashed service com.android.bluetooth/.gatt.GattService in 1000ms
09-01 01:11:38.157   442   462 D BluetoothAdapter: onBluetoothServiceDown: android.bluetooth.IBluetooth$Stub$Proxy@535491d
09-01 01:11:38.157   670 12016 D BluetoothAdapter: onBluetoothServiceDown: android.bluetooth.IBluetooth$Stub$Proxy@75669fe
09-01 01:11:38.157   442  1339 W ActivityManager: Scheduling restart of crashed service com.android.bluetooth/.btservice.AdapterService in 1000ms
09-01 01:11:38.157   653   666 D BluetoothAdapter: onBluetoothServiceDown: android.bluetooth.IBluetooth$Stub$Proxy@609af52
09-01 01:11:38.158   567   590 D BluetoothAdapter: onBluetoothServiceDown: android.bluetooth.IBluetooth$Stub$Proxy@1476a51
09-01 01:11:38.358   442   462 D BluetoothManagerService: MESSAGE_RESTART_BLUETOOTH_SERVICE
09-01 01:11:38.394   442   462 I ActivityManager: Start proc 15604:com.android.bluetooth/1002 for service com.android.bluetooth/.btservice.AdapterService
09-01 01:11:38.477 15604 15604 I chatty  : uid=1002(bluetooth) com.android.bluetooth expire 36 lines
09-01 01:11:38.529 15604 15621 I chatty  : uid=1002(bluetooth) com.android.bluetooth expire 12 lines
09-01 01:11:38.529 15604 15622 I chatty  : uid=1002(bluetooth) com.android.bluetooth expire 39 lines
09-01 01:11:38.532 15604 15625 I chatty  : uid=1002(bluetooth) com.android.bluetooth expire 4 lines
09-01 01:11:38.533 15604 15626 I chatty  : uid=1002(bluetooth) com.android.bluetooth expire 1 line
09-01 01:11:38.534 15604 15627 I chatty  : uid=1002(bluetooth) com.android.bluetooth expire 3 lines
09-01 01:11:38.541   442   442 D BluetoothManagerService: Bluetooth Adapter name changed to AOSP on navi_ref
09-01 01:11:38.542   442   442 D BluetoothManagerService: Stored Bluetooth name: AOSP on navi_ref
09-01 01:11:38.543   442   442 D BluetoothManagerService: BluetoothServiceConnection: com.android.bluetooth.btservice.AdapterService
09-01 01:11:38.543   442   462 D BluetoothManagerService: MESSAGE_BLUETOOTH_SERVICE_CONNECTED: 1
09-01 01:11:38.544 15604 15619 I chatty  : uid=1002(bluetooth) com.android.bluetooth expire 2 lines
09-01 01:11:38.545   442   462 D BluetoothManagerService: Broadcasting onBluetoothServiceUp() to 5 receivers.
09-01 01:11:38.546   670 12016 D BluetoothAdapter: onBluetoothServiceUp: android.bluetooth.IBluetooth$Stub$Proxy@c8ab55f
09-01 01:11:38.546   442   462 D BluetoothAdapter: onBluetoothServiceUp: android.bluetooth.IBluetooth$Stub$Proxy@38ab7b6
09-01 01:11:38.546   567   590 D BluetoothAdapter: onBluetoothServiceUp: android.bluetooth.IBluetooth$Stub$Proxy@97322b6
09-01 01:11:38.547 15604 15618 I chatty  : uid=1002(bluetooth) com.android.bluetooth expire 1 line
09-01 01:11:38.547   653   666 D BluetoothAdapter: onBluetoothServiceUp: android.bluetooth.IBluetooth$Stub$Proxy@f6d223
09-01 01:11:38.549   442   462 D BluetoothManagerService: MESSAGE_BLUETOOTH_STATE_CHANGE: OFF > BLE_TURNING_ON
09-01 01:11:38.549   442   462 D BluetoothManagerService: Sending BLE State Change: OFF > BLE_TURNING_ON
09-01 01:11:38.556 15604 15628 I chatty  : uid=1002(bluetooth) com.android.bluetooth expire 1 line
09-01 01:11:38.572 15604 15631 I chatty  : uid=1002(bluetooth) com.android.bluetooth expire 7 lines
09-01 01:11:39.235 15604 15632 I chatty  : uid=1002(bluetooth) com.android.bluetooth expire 1 line
09-01 01:11:46.578 15604 15633 I chatty  : uid=1002(bluetooth) com.android.bluetooth expire 21 lines
09-01 01:11:46.583 15604 15634 I chatty  : uid=1002(bluetooth) com.android.bluetooth expire 2 lines
09-01 01:11:47.260   442   639 I ActivityManager: Process com.android.bluetooth (pid 15604) has died
09-01 01:11:47.261   442   442 D BluetoothManagerService: BluetoothServiceConnection, disconnected: com.android.bluetooth.btservice.AdapterService
09-01 01:11:47.261   442   462 E BluetoothManagerService: MESSAGE_BLUETOOTH_SERVICE_DISCONNECTED(1)
09-01 01:11:47.262   442   462 D BluetoothManagerService: Broadcasting onBluetoothServiceDown() to 4 receivers.
09-01 01:11:47.262   442   462 D BluetoothAdapter: onBluetoothServiceDown: android.bluetooth.IBluetooth$Stub$Proxy@38ab7b6
09-01 01:11:47.262   670 12016 D BluetoothAdapter: onBluetoothServiceDown: android.bluetooth.IBluetooth$Stub$Proxy@c8ab55f
09-01 01:11:47.262   653   666 D BluetoothAdapter: onBluetoothServiceDown: android.bluetooth.IBluetooth$Stub$Proxy@f6d223
09-01 01:11:47.263   567   590 D BluetoothAdapter: onBluetoothServiceDown: android.bluetooth.IBluetooth$Stub$Proxy@97322b6
09-01 01:11:47.264   442   639 D ActivityManager: cleanUpApplicationRecord -- 15604
09-01 01:11:47.264   442   639 W ActivityManager: Scheduling restart of crashed service com.android.bluetooth/.gatt.GattService in 1000ms
09-01 01:11:47.265   442   639 W ActivityManager: Scheduling restart of crashed service com.android.bluetooth/.btservice.AdapterService in 1000ms
09-01 01:11:47.462   442   462 D BluetoothManagerService: MESSAGE_RESTART_BLUETOOTH_SERVICE
09-01 01:11:47.490   442   462 I ActivityManager: Start proc 15635:com.android.bluetooth/1002 for service com.android.bluetooth/.btservice.AdapterService
09-01 01:11:47.580 15635 15635 I chatty  : uid=1002(bluetooth) com.android.bluetooth expire 13 lines
09-01 01:11:47.621 15635 15651 I chatty  : uid=1002(bluetooth) com.android.bluetooth expire 1 line
09-01 01:11:47.622 15635 15652 I chatty  : uid=1002(bluetooth) com.android.bluetooth expire 39 lines
09-01 01:11:47.627 15635 15655 I chatty  : uid=1002(bluetooth) com.android.bluetooth expire 4 lines
09-01 01:11:47.628 15635 15656 I chatty  : uid=1002(bluetooth) com.android.bluetooth expire 1 line
09-01 01:11:47.629 15635 15657 I chatty  : uid=1002(bluetooth) com.android.bluetooth expire 3 lines
09-01 01:11:47.630 15635 15635 I chatty  : uid=1002(bluetooth) com.android.bluetooth expire 23 lines
09-01 01:11:47.640   442   442 D BluetoothManagerService: Bluetooth Adapter name changed to AOSP on navi_ref
09-01 01:11:47.640   442   442 D BluetoothManagerService: Stored Bluetooth name: AOSP on navi_ref
09-01 01:11:47.648   442   442 D BluetoothManagerService: BluetoothServiceConnection: com.android.bluetooth.btservice.AdapterService
09-01 01:11:47.649   442   462 D BluetoothManagerService: MESSAGE_BLUETOOTH_SERVICE_CONNECTED: 1
09-01 01:11:47.650 15635 15649 I chatty  : uid=1002(bluetooth) com.android.bluetooth expire 2 lines
09-01 01:11:47.652   442   462 D BluetoothManagerService: Broadcasting onBluetoothServiceUp() to 5 receivers.
09-01 01:11:47.653   442   462 D BluetoothAdapter: onBluetoothServiceUp: android.bluetooth.IBluetooth$Stub$Proxy@ceb53cb
09-01 01:11:47.653   670 12016 D BluetoothAdapter: onBluetoothServiceUp: android.bluetooth.IBluetooth$Stub$Proxy@cc5bac
09-01 01:11:47.653   653   666 D BluetoothAdapter: onBluetoothServiceUp: android.bluetooth.IBluetooth$Stub$Proxy@7305320
09-01 01:11:47.653   567   590 D BluetoothAdapter: onBluetoothServiceUp: android.bluetooth.IBluetooth$Stub$Proxy@95d6bb7
09-01 01:11:47.654 15635 15648 I chatty  : uid=1002(bluetooth) com.android.bluetooth expire 1 line
09-01 01:11:47.655 15635 15651 I chatty  : uid=1002(bluetooth) com.android.bluetooth expire 11 lines
09-01 01:11:47.655   442   462 D BluetoothManagerService: MESSAGE_BLUETOOTH_STATE_CHANGE: OFF > BLE_TURNING_ON
09-01 01:11:47.655   442   462 D BluetoothManagerService: Sending BLE State Change: OFF > BLE_TURNING_ON
09-01 01:11:47.664 15635 15658 I chatty  : uid=1002(bluetooth) com.android.bluetooth expire 1 line
09-01 01:11:47.686 15635 15661 I chatty  : uid=1002(bluetooth) com.android.bluetooth expire 7 lines
09-01 01:11:48.345 15635 15662 I chatty  : uid=1002(bluetooth) com.android.bluetooth expire 1 line
09-01 01:11:55.694 15635 15663 I chatty  : uid=1002(bluetooth) com.android.bluetooth expire 21 lines
09-01 01:11:55.697 15635 15664 I chatty  : uid=1002(bluetooth) com.android.bluetooth expire 2 lines
09-01 01:11:56.372   442   639 I ActivityManager: Process com.android.bluetooth (pid 15635) has died
09-01 01:11:56.372   442   639 D ActivityManager: cleanUpApplicationRecord -- 15635
09-01 01:11:56.372   442   639 W ActivityManager: Scheduling restart of crashed service com.android.bluetooth/.gatt.GattService in 1000ms
09-01 01:11:56.373   442   639 W ActivityManager: Scheduling restart of crashed service com.android.bluetooth/.btservice.AdapterService in 1000ms
09-01 01:11:56.376   442   442 D BluetoothManagerService: BluetoothServiceConnection, disconnected: com.android.bluetooth.btservice.AdapterService
09-01 01:11:56.376   442   462 E BluetoothManagerService: MESSAGE_BLUETOOTH_SERVICE_DISCONNECTED(1)
09-01 01:11:56.377   442   462 D BluetoothManagerService: Broadcasting onBluetoothServiceDown() to 4 receivers.
09-01 01:11:56.377   442   462 D BluetoothAdapter: onBluetoothServiceDown: android.bluetooth.IBluetooth$Stub$Proxy@ceb53cb
09-01 01:11:56.377   670 12016 D BluetoothAdapter: onBluetoothServiceDown: android.bluetooth.IBluetooth$Stub$Proxy@cc5bac
09-01 01:11:56.377   567   590 D BluetoothAdapter: onBluetoothServiceDown: android.bluetooth.IBluetooth$Stub$Proxy@95d6bb7
09-01 01:11:56.377   653   666 D BluetoothAdapter: onBluetoothServiceDown: android.bluetooth.IBluetooth$Stub$Proxy@7305320
09-01 01:11:56.578   442   462 D BluetoothManagerService: MESSAGE_RESTART_BLUETOOTH_SERVICE
09-01 01:11:56.606   442   462 I ActivityManager: Start proc 15665:com.android.bluetooth/1002 for service com.android.bluetooth/.btservice.AdapterService
09-01 01:11:56.694 15665 15665 I chatty  : uid=1002(bluetooth) com.android.bluetooth expire 36 lines
09-01 01:11:56.748 15665 15681 I chatty  : uid=1002(bluetooth) com.android.bluetooth expire 12 lines
09-01 01:11:56.749 15665 15682 I chatty  : uid=1002(bluetooth) com.android.bluetooth expire 39 lines
09-01 01:11:56.752 15665 15685 I chatty  : uid=1002(bluetooth) com.android.bluetooth expire 4 lines
09-01 01:11:56.753 15665 15686 I chatty  : uid=1002(bluetooth) com.android.bluetooth expire 1 line
09-01 01:11:56.756 15665 15687 I chatty  : uid=1002(bluetooth) com.android.bluetooth expire 3 lines
09-01 01:11:56.760   442   442 D BluetoothManagerService: Bluetooth Adapter name changed to AOSP on navi_ref
09-01 01:11:56.761   442   442 D BluetoothManagerService: Stored Bluetooth name: AOSP on navi_ref
09-01 01:11:56.765   442   442 D BluetoothManagerService: BluetoothServiceConnection: com.android.bluetooth.btservice.AdapterService
09-01 01:11:56.766   442   462 D BluetoothManagerService: MESSAGE_BLUETOOTH_SERVICE_CONNECTED: 1
09-01 01:11:56.768 15665 15679 I chatty  : uid=1002(bluetooth) com.android.bluetooth expire 2 lines
09-01 01:11:56.770   442   462 D BluetoothManagerService: Broadcasting onBluetoothServiceUp() to 5 receivers.
09-01 01:11:56.770   670 12016 D BluetoothAdapter: onBluetoothServiceUp: android.bluetooth.IBluetooth$Stub$Proxy@df9a075
09-01 01:11:56.770   442   462 D BluetoothAdapter: onBluetoothServiceUp: android.bluetooth.IBluetooth$Stub$Proxy@3b36bec
09-01 01:11:56.771   567   590 D BluetoothAdapter: onBluetoothServiceUp: android.bluetooth.IBluetooth$Stub$Proxy@a22cf24
09-01 01:11:56.771   653   666 D BluetoothAdapter: onBluetoothServiceUp: android.bluetooth.IBluetooth$Stub$Proxy@3a754d9
09-01 01:11:56.772 15665 15678 I chatty  : uid=1002(bluetooth) com.android.bluetooth expire 1 line
09-01 01:11:56.773   442   462 D BluetoothManagerService: MESSAGE_BLUETOOTH_STATE_CHANGE: OFF > BLE_TURNING_ON
09-01 01:11:56.773   442   462 D BluetoothManagerService: Sending BLE State Change: OFF > BLE_TURNING_ON
09-01 01:11:56.775 15665 15688 I chatty  : uid=1002(bluetooth) com.android.bluetooth expire 1 line
09-01 01:11:56.804 15665 15691 I chatty  : uid=1002(bluetooth) com.android.bluetooth expire 7 lines
09-01 01:11:57.463 15665 15692 I chatty  : uid=1002(bluetooth) com.android.bluetooth expire 1 line
09-01 01:12:04.810 15665 15693 I chatty  : uid=1002(bluetooth) com.android.bluetooth expire 21 lines
09-01 01:12:04.815 15665 15694 I chatty  : uid=1002(bluetooth) com.android.bluetooth expire 2 lines
09-01 01:12:05.490   442   442 D BluetoothManagerService: BluetoothServiceConnection, disconnected: com.android.bluetooth.btservice.AdapterService
09-01 01:12:05.490   442   639 I ActivityManager: Process com.android.bluetooth (pid 15665) has died
09-01 01:12:05.490   442   462 E BluetoothManagerService: MESSAGE_BLUETOOTH_SERVICE_DISCONNECTED(1)
09-01 01:12:05.490   442   639 D ActivityManager: cleanUpApplicationRecord -- 15665
09-01 01:12:05.490   442   462 D BluetoothManagerService: Broadcasting onBluetoothServiceDown() to 4 receivers.
09-01 01:12:05.490   442   639 W ActivityManager: Scheduling restart of crashed service com.android.bluetooth/.gatt.GattService in 1000ms
09-01 01:12:05.490   442   462 D BluetoothAdapter: onBluetoothServiceDown: android.bluetooth.IBluetooth$Stub$Proxy@3b36bec
09-01 01:12:05.490   670 12016 D BluetoothAdapter: onBluetoothServiceDown: android.bluetooth.IBluetooth$Stub$Proxy@df9a075
09-01 01:12:05.490   442   639 W ActivityManager: Scheduling restart of crashed service com.android.bluetooth/.btservice.AdapterService in 1000ms
09-01 01:12:05.491   653   666 D BluetoothAdapter: onBluetoothServiceDown: android.bluetooth.IBluetooth$Stub$Proxy@3a754d9
09-01 01:12:05.491   567   590 D BluetoothAdapter: onBluetoothServiceDown: android.bluetooth.IBluetooth$Stub$Proxy@a22cf24
09-01 01:12:05.691   442   462 D BluetoothManagerService: MESSAGE_RESTART_BLUETOOTH_SERVICE
09-01 01:12:05.722   442   462 I ActivityManager: Start proc 15695:com.android.bluetooth/1002 for service com.android.bluetooth/.btservice.AdapterService
09-01 01:12:05.811 15695 15695 I chatty  : uid=1002(bluetooth) com.android.bluetooth expire 13 lines
09-01 01:12:05.854 15695 15712 I chatty  : uid=1002(bluetooth) com.android.bluetooth expire 1 line
09-01 01:12:05.855 15695 15713 I chatty  : uid=1002(bluetooth) com.android.bluetooth expire 39 lines
09-01 01:12:05.856 15695 15716 I chatty  : uid=1002(bluetooth) com.android.bluetooth expire 4 lines
09-01 01:12:05.857 15695 15717 I chatty  : uid=1002(bluetooth) com.android.bluetooth expire 1 line
09-01 01:12:05.858 15695 15718 I chatty  : uid=1002(bluetooth) com.android.bluetooth expire 3 lines
09-01 01:12:05.858 15695 15695 I chatty  : uid=1002(bluetooth) com.android.bluetooth expire 23 lines
09-01 01:12:05.862   442   442 D BluetoothManagerService: Bluetooth Adapter name changed to AOSP on navi_ref
09-01 01:12:05.862   442   442 D BluetoothManagerService: Stored Bluetooth name: AOSP on navi_ref
09-01 01:12:05.866   442   442 D BluetoothManagerService: BluetoothServiceConnection: com.android.bluetooth.btservice.AdapterService
09-01 01:12:05.868   442   462 D BluetoothManagerService: MESSAGE_BLUETOOTH_SERVICE_CONNECTED: 1
09-01 01:12:05.869 15695 15710 I chatty  : uid=1002(bluetooth) com.android.bluetooth expire 2 lines
09-01 01:12:05.871   442   462 D BluetoothManagerService: Broadcasting onBluetoothServiceUp() to 5 receivers.
09-01 01:12:05.872   670 12016 D BluetoothAdapter: onBluetoothServiceUp: android.bluetooth.IBluetooth$Stub$Proxy@1ab280a
09-01 01:12:05.872   442   462 D BluetoothAdapter: onBluetoothServiceUp: android.bluetooth.IBluetooth$Stub$Proxy@28ef269
09-01 01:12:05.872   653   666 D BluetoothAdapter: onBluetoothServiceUp: android.bluetooth.IBluetooth$Stub$Proxy@2ef6e9e
09-01 01:12:05.873   567   590 D BluetoothAdapter: onBluetoothServiceUp: android.bluetooth.IBluetooth$Stub$Proxy@5c75a8d
09-01 01:12:05.873 15695 15709 I chatty  : uid=1002(bluetooth) com.android.bluetooth expire 1 line
09-01 01:12:05.874 15695 15712 I chatty  : uid=1002(bluetooth) com.android.bluetooth expire 11 lines
09-01 01:12:05.874   442   462 D BluetoothManagerService: MESSAGE_BLUETOOTH_STATE_CHANGE: OFF > BLE_TURNING_ON
09-01 01:12:05.874   442   462 D BluetoothManagerService: Sending BLE State Change: OFF > BLE_TURNING_ON
09-01 01:12:05.878 15695 15719 I chatty  : uid=1002(bluetooth) com.android.bluetooth expire 1 line
09-01 01:12:05.896 15695 15722 I chatty  : uid=1002(bluetooth) com.android.bluetooth expire 7 lines
09-01 01:12:06.556 15695 15723 I chatty  : uid=1002(bluetooth) com.android.bluetooth expire 1 line
09-01 01:12:13.904 15695 15724 I chatty  : uid=1002(bluetooth) com.android.bluetooth expire 21 lines
09-01 01:12:13.912 15695 15725 I chatty  : uid=1002(bluetooth) com.android.bluetooth expire 2 lines
09-01 01:12:14.584   442  1452 I ActivityManager: Process com.android.bluetooth (pid 15695) has died
09-01 01:12:14.584   442  1452 D ActivityManager: cleanUpApplicationRecord -- 15695
09-01 01:12:14.584   442  1452 W ActivityManager: Scheduling restart of crashed service com.android.bluetooth/.gatt.GattService in 1000ms
09-01 01:12:14.584   442  1452 W ActivityManager: Scheduling restart of crashed service com.android.bluetooth/.btservice.AdapterService in 1000ms
09-01 01:12:14.585   442   442 D BluetoothManagerService: BluetoothServiceConnection, disconnected: com.android.bluetooth.btservice.AdapterService
09-01 01:12:14.585   442   462 E BluetoothManagerService: MESSAGE_BLUETOOTH_SERVICE_DISCONNECTED(1)
09-01 01:12:14.585   442   462 D BluetoothManagerService: Broadcasting onBluetoothServiceDown() to 5 receivers.
09-01 01:12:14.585   670 12016 D BluetoothAdapter: onBluetoothServiceDown: android.bluetooth.IBluetooth$Stub$Proxy@1ab280a
09-01 01:12:14.586   442   462 E BluetoothManagerService: Unable to call onBluetoothServiceDown() on callback #2
09-01 01:12:14.586   442   462 E BluetoothManagerService: android.os.DeadObjectException
09-01 01:12:14.586   442   462 E BluetoothManagerService: 	at android.os.BinderProxy.transactNative(Native Method)
09-01 01:12:14.586   442   462 E BluetoothManagerService: 	at android.os.BinderProxy.transact(Binder.java:615)
09-01 01:12:14.586   442   462 E BluetoothManagerService: 	at android.bluetooth.IBluetoothManagerCallback$Stub$Proxy.onBluetoothServiceDown(IBluetoothManagerCallback.java:105)
09-01 01:12:14.586   442   462 E BluetoothManagerService: 	at com.android.server.BluetoothManagerService.sendBluetoothServiceDownCallback(BluetoothManagerService.java:1129)
09-01 01:12:14.586   442   462 E BluetoothManagerService: 	at com.android.server.BluetoothManagerService.-wrap12(BluetoothManagerService.java)
09-01 01:12:14.586   442   462 E BluetoothManagerService: 	at com.android.server.BluetoothManagerService$BluetoothHandler.handleMessage(BluetoothManagerService.java:1530)
09-01 01:12:14.586   442   462 E BluetoothManagerService: 	at android.os.Handler.dispatchMessage(Handler.java:102)
09-01 01:12:14.586   442   462 E BluetoothManagerService: 	at android.os.Looper.loop(Looper.java:154)
09-01 01:12:14.586   442   462 E BluetoothManagerService: 	at android.os.HandlerThread.run(HandlerThread.java:61)
09-01 01:12:14.586   442   462 E BluetoothManagerService: 	at com.android.server.ServiceThread.run(ServiceThread.java:46)
09-01 01:12:14.587   442   462 D BluetoothAdapter: onBluetoothServiceDown: android.bluetooth.IBluetooth$Stub$Proxy@28ef269
09-01 01:12:14.587   567   590 D BluetoothAdapter: onBluetoothServiceDown: android.bluetooth.IBluetooth$Stub$Proxy@5c75a8d
09-01 01:12:14.587   653   666 D BluetoothAdapter: onBluetoothServiceDown: android.bluetooth.IBluetooth$Stub$Proxy@2ef6e9e
09-01 01:12:14.588   442   458 W libprocessgroup: failed to kill pid 15695: No such process
09-01 01:12:14.785   442   462 D BluetoothManagerService: MESSAGE_RESTART_BLUETOOTH_SERVICE
09-01 01:12:14.814   442   462 I ActivityManager: Start proc 15726:com.android.bluetooth/1002 for service com.android.bluetooth/.btservice.AdapterService
09-01 01:12:14.917 15726 15726 I chatty  : uid=1002(bluetooth) com.android.bluetooth expire 36 lines
09-01 01:12:14.968 15726 15743 I chatty  : uid=1002(bluetooth) com.android.bluetooth expire 12 lines
09-01 01:12:14.969 15726 15744 I chatty  : uid=1002(bluetooth) com.android.bluetooth expire 39 lines
09-01 01:12:14.970 15726 15747 I chatty  : uid=1002(bluetooth) com.android.bluetooth expire 4 lines
09-01 01:12:14.971 15726 15748 I chatty  : uid=1002(bluetooth) com.android.bluetooth expire 1 line
09-01 01:12:14.972 15726 15749 I chatty  : uid=1002(bluetooth) com.android.bluetooth expire 3 lines
09-01 01:12:14.976   442   442 D BluetoothManagerService: Bluetooth Adapter name changed to AOSP on navi_ref
09-01 01:12:14.976   442   442 D BluetoothManagerService: Stored Bluetooth name: AOSP on navi_ref
09-01 01:12:14.980   442   442 D BluetoothManagerService: BluetoothServiceConnection: com.android.bluetooth.btservice.AdapterService
09-01 01:12:14.980   442   462 D BluetoothManagerService: MESSAGE_BLUETOOTH_SERVICE_CONNECTED: 1
09-01 01:12:14.982 15726 15741 I chatty  : uid=1002(bluetooth) com.android.bluetooth expire 2 lines
09-01 01:12:14.986   442   462 D BluetoothManagerService: Broadcasting onBluetoothServiceUp() to 5 receivers.
09-01 01:12:14.987   670 12016 D BluetoothAdapter: onBluetoothServiceUp: android.bluetooth.IBluetooth$Stub$Proxy@dcf487b
09-01 01:12:14.987   442   462 D BluetoothAdapter: onBluetoothServiceUp: android.bluetooth.IBluetooth$Stub$Proxy@f7cd23
09-01 01:12:14.987   567   590 D BluetoothAdapter: onBluetoothServiceUp: android.bluetooth.IBluetooth$Stub$Proxy@986b442
09-01 01:12:14.987   653   666 D BluetoothAdapter: onBluetoothServiceUp: android.bluetooth.IBluetooth$Stub$Proxy@fda6d7f
09-01 01:12:14.988 15726 15739 I chatty  : uid=1002(bluetooth) com.android.bluetooth expire 1 line
09-01 01:12:14.991   442   462 D BluetoothManagerService: MESSAGE_BLUETOOTH_STATE_CHANGE: OFF > BLE_TURNING_ON
09-01 01:12:14.991   442   462 D BluetoothManagerService: Sending BLE State Change: OFF > BLE_TURNING_ON
09-01 01:12:14.995 15726 15750 I chatty  : uid=1002(bluetooth) com.android.bluetooth expire 1 line
09-01 01:12:15.009 15726 15753 I chatty  : uid=1002(bluetooth) com.android.bluetooth expire 7 lines
09-01 01:12:15.669 15726 15754 I chatty  : uid=1002(bluetooth) com.android.bluetooth expire 1 line
09-01 01:12:23.018 15726 15755 I chatty  : uid=1002(bluetooth) com.android.bluetooth expire 21 lines
09-01 01:12:23.023 15726 15756 I chatty  : uid=1002(bluetooth) com.android.bluetooth expire 2 lines
09-01 01:12:23.697   442  1582 I ActivityManager: Process com.android.bluetooth (pid 15726) has died
09-01 01:12:23.697   442  1582 D ActivityManager: cleanUpApplicationRecord -- 15726
09-01 01:12:23.697   442  1582 W ActivityManager: Scheduling restart of crashed service com.android.bluetooth/.gatt.GattService in 1000ms
09-01 01:12:23.697   442  1582 W ActivityManager: Scheduling restart of crashed service com.android.bluetooth/.btservice.AdapterService in 1000ms
09-01 01:12:23.698   442   442 D BluetoothManagerService: BluetoothServiceConnection, disconnected: com.android.bluetooth.btservice.AdapterService
09-01 01:12:23.698   442   462 E BluetoothManagerService: MESSAGE_BLUETOOTH_SERVICE_DISCONNECTED(1)
09-01 01:12:23.698   442   462 D BluetoothManagerService: Broadcasting onBluetoothServiceDown() to 4 receivers.
09-01 01:12:23.698   442   462 D BluetoothAdapter: onBluetoothServiceDown: android.bluetooth.IBluetooth$Stub$Proxy@f7cd23
09-01 01:12:23.698   670 12016 D BluetoothAdapter: onBluetoothServiceDown: android.bluetooth.IBluetooth$Stub$Proxy@dcf487b
09-01 01:12:23.699   653   666 D BluetoothAdapter: onBluetoothServiceDown: android.bluetooth.IBluetooth$Stub$Proxy@fda6d7f
09-01 01:12:23.699   567   590 D BluetoothAdapter: onBluetoothServiceDown: android.bluetooth.IBluetooth$Stub$Proxy@986b442
09-01 01:12:23.899   442   462 D BluetoothManagerService: MESSAGE_RESTART_BLUETOOTH_SERVICE
09-01 01:12:23.928   442   462 I ActivityManager: Start proc 15757:com.android.bluetooth/1002 for service com.android.bluetooth/.btservice.AdapterService
09-01 01:12:24.019 15757 15757 I chatty  : uid=1002(bluetooth) com.android.bluetooth expire 13 lines
09-01 01:12:24.061 15757 15773 I chatty  : uid=1002(bluetooth) com.android.bluetooth expire 1 line
09-01 01:12:24.061 15757 15774 I chatty  : uid=1002(bluetooth) com.android.bluetooth expire 39 lines
09-01 01:12:24.065 15757 15777 I chatty  : uid=1002(bluetooth) com.android.bluetooth expire 4 lines
09-01 01:12:24.067 15757 15778 I chatty  : uid=1002(bluetooth) com.android.bluetooth expire 1 line
09-01 01:12:24.068 15757 15779 I chatty  : uid=1002(bluetooth) com.android.bluetooth expire 3 lines
09-01 01:12:24.068 15757 15757 I chatty  : uid=1002(bluetooth) com.android.bluetooth expire 23 lines
09-01 01:12:24.072   442   442 D BluetoothManagerService: Bluetooth Adapter name changed to AOSP on navi_ref
09-01 01:12:24.072   442   442 D BluetoothManagerService: Stored Bluetooth name: AOSP on navi_ref
09-01 01:12:24.085   442   442 D BluetoothManagerService: BluetoothServiceConnection: com.android.bluetooth.btservice.AdapterService
09-01 01:12:24.085   442   462 D BluetoothManagerService: MESSAGE_BLUETOOTH_SERVICE_CONNECTED: 1
09-01 01:12:24.086 15757 15771 I chatty  : uid=1002(bluetooth) com.android.bluetooth expire 2 lines
09-01 01:12:24.087   442   462 D BluetoothManagerService: Broadcasting onBluetoothServiceUp() to 5 receivers.
09-01 01:12:24.088   442   462 D BluetoothAdapter: onBluetoothServiceUp: android.bluetooth.IBluetooth$Stub$Proxy@2ba354d
09-01 01:12:24.088   670 12016 D BluetoothAdapter: onBluetoothServiceUp: android.bluetooth.IBluetooth$Stub$Proxy@3798698
09-01 01:12:24.088   653   666 D BluetoothAdapter: onBluetoothServiceUp: android.bluetooth.IBluetooth$Stub$Proxy@c97814c
09-01 01:12:24.088   567   590 D BluetoothAdapter: onBluetoothServiceUp: android.bluetooth.IBluetooth$Stub$Proxy@6530c53
09-01 01:12:24.089 15757 15769 I chatty  : uid=1002(bluetooth) com.android.bluetooth expire 1 line
09-01 01:12:24.089 15757 15773 I chatty  : uid=1002(bluetooth) com.android.bluetooth expire 11 lines
09-01 01:12:24.090   442   462 D BluetoothManagerService: MESSAGE_BLUETOOTH_STATE_CHANGE: OFF > BLE_TURNING_ON
09-01 01:12:24.090   442   462 D BluetoothManagerService: Sending BLE State Change: OFF > BLE_TURNING_ON
09-01 01:12:24.094 15757 15780 I chatty  : uid=1002(bluetooth) com.android.bluetooth expire 1 line
09-01 01:12:24.113 15757 15783 I chatty  : uid=1002(bluetooth) com.android.bluetooth expire 7 lines
09-01 01:12:24.772 15757 15784 I chatty  : uid=1002(bluetooth) com.android.bluetooth expire 1 line
09-01 01:12:32.120 15757 15785 I chatty  : uid=1002(bluetooth) com.android.bluetooth expire 21 lines
09-01 01:12:32.124 15757 15786 I chatty  : uid=1002(bluetooth) com.android.bluetooth expire 2 lines
09-01 01:12:32.799   442  1408 I ActivityManager: Process com.android.bluetooth (pid 15757) has died
09-01 01:12:32.800   442  1408 D ActivityManager: cleanUpApplicationRecord -- 15757
09-01 01:12:32.800   442   442 D BluetoothManagerService: BluetoothServiceConnection, disconnected: com.android.bluetooth.btservice.AdapterService
09-01 01:12:32.800   442   462 E BluetoothManagerService: MESSAGE_BLUETOOTH_SERVICE_DISCONNECTED(1)
09-01 01:12:32.800   442   462 D BluetoothManagerService: Broadcasting onBluetoothServiceDown() to 4 receivers.
09-01 01:12:32.800   442   462 D BluetoothAdapter: onBluetoothServiceDown: android.bluetooth.IBluetooth$Stub$Proxy@2ba354d
09-01 01:12:32.800   670 12016 D BluetoothAdapter: onBluetoothServiceDown: android.bluetooth.IBluetooth$Stub$Proxy@3798698
09-01 01:12:32.801   567   590 D BluetoothAdapter: onBluetoothServiceDown: android.bluetooth.IBluetooth$Stub$Proxy@6530c53
09-01 01:12:32.801   653   666 D BluetoothAdapter: onBluetoothServiceDown: android.bluetooth.IBluetooth$Stub$Proxy@c97814c
09-01 01:12:32.801   442  1408 W ActivityManager: Scheduling restart of crashed service com.android.bluetooth/.gatt.GattService in 1000ms
09-01 01:12:32.801   442  1408 W ActivityManager: Scheduling restart of crashed service com.android.bluetooth/.btservice.AdapterService in 1000ms
09-01 01:12:33.001   442   462 D BluetoothManagerService: MESSAGE_RESTART_BLUETOOTH_SERVICE
09-01 01:12:33.035   442   462 I ActivityManager: Start proc 15787:com.android.bluetooth/1002 for service com.android.bluetooth/.btservice.AdapterService
09-01 01:12:33.125 15787 15787 I chatty  : uid=1002(bluetooth) com.android.bluetooth expire 36 lines
09-01 01:12:33.166 15787 15804 I chatty  : uid=1002(bluetooth) com.android.bluetooth expire 12 lines
09-01 01:12:33.167 15787 15805 I chatty  : uid=1002(bluetooth) com.android.bluetooth expire 39 lines
09-01 01:12:33.170 15787 15808 I chatty  : uid=1002(bluetooth) com.android.bluetooth expire 4 lines
09-01 01:12:33.170 15787 15809 I chatty  : uid=1002(bluetooth) com.android.bluetooth expire 1 line
09-01 01:12:33.172 15787 15810 I chatty  : uid=1002(bluetooth) com.android.bluetooth expire 3 lines
09-01 01:12:33.177   442   442 D BluetoothManagerService: Bluetooth Adapter name changed to AOSP on navi_ref
09-01 01:12:33.177   442   442 D BluetoothManagerService: Stored Bluetooth name: AOSP on navi_ref
09-01 01:12:33.181   442   442 D BluetoothManagerService: BluetoothServiceConnection: com.android.bluetooth.btservice.AdapterService
09-01 01:12:33.181   442   462 D BluetoothManagerService: MESSAGE_BLUETOOTH_SERVICE_CONNECTED: 1
09-01 01:12:33.181 15787 15802 I chatty  : uid=1002(bluetooth) com.android.bluetooth expire 3 lines
09-01 01:12:33.183   442   462 D BluetoothManagerService: Broadcasting onBluetoothServiceUp() to 5 receivers.
09-01 01:12:33.183   670 12016 D BluetoothAdapter: onBluetoothServiceUp: android.bluetooth.IBluetooth$Stub$Proxy@350cef1
09-01 01:12:33.183   442   462 D BluetoothAdapter: onBluetoothServiceUp: android.bluetooth.IBluetooth$Stub$Proxy@277fd26
09-01 01:12:33.184   567   590 D BluetoothAdapter: onBluetoothServiceUp: android.bluetooth.IBluetooth$Stub$Proxy@a4fb990
09-01 01:12:33.184   653   666 D BluetoothAdapter: onBluetoothServiceUp: android.bluetooth.IBluetooth$Stub$Proxy@2af6595
09-01 01:12:33.185   442   462 D BluetoothManagerService: MESSAGE_BLUETOOTH_STATE_CHANGE: OFF > BLE_TURNING_ON
09-01 01:12:33.185   442   462 D BluetoothManagerService: Sending BLE State Change: OFF > BLE_TURNING_ON
09-01 01:12:33.188 15787 15811 I chatty  : uid=1002(bluetooth) com.android.bluetooth expire 1 line
09-01 01:12:33.205 15787 15814 I chatty  : uid=1002(bluetooth) com.android.bluetooth expire 7 lines
09-01 01:12:33.864 15787 15815 I chatty  : uid=1002(bluetooth) com.android.bluetooth expire 1 line
09-01 01:12:41.211 15787 15816 I chatty  : uid=1002(bluetooth) com.android.bluetooth expire 21 lines
09-01 01:12:41.216 15787 15817 I chatty  : uid=1002(bluetooth) com.android.bluetooth expire 2 lines
09-01 01:12:41.891   442  1408 I ActivityManager: Process com.android.bluetooth (pid 15787) has died
09-01 01:12:41.891   442  1408 D ActivityManager: cleanUpApplicationRecord -- 15787
09-01 01:12:41.891   442  1408 W ActivityManager: Scheduling restart of crashed service com.android.bluetooth/.gatt.GattService in 1000ms
09-01 01:12:41.891   442  1408 W ActivityManager: Scheduling restart of crashed service com.android.bluetooth/.btservice.AdapterService in 1000ms
09-01 01:12:41.891   442   442 D BluetoothManagerService: BluetoothServiceConnection, disconnected: com.android.bluetooth.btservice.AdapterService
09-01 01:12:41.892   442   462 E BluetoothManagerService: MESSAGE_BLUETOOTH_SERVICE_DISCONNECTED(1)
09-01 01:12:41.892   442   462 D BluetoothManagerService: Broadcasting onBluetoothServiceDown() to 4 receivers.
09-01 01:12:41.893   442   462 D BluetoothAdapter: onBluetoothServiceDown: android.bluetooth.IBluetooth$Stub$Proxy@277fd26
09-01 01:12:41.893   670 12016 D BluetoothAdapter: onBluetoothServiceDown: android.bluetooth.IBluetooth$Stub$Proxy@350cef1
09-01 01:12:41.893   567   590 D BluetoothAdapter: onBluetoothServiceDown: android.bluetooth.IBluetooth$Stub$Proxy@a4fb990
09-01 01:12:41.894   653   666 D BluetoothAdapter: onBluetoothServiceDown: android.bluetooth.IBluetooth$Stub$Proxy@2af6595
09-01 01:12:42.092   442   462 D BluetoothManagerService: MESSAGE_RESTART_BLUETOOTH_SERVICE
09-01 01:12:42.126   442   462 I ActivityManager: Start proc 15818:com.android.bluetooth/1002 for service com.android.bluetooth/.btservice.AdapterService
09-01 01:12:42.216 15818 15818 I chatty  : uid=1002(bluetooth) com.android.bluetooth expire 36 lines
09-01 01:12:42.260 15818 15834 I chatty  : uid=1002(bluetooth) com.android.bluetooth expire 12 lines
09-01 01:12:42.261 15818 15835 I chatty  : uid=1002(bluetooth) com.android.bluetooth expire 39 lines
09-01 01:12:42.263 15818 15838 I chatty  : uid=1002(bluetooth) com.android.bluetooth expire 4 lines
09-01 01:12:42.263 15818 15839 I chatty  : uid=1002(bluetooth) com.android.bluetooth expire 1 line
09-01 01:12:42.264 15818 15840 I chatty  : uid=1002(bluetooth) com.android.bluetooth expire 3 lines
09-01 01:12:42.268   442   442 D BluetoothManagerService: Bluetooth Adapter name changed to AOSP on navi_ref
09-01 01:12:42.268   442   442 D BluetoothManagerService: Stored Bluetooth name: AOSP on navi_ref
09-01 01:12:42.272   442   442 D BluetoothManagerService: BluetoothServiceConnection: com.android.bluetooth.btservice.AdapterService
09-01 01:12:42.272   442   462 D BluetoothManagerService: MESSAGE_BLUETOOTH_SERVICE_CONNECTED: 1
09-01 01:12:42.273 15818 15830 I chatty  : uid=1002(bluetooth) com.android.bluetooth expire 2 lines
09-01 01:12:42.275   442   462 D BluetoothManagerService: Broadcasting onBluetoothServiceUp() to 5 receivers.
09-01 01:12:42.275   670 12016 D BluetoothAdapter: onBluetoothServiceUp: android.bluetooth.IBluetooth$Stub$Proxy@7dbbad6
09-01 01:12:42.275   442   462 D BluetoothAdapter: onBluetoothServiceUp: android.bluetooth.IBluetooth$Stub$Proxy@2ac257b
09-01 01:12:42.276   653   666 D BluetoothAdapter: onBluetoothServiceUp: android.bluetooth.IBluetooth$Stub$Proxy@bdfd6aa
09-01 01:12:42.276 15818 15832 I chatty  : uid=1002(bluetooth) com.android.bluetooth expire 1 line
09-01 01:12:42.277   567   590 D BluetoothAdapter: onBluetoothServiceUp: android.bluetooth.IBluetooth$Stub$Proxy@3dc1289
09-01 01:12:42.277   442   462 D BluetoothManagerService: MESSAGE_BLUETOOTH_STATE_CHANGE: OFF > BLE_TURNING_ON
09-01 01:12:42.278   442   462 D BluetoothManagerService: Sending BLE State Change: OFF > BLE_TURNING_ON
09-01 01:12:42.283 15818 15841 I chatty  : uid=1002(bluetooth) com.android.bluetooth expire 1 line
09-01 01:12:42.305 15818 15844 I chatty  : uid=1002(bluetooth) com.android.bluetooth expire 7 lines
09-01 01:12:42.965 15818 15845 I chatty  : uid=1002(bluetooth) com.android.bluetooth expire 1 line
09-01 01:12:50.311 15818 15846 I chatty  : uid=1002(bluetooth) com.android.bluetooth expire 21 lines
09-01 01:12:50.315 15818 15847 I chatty  : uid=1002(bluetooth) com.android.bluetooth expire 2 lines
09-01 01:12:50.993   442  1408 I ActivityManager: Process com.android.bluetooth (pid 15818) has died
09-01 01:12:50.993   442   442 D BluetoothManagerService: BluetoothServiceConnection, disconnected: com.android.bluetooth.btservice.AdapterService
09-01 01:12:50.993   442  1408 D ActivityManager: cleanUpApplicationRecord -- 15818
09-01 01:12:50.994   442   462 E BluetoothManagerService: MESSAGE_BLUETOOTH_SERVICE_DISCONNECTED(1)
09-01 01:12:50.994   442   462 D BluetoothManagerService: Broadcasting onBluetoothServiceDown() to 4 receivers.
09-01 01:12:50.994   442  1408 W ActivityManager: Scheduling restart of crashed service com.android.bluetooth/.gatt.GattService in 1000ms
09-01 01:12:50.994   442  1408 W ActivityManager: Scheduling restart of crashed service com.android.bluetooth/.btservice.AdapterService in 1000ms
09-01 01:12:50.994   442   462 D BluetoothAdapter: onBluetoothServiceDown: android.bluetooth.IBluetooth$Stub$Proxy@2ac257b
09-01 01:12:50.994   670 12016 D BluetoothAdapter: onBluetoothServiceDown: android.bluetooth.IBluetooth$Stub$Proxy@7dbbad6
09-01 01:12:50.994   653   666 D BluetoothAdapter: onBluetoothServiceDown: android.bluetooth.IBluetooth$Stub$Proxy@bdfd6aa
09-01 01:12:50.995   567   590 D BluetoothAdapter: onBluetoothServiceDown: android.bluetooth.IBluetooth$Stub$Proxy@3dc1289
09-01 01:12:51.195   442   462 D BluetoothManagerService: MESSAGE_RESTART_BLUETOOTH_SERVICE
09-01 01:12:51.224   442   462 I ActivityManager: Start proc 15848:com.android.bluetooth/1002 for service com.android.bluetooth/.btservice.AdapterService
09-01 01:12:51.319 15848 15848 I chatty  : uid=1002(bluetooth) com.android.bluetooth expire 36 lines
09-01 01:12:51.360 15848 15864 I chatty  : uid=1002(bluetooth) com.android.bluetooth expire 12 lines
09-01 01:12:51.360 15848 15865 I chatty  : uid=1002(bluetooth) com.android.bluetooth expire 39 lines
09-01 01:12:51.363 15848 15868 I chatty  : uid=1002(bluetooth) com.android.bluetooth expire 4 lines
09-01 01:12:51.363 15848 15869 I chatty  : uid=1002(bluetooth) com.android.bluetooth expire 1 line
09-01 01:12:51.365 15848 15870 I chatty  : uid=1002(bluetooth) com.android.bluetooth expire 3 lines
09-01 01:12:51.369   442   442 D BluetoothManagerService: Bluetooth Adapter name changed to AOSP on navi_ref
09-01 01:12:51.369   442   442 D BluetoothManagerService: Stored Bluetooth name: AOSP on navi_ref
09-01 01:12:51.374   442   442 D BluetoothManagerService: BluetoothServiceConnection: com.android.bluetooth.btservice.AdapterService
09-01 01:12:51.374   442   462 D BluetoothManagerService: MESSAGE_BLUETOOTH_SERVICE_CONNECTED: 1
09-01 01:12:51.375 15848 15862 I chatty  : uid=1002(bluetooth) com.android.bluetooth expire 2 lines
09-01 01:12:51.376   442   462 D BluetoothManagerService: Broadcasting onBluetoothServiceUp() to 5 receivers.
09-01 01:12:51.377   442   462 D BluetoothAdapter: onBluetoothServiceUp: android.bluetooth.IBluetooth$Stub$Proxy@a88d0dc
09-01 01:12:51.377   670 12016 D BluetoothAdapter: onBluetoothServiceUp: android.bluetooth.IBluetooth$Stub$Proxy@2fff157
09-01 01:12:51.377   653   666 D BluetoothAdapter: onBluetoothServiceUp: android.bluetooth.IBluetooth$Stub$Proxy@332629b
09-01 01:12:51.378   567   590 D BluetoothAdapter: onBluetoothServiceUp: android.bluetooth.IBluetooth$Stub$Proxy@14fd28e
09-01 01:12:51.379 15848 15860 I chatty  : uid=1002(bluetooth) com.android.bluetooth expire 1 line
09-01 01:12:51.380   442   462 D BluetoothManagerService: MESSAGE_BLUETOOTH_STATE_CHANGE: OFF > BLE_TURNING_ON
09-01 01:12:51.380   442   462 D BluetoothManagerService: Sending BLE State Change: OFF > BLE_TURNING_ON
09-01 01:12:51.384 15848 15871 I chatty  : uid=1002(bluetooth) com.android.bluetooth expire 1 line
09-01 01:12:51.405 15848 15874 I chatty  : uid=1002(bluetooth) com.android.bluetooth expire 7 lines
09-01 01:12:52.063 15848 15875 I chatty  : uid=1002(bluetooth) com.android.bluetooth expire 1 line
09-01 01:12:59.411 15848 15876 I chatty  : uid=1002(bluetooth) com.android.bluetooth expire 21 lines
09-01 01:12:59.420 15848 15877 I chatty  : uid=1002(bluetooth) com.android.bluetooth expire 2 lines
09-01 01:13:00.110   442  1408 I ActivityManager: Process com.android.bluetooth (pid 15848) has died
09-01 01:13:00.110   442  1408 D ActivityManager: cleanUpApplicationRecord -- 15848
09-01 01:13:00.111   442  1408 W ActivityManager: Scheduling restart of crashed service com.android.bluetooth/.gatt.GattService in 1000ms
09-01 01:13:00.111   442  1408 W ActivityManager: Scheduling restart of crashed service com.android.bluetooth/.btservice.AdapterService in 1000ms
09-01 01:13:00.113   442   442 D BluetoothManagerService: BluetoothServiceConnection, disconnected: com.android.bluetooth.btservice.AdapterService
09-01 01:13:00.113   442   462 E BluetoothManagerService: MESSAGE_BLUETOOTH_SERVICE_DISCONNECTED(1)
09-01 01:13:00.113   442   462 D BluetoothManagerService: Broadcasting onBluetoothServiceDown() to 4 receivers.
09-01 01:13:00.113   442   462 D BluetoothAdapter: onBluetoothServiceDown: android.bluetooth.IBluetooth$Stub$Proxy@a88d0dc
09-01 01:13:00.114   670 12016 D BluetoothAdapter: onBluetoothServiceDown: android.bluetooth.IBluetooth$Stub$Proxy@2fff157
09-01 01:13:00.114   653   666 D BluetoothAdapter: onBluetoothServiceDown: android.bluetooth.IBluetooth$Stub$Proxy@332629b
09-01 01:13:00.114   567   590 D BluetoothAdapter: onBluetoothServiceDown: android.bluetooth.IBluetooth$Stub$Proxy@14fd28e
09-01 01:13:00.313   442   462 D BluetoothManagerService: MESSAGE_RESTART_BLUETOOTH_SERVICE
09-01 01:13:00.349   442   462 I ActivityManager: Start proc 15879:com.android.bluetooth/1002 for service com.android.bluetooth/.btservice.AdapterService
09-01 01:13:00.438 15879 15879 I chatty  : uid=1002(bluetooth) com.android.bluetooth expire 36 lines
09-01 01:13:00.481 15879 15896 I chatty  : uid=1002(bluetooth) com.android.bluetooth expire 12 lines
09-01 01:13:00.481 15879 15897 I chatty  : uid=1002(bluetooth) com.android.bluetooth expire 39 lines
09-01 01:13:00.483 15879 15900 I chatty  : uid=1002(bluetooth) com.android.bluetooth expire 4 lines
09-01 01:13:00.484 15879 15901 I chatty  : uid=1002(bluetooth) com.android.bluetooth expire 1 line
09-01 01:13:00.485 15879 15902 I chatty  : uid=1002(bluetooth) com.android.bluetooth expire 3 lines
09-01 01:13:00.489   442   442 D BluetoothManagerService: Bluetooth Adapter name changed to AOSP on navi_ref
09-01 01:13:00.489   442   442 D BluetoothManagerService: Stored Bluetooth name: AOSP on navi_ref
09-01 01:13:00.494   442   442 D BluetoothManagerService: BluetoothServiceConnection: com.android.bluetooth.btservice.AdapterService
09-01 01:13:00.494   442   462 D BluetoothManagerService: MESSAGE_BLUETOOTH_SERVICE_CONNECTED: 1
09-01 01:13:00.496 15879 15894 I chatty  : uid=1002(bluetooth) com.android.bluetooth expire 2 lines
09-01 01:13:00.498   442   462 D BluetoothManagerService: Broadcasting onBluetoothServiceUp() to 5 receivers.
09-01 01:13:00.498   670 12016 D BluetoothAdapter: onBluetoothServiceUp: android.bluetooth.IBluetooth$Stub$Proxy@2cc7444
09-01 01:13:00.498   442   462 D BluetoothAdapter: onBluetoothServiceUp: android.bluetooth.IBluetooth$Stub$Proxy@9b9f599
09-01 01:13:00.499   653   666 D BluetoothAdapter: onBluetoothServiceUp: android.bluetooth.IBluetooth$Stub$Proxy@5616638
09-01 01:13:00.499   567   590 D BluetoothAdapter: onBluetoothServiceUp: android.bluetooth.IBluetooth$Stub$Proxy@8f81aaf
09-01 01:13:00.500 15879 15893 I chatty  : uid=1002(bluetooth) com.android.bluetooth expire 1 line
09-01 01:13:00.501   442   462 D BluetoothManagerService: MESSAGE_BLUETOOTH_STATE_CHANGE: OFF > BLE_TURNING_ON
09-01 01:13:00.501   442   462 D BluetoothManagerService: Sending BLE State Change: OFF > BLE_TURNING_ON
09-01 01:13:00.511 15879 15903 I chatty  : uid=1002(bluetooth) com.android.bluetooth expire 1 line
09-01 01:13:00.527 15879 15906 I chatty  : uid=1002(bluetooth) com.android.bluetooth expire 7 lines
09-01 01:13:01.186 15879 15907 I chatty  : uid=1002(bluetooth) com.android.bluetooth expire 1 line
09-01 01:13:08.533 15879 15908 I chatty  : uid=1002(bluetooth) com.android.bluetooth expire 21 lines
09-01 01:13:08.542 15879 15909 I chatty  : uid=1002(bluetooth) com.android.bluetooth expire 2 lines
09-01 01:13:09.216   442   454 I ActivityManager: Process com.android.bluetooth (pid 15879) has died
09-01 01:13:09.216   442   442 D BluetoothManagerService: BluetoothServiceConnection, disconnected: com.android.bluetooth.btservice.AdapterService
09-01 01:13:09.216   442   454 D ActivityManager: cleanUpApplicationRecord -- 15879
09-01 01:13:09.217   442   454 W ActivityManager: Scheduling restart of crashed service com.android.bluetooth/.gatt.GattService in 1000ms
09-01 01:13:09.217   442   454 W ActivityManager: Scheduling restart of crashed service com.android.bluetooth/.btservice.AdapterService in 1000ms
09-01 01:13:09.219   442   462 E BluetoothManagerService: MESSAGE_BLUETOOTH_SERVICE_DISCONNECTED(1)
09-01 01:13:09.219   442   462 D BluetoothManagerService: Broadcasting onBluetoothServiceDown() to 4 receivers.
09-01 01:13:09.219   442   462 D BluetoothAdapter: onBluetoothServiceDown: android.bluetooth.IBluetooth$Stub$Proxy@9b9f599
09-01 01:13:09.219   670 12016 D BluetoothAdapter: onBluetoothServiceDown: android.bluetooth.IBluetooth$Stub$Proxy@2cc7444
09-01 01:13:09.219   653   666 D BluetoothAdapter: onBluetoothServiceDown: android.bluetooth.IBluetooth$Stub$Proxy@5616638
09-01 01:13:09.220   567   590 D BluetoothAdapter: onBluetoothServiceDown: android.bluetooth.IBluetooth$Stub$Proxy@8f81aaf
09-01 01:13:09.420   442   462 D BluetoothManagerService: MESSAGE_RESTART_BLUETOOTH_SERVICE
09-01 01:13:09.456   442   462 I ActivityManager: Start proc 15910:com.android.bluetooth/1002 for service com.android.bluetooth/.btservice.AdapterService
09-01 01:13:09.545 15910 15910 I chatty  : uid=1002(bluetooth) com.android.bluetooth expire 36 lines
09-01 01:13:09.586 15910 15927 I chatty  : uid=1002(bluetooth) com.android.bluetooth expire 12 lines
09-01 01:13:09.588 15910 15928 I chatty  : uid=1002(bluetooth) com.android.bluetooth expire 39 lines
09-01 01:13:09.592 15910 15931 I chatty  : uid=1002(bluetooth) com.android.bluetooth expire 4 lines
09-01 01:13:09.593 15910 15932 I chatty  : uid=1002(bluetooth) com.android.bluetooth expire 1 line
09-01 01:13:09.594 15910 15933 I chatty  : uid=1002(bluetooth) com.android.bluetooth expire 3 lines
09-01 01:13:09.599   442   442 D BluetoothManagerService: Bluetooth Adapter name changed to AOSP on navi_ref
09-01 01:13:09.599   442   442 D BluetoothManagerService: Stored Bluetooth name: AOSP on navi_ref
09-01 01:13:09.605   442   442 D BluetoothManagerService: BluetoothServiceConnection: com.android.bluetooth.btservice.AdapterService
09-01 01:13:09.605   442   462 D BluetoothManagerService: MESSAGE_BLUETOOTH_SERVICE_CONNECTED: 1
09-01 01:13:09.607 15910 15924 I chatty  : uid=1002(bluetooth) com.android.bluetooth expire 3 lines
09-01 01:13:09.611   442   462 D BluetoothManagerService: Broadcasting onBluetoothServiceUp() to 5 receivers.
09-01 01:13:09.611   442   462 D BluetoothAdapter: onBluetoothServiceUp: android.bluetooth.IBluetooth$Stub$Proxy@962d6c2
09-01 01:13:09.611   670 12016 D BluetoothAdapter: onBluetoothServiceUp: android.bluetooth.IBluetooth$Stub$Proxy@d12692d
09-01 01:13:09.612   653   666 D BluetoothAdapter: onBluetoothServiceUp: android.bluetooth.IBluetooth$Stub$Proxy@eedc611
09-01 01:13:09.612   567   590 D BluetoothAdapter: onBluetoothServiceUp: android.bluetooth.IBluetooth$Stub$Proxy@c1edebc
09-01 01:13:09.616   442   462 D BluetoothManagerService: MESSAGE_BLUETOOTH_STATE_CHANGE: OFF > BLE_TURNING_ON
09-01 01:13:09.616   442   462 D BluetoothManagerService: Sending BLE State Change: OFF > BLE_TURNING_ON
09-01 01:13:09.624 15910 15934 I chatty  : uid=1002(bluetooth) com.android.bluetooth expire 1 line
09-01 01:13:09.644 15910 15937 I chatty  : uid=1002(bluetooth) com.android.bluetooth expire 7 lines
09-01 01:13:10.306 15910 15938 I chatty  : uid=1002(bluetooth) com.android.bluetooth expire 1 line
09-01 01:13:17.650 15910 15939 I chatty  : uid=1002(bluetooth) com.android.bluetooth expire 21 lines
09-01 01:13:17.659 15910 15940 I chatty  : uid=1002(bluetooth) com.android.bluetooth expire 2 lines
09-01 01:13:18.336   442   442 D BluetoothManagerService: BluetoothServiceConnection, disconnected: com.android.bluetooth.btservice.AdapterService
09-01 01:13:18.336   442  1514 I ActivityManager: Process com.android.bluetooth (pid 15910) has died
09-01 01:13:18.336   442  1514 D ActivityManager: cleanUpApplicationRecord -- 15910
09-01 01:13:18.336   442   462 E BluetoothManagerService: MESSAGE_BLUETOOTH_SERVICE_DISCONNECTED(1)
09-01 01:13:18.337   442   462 D BluetoothManagerService: Broadcasting onBluetoothServiceDown() to 4 receivers.
09-01 01:13:18.337   442  1514 W ActivityManager: Scheduling restart of crashed service com.android.bluetooth/.gatt.GattService in 1000ms
09-01 01:13:18.337   442   462 D BluetoothAdapter: onBluetoothServiceDown: android.bluetooth.IBluetooth$Stub$Proxy@962d6c2
09-01 01:13:18.337   442  1514 W ActivityManager: Scheduling restart of crashed service com.android.bluetooth/.btservice.AdapterService in 1000ms
