09-01 01:15:07.604   567   590 D BluetoothAdapter: onBluetoothServiceDown: android.bluetooth.IBluetooth$Stub$Proxy@4cca6c0
09-01 01:15:07.800   442   462 D BluetoothManagerService: MESSAGE_RESTART_BLUETOOTH_SERVICE
09-01 01:15:07.830   442   462 I ActivityManager: Start proc 16305:com.android.bluetooth/1002 for service com.android.bluetooth/.btservice.AdapterService
09-01 01:15:07.948 16305 16305 I chatty  : uid=1002(bluetooth) com.android.bluetooth expire 36 lines
09-01 01:15:07.989 16305 16321 I chatty  : uid=1002(bluetooth) com.android.bluetooth expire 12 lines
09-01 01:15:07.989 16305 16322 I chatty  : uid=1002(bluetooth) com.android.bluetooth expire 39 lines
09-01 01:15:07.991 16305 16325 I chatty  : uid=1002(bluetooth) com.android.bluetooth expire 4 lines
09-01 01:15:07.992 16305 16326 I chatty  : uid=1002(bluetooth) com.android.bluetooth expire 1 line
09-01 01:15:07.994 16305 16327 I chatty  : uid=1002(bluetooth) com.android.bluetooth expire 3 lines
09-01 01:15:07.998   442   442 D BluetoothManagerService: Bluetooth Adapter name changed to AOSP on navi_ref
09-01 01:15:07.998   442   442 D BluetoothManagerService: Stored Bluetooth name: AOSP on navi_ref
09-01 01:15:08.008   442   442 D BluetoothManagerService: BluetoothServiceConnection: com.android.bluetooth.btservice.AdapterService
09-01 01:15:08.008   442   462 D BluetoothManagerService: MESSAGE_BLUETOOTH_SERVICE_CONNECTED: 1
09-01 01:15:08.009 16305 16319 I chatty  : uid=1002(bluetooth) com.android.bluetooth expire 3 lines
09-01 01:15:08.010   442   462 D BluetoothManagerService: Broadcasting onBluetoothServiceUp() to 5 receivers.
09-01 01:15:08.011   670 12016 D BluetoothAdapter: onBluetoothServiceUp: android.bluetooth.IBluetooth$Stub$Proxy@bb68586
09-01 01:15:08.011   442   462 D BluetoothAdapter: onBluetoothServiceUp: android.bluetooth.IBluetooth$Stub$Proxy@37fa1dd
09-01 01:15:08.011   653   666 D BluetoothAdapter: onBluetoothServiceUp: android.bluetooth.IBluetooth$Stub$Proxy@ef33e5a
09-01 01:15:08.011   567   590 D BluetoothAdapter: onBluetoothServiceUp: android.bluetooth.IBluetooth$Stub$Proxy@e71aff9
09-01 01:15:08.014   442   462 D BluetoothManagerService: MESSAGE_BLUETOOTH_STATE_CHANGE: OFF > BLE_TURNING_ON
09-01 01:15:08.014   442   462 D BluetoothManagerService: Sending BLE State Change: OFF > BLE_TURNING_ON
09-01 01:15:08.016 16305 16328 I chatty  : uid=1002(bluetooth) com.android.bluetooth expire 1 line
09-01 01:15:08.034 16305 16331 I chatty  : uid=1002(bluetooth) com.android.bluetooth expire 7 lines
09-01 01:15:08.693 16305 16332 I chatty  : uid=1002(bluetooth) com.android.bluetooth expire 1 line
09-01 01:15:16.041 16305 16333 I chatty  : uid=1002(bluetooth) com.android.bluetooth expire 21 lines
09-01 01:15:16.048 16305 16334 I chatty  : uid=1002(bluetooth) com.android.bluetooth expire 2 lines
09-01 01:15:16.723   442   442 D BluetoothManagerService: BluetoothServiceConnection, disconnected: com.android.bluetooth.btservice.AdapterService
09-01 01:15:16.724   442  1408 I ActivityManager: Process com.android.bluetooth (pid 16305) has died
09-01 01:15:16.724   442   462 E BluetoothManagerService: MESSAGE_BLUETOOTH_SERVICE_DISCONNECTED(1)
09-01 01:15:16.724   442   462 D BluetoothManagerService: Broadcasting onBluetoothServiceDown() to 4 receivers.
09-01 01:15:16.724   442  1408 D ActivityManager: cleanUpApplicationRecord -- 16305
09-01 01:15:16.724   442  1408 W ActivityManager: Scheduling restart of crashed service com.android.bluetooth/.gatt.GattService in 1000ms
09-01 01:15:16.724   442   462 D BluetoothAdapter: onBluetoothServiceDown: android.bluetooth.IBluetooth$Stub$Proxy@37fa1dd
09-01 01:15:16.724   670 12016 D BluetoothAdapter: onBluetoothServiceDown: android.bluetooth.IBluetooth$Stub$Proxy@bb68586
09-01 01:15:16.724   442  1408 W ActivityManager: Scheduling restart of crashed service com.android.bluetooth/.btservice.AdapterService in 1000ms
09-01 01:15:16.724   653   666 D BluetoothAdapter: onBluetoothServiceDown: android.bluetooth.IBluetooth$Stub$Proxy@ef33e5a
09-01 01:15:16.725   567   590 D BluetoothAdapter: onBluetoothServiceDown: android.bluetooth.IBluetooth$Stub$Proxy@e71aff9
09-01 01:15:16.925   442   462 D BluetoothManagerService: MESSAGE_RESTART_BLUETOOTH_SERVICE
09-01 01:15:16.956   442   462 I ActivityManager: Start proc 16335:com.android.bluetooth/1002 for service com.android.bluetooth/.btservice.AdapterService
09-01 01:15:17.044 16335 16335 I chatty  : uid=1002(bluetooth) com.android.bluetooth expire 36 lines
09-01 01:15:17.090 16335 16351 I chatty  : uid=1002(bluetooth) com.android.bluetooth expire 12 lines
09-01 01:15:17.091 16335 16352 I chatty  : uid=1002(bluetooth) com.android.bluetooth expire 38 lines
09-01 01:15:17.092 16335 16355 I chatty  : uid=1002(bluetooth) com.android.bluetooth expire 1 line
09-01 01:15:17.093 16335 16356 I chatty  : uid=1002(bluetooth) com.android.bluetooth expire 1 line
09-01 01:15:17.094 16335 16357 I chatty  : uid=1002(bluetooth) com.android.bluetooth expire 3 lines
09-01 01:15:17.098   442   442 D BluetoothManagerService: Bluetooth Adapter name changed to AOSP on navi_ref
09-01 01:15:17.098   442   442 D BluetoothManagerService: Stored Bluetooth name: AOSP on navi_ref
09-01 01:15:17.102   442   442 D BluetoothManagerService: BluetoothServiceConnection: com.android.bluetooth.btservice.AdapterService
09-01 01:15:17.102   442   462 D BluetoothManagerService: MESSAGE_BLUETOOTH_SERVICE_CONNECTED: 1
09-01 01:15:17.103 16335 16349 I chatty  : uid=1002(bluetooth) com.android.bluetooth expire 3 lines
09-01 01:15:17.104   442   462 D BluetoothManagerService: Broadcasting onBluetoothServiceUp() to 5 receivers.
09-01 01:15:17.105   670 12016 D BluetoothAdapter: onBluetoothServiceUp: android.bluetooth.IBluetooth$Stub$Proxy@509de47
09-01 01:15:17.105   442   462 D BluetoothAdapter: onBluetoothServiceUp: android.bluetooth.IBluetooth$Stub$Proxy@d3ed576
09-01 01:15:17.105   653   666 D BluetoothAdapter: onBluetoothServiceUp: android.bluetooth.IBluetooth$Stub$Proxy@e2d288b
09-01 01:15:17.106   567   590 D BluetoothAdapter: onBluetoothServiceUp: android.bluetooth.IBluetooth$Stub$Proxy@d9bfb3e
09-01 01:15:17.107   442   462 D BluetoothManagerService: MESSAGE_BLUETOOTH_STATE_CHANGE: OFF > BLE_TURNING_ON
09-01 01:15:17.107   442   462 D BluetoothManagerService: Sending BLE State Change: OFF > BLE_TURNING_ON
09-01 01:15:17.109 16335 16358 I chatty  : uid=1002(bluetooth) com.android.bluetooth expire 1 line
09-01 01:15:17.129 16335 16361 I chatty  : uid=1002(bluetooth) com.android.bluetooth expire 7 lines
09-01 01:15:17.789 16335 16362 I chatty  : uid=1002(bluetooth) com.android.bluetooth expire 1 line
09-01 01:15:25.134 16335 16355 I chatty  : uid=1002(bluetooth) com.android.bluetooth expire 3 lines
09-01 01:15:25.135 16335 16352 I chatty  : uid=1002(bluetooth) com.android.bluetooth expire 1 line
09-01 01:15:25.136 16335 16363 I chatty  : uid=1002(bluetooth) com.android.bluetooth expire 21 lines
09-01 01:15:25.144 16335 16364 I chatty  : uid=1002(bluetooth) com.android.bluetooth expire 2 lines
09-01 01:15:25.818   442   442 D BluetoothManagerService: BluetoothServiceConnection, disconnected: com.android.bluetooth.btservice.AdapterService
09-01 01:15:25.818   442   453 I ActivityManager: Process com.android.bluetooth (pid 16335) has died
09-01 01:15:25.818   442   453 D ActivityManager: cleanUpApplicationRecord -- 16335
09-01 01:15:25.818   442   453 W ActivityManager: Scheduling restart of crashed service com.android.bluetooth/.gatt.GattService in 1000ms
09-01 01:15:25.819   442   453 W ActivityManager: Scheduling restart of crashed service com.android.bluetooth/.btservice.AdapterService in 1000ms
09-01 01:15:25.819   442   462 E BluetoothManagerService: MESSAGE_BLUETOOTH_SERVICE_DISCONNECTED(1)
09-01 01:15:25.819   442   462 D BluetoothManagerService: Broadcasting onBluetoothServiceDown() to 4 receivers.
09-01 01:15:25.820   442   462 D BluetoothAdapter: onBluetoothServiceDown: android.bluetooth.IBluetooth$Stub$Proxy@d3ed576
09-01 01:15:25.820   670 12016 D BluetoothAdapter: onBluetoothServiceDown: android.bluetooth.IBluetooth$Stub$Proxy@509de47
09-01 01:15:25.820   653   666 D BluetoothAdapter: onBluetoothServiceDown: android.bluetooth.IBluetooth$Stub$Proxy@e2d288b
09-01 01:15:25.820   567   590 D BluetoothAdapter: onBluetoothServiceDown: android.bluetooth.IBluetooth$Stub$Proxy@d9bfb3e
09-01 01:15:26.019   442   462 D BluetoothManagerService: MESSAGE_RESTART_BLUETOOTH_SERVICE
09-01 01:15:26.048   442   462 I ActivityManager: Start proc 16365:com.android.bluetooth/1002 for service com.android.bluetooth/.btservice.AdapterService
09-01 01:15:26.137 16365 16365 I chatty  : uid=1002(bluetooth) com.android.bluetooth expire 36 lines
09-01 01:15:26.178 16365 16381 I chatty  : uid=1002(bluetooth) com.android.bluetooth expire 12 lines
09-01 01:15:26.179 16365 16382 I chatty  : uid=1002(bluetooth) com.android.bluetooth expire 39 lines
09-01 01:15:26.183 16365 16385 I chatty  : uid=1002(bluetooth) com.android.bluetooth expire 4 lines
09-01 01:15:26.183 16365 16386 I chatty  : uid=1002(bluetooth) com.android.bluetooth expire 1 line
09-01 01:15:26.185 16365 16387 I chatty  : uid=1002(bluetooth) com.android.bluetooth expire 3 lines
09-01 01:15:26.189   442   442 D BluetoothManagerService: Bluetooth Adapter name changed to AOSP on navi_ref
09-01 01:15:26.189   442   442 D BluetoothManagerService: Stored Bluetooth name: AOSP on navi_ref
09-01 01:15:26.194   442   442 D BluetoothManagerService: BluetoothServiceConnection: com.android.bluetooth.btservice.AdapterService
09-01 01:15:26.194   442   462 D BluetoothManagerService: MESSAGE_BLUETOOTH_SERVICE_CONNECTED: 1
09-01 01:15:26.196 16365 16379 I chatty  : uid=1002(bluetooth) com.android.bluetooth expire 2 lines
09-01 01:15:26.198   442   462 D BluetoothManagerService: Broadcasting onBluetoothServiceUp() to 5 receivers.
09-01 01:15:26.199   670 12016 D BluetoothAdapter: onBluetoothServiceUp: android.bluetooth.IBluetooth$Stub$Proxy@8d77674
09-01 01:15:26.199   442   462 D BluetoothAdapter: onBluetoothServiceUp: android.bluetooth.IBluetooth$Stub$Proxy@4081f68
09-01 01:15:26.200   653   666 D BluetoothAdapter: onBluetoothServiceUp: android.bluetooth.IBluetooth$Stub$Proxy@216cd68
09-01 01:15:26.200 16365 16377 I chatty  : uid=1002(bluetooth) com.android.bluetooth expire 1 line
09-01 01:15:26.200   567   590 D BluetoothAdapter: onBluetoothServiceUp: android.bluetooth.IBluetooth$Stub$Proxy@1eb0d9f
09-01 01:15:26.201   442   462 D BluetoothManagerService: MESSAGE_BLUETOOTH_STATE_CHANGE: OFF > BLE_TURNING_ON
09-01 01:15:26.201   442   462 D BluetoothManagerService: Sending BLE State Change: OFF > BLE_TURNING_ON
09-01 01:15:26.203 16365 16388 I chatty  : uid=1002(bluetooth) com.android.bluetooth expire 1 line
09-01 01:15:26.224 16365 16391 I chatty  : uid=1002(bluetooth) com.android.bluetooth expire 7 lines
09-01 01:15:26.883 16365 16392 I chatty  : uid=1002(bluetooth) com.android.bluetooth expire 1 line
09-01 01:15:34.230 16365 16393 I chatty  : uid=1002(bluetooth) com.android.bluetooth expire 21 lines
09-01 01:15:34.235 16365 16394 I chatty  : uid=1002(bluetooth) com.android.bluetooth expire 2 lines
09-01 01:15:34.911   442  1273 I ActivityManager: Process com.android.bluetooth (pid 16365) has died
09-01 01:15:34.911   442  1273 D ActivityManager: cleanUpApplicationRecord -- 16365
09-01 01:15:34.911   442   442 D BluetoothManagerService: BluetoothServiceConnection, disconnected: com.android.bluetooth.btservice.AdapterService
09-01 01:15:34.911   442  1273 W ActivityManager: Scheduling restart of crashed service com.android.bluetooth/.gatt.GattService in 1000ms
09-01 01:15:34.911   442   462 E BluetoothManagerService: MESSAGE_BLUETOOTH_SERVICE_DISCONNECTED(1)
09-01 01:15:34.912   442  1273 W ActivityManager: Scheduling restart of crashed service com.android.bluetooth/.btservice.AdapterService in 1000ms
09-01 01:15:34.912   442   462 D BluetoothManagerService: Broadcasting onBluetoothServiceDown() to 4 receivers.
09-01 01:15:34.912   442   462 D BluetoothAdapter: onBluetoothServiceDown: android.bluetooth.IBluetooth$Stub$Proxy@4081f68
09-01 01:15:34.912   670 12016 D BluetoothAdapter: onBluetoothServiceDown: android.bluetooth.IBluetooth$Stub$Proxy@8d77674
09-01 01:15:34.912   653   666 D BluetoothAdapter: onBluetoothServiceDown: android.bluetooth.IBluetooth$Stub$Proxy@216cd68
09-01 01:15:34.913   567   590 D BluetoothAdapter: onBluetoothServiceDown: android.bluetooth.IBluetooth$Stub$Proxy@1eb0d9f
09-01 01:15:35.113   442   462 D BluetoothManagerService: MESSAGE_RESTART_BLUETOOTH_SERVICE
09-01 01:15:35.141   442   462 I ActivityManager: Start proc 16395:com.android.bluetooth/1002 for service com.android.bluetooth/.btservice.AdapterService
09-01 01:15:35.230 16395 16395 I chatty  : uid=1002(bluetooth) com.android.bluetooth expire 36 lines
09-01 01:15:35.274 16395 16411 I chatty  : uid=1002(bluetooth) com.android.bluetooth expire 12 lines
09-01 01:15:35.275 16395 16412 I chatty  : uid=1002(bluetooth) com.android.bluetooth expire 34 lines
09-01 01:15:35.276 16395 16415 I chatty  : uid=1002(bluetooth) com.android.bluetooth expire 1 line
09-01 01:15:35.277 16395 16416 I chatty  : uid=1002(bluetooth) com.android.bluetooth expire 1 line
09-01 01:15:35.278 16395 16417 I chatty  : uid=1002(bluetooth) com.android.bluetooth expire 3 lines
09-01 01:15:35.284   442   442 D BluetoothManagerService: Bluetooth Adapter name changed to AOSP on navi_ref
09-01 01:15:35.284   442   442 D BluetoothManagerService: Stored Bluetooth name: AOSP on navi_ref
09-01 01:15:35.287   442   442 D BluetoothManagerService: BluetoothServiceConnection: com.android.bluetooth.btservice.AdapterService
09-01 01:15:35.288   442   462 D BluetoothManagerService: MESSAGE_BLUETOOTH_SERVICE_CONNECTED: 1
09-01 01:15:35.288 16395 16409 I chatty  : uid=1002(bluetooth) com.android.bluetooth expire 2 lines
09-01 01:15:35.290   442   462 D BluetoothManagerService: Broadcasting onBluetoothServiceUp() to 5 receivers.
09-01 01:15:35.291   442   462 D BluetoothAdapter: onBluetoothServiceUp: android.bluetooth.IBluetooth$Stub$Proxy@e1b1c75
09-01 01:15:35.291   670 12016 D BluetoothAdapter: onBluetoothServiceUp: android.bluetooth.IBluetooth$Stub$Proxy@b8cf79d
09-01 01:15:35.291   653   666 D BluetoothAdapter: onBluetoothServiceUp: android.bluetooth.IBluetooth$Stub$Proxy@cbb5581
09-01 01:15:35.291   567   590 D BluetoothAdapter: onBluetoothServiceUp: android.bluetooth.IBluetooth$Stub$Proxy@7356eec
09-01 01:15:35.292 16395 16408 I chatty  : uid=1002(bluetooth) com.android.bluetooth expire 1 line
09-01 01:15:35.293   442   462 D BluetoothManagerService: MESSAGE_BLUETOOTH_STATE_CHANGE: OFF > BLE_TURNING_ON
09-01 01:15:35.293   442   462 D BluetoothManagerService: Sending BLE State Change: OFF > BLE_TURNING_ON
09-01 01:15:35.295 16395 16418 I chatty  : uid=1002(bluetooth) com.android.bluetooth expire 1 line
09-01 01:15:35.322 16395 16421 I chatty  : uid=1002(bluetooth) com.android.bluetooth expire 7 lines
09-01 01:15:35.326 16395 16412 I chatty  : uid=1002(bluetooth) com.android.bluetooth expire 5 lines
09-01 01:15:35.983 16395 16422 I chatty  : uid=1002(bluetooth) com.android.bluetooth expire 1 line
09-01 01:15:43.326 16395 16415 I chatty  : uid=1002(bluetooth) com.android.bluetooth expire 3 lines
09-01 01:15:43.328 16395 16423 I chatty  : uid=1002(bluetooth) com.android.bluetooth expire 21 lines
09-01 01:15:43.332 16395 16424 I chatty  : uid=1002(bluetooth) com.android.bluetooth expire 2 lines
09-01 01:15:44.010   442   442 D BluetoothManagerService: BluetoothServiceConnection, disconnected: com.android.bluetooth.btservice.AdapterService
09-01 01:15:44.011   442  1273 I ActivityManager: Process com.android.bluetooth (pid 16395) has died
09-01 01:15:44.011   442  1273 D ActivityManager: cleanUpApplicationRecord -- 16395
09-01 01:15:44.011   442  1273 W ActivityManager: Scheduling restart of crashed service com.android.bluetooth/.gatt.GattService in 1000ms
09-01 01:15:44.011   442  1273 W ActivityManager: Scheduling restart of crashed service com.android.bluetooth/.btservice.AdapterService in 1000ms
09-01 01:15:44.013   442   462 E BluetoothManagerService: MESSAGE_BLUETOOTH_SERVICE_DISCONNECTED(1)
09-01 01:15:44.013   442   462 D BluetoothManagerService: Broadcasting onBluetoothServiceDown() to 4 receivers.
09-01 01:15:44.014   442   462 D BluetoothAdapter: onBluetoothServiceDown: android.bluetooth.IBluetooth$Stub$Proxy@e1b1c75
09-01 01:15:44.014   670 12016 D BluetoothAdapter: onBluetoothServiceDown: android.bluetooth.IBluetooth$Stub$Proxy@b8cf79d
09-01 01:15:44.014   653   666 D BluetoothAdapter: onBluetoothServiceDown: android.bluetooth.IBluetooth$Stub$Proxy@cbb5581
09-01 01:15:44.014   567   590 D BluetoothAdapter: onBluetoothServiceDown: android.bluetooth.IBluetooth$Stub$Proxy@7356eec
09-01 01:15:44.213   442   462 D BluetoothManagerService: MESSAGE_RESTART_BLUETOOTH_SERVICE
09-01 01:15:44.249   442   462 I ActivityManager: Start proc 16425:com.android.bluetooth/1002 for service com.android.bluetooth/.btservice.AdapterService
09-01 01:15:44.328 16425 16425 I chatty  : uid=1002(bluetooth) com.android.bluetooth expire 36 lines
09-01 01:15:44.373 16425 16442 I chatty  : uid=1002(bluetooth) com.android.bluetooth expire 12 lines
09-01 01:15:44.373 16425 16443 I chatty  : uid=1002(bluetooth) com.android.bluetooth expire 39 lines
09-01 01:15:44.375 16425 16446 I chatty  : uid=1002(bluetooth) com.android.bluetooth expire 4 lines
09-01 01:15:44.375 16425 16447 I chatty  : uid=1002(bluetooth) com.android.bluetooth expire 1 line
09-01 01:15:44.377 16425 16448 I chatty  : uid=1002(bluetooth) com.android.bluetooth expire 3 lines
09-01 01:15:44.381   442   442 D BluetoothManagerService: Bluetooth Adapter name changed to AOSP on navi_ref
09-01 01:15:44.381   442   442 D BluetoothManagerService: Stored Bluetooth name: AOSP on navi_ref
09-01 01:15:44.386   442   442 D BluetoothManagerService: BluetoothServiceConnection: com.android.bluetooth.btservice.AdapterService
09-01 01:15:44.386   442   462 D BluetoothManagerService: MESSAGE_BLUETOOTH_SERVICE_CONNECTED: 1
09-01 01:15:44.387 16425 16439 I chatty  : uid=1002(bluetooth) com.android.bluetooth expire 3 lines
09-01 01:15:44.388   442   462 D BluetoothManagerService: Broadcasting onBluetoothServiceUp() to 5 receivers.
09-01 01:15:44.389   442   462 D BluetoothAdapter: onBluetoothServiceUp: android.bluetooth.IBluetooth$Stub$Proxy@30f5aae
09-01 01:15:44.389   670 12016 D BluetoothAdapter: onBluetoothServiceUp: android.bluetooth.IBluetooth$Stub$Proxy@ee57412
09-01 01:15:44.389   653   666 D BluetoothAdapter: onBluetoothServiceUp: android.bluetooth.IBluetooth$Stub$Proxy@296e626
09-01 01:15:44.390   567   590 D BluetoothAdapter: onBluetoothServiceUp: android.bluetooth.IBluetooth$Stub$Proxy@1452b5
09-01 01:15:44.391   442   462 D BluetoothManagerService: MESSAGE_BLUETOOTH_STATE_CHANGE: OFF > BLE_TURNING_ON
09-01 01:15:44.391   442   462 D BluetoothManagerService: Sending BLE State Change: OFF > BLE_TURNING_ON
09-01 01:15:44.404 16425 16449 I chatty  : uid=1002(bluetooth) com.android.bluetooth expire 1 line
09-01 01:15:44.431 16425 16452 I chatty  : uid=1002(bluetooth) com.android.bluetooth expire 7 lines
09-01 01:15:45.092 16425 16453 I chatty  : uid=1002(bluetooth) com.android.bluetooth expire 1 line
09-01 01:15:48.638 16456 16456 D AndroidRuntime: >>>>>> START com.android.internal.os.RuntimeInit uid 0 <<<<<<
09-01 01:15:48.644 16456 16456 D AndroidRuntime: CheckJNI is OFF
09-01 01:15:48.757 16456 16456 D ICU     : No timezone override file found: /data/misc/zoneinfo/current/icu/icu_tzdata.dat
09-01 01:15:48.809 16456 16456 I Radio-JNI: register_android_hardware_Radio DONE
09-01 01:15:48.829 16456 16456 D AndroidRuntime: Calling main entry com.android.commands.input.Input
09-01 01:15:48.830 16456 16456 I Input   : injectKeyEvent: KeyEvent { action=ACTION_DOWN, keyCode=KEYCODE_MENU, scanCode=0, metaState=0, flags=0x0, repeatCount=0, eventTime=4549765, downTime=4549765, deviceId=-1, source=0x101 }
09-01 01:15:48.834 16456 16456 I Input   : injectKeyEvent: KeyEvent { action=ACTION_UP, keyCode=KEYCODE_MENU, scanCode=0, metaState=0, flags=0x0, repeatCount=0, eventTime=4549765, downTime=4549765, deviceId=-1, source=0x101 }
09-01 01:15:48.836 16456 16456 D AndroidRuntime: Shutting down VM
09-01 01:15:49.714 16466 16466 D AndroidRuntime: >>>>>> START com.android.internal.os.RuntimeInit uid 0 <<<<<<
09-01 01:15:49.720 16466 16466 D AndroidRuntime: CheckJNI is OFF
09-01 01:15:49.834 16466 16466 D ICU     : No timezone override file found: /data/misc/zoneinfo/current/icu/icu_tzdata.dat
09-01 01:15:49.886 16466 16466 I Radio-JNI: register_android_hardware_Radio DONE
09-01 01:15:49.906 16466 16466 D AndroidRuntime: Calling main entry com.android.commands.svc.Svc
09-01 01:15:49.909 16466 16466 D AndroidRuntime: Shutting down VM
09-01 01:15:52.437 16425 16476 I chatty  : uid=1002(bluetooth) com.android.bluetooth expire 21 lines
09-01 01:15:52.441 16425 16477 I chatty  : uid=1002(bluetooth) com.android.bluetooth expire 2 lines
09-01 01:15:53.117   442  1273 I ActivityManager: Process com.android.bluetooth (pid 16425) has died
09-01 01:15:53.117   442  1273 D ActivityManager: cleanUpApplicationRecord -- 16425
09-01 01:15:53.118   442   442 D BluetoothManagerService: BluetoothServiceConnection, disconnected: com.android.bluetooth.btservice.AdapterService
09-01 01:15:53.118   442  1273 W ActivityManager: Scheduling restart of crashed service com.android.bluetooth/.gatt.GattService in 1000ms
09-01 01:15:53.118   442   462 E BluetoothManagerService: MESSAGE_BLUETOOTH_SERVICE_DISCONNECTED(1)
09-01 01:15:53.118   442  1273 W ActivityManager: Scheduling restart of crashed service com.android.bluetooth/.btservice.AdapterService in 1000ms
09-01 01:15:53.118   442   462 D BluetoothManagerService: Broadcasting onBluetoothServiceDown() to 4 receivers.
09-01 01:15:53.118   442   462 D BluetoothAdapter: onBluetoothServiceDown: android.bluetooth.IBluetooth$Stub$Proxy@30f5aae
09-01 01:15:53.118   670 12016 D BluetoothAdapter: onBluetoothServiceDown: android.bluetooth.IBluetooth$Stub$Proxy@ee57412
09-01 01:15:53.118   653   666 D BluetoothAdapter: onBluetoothServiceDown: android.bluetooth.IBluetooth$Stub$Proxy@296e626
09-01 01:15:53.119   567   590 D BluetoothAdapter: onBluetoothServiceDown: android.bluetooth.IBluetooth$Stub$Proxy@1452b5
09-01 01:15:53.318   442   462 D BluetoothManagerService: MESSAGE_RESTART_BLUETOOTH_SERVICE
09-01 01:15:53.347   442   462 I ActivityManager: Start proc 16478:com.android.bluetooth/1002 for service com.android.bluetooth/.btservice.AdapterService
09-01 01:15:53.435 16478 16478 I chatty  : uid=1002(bluetooth) com.android.bluetooth expire 36 lines
09-01 01:15:53.477 16478 16494 I chatty  : uid=1002(bluetooth) com.android.bluetooth expire 12 lines
09-01 01:15:53.477 16478 16495 I chatty  : uid=1002(bluetooth) com.android.bluetooth expire 29 lines
09-01 01:15:53.483 16478 16498 I chatty  : uid=1002(bluetooth) com.android.bluetooth expire 1 line
09-01 01:15:53.483 16478 16499 I chatty  : uid=1002(bluetooth) com.android.bluetooth expire 1 line
09-01 01:15:53.485 16478 16500 I chatty  : uid=1002(bluetooth) com.android.bluetooth expire 3 lines
09-01 01:15:53.489   442   442 D BluetoothManagerService: Bluetooth Adapter name changed to AOSP on navi_ref
09-01 01:15:53.489   442   442 D BluetoothManagerService: Stored Bluetooth name: AOSP on navi_ref
09-01 01:15:53.494   442   442 D BluetoothManagerService: BluetoothServiceConnection: com.android.bluetooth.btservice.AdapterService
09-01 01:15:53.495   442   462 D BluetoothManagerService: MESSAGE_BLUETOOTH_SERVICE_CONNECTED: 1
09-01 01:15:53.499 16478 16491 I chatty  : uid=1002(bluetooth) com.android.bluetooth expire 2 lines
09-01 01:15:53.502   442   462 D BluetoothManagerService: Broadcasting onBluetoothServiceUp() to 5 receivers.
09-01 01:15:53.502   670 12016 D BluetoothAdapter: onBluetoothServiceUp: android.bluetooth.IBluetooth$Stub$Proxy@8fc17e3
09-01 01:15:53.502   442   462 D BluetoothAdapter: onBluetoothServiceUp: android.bluetooth.IBluetooth$Stub$Proxy@7fe73e3
09-01 01:15:53.502   653   666 D BluetoothAdapter: onBluetoothServiceUp: android.bluetooth.IBluetooth$Stub$Proxy@bc3c267
09-01 01:15:53.503   567   590 D BluetoothAdapter: onBluetoothServiceUp: android.bluetooth.IBluetooth$Stub$Proxy@6d88d4a
09-01 01:15:53.503 16478 16492 I chatty  : uid=1002(bluetooth) com.android.bluetooth expire 1 line
09-01 01:15:53.505   442   462 D BluetoothManagerService: MESSAGE_BLUETOOTH_STATE_CHANGE: OFF > BLE_TURNING_ON
09-01 01:15:53.505   442   462 D BluetoothManagerService: Sending BLE State Change: OFF > BLE_TURNING_ON
09-01 01:15:53.509 16478 16501 I chatty  : uid=1002(bluetooth) com.android.bluetooth expire 1 line
09-01 01:15:53.525 16478 16504 I chatty  : uid=1002(bluetooth) com.android.bluetooth expire 7 lines
09-01 01:15:53.527 16478 16495 I chatty  : uid=1002(bluetooth) com.android.bluetooth expire 10 lines
09-01 01:15:54.185 16478 16505 I chatty  : uid=1002(bluetooth) com.android.bluetooth expire 1 line
09-01 01:16:01.529 16478 16498 I chatty  : uid=1002(bluetooth) com.android.bluetooth expire 3 lines
09-01 01:16:01.531 16478 16506 I chatty  : uid=1002(bluetooth) com.android.bluetooth expire 21 lines
09-01 01:16:01.539 16478 16507 I chatty  : uid=1002(bluetooth) com.android.bluetooth expire 2 lines
09-01 01:16:02.216   442   442 D BluetoothManagerService: BluetoothServiceConnection, disconnected: com.android.bluetooth.btservice.AdapterService
09-01 01:16:02.216   442   513 I ActivityManager: Process com.android.bluetooth (pid 16478) has died
09-01 01:16:02.217   442   513 D ActivityManager: cleanUpApplicationRecord -- 16478
09-01 01:16:02.217   442   513 W ActivityManager: Scheduling restart of crashed service com.android.bluetooth/.gatt.GattService in 1000ms
09-01 01:16:02.217   442   513 W ActivityManager: Scheduling restart of crashed service com.android.bluetooth/.btservice.AdapterService in 1000ms
09-01 01:16:02.218   442   462 E BluetoothManagerService: MESSAGE_BLUETOOTH_SERVICE_DISCONNECTED(1)
09-01 01:16:02.218   442   462 D BluetoothManagerService: Broadcasting onBluetoothServiceDown() to 4 receivers.
09-01 01:16:02.219   442   462 D BluetoothAdapter: onBluetoothServiceDown: android.bluetooth.IBluetooth$Stub$Proxy@7fe73e3
09-01 01:16:02.219   670 12016 D BluetoothAdapter: onBluetoothServiceDown: android.bluetooth.IBluetooth$Stub$Proxy@8fc17e3
09-01 01:16:02.220   653   666 D BluetoothAdapter: onBluetoothServiceDown: android.bluetooth.IBluetooth$Stub$Proxy@bc3c267
09-01 01:16:02.220   567   590 D BluetoothAdapter: onBluetoothServiceDown: android.bluetooth.IBluetooth$Stub$Proxy@6d88d4a
09-01 01:16:02.418   442   462 D BluetoothManagerService: MESSAGE_RESTART_BLUETOOTH_SERVICE
09-01 01:16:02.455   442   462 I ActivityManager: Start proc 16508:com.android.bluetooth/1002 for service com.android.bluetooth/.btservice.AdapterService
09-01 01:16:02.538 16508 16508 I chatty  : uid=1002(bluetooth) com.android.bluetooth expire 36 lines
09-01 01:16:02.582 16508 16524 I chatty  : uid=1002(bluetooth) com.android.bluetooth expire 12 lines
09-01 01:16:02.583 16508 16525 I chatty  : uid=1002(bluetooth) com.android.bluetooth expire 39 lines
09-01 01:16:02.584 16508 16528 I chatty  : uid=1002(bluetooth) com.android.bluetooth expire 4 lines
09-01 01:16:02.585 16508 16529 I chatty  : uid=1002(bluetooth) com.android.bluetooth expire 1 line
09-01 01:16:02.586 16508 16530 I chatty  : uid=1002(bluetooth) com.android.bluetooth expire 3 lines
09-01 01:16:02.591   442   442 D BluetoothManagerService: Bluetooth Adapter name changed to AOSP on navi_ref
09-01 01:16:02.591   442   442 D BluetoothManagerService: Stored Bluetooth name: AOSP on navi_ref
09-01 01:16:02.595   442   442 D BluetoothManagerService: BluetoothServiceConnection: com.android.bluetooth.btservice.AdapterService
09-01 01:16:02.595   442   462 D BluetoothManagerService: MESSAGE_BLUETOOTH_SERVICE_CONNECTED: 1
09-01 01:16:02.595 16508 16522 I chatty  : uid=1002(bluetooth) com.android.bluetooth expire 2 lines
09-01 01:16:02.597   442   462 D BluetoothManagerService: Broadcasting onBluetoothServiceUp() to 5 receivers.
09-01 01:16:02.597   670 12016 D BluetoothAdapter: onBluetoothServiceUp: android.bluetooth.IBluetooth$Stub$Proxy@f2f85e0
09-01 01:16:02.597   442   462 D BluetoothAdapter: onBluetoothServiceUp: android.bluetooth.IBluetooth$Stub$Proxy@880d0a4
09-01 01:16:02.598   567   590 D BluetoothAdapter: onBluetoothServiceUp: android.bluetooth.IBluetooth$Stub$Proxy@67ce4bb
09-01 01:16:02.598   653   666 D BluetoothAdapter: onBluetoothServiceUp: android.bluetooth.IBluetooth$Stub$Proxy@a3f5814
09-01 01:16:02.599 16508 16520 I chatty  : uid=1002(bluetooth) com.android.bluetooth expire 1 line
09-01 01:16:02.600   442   462 D BluetoothManagerService: MESSAGE_BLUETOOTH_STATE_CHANGE: OFF > BLE_TURNING_ON
09-01 01:16:02.600   442   462 D BluetoothManagerService: Sending BLE State Change: OFF > BLE_TURNING_ON
09-01 01:16:02.603 16508 16531 I chatty  : uid=1002(bluetooth) com.android.bluetooth expire 1 line
09-01 01:16:02.628 16508 16534 I chatty  : uid=1002(bluetooth) com.android.bluetooth expire 7 lines
09-01 01:16:03.289 16508 16535 I chatty  : uid=1002(bluetooth) com.android.bluetooth expire 1 line
09-01 01:16:10.638 16508 16536 I chatty  : uid=1002(bluetooth) com.android.bluetooth expire 21 lines
09-01 01:16:10.642 16508 16537 I chatty  : uid=1002(bluetooth) com.android.bluetooth expire 2 lines
09-01 01:16:11.318   442  1514 I ActivityManager: Process com.android.bluetooth (pid 16508) has died
09-01 01:16:11.319   442  1514 D ActivityManager: cleanUpApplicationRecord -- 16508
09-01 01:16:11.319   442  1514 W ActivityManager: Scheduling restart of crashed service com.android.bluetooth/.gatt.GattService in 1000ms
09-01 01:16:11.319   442  1514 W ActivityManager: Scheduling restart of crashed service com.android.bluetooth/.btservice.AdapterService in 1000ms
09-01 01:16:11.323   442   442 D BluetoothManagerService: BluetoothServiceConnection, disconnected: com.android.bluetooth.btservice.AdapterService
09-01 01:16:11.323   442   462 E BluetoothManagerService: MESSAGE_BLUETOOTH_SERVICE_DISCONNECTED(1)
09-01 01:16:11.324   442   462 D BluetoothManagerService: Broadcasting onBluetoothServiceDown() to 4 receivers.
09-01 01:16:11.324   442   462 D BluetoothAdapter: onBluetoothServiceDown: android.bluetooth.IBluetooth$Stub$Proxy@880d0a4
09-01 01:16:11.324   670 12016 D BluetoothAdapter: onBluetoothServiceDown: android.bluetooth.IBluetooth$Stub$Proxy@f2f85e0
09-01 01:16:11.324   653   666 D BluetoothAdapter: onBluetoothServiceDown: android.bluetooth.IBluetooth$Stub$Proxy@a3f5814
09-01 01:16:11.325   567   590 D BluetoothAdapter: onBluetoothServiceDown: android.bluetooth.IBluetooth$Stub$Proxy@67ce4bb
09-01 01:16:11.525   442   462 D BluetoothManagerService: MESSAGE_RESTART_BLUETOOTH_SERVICE
09-01 01:16:11.561   442   462 I ActivityManager: Start proc 16538:com.android.bluetooth/1002 for service com.android.bluetooth/.btservice.AdapterService
09-01 01:16:11.640 16538 16538 I chatty  : uid=1002(bluetooth) com.android.bluetooth expire 36 lines
09-01 01:16:11.685 16538 16554 I chatty  : uid=1002(bluetooth) com.android.bluetooth expire 12 lines
09-01 01:16:11.686 16538 16555 I chatty  : uid=1002(bluetooth) com.android.bluetooth expire 25 lines
09-01 01:16:11.687 16538 16558 I chatty  : uid=1002(bluetooth) com.android.bluetooth expire 1 line
09-01 01:16:11.688 16538 16559 I chatty  : uid=1002(bluetooth) com.android.bluetooth expire 1 line
09-01 01:16:11.689 16538 16560 I chatty  : uid=1002(bluetooth) com.android.bluetooth expire 3 lines
09-01 01:16:11.693   442   442 D BluetoothManagerService: Bluetooth Adapter name changed to AOSP on navi_ref
09-01 01:16:11.693   442   442 D BluetoothManagerService: Stored Bluetooth name: AOSP on navi_ref
09-01 01:16:11.697   442   442 D BluetoothManagerService: BluetoothServiceConnection: com.android.bluetooth.btservice.AdapterService
09-01 01:16:11.698   442   462 D BluetoothManagerService: MESSAGE_BLUETOOTH_SERVICE_CONNECTED: 1
09-01 01:16:11.698 16538 16552 I chatty  : uid=1002(bluetooth) com.android.bluetooth expire 2 lines
09-01 01:16:11.700   442   462 D BluetoothManagerService: Broadcasting onBluetoothServiceUp() to 5 receivers.
09-01 01:16:11.701   670 12016 D BluetoothAdapter: onBluetoothServiceUp: android.bluetooth.IBluetooth$Stub$Proxy@d467099
09-01 01:16:11.701   442   462 D BluetoothAdapter: onBluetoothServiceUp: android.bluetooth.IBluetooth$Stub$Proxy@ff2cae6
09-01 01:16:11.701   653   666 D BluetoothAdapter: onBluetoothServiceUp: android.bluetooth.IBluetooth$Stub$Proxy@d46c8bd
09-01 01:16:11.701   567   590 D BluetoothAdapter: onBluetoothServiceUp: android.bluetooth.IBluetooth$Stub$Proxy@4808dd8
09-01 01:16:11.702 16538 16551 I chatty  : uid=1002(bluetooth) com.android.bluetooth expire 1 line
09-01 01:16:11.703   442   462 D BluetoothManagerService: MESSAGE_BLUETOOTH_STATE_CHANGE: OFF > BLE_TURNING_ON
09-01 01:16:11.703   442   462 D BluetoothManagerService: Sending BLE State Change: OFF > BLE_TURNING_ON
09-01 01:16:11.715 16538 16561 I chatty  : uid=1002(bluetooth) com.android.bluetooth expire 1 line
09-01 01:16:11.731 16538 16555 I chatty  : uid=1002(bluetooth) com.android.bluetooth expire 14 lines
09-01 01:16:11.731 16538 16564 I chatty  : uid=1002(bluetooth) com.android.bluetooth expire 7 lines
09-01 01:16:12.394 16538 16565 I chatty  : uid=1002(bluetooth) com.android.bluetooth expire 1 line
09-01 01:16:19.738 16538 16558 I chatty  : uid=1002(bluetooth) com.android.bluetooth expire 3 lines
09-01 01:16:19.739 16538 16566 I chatty  : uid=1002(bluetooth) com.android.bluetooth expire 21 lines
09-01 01:16:19.746 16538 16567 I chatty  : uid=1002(bluetooth) com.android.bluetooth expire 2 lines
09-01 01:16:20.420   442  1273 I ActivityManager: Process com.android.bluetooth (pid 16538) has died
09-01 01:16:20.420   442  1273 D ActivityManager: cleanUpApplicationRecord -- 16538
09-01 01:16:20.420   442  1273 W ActivityManager: Scheduling restart of crashed service com.android.bluetooth/.gatt.GattService in 1000ms
09-01 01:16:20.421   442  1273 W ActivityManager: Scheduling restart of crashed service com.android.bluetooth/.btservice.AdapterService in 1000ms
09-01 01:16:20.423   442   442 D BluetoothManagerService: BluetoothServiceConnection, disconnected: com.android.bluetooth.btservice.AdapterService
09-01 01:16:20.423   442   462 E BluetoothManagerService: MESSAGE_BLUETOOTH_SERVICE_DISCONNECTED(1)
09-01 01:16:20.424   442   462 D BluetoothManagerService: Broadcasting onBluetoothServiceDown() to 4 receivers.
09-01 01:16:20.424   442   462 D BluetoothAdapter: onBluetoothServiceDown: android.bluetooth.IBluetooth$Stub$Proxy@ff2cae6
09-01 01:16:20.424   670 12016 D BluetoothAdapter: onBluetoothServiceDown: android.bluetooth.IBluetooth$Stub$Proxy@d467099
09-01 01:16:20.425   653   666 D BluetoothAdapter: onBluetoothServiceDown: android.bluetooth.IBluetooth$Stub$Proxy@d46c8bd
09-01 01:16:20.425   567   590 D BluetoothAdapter: onBluetoothServiceDown: android.bluetooth.IBluetooth$Stub$Proxy@4808dd8
09-01 01:16:20.624   442   462 D BluetoothManagerService: MESSAGE_RESTART_BLUETOOTH_SERVICE
09-01 01:16:20.657   442   462 I ActivityManager: Start proc 16569:com.android.bluetooth/1002 for service com.android.bluetooth/.btservice.AdapterService
09-01 01:16:20.742 16569 16569 I chatty  : uid=1002(bluetooth) com.android.bluetooth expire 36 lines
09-01 01:16:20.784 16569 16585 I chatty  : uid=1002(bluetooth) com.android.bluetooth expire 12 lines
09-01 01:16:20.784 16569 16586 I chatty  : uid=1002(bluetooth) com.android.bluetooth expire 39 lines
09-01 01:16:20.789 16569 16589 I chatty  : uid=1002(bluetooth) com.android.bluetooth expire 4 lines
09-01 01:16:20.790 16569 16590 I chatty  : uid=1002(bluetooth) com.android.bluetooth expire 1 line
09-01 01:16:20.791 16569 16591 I chatty  : uid=1002(bluetooth) com.android.bluetooth expire 3 lines
09-01 01:16:20.796   442   442 D BluetoothManagerService: Bluetooth Adapter name changed to AOSP on navi_ref
09-01 01:16:20.796   442   442 D BluetoothManagerService: Stored Bluetooth name: AOSP on navi_ref
09-01 01:16:20.808   442   442 D BluetoothManagerService: BluetoothServiceConnection: com.android.bluetooth.btservice.AdapterService
09-01 01:16:20.808   442   462 D BluetoothManagerService: MESSAGE_BLUETOOTH_SERVICE_CONNECTED: 1
09-01 01:16:20.809 16569 16581 I chatty  : uid=1002(bluetooth) com.android.bluetooth expire 2 lines
09-01 01:16:20.810   442   462 D BluetoothManagerService: Broadcasting onBluetoothServiceUp() to 5 receivers.
09-01 01:16:20.810   442   462 D BluetoothAdapter: onBluetoothServiceUp: android.bluetooth.IBluetooth$Stub$Proxy@bc090b1
09-01 01:16:20.810   670 12016 D BluetoothAdapter: onBluetoothServiceUp: android.bluetooth.IBluetooth$Stub$Proxy@ca2bf5e
09-01 01:16:20.811   653   666 D BluetoothAdapter: onBluetoothServiceUp: android.bluetooth.IBluetooth$Stub$Proxy@77b3eb2
09-01 01:16:20.811   567   590 D BluetoothAdapter: onBluetoothServiceUp: android.bluetooth.IBluetooth$Stub$Proxy@3046531
09-01 01:16:20.813 16569 16583 I chatty  : uid=1002(bluetooth) com.android.bluetooth expire 1 line
09-01 01:16:20.814   442   462 D BluetoothManagerService: MESSAGE_BLUETOOTH_STATE_CHANGE: OFF > BLE_TURNING_ON
09-01 01:16:20.814   442   462 D BluetoothManagerService: Sending BLE State Change: OFF > BLE_TURNING_ON
09-01 01:16:20.816 16569 16592 I chatty  : uid=1002(bluetooth) com.android.bluetooth expire 1 line
09-01 01:16:20.842 16569 16595 I chatty  : uid=1002(bluetooth) com.android.bluetooth expire 7 lines
09-01 01:16:21.506 16569 16596 I chatty  : uid=1002(bluetooth) com.android.bluetooth expire 1 line
09-01 01:16:28.850 16569 16597 I chatty  : uid=1002(bluetooth) com.android.bluetooth expire 21 lines
09-01 01:16:28.856 16569 16598 I chatty  : uid=1002(bluetooth) com.android.bluetooth expire 2 lines
09-01 01:16:29.531   442   442 D BluetoothManagerService: BluetoothServiceConnection, disconnected: com.android.bluetooth.btservice.AdapterService
09-01 01:16:29.531   442  1273 I ActivityManager: Process com.android.bluetooth (pid 16569) has died
09-01 01:16:29.531   442  1273 D ActivityManager: cleanUpApplicationRecord -- 16569
09-01 01:16:29.532   442  1273 W ActivityManager: Scheduling restart of crashed service com.android.bluetooth/.gatt.GattService in 1000ms
09-01 01:16:29.532   442  1273 W ActivityManager: Scheduling restart of crashed service com.android.bluetooth/.btservice.AdapterService in 1000ms
09-01 01:16:29.532   442   462 E BluetoothManagerService: MESSAGE_BLUETOOTH_SERVICE_DISCONNECTED(1)
09-01 01:16:29.532   442   462 D BluetoothManagerService: Broadcasting onBluetoothServiceDown() to 4 receivers.
09-01 01:16:29.532   442   462 D BluetoothAdapter: onBluetoothServiceDown: android.bluetooth.IBluetooth$Stub$Proxy@bc090b1
09-01 01:16:29.533   670 12016 D BluetoothAdapter: onBluetoothServiceDown: android.bluetooth.IBluetooth$Stub$Proxy@ca2bf5e
09-01 01:16:29.533   653   666 D BluetoothAdapter: onBluetoothServiceDown: android.bluetooth.IBluetooth$Stub$Proxy@77b3eb2
09-01 01:16:29.533   567   590 D BluetoothAdapter: onBluetoothServiceDown: android.bluetooth.IBluetooth$Stub$Proxy@3046531
09-01 01:16:29.732   442   462 D BluetoothManagerService: MESSAGE_RESTART_BLUETOOTH_SERVICE
09-01 01:16:29.777   442   462 I ActivityManager: Start proc 16599:com.android.bluetooth/1002 for service com.android.bluetooth/.btservice.AdapterService
09-01 01:16:29.876 16599 16599 I chatty  : uid=1002(bluetooth) com.android.bluetooth expire 36 lines
09-01 01:16:29.926 16599 16615 I chatty  : uid=1002(bluetooth) com.android.bluetooth expire 12 lines
09-01 01:16:29.927 16599 16616 I chatty  : uid=1002(bluetooth) com.android.bluetooth expire 20 lines
09-01 01:16:29.929 16599 16619 I chatty  : uid=1002(bluetooth) com.android.bluetooth expire 1 line
09-01 01:16:29.929 16599 16620 I chatty  : uid=1002(bluetooth) com.android.bluetooth expire 1 line
09-01 01:16:29.931 16599 16621 I chatty  : uid=1002(bluetooth) com.android.bluetooth expire 3 lines
09-01 01:16:29.936   442   442 D BluetoothManagerService: Bluetooth Adapter name changed to AOSP on navi_ref
09-01 01:16:29.937   442   442 D BluetoothManagerService: Stored Bluetooth name: AOSP on navi_ref
09-01 01:16:29.940   442   442 D BluetoothManagerService: BluetoothServiceConnection: com.android.bluetooth.btservice.AdapterService
09-01 01:16:29.940   442   462 D BluetoothManagerService: MESSAGE_BLUETOOTH_SERVICE_CONNECTED: 1
09-01 01:16:29.941 16599 16613 I chatty  : uid=1002(bluetooth) com.android.bluetooth expire 2 lines
09-01 01:16:29.942   442   462 D BluetoothManagerService: Broadcasting onBluetoothServiceUp() to 5 receivers.
09-01 01:16:29.943   670 12016 D BluetoothAdapter: onBluetoothServiceUp: android.bluetooth.IBluetooth$Stub$Proxy@84e4f3f
09-01 01:16:29.943   442   462 D BluetoothAdapter: onBluetoothServiceUp: android.bluetooth.IBluetooth$Stub$Proxy@b276a7a
09-01 01:16:29.943   653   666 D BluetoothAdapter: onBluetoothServiceUp: android.bluetooth.IBluetooth$Stub$Proxy@c401e03
09-01 01:16:29.943   567   590 D BluetoothAdapter: onBluetoothServiceUp: android.bluetooth.IBluetooth$Stub$Proxy@49a3416
09-01 01:16:29.944 16599 16612 I chatty  : uid=1002(bluetooth) com.android.bluetooth expire 1 line
09-01 01:16:29.946   442   462 D BluetoothManagerService: MESSAGE_BLUETOOTH_STATE_CHANGE: OFF > BLE_TURNING_ON
09-01 01:16:29.946   442   462 D BluetoothManagerService: Sending BLE State Change: OFF > BLE_TURNING_ON
09-01 01:16:29.956 16599 16622 I chatty  : uid=1002(bluetooth) com.android.bluetooth expire 1 line
09-01 01:16:29.984 16599 16616 I chatty  : uid=1002(bluetooth) com.android.bluetooth expire 19 lines
09-01 01:16:29.985 16599 16625 I chatty  : uid=1002(bluetooth) com.android.bluetooth expire 7 lines
09-01 01:16:30.647 16599 16626 I chatty  : uid=1002(bluetooth) com.android.bluetooth expire 1 line
09-01 01:16:37.989 16599 16619 I chatty  : uid=1002(bluetooth) com.android.bluetooth expire 3 lines
09-01 01:16:37.991 16599 16627 I chatty  : uid=1002(bluetooth) com.android.bluetooth expire 21 lines
09-01 01:16:37.996 16599 16628 I chatty  : uid=1002(bluetooth) com.android.bluetooth expire 2 lines
09-01 01:16:38.675   442   442 D BluetoothManagerService: BluetoothServiceConnection, disconnected: com.android.bluetooth.btservice.AdapterService
09-01 01:16:38.675   442  1273 I ActivityManager: Process com.android.bluetooth (pid 16599) has died
09-01 01:16:38.675   442  1273 D ActivityManager: cleanUpApplicationRecord -- 16599
09-01 01:16:38.675   442  1273 W ActivityManager: Scheduling restart of crashed service com.android.bluetooth/.gatt.GattService in 1000ms
09-01 01:16:38.676   442  1273 W ActivityManager: Scheduling restart of crashed service com.android.bluetooth/.btservice.AdapterService in 1000ms
09-01 01:16:38.678   442   462 E BluetoothManagerService: MESSAGE_BLUETOOTH_SERVICE_DISCONNECTED(1)
09-01 01:16:38.678   442   462 D BluetoothManagerService: Broadcasting onBluetoothServiceDown() to 4 receivers.
09-01 01:16:38.678   442   462 D BluetoothAdapter: onBluetoothServiceDown: android.bluetooth.IBluetooth$Stub$Proxy@b276a7a
09-01 01:16:38.679   670 12016 D BluetoothAdapter: onBluetoothServiceDown: android.bluetooth.IBluetooth$Stub$Proxy@84e4f3f
09-01 01:16:38.680   653   666 D BluetoothAdapter: onBluetoothServiceDown: android.bluetooth.IBluetooth$Stub$Proxy@c401e03
09-01 01:16:38.682   567   590 D BluetoothAdapter: onBluetoothServiceDown: android.bluetooth.IBluetooth$Stub$Proxy@49a3416
09-01 01:16:38.878   442   462 D BluetoothManagerService: MESSAGE_RESTART_BLUETOOTH_SERVICE
09-01 01:16:38.914   442   462 I ActivityManager: Start proc 16630:com.android.bluetooth/1002 for service com.android.bluetooth/.btservice.AdapterService
09-01 01:16:38.991 16630 16630 I chatty  : uid=1002(bluetooth) com.android.bluetooth expire 36 lines
09-01 01:16:39.033 16630 16646 I chatty  : uid=1002(bluetooth) com.android.bluetooth expire 12 lines
09-01 01:16:39.034 16630 16647 I chatty  : uid=1002(bluetooth) com.android.bluetooth expire 39 lines
09-01 01:16:39.035 16630 16650 I chatty  : uid=1002(bluetooth) com.android.bluetooth expire 4 lines
09-01 01:16:39.036 16630 16651 I chatty  : uid=1002(bluetooth) com.android.bluetooth expire 1 line
09-01 01:16:39.037 16630 16652 I chatty  : uid=1002(bluetooth) com.android.bluetooth expire 3 lines
09-01 01:16:39.043   442   442 D BluetoothManagerService: Bluetooth Adapter name changed to AOSP on navi_ref
09-01 01:16:39.043   442   442 D BluetoothManagerService: Stored Bluetooth name: AOSP on navi_ref
09-01 01:16:39.046   442   442 D BluetoothManagerService: BluetoothServiceConnection: com.android.bluetooth.btservice.AdapterService
09-01 01:16:39.046   442   462 D BluetoothManagerService: MESSAGE_BLUETOOTH_SERVICE_CONNECTED: 1
09-01 01:16:39.048 16630 16644 I chatty  : uid=1002(bluetooth) com.android.bluetooth expire 3 lines
09-01 01:16:39.050   442   462 D BluetoothManagerService: Broadcasting onBluetoothServiceUp() to 5 receivers.
09-01 01:16:39.050   442   462 D BluetoothAdapter: onBluetoothServiceUp: android.bluetooth.IBluetooth$Stub$Proxy@44ceeff
09-01 01:16:39.050   670 12016 D BluetoothAdapter: onBluetoothServiceUp: android.bluetooth.IBluetooth$Stub$Proxy@f37200c
09-01 01:16:39.050   653   666 D BluetoothAdapter: onBluetoothServiceUp: android.bluetooth.IBluetooth$Stub$Proxy@9c3e180
09-01 01:16:39.051   567   590 D BluetoothAdapter: onBluetoothServiceUp: android.bluetooth.IBluetooth$Stub$Proxy@8b1197
09-01 01:16:39.054   442   462 D BluetoothManagerService: MESSAGE_BLUETOOTH_STATE_CHANGE: OFF > BLE_TURNING_ON
09-01 01:16:39.054   442   462 D BluetoothManagerService: Sending BLE State Change: OFF > BLE_TURNING_ON
09-01 01:16:39.057 16630 16653 I chatty  : uid=1002(bluetooth) com.android.bluetooth expire 1 line
09-01 01:16:39.085 16630 16656 I chatty  : uid=1002(bluetooth) com.android.bluetooth expire 7 lines
09-01 01:16:39.745 16630 16657 I chatty  : uid=1002(bluetooth) com.android.bluetooth expire 1 line
09-01 01:16:47.090 16630 16658 I chatty  : uid=1002(bluetooth) com.android.bluetooth expire 21 lines
09-01 01:16:47.095 16630 16659 I chatty  : uid=1002(bluetooth) com.android.bluetooth expire 2 lines
09-01 01:16:47.772   442  1339 I ActivityManager: Process com.android.bluetooth (pid 16630) has died
09-01 01:16:47.772   442  1339 D ActivityManager: cleanUpApplicationRecord -- 16630
09-01 01:16:47.772   442   442 D BluetoothManagerService: BluetoothServiceConnection, disconnected: com.android.bluetooth.btservice.AdapterService
09-01 01:16:47.772   442  1339 W ActivityManager: Scheduling restart of crashed service com.android.bluetooth/.gatt.GattService in 1000ms
09-01 01:16:47.772   442  1339 W ActivityManager: Scheduling restart of crashed service com.android.bluetooth/.btservice.AdapterService in 1000ms
09-01 01:16:47.773   442   462 E BluetoothManagerService: MESSAGE_BLUETOOTH_SERVICE_DISCONNECTED(1)
09-01 01:16:47.773   442   462 D BluetoothManagerService: Broadcasting onBluetoothServiceDown() to 4 receivers.
09-01 01:16:47.774   442   462 D BluetoothAdapter: onBluetoothServiceDown: android.bluetooth.IBluetooth$Stub$Proxy@44ceeff
09-01 01:16:47.774   670 12016 D BluetoothAdapter: onBluetoothServiceDown: android.bluetooth.IBluetooth$Stub$Proxy@f37200c
09-01 01:16:47.774   653   666 D BluetoothAdapter: onBluetoothServiceDown: android.bluetooth.IBluetooth$Stub$Proxy@9c3e180
09-01 01:16:47.774   567   590 D BluetoothAdapter: onBluetoothServiceDown: android.bluetooth.IBluetooth$Stub$Proxy@8b1197
09-01 01:16:47.973   442   462 D BluetoothManagerService: MESSAGE_RESTART_BLUETOOTH_SERVICE
09-01 01:16:48.000   442   462 I ActivityManager: Start proc 16660:com.android.bluetooth/1002 for service com.android.bluetooth/.btservice.AdapterService
09-01 01:16:48.088 16660 16660 I chatty  : uid=1002(bluetooth) com.android.bluetooth expire 33 lines
09-01 01:16:48.132 16660 16676 I chatty  : uid=1002(bluetooth) com.android.bluetooth expire 10 lines
09-01 01:16:48.133 16660 16677 I chatty  : uid=1002(bluetooth) com.android.bluetooth expire 20 lines
09-01 01:16:48.134 16660 16680 I chatty  : uid=1002(bluetooth) com.android.bluetooth expire 1 line
09-01 01:16:48.135 16660 16681 I chatty  : uid=1002(bluetooth) com.android.bluetooth expire 1 line
09-01 01:16:48.136 16660 16682 I chatty  : uid=1002(bluetooth) com.android.bluetooth expire 3 lines
09-01 01:16:48.140   442   442 D BluetoothManagerService: Bluetooth Adapter name changed to AOSP on navi_ref
09-01 01:16:48.141   442   442 D BluetoothManagerService: Stored Bluetooth name: AOSP on navi_ref
09-01 01:16:48.152   442   442 D BluetoothManagerService: BluetoothServiceConnection: com.android.bluetooth.btservice.AdapterService
09-01 01:16:48.152   442   462 D BluetoothManagerService: MESSAGE_BLUETOOTH_SERVICE_CONNECTED: 1
09-01 01:16:48.153 16660 16674 I chatty  : uid=1002(bluetooth) com.android.bluetooth expire 2 lines
09-01 01:16:48.155   442   462 D BluetoothManagerService: Broadcasting onBluetoothServiceUp() to 5 receivers.
09-01 01:16:48.155   442   462 D BluetoothAdapter: onBluetoothServiceUp: android.bluetooth.IBluetooth$Stub$Proxy@1938fd0
09-01 01:16:48.155   670 12016 D BluetoothAdapter: onBluetoothServiceUp: android.bluetooth.IBluetooth$Stub$Proxy@b847d55
09-01 01:16:48.155   653   666 D BluetoothAdapter: onBluetoothServiceUp: android.bluetooth.IBluetooth$Stub$Proxy@1c33b9
09-01 01:16:48.156   567   590 D BluetoothAdapter: onBluetoothServiceUp: android.bluetooth.IBluetooth$Stub$Proxy@c5caf84
09-01 01:16:48.156 16660 16673 I chatty  : uid=1002(bluetooth) com.android.bluetooth expire 1 line
09-01 01:16:48.157   442   462 D BluetoothManagerService: MESSAGE_BLUETOOTH_STATE_CHANGE: OFF > BLE_TURNING_ON
09-01 01:16:48.157   442   462 D BluetoothManagerService: Sending BLE State Change: OFF > BLE_TURNING_ON
09-01 01:16:48.160 16660 16683 I chatty  : uid=1002(bluetooth) com.android.bluetooth expire 1 line
09-01 01:16:48.180 16660 16660 I chatty  : uid=1002(bluetooth) com.android.bluetooth expire 3 lines
