09-01 01:04:48.298   567   590 D BluetoothAdapter: onBluetoothServiceDown: android.bluetooth.IBluetooth$Stub$Proxy@5cfe894
09-01 01:04:48.617 14212 14212 I chatty  : uid=1002(bluetooth) com.android.bluetooth expire 36 lines
09-01 01:04:48.662 14212 14228 I chatty  : uid=1002(bluetooth) com.android.bluetooth expire 12 lines
09-01 01:04:48.662 14212 14229 I chatty  : uid=1002(bluetooth) com.android.bluetooth expire 39 lines
09-01 01:04:48.664 14212 14232 I chatty  : uid=1002(bluetooth) com.android.bluetooth expire 4 lines
09-01 01:04:48.664 14212 14233 I chatty  : uid=1002(bluetooth) com.android.bluetooth expire 1 line
09-01 01:04:48.665 14212 14234 I chatty  : uid=1002(bluetooth) com.android.bluetooth expire 3 lines
09-01 01:04:48.678 14212 14226 I chatty  : uid=1002(bluetooth) com.android.bluetooth expire 2 lines
09-01 01:04:48.681   442   462 D BluetoothAdapter: onBluetoothServiceUp: android.bluetooth.IBluetooth$Stub$Proxy@e15a80f
09-01 01:04:48.681   670 12016 D BluetoothAdapter: onBluetoothServiceUp: android.bluetooth.IBluetooth$Stub$Proxy@1d970fa
09-01 01:04:48.681   653   666 D BluetoothAdapter: onBluetoothServiceUp: android.bluetooth.IBluetooth$Stub$Proxy@6e2d08e
09-01 01:04:48.682   567   590 D BluetoothAdapter: onBluetoothServiceUp: android.bluetooth.IBluetooth$Stub$Proxy@8db4f3d
09-01 01:04:48.682 14212 14224 I chatty  : uid=1002(bluetooth) com.android.bluetooth expire 1 line
09-01 01:04:48.688 14212 14235 I chatty  : uid=1002(bluetooth) com.android.bluetooth expire 1 line
09-01 01:04:48.714 14212 14238 I chatty  : uid=1002(bluetooth) com.android.bluetooth expire 7 lines
09-01 01:04:49.376 14212 14239 I chatty  : uid=1002(bluetooth) com.android.bluetooth expire 1 line
09-01 01:04:56.720 14212 14240 I chatty  : uid=1002(bluetooth) com.android.bluetooth expire 21 lines
09-01 01:04:56.726 14212 14241 I chatty  : uid=1002(bluetooth) com.android.bluetooth expire 2 lines
09-01 01:04:57.404   442  1163 I chatty  : uid=1000(system) Binder:442_8 expire 4 lines
09-01 01:04:57.404   670 12016 D BluetoothAdapter: onBluetoothServiceDown: android.bluetooth.IBluetooth$Stub$Proxy@1d970fa
09-01 01:04:57.404   442   462 D BluetoothAdapter: onBluetoothServiceDown: android.bluetooth.IBluetooth$Stub$Proxy@e15a80f
09-01 01:04:57.405   653   666 D BluetoothAdapter: onBluetoothServiceDown: android.bluetooth.IBluetooth$Stub$Proxy@6e2d08e
09-01 01:04:57.407   567   590 D BluetoothAdapter: onBluetoothServiceDown: android.bluetooth.IBluetooth$Stub$Proxy@8db4f3d
09-01 01:04:57.722 14242 14242 I chatty  : uid=1002(bluetooth) com.android.bluetooth expire 36 lines
09-01 01:04:57.767 14242 14259 I chatty  : uid=1002(bluetooth) com.android.bluetooth expire 12 lines
09-01 01:04:57.768 14242 14260 I chatty  : uid=1002(bluetooth) com.android.bluetooth expire 39 lines
09-01 01:04:57.770 14242 14263 I chatty  : uid=1002(bluetooth) com.android.bluetooth expire 4 lines
09-01 01:04:57.770 14242 14264 I chatty  : uid=1002(bluetooth) com.android.bluetooth expire 1 line
09-01 01:04:57.771 14242 14265 I chatty  : uid=1002(bluetooth) com.android.bluetooth expire 3 lines
09-01 01:04:57.780 14242 14256 I chatty  : uid=1002(bluetooth) com.android.bluetooth expire 2 lines
09-01 01:04:57.782   442   462 D BluetoothAdapter: onBluetoothServiceUp: android.bluetooth.IBluetooth$Stub$Proxy@c4472a0
09-01 01:04:57.782   670 12016 D BluetoothAdapter: onBluetoothServiceUp: android.bluetooth.IBluetooth$Stub$Proxy@55d76ab
09-01 01:04:57.783   653   666 D BluetoothAdapter: onBluetoothServiceUp: android.bluetooth.IBluetooth$Stub$Proxy@5f240af
09-01 01:04:57.783   567   590 D BluetoothAdapter: onBluetoothServiceUp: android.bluetooth.IBluetooth$Stub$Proxy@db38332
09-01 01:04:57.783 14242 14257 I chatty  : uid=1002(bluetooth) com.android.bluetooth expire 1 line
09-01 01:04:57.795 14242 14266 I chatty  : uid=1002(bluetooth) com.android.bluetooth expire 1 line
09-01 01:04:57.819 14242 14269 I chatty  : uid=1002(bluetooth) com.android.bluetooth expire 7 lines
09-01 01:04:58.480 14242 14270 I chatty  : uid=1002(bluetooth) com.android.bluetooth expire 1 line
09-01 01:05:05.825 14242 14271 I chatty  : uid=1002(bluetooth) com.android.bluetooth expire 21 lines
09-01 01:05:05.831 14242 14272 I chatty  : uid=1002(bluetooth) com.android.bluetooth expire 2 lines
09-01 01:05:06.510   442   462 D BluetoothAdapter: onBluetoothServiceDown: android.bluetooth.IBluetooth$Stub$Proxy@c4472a0
09-01 01:05:06.510   670 12016 D BluetoothAdapter: onBluetoothServiceDown: android.bluetooth.IBluetooth$Stub$Proxy@55d76ab
09-01 01:05:06.510   653   666 D BluetoothAdapter: onBluetoothServiceDown: android.bluetooth.IBluetooth$Stub$Proxy@5f240af
09-01 01:05:06.511   567   590 D BluetoothAdapter: onBluetoothServiceDown: android.bluetooth.IBluetooth$Stub$Proxy@db38332
09-01 01:05:06.828 14273 14273 I chatty  : uid=1002(bluetooth) com.android.bluetooth expire 36 lines
09-01 01:05:06.870 14273 14289 I chatty  : uid=1002(bluetooth) com.android.bluetooth expire 12 lines
09-01 01:05:06.870 14273 14290 I chatty  : uid=1002(bluetooth) com.android.bluetooth expire 39 lines
09-01 01:05:06.872 14273 14293 I chatty  : uid=1002(bluetooth) com.android.bluetooth expire 4 lines
09-01 01:05:06.873 14273 14294 I chatty  : uid=1002(bluetooth) com.android.bluetooth expire 1 line
09-01 01:05:06.874 14273 14295 I chatty  : uid=1002(bluetooth) com.android.bluetooth expire 3 lines
09-01 01:05:06.896 14273 14285 I chatty  : uid=1002(bluetooth) com.android.bluetooth expire 3 lines
09-01 01:05:06.898   442   462 D BluetoothAdapter: onBluetoothServiceUp: android.bluetooth.IBluetooth$Stub$Proxy@43de3cd
09-01 01:05:06.898   670 12016 D BluetoothAdapter: onBluetoothServiceUp: android.bluetooth.IBluetooth$Stub$Proxy@635d108
09-01 01:05:06.898   653   666 D BluetoothAdapter: onBluetoothServiceUp: android.bluetooth.IBluetooth$Stub$Proxy@e350cbc
09-01 01:05:06.898   567   590 D BluetoothAdapter: onBluetoothServiceUp: android.bluetooth.IBluetooth$Stub$Proxy@2144883
09-01 01:05:06.917 14273 14296 I chatty  : uid=1002(bluetooth) com.android.bluetooth expire 1 line
09-01 01:05:06.944 14273 14299 I chatty  : uid=1002(bluetooth) com.android.bluetooth expire 7 lines
09-01 01:05:07.604 14273 14300 I chatty  : uid=1002(bluetooth) com.android.bluetooth expire 1 line
09-01 01:05:14.950 14273 14301 I chatty  : uid=1002(bluetooth) com.android.bluetooth expire 21 lines
09-01 01:05:14.959 14273 14302 I chatty  : uid=1002(bluetooth) com.android.bluetooth expire 2 lines
09-01 01:05:15.633   442   462 D BluetoothAdapter: onBluetoothServiceDown: android.bluetooth.IBluetooth$Stub$Proxy@43de3cd
09-01 01:05:15.633   670 12016 D BluetoothAdapter: onBluetoothServiceDown: android.bluetooth.IBluetooth$Stub$Proxy@635d108
09-01 01:05:15.633   567   590 D BluetoothAdapter: onBluetoothServiceDown: android.bluetooth.IBluetooth$Stub$Proxy@2144883
09-01 01:05:15.633   653   666 D BluetoothAdapter: onBluetoothServiceDown: android.bluetooth.IBluetooth$Stub$Proxy@e350cbc
09-01 01:05:15.954 14303 14303 I chatty  : uid=1002(bluetooth) com.android.bluetooth expire 36 lines
09-01 01:05:16.000 14303 14321 I chatty  : uid=1002(bluetooth) com.android.bluetooth expire 39 lines
09-01 01:05:16.000 14303 14320 I chatty  : uid=1002(bluetooth) com.android.bluetooth expire 12 lines
09-01 01:05:16.002 14303 14324 I chatty  : uid=1002(bluetooth) com.android.bluetooth expire 4 lines
09-01 01:05:16.002 14303 14325 I chatty  : uid=1002(bluetooth) com.android.bluetooth expire 1 line
09-01 01:05:16.003 14303 14326 I chatty  : uid=1002(bluetooth) com.android.bluetooth expire 3 lines
09-01 01:05:16.013 14303 14316 I chatty  : uid=1002(bluetooth) com.android.bluetooth expire 2 lines
09-01 01:05:16.015   442   462 D BluetoothAdapter: onBluetoothServiceUp: android.bluetooth.IBluetooth$Stub$Proxy@4daa1a6
09-01 01:05:16.015   670 12016 D BluetoothAdapter: onBluetoothServiceUp: android.bluetooth.IBluetooth$Stub$Proxy@ecaa0a1
09-01 01:05:16.016   567   590 D BluetoothAdapter: onBluetoothServiceUp: android.bluetooth.IBluetooth$Stub$Proxy@90cfa00
09-01 01:05:16.016   653   666 D BluetoothAdapter: onBluetoothServiceUp: android.bluetooth.IBluetooth$Stub$Proxy@bdfe445
09-01 01:05:16.022 14303 14318 I chatty  : uid=1002(bluetooth) com.android.bluetooth expire 1 line
09-01 01:05:16.030 14303 14327 I chatty  : uid=1002(bluetooth) com.android.bluetooth expire 1 line
09-01 01:05:16.052 14303 14330 I chatty  : uid=1002(bluetooth) com.android.bluetooth expire 7 lines
09-01 01:05:16.713 14303 14331 I chatty  : uid=1002(bluetooth) com.android.bluetooth expire 1 line
09-01 01:05:24.057 14303 14332 I chatty  : uid=1002(bluetooth) com.android.bluetooth expire 21 lines
09-01 01:05:24.064 14303 14333 I chatty  : uid=1002(bluetooth) com.android.bluetooth expire 2 lines
09-01 01:05:24.745   442   462 D BluetoothAdapter: onBluetoothServiceDown: android.bluetooth.IBluetooth$Stub$Proxy@4daa1a6
09-01 01:05:24.745   670 12016 D BluetoothAdapter: onBluetoothServiceDown: android.bluetooth.IBluetooth$Stub$Proxy@ecaa0a1
09-01 01:05:24.746   567   590 D BluetoothAdapter: onBluetoothServiceDown: android.bluetooth.IBluetooth$Stub$Proxy@90cfa00
09-01 01:05:24.746   653   666 D BluetoothAdapter: onBluetoothServiceDown: android.bluetooth.IBluetooth$Stub$Proxy@bdfe445
09-01 01:05:25.063 14334 14334 I chatty  : uid=1002(bluetooth) com.android.bluetooth expire 36 lines
09-01 01:05:25.107 14334 14350 I chatty  : uid=1002(bluetooth) com.android.bluetooth expire 12 lines
09-01 01:05:25.107 14334 14351 I chatty  : uid=1002(bluetooth) com.android.bluetooth expire 39 lines
09-01 01:05:25.109 14334 14354 I chatty  : uid=1002(bluetooth) com.android.bluetooth expire 4 lines
09-01 01:05:25.109 14334 14355 I chatty  : uid=1002(bluetooth) com.android.bluetooth expire 1 line
09-01 01:05:25.110 14334 14356 I chatty  : uid=1002(bluetooth) com.android.bluetooth expire 3 lines
09-01 01:05:25.133 14334 14348 I chatty  : uid=1002(bluetooth) com.android.bluetooth expire 3 lines
09-01 01:05:25.135   670 12016 D BluetoothAdapter: onBluetoothServiceUp: android.bluetooth.IBluetooth$Stub$Proxy@6bda2c6
09-01 01:05:25.135   442   462 D BluetoothAdapter: onBluetoothServiceUp: android.bluetooth.IBluetooth$Stub$Proxy@552b018
09-01 01:05:25.136   567   590 D BluetoothAdapter: onBluetoothServiceUp: android.bluetooth.IBluetooth$Stub$Proxy@ab2a239
09-01 01:05:25.136   653   666 D BluetoothAdapter: onBluetoothServiceUp: android.bluetooth.IBluetooth$Stub$Proxy@83f679a
09-01 01:05:25.139 14334 14357 I chatty  : uid=1002(bluetooth) com.android.bluetooth expire 1 line
09-01 01:05:25.155 14334 14360 I chatty  : uid=1002(bluetooth) com.android.bluetooth expire 7 lines
09-01 01:05:25.818 14334 14361 I chatty  : uid=1002(bluetooth) com.android.bluetooth expire 1 line
09-01 01:05:33.161 14334 14362 I chatty  : uid=1002(bluetooth) com.android.bluetooth expire 21 lines
09-01 01:05:33.166 14334 14363 I chatty  : uid=1002(bluetooth) com.android.bluetooth expire 2 lines
09-01 01:05:33.851   670 12016 D BluetoothAdapter: onBluetoothServiceDown: android.bluetooth.IBluetooth$Stub$Proxy@6bda2c6
09-01 01:05:33.851   442   462 D BluetoothAdapter: onBluetoothServiceDown: android.bluetooth.IBluetooth$Stub$Proxy@552b018
09-01 01:05:33.851   567   590 D BluetoothAdapter: onBluetoothServiceDown: android.bluetooth.IBluetooth$Stub$Proxy@ab2a239
09-01 01:05:33.851   653   666 D BluetoothAdapter: onBluetoothServiceDown: android.bluetooth.IBluetooth$Stub$Proxy@83f679a
09-01 01:05:34.165 14364 14364 I chatty  : uid=1002(bluetooth) com.android.bluetooth expire 36 lines
09-01 01:05:34.209 14364 14381 I chatty  : uid=1002(bluetooth) com.android.bluetooth expire 12 lines
09-01 01:05:34.210 14364 14382 I chatty  : uid=1002(bluetooth) com.android.bluetooth expire 39 lines
09-01 01:05:34.212 14364 14385 I chatty  : uid=1002(bluetooth) com.android.bluetooth expire 4 lines
09-01 01:05:34.212 14364 14386 I chatty  : uid=1002(bluetooth) com.android.bluetooth expire 1 line
09-01 01:05:34.213 14364 14387 I chatty  : uid=1002(bluetooth) com.android.bluetooth expire 3 lines
09-01 01:05:34.223 14364 14379 I chatty  : uid=1002(bluetooth) com.android.bluetooth expire 2 lines
09-01 01:05:34.226   442   462 D BluetoothAdapter: onBluetoothServiceUp: android.bluetooth.IBluetooth$Stub$Proxy@1e86465
09-01 01:05:34.226   670 12016 D BluetoothAdapter: onBluetoothServiceUp: android.bluetooth.IBluetooth$Stub$Proxy@17ad287
09-01 01:05:34.226   567   590 D BluetoothAdapter: onBluetoothServiceUp: android.bluetooth.IBluetooth$Stub$Proxy@c92a07e
09-01 01:05:34.227   653   666 D BluetoothAdapter: onBluetoothServiceUp: android.bluetooth.IBluetooth$Stub$Proxy@fac38cb
09-01 01:05:34.231 14364 14376 I chatty  : uid=1002(bluetooth) com.android.bluetooth expire 1 line
09-01 01:05:34.236 14364 14388 I chatty  : uid=1002(bluetooth) com.android.bluetooth expire 1 line
09-01 01:05:34.261 14364 14391 I chatty  : uid=1002(bluetooth) com.android.bluetooth expire 7 lines
09-01 01:05:34.921 14364 14392 I chatty  : uid=1002(bluetooth) com.android.bluetooth expire 1 line
09-01 01:05:42.267 14364 14393 I chatty  : uid=1002(bluetooth) com.android.bluetooth expire 21 lines
09-01 01:05:42.272 14364 14394 I chatty  : uid=1002(bluetooth) com.android.bluetooth expire 2 lines
09-01 01:05:42.952   442   462 D BluetoothAdapter: onBluetoothServiceDown: android.bluetooth.IBluetooth$Stub$Proxy@1e86465
09-01 01:05:42.952   670 12016 D BluetoothAdapter: onBluetoothServiceDown: android.bluetooth.IBluetooth$Stub$Proxy@17ad287
09-01 01:05:42.952   653   666 D BluetoothAdapter: onBluetoothServiceDown: android.bluetooth.IBluetooth$Stub$Proxy@fac38cb
09-01 01:05:42.952   567   590 D BluetoothAdapter: onBluetoothServiceDown: android.bluetooth.IBluetooth$Stub$Proxy@c92a07e
09-01 01:05:43.270 14395 14395 I chatty  : uid=1002(bluetooth) com.android.bluetooth expire 36 lines
09-01 01:05:43.312 14395 14412 I chatty  : uid=1002(bluetooth) com.android.bluetooth expire 12 lines
09-01 01:05:43.312 14395 14413 I chatty  : uid=1002(bluetooth) com.android.bluetooth expire 39 lines
09-01 01:05:43.317 14395 14416 I chatty  : uid=1002(bluetooth) com.android.bluetooth expire 2 lines
09-01 01:05:43.317 14395 14417 I chatty  : uid=1002(bluetooth) com.android.bluetooth expire 1 line
09-01 01:05:43.319 14395 14418 I chatty  : uid=1002(bluetooth) com.android.bluetooth expire 3 lines
09-01 01:05:43.334 14395 14410 I chatty  : uid=1002(bluetooth) com.android.bluetooth expire 2 lines
09-01 01:05:43.338   442   462 D BluetoothAdapter: onBluetoothServiceUp: android.bluetooth.IBluetooth$Stub$Proxy@256f6bf
09-01 01:05:43.338   670 12016 D BluetoothAdapter: onBluetoothServiceUp: android.bluetooth.IBluetooth$Stub$Proxy@8daf5b4
09-01 01:05:43.338   653   666 D BluetoothAdapter: onBluetoothServiceUp: android.bluetooth.IBluetooth$Stub$Proxy@da438a8
09-01 01:05:43.338   567   590 D BluetoothAdapter: onBluetoothServiceUp: android.bluetooth.IBluetooth$Stub$Proxy@6c8e9df
09-01 01:05:43.342 14395 14408 I chatty  : uid=1002(bluetooth) com.android.bluetooth expire 1 line
09-01 01:05:43.350 14395 14419 I chatty  : uid=1002(bluetooth) com.android.bluetooth expire 1 line
09-01 01:05:43.366 14395 14422 I chatty  : uid=1002(bluetooth) com.android.bluetooth expire 7 lines
09-01 01:05:44.028 14395 14423 I chatty  : uid=1002(bluetooth) com.android.bluetooth expire 1 line
09-01 01:05:51.374 14395 14424 I chatty  : uid=1002(bluetooth) com.android.bluetooth expire 21 lines
09-01 01:05:51.380 14395 14425 I chatty  : uid=1002(bluetooth) com.android.bluetooth expire 2 lines
09-01 01:05:52.029 14395 14416 I chatty  : uid=1002(bluetooth) com.android.bluetooth expire 2 lines
09-01 01:05:52.054   442  1307 I chatty  : uid=1000(system) Binder:442_C expire 12 lines
09-01 01:05:52.057   442   462 D BluetoothAdapter: onBluetoothServiceDown: android.bluetooth.IBluetooth$Stub$Proxy@256f6bf
09-01 01:05:52.057   670 12016 D BluetoothAdapter: onBluetoothServiceDown: android.bluetooth.IBluetooth$Stub$Proxy@8daf5b4
09-01 01:05:52.058   567   590 D BluetoothAdapter: onBluetoothServiceDown: android.bluetooth.IBluetooth$Stub$Proxy@6c8e9df
09-01 01:05:52.059   653   666 D BluetoothAdapter: onBluetoothServiceDown: android.bluetooth.IBluetooth$Stub$Proxy@da438a8
09-01 01:05:52.258   442   462 I chatty  : uid=1000(system) android.io expire 119 lines
09-01 01:05:52.376 14426 14426 I chatty  : uid=1002(bluetooth) com.android.bluetooth expire 36 lines
09-01 01:05:52.421 14426 14442 I chatty  : uid=1002(bluetooth) com.android.bluetooth expire 12 lines
09-01 01:05:52.421 14426 14443 I chatty  : uid=1002(bluetooth) com.android.bluetooth expire 39 lines
09-01 01:05:52.423 14426 14446 I chatty  : uid=1002(bluetooth) com.android.bluetooth expire 4 lines
09-01 01:05:52.423 14426 14447 I chatty  : uid=1002(bluetooth) com.android.bluetooth expire 1 line
09-01 01:05:52.424 14426 14448 I chatty  : uid=1002(bluetooth) com.android.bluetooth expire 3 lines
09-01 01:05:52.433   442   442 I chatty  : uid=1000 system_server expire 59 lines
09-01 01:05:52.439 14426 14440 I chatty  : uid=1002(bluetooth) com.android.bluetooth expire 2 lines
09-01 01:05:52.441   442   462 D BluetoothAdapter: onBluetoothServiceUp: android.bluetooth.IBluetooth$Stub$Proxy@9e10d89
09-01 01:05:52.441   670 12016 D BluetoothAdapter: onBluetoothServiceUp: android.bluetooth.IBluetooth$Stub$Proxy@94fa5dd
09-01 01:05:52.442   653   666 D BluetoothAdapter: onBluetoothServiceUp: android.bluetooth.IBluetooth$Stub$Proxy@21f7fc1
09-01 01:05:52.442   567   590 D BluetoothAdapter: onBluetoothServiceUp: android.bluetooth.IBluetooth$Stub$Proxy@c47b62c
09-01 01:05:52.443 14426 14439 I chatty  : uid=1002(bluetooth) com.android.bluetooth expire 1 line
09-01 01:05:52.451 14426 14449 I chatty  : uid=1002(bluetooth) com.android.bluetooth expire 1 line
09-01 01:05:52.470 14426 14452 I chatty  : uid=1002(bluetooth) com.android.bluetooth expire 7 lines
09-01 01:05:53.133 14426 14453 I chatty  : uid=1002(bluetooth) com.android.bluetooth expire 1 line
09-01 01:06:00.475 14426 14455 I chatty  : uid=1002(bluetooth) com.android.bluetooth expire 21 lines
09-01 01:06:00.482 14426 14456 I chatty  : uid=1002(bluetooth) com.android.bluetooth expire 2 lines
09-01 01:06:01.167   442   462 D BluetoothAdapter: onBluetoothServiceDown: android.bluetooth.IBluetooth$Stub$Proxy@9e10d89
09-01 01:06:01.167   670 12016 D BluetoothAdapter: onBluetoothServiceDown: android.bluetooth.IBluetooth$Stub$Proxy@94fa5dd
09-01 01:06:01.167   653   666 D BluetoothAdapter: onBluetoothServiceDown: android.bluetooth.IBluetooth$Stub$Proxy@21f7fc1
09-01 01:06:01.168   567   590 D BluetoothAdapter: onBluetoothServiceDown: android.bluetooth.IBluetooth$Stub$Proxy@c47b62c
09-01 01:06:01.485 14457 14457 I chatty  : uid=1002(bluetooth) com.android.bluetooth expire 36 lines
09-01 01:06:01.546 14457 14473 I chatty  : uid=1002(bluetooth) com.android.bluetooth expire 12 lines
09-01 01:06:01.546 14457 14474 I chatty  : uid=1002(bluetooth) com.android.bluetooth expire 39 lines
09-01 01:06:01.548 14457 14477 I chatty  : uid=1002(bluetooth) com.android.bluetooth expire 2 lines
09-01 01:06:01.549 14457 14478 I chatty  : uid=1002(bluetooth) com.android.bluetooth expire 1 line
09-01 01:06:01.550 14457 14479 I chatty  : uid=1002(bluetooth) com.android.bluetooth expire 3 lines
09-01 01:06:01.560 14457 14471 I chatty  : uid=1002(bluetooth) com.android.bluetooth expire 2 lines
09-01 01:06:01.563   670 12016 D BluetoothAdapter: onBluetoothServiceUp: android.bluetooth.IBluetooth$Stub$Proxy@1612552
09-01 01:06:01.563   442   462 D BluetoothAdapter: onBluetoothServiceUp: android.bluetooth.IBluetooth$Stub$Proxy@44e3343
09-01 01:06:01.563   567   590 D BluetoothAdapter: onBluetoothServiceUp: android.bluetooth.IBluetooth$Stub$Proxy@61228f5
09-01 01:06:01.563   653   666 D BluetoothAdapter: onBluetoothServiceUp: android.bluetooth.IBluetooth$Stub$Proxy@9c6366
09-01 01:06:01.564 14457 14469 I chatty  : uid=1002(bluetooth) com.android.bluetooth expire 1 line
09-01 01:06:01.574 14457 14480 I chatty  : uid=1002(bluetooth) com.android.bluetooth expire 1 line
09-01 01:06:01.596 14457 14483 I chatty  : uid=1002(bluetooth) com.android.bluetooth expire 7 lines
09-01 01:06:02.255 14457 14484 I chatty  : uid=1002(bluetooth) com.android.bluetooth expire 1 line
09-01 01:06:03.282 14487 14487 D AndroidRuntime: >>>>>> START com.android.internal.os.RuntimeInit uid 0 <<<<<<
09-01 01:06:03.288 14487 14487 D AndroidRuntime: CheckJNI is OFF
09-01 01:06:03.404 14487 14487 D ICU     : No timezone override file found: /data/misc/zoneinfo/current/icu/icu_tzdata.dat
09-01 01:06:03.456 14487 14487 I Radio-JNI: register_android_hardware_Radio DONE
09-01 01:06:03.476 14487 14487 D AndroidRuntime: Calling main entry com.android.commands.input.Input
09-01 01:06:03.477 14487 14487 I Input   : injectKeyEvent: KeyEvent { action=ACTION_DOWN, keyCode=KEYCODE_MENU, scanCode=0, metaState=0, flags=0x0, repeatCount=0, eventTime=3964412, downTime=3964412, deviceId=-1, source=0x101 }
09-01 01:06:03.483 14487 14487 I Input   : injectKeyEvent: KeyEvent { action=ACTION_UP, keyCode=KEYCODE_MENU, scanCode=0, metaState=0, flags=0x0, repeatCount=0, eventTime=3964412, downTime=3964412, deviceId=-1, source=0x101 }
09-01 01:06:03.484 14487 14487 D AndroidRuntime: Shutting down VM
09-01 01:06:04.361 14497 14497 D AndroidRuntime: >>>>>> START com.android.internal.os.RuntimeInit uid 0 <<<<<<
09-01 01:06:04.367 14497 14497 D AndroidRuntime: CheckJNI is OFF
09-01 01:06:04.481 14497 14497 D ICU     : No timezone override file found: /data/misc/zoneinfo/current/icu/icu_tzdata.dat
09-01 01:06:04.532 14497 14497 I Radio-JNI: register_android_hardware_Radio DONE
09-01 01:06:04.552 14497 14497 D AndroidRuntime: Calling main entry com.android.commands.svc.Svc
09-01 01:06:04.556 14497 14497 D AndroidRuntime: Shutting down VM
09-01 01:06:09.602 14457 14507 I chatty  : uid=1002(bluetooth) com.android.bluetooth expire 21 lines
09-01 01:06:09.612 14457 14508 I chatty  : uid=1002(bluetooth) com.android.bluetooth expire 2 lines
09-01 01:06:10.257 14457 14477 I chatty  : uid=1002(bluetooth) com.android.bluetooth expire 2 lines
09-01 01:06:10.304   670 12016 D BluetoothAdapter: onBluetoothServiceDown: android.bluetooth.IBluetooth$Stub$Proxy@1612552
09-01 01:06:10.305   442   462 D BluetoothAdapter: onBluetoothServiceDown: android.bluetooth.IBluetooth$Stub$Proxy@44e3343
09-01 01:06:10.306   567   590 D BluetoothAdapter: onBluetoothServiceDown: android.bluetooth.IBluetooth$Stub$Proxy@61228f5
09-01 01:06:10.306   653   666 D BluetoothAdapter: onBluetoothServiceDown: android.bluetooth.IBluetooth$Stub$Proxy@9c6366
09-01 01:06:10.617 14509 14509 I chatty  : uid=1002(bluetooth) com.android.bluetooth expire 36 lines
09-01 01:06:10.664 14509 14525 I chatty  : uid=1002(bluetooth) com.android.bluetooth expire 12 lines
09-01 01:06:10.665 14509 14526 I chatty  : uid=1002(bluetooth) com.android.bluetooth expire 39 lines
09-01 01:06:10.668 14509 14529 I chatty  : uid=1002(bluetooth) com.android.bluetooth expire 4 lines
09-01 01:06:10.668 14509 14530 I chatty  : uid=1002(bluetooth) com.android.bluetooth expire 1 line
09-01 01:06:10.669 14509 14531 I chatty  : uid=1002(bluetooth) com.android.bluetooth expire 3 lines
09-01 01:06:10.681 14509 14523 I chatty  : uid=1002(bluetooth) com.android.bluetooth expire 2 lines
09-01 01:06:10.684   670 12016 D BluetoothAdapter: onBluetoothServiceUp: android.bluetooth.IBluetooth$Stub$Proxy@f281023
09-01 01:06:10.684   442   462 D BluetoothAdapter: onBluetoothServiceUp: android.bluetooth.IBluetooth$Stub$Proxy@6a5ee6d
09-01 01:06:10.684   653   666 D BluetoothAdapter: onBluetoothServiceUp: android.bluetooth.IBluetooth$Stub$Proxy@fc396a7
09-01 01:06:10.684   567   590 D BluetoothAdapter: onBluetoothServiceUp: android.bluetooth.IBluetooth$Stub$Proxy@b4468a
09-01 01:06:10.685 14509 14522 I chatty  : uid=1002(bluetooth) com.android.bluetooth expire 1 line
09-01 01:06:10.691 14509 14532 I chatty  : uid=1002(bluetooth) com.android.bluetooth expire 1 line
09-01 01:06:10.707 14509 14535 I chatty  : uid=1002(bluetooth) com.android.bluetooth expire 7 lines
09-01 01:06:11.365 14509 14536 I chatty  : uid=1002(bluetooth) com.android.bluetooth expire 1 line
09-01 01:06:18.712 14509 14537 I chatty  : uid=1002(bluetooth) com.android.bluetooth expire 21 lines
09-01 01:06:18.722 14509 14538 I chatty  : uid=1002(bluetooth) com.android.bluetooth expire 2 lines
09-01 01:06:19.411   442   669 I chatty  : uid=1000(system) Binder:442_5 expire 4 lines
09-01 01:06:19.412   442   462 D BluetoothAdapter: onBluetoothServiceDown: android.bluetooth.IBluetooth$Stub$Proxy@6a5ee6d
09-01 01:06:19.412   653   666 D BluetoothAdapter: onBluetoothServiceDown: android.bluetooth.IBluetooth$Stub$Proxy@fc396a7
09-01 01:06:19.412   670 12016 D BluetoothAdapter: onBluetoothServiceDown: android.bluetooth.IBluetooth$Stub$Proxy@f281023
09-01 01:06:19.413   567   590 D BluetoothAdapter: onBluetoothServiceDown: android.bluetooth.IBluetooth$Stub$Proxy@b4468a
09-01 01:06:19.725 14540 14540 I chatty  : uid=1002(bluetooth) com.android.bluetooth expire 36 lines
09-01 01:06:19.773 14540 14557 I chatty  : uid=1002(bluetooth) com.android.bluetooth expire 39 lines
09-01 01:06:19.773 14540 14556 I chatty  : uid=1002(bluetooth) com.android.bluetooth expire 12 lines
09-01 01:06:19.777 14540 14560 I chatty  : uid=1002(bluetooth) com.android.bluetooth expire 2 lines
09-01 01:06:19.778 14540 14561 I chatty  : uid=1002(bluetooth) com.android.bluetooth expire 1 line
09-01 01:06:19.782 14540 14562 I chatty  : uid=1002(bluetooth) com.android.bluetooth expire 3 lines
09-01 01:06:19.798 14540 14554 I chatty  : uid=1002(bluetooth) com.android.bluetooth expire 2 lines
09-01 01:06:19.800   442   462 D BluetoothAdapter: onBluetoothServiceUp: android.bluetooth.IBluetooth$Stub$Proxy@4376187
09-01 01:06:19.800   670 12016 D BluetoothAdapter: onBluetoothServiceUp: android.bluetooth.IBluetooth$Stub$Proxy@70bb920
09-01 01:06:19.801   653   666 D BluetoothAdapter: onBluetoothServiceUp: android.bluetooth.IBluetooth$Stub$Proxy@a583754
09-01 01:06:19.801   567   590 D BluetoothAdapter: onBluetoothServiceUp: android.bluetooth.IBluetooth$Stub$Proxy@2fc44fb
09-01 01:06:19.802 14540 14552 I chatty  : uid=1002(bluetooth) com.android.bluetooth expire 1 line
09-01 01:06:19.811 14540 14563 I chatty  : uid=1002(bluetooth) com.android.bluetooth expire 1 line
09-01 01:06:19.826 14540 14566 I chatty  : uid=1002(bluetooth) com.android.bluetooth expire 7 lines
09-01 01:06:20.486 14540 14567 I chatty  : uid=1002(bluetooth) com.android.bluetooth expire 1 line
09-01 01:06:27.832 14540 14568 I chatty  : uid=1002(bluetooth) com.android.bluetooth expire 21 lines
09-01 01:06:27.837 14540 14569 I chatty  : uid=1002(bluetooth) com.android.bluetooth expire 2 lines
09-01 01:06:28.488 14540 14560 I chatty  : uid=1002(bluetooth) com.android.bluetooth expire 2 lines
09-01 01:06:28.513   442   453 I chatty  : uid=1000(system) Binder:442_1 expire 16 lines
09-01 01:06:28.518   442   462 D BluetoothAdapter: onBluetoothServiceDown: android.bluetooth.IBluetooth$Stub$Proxy@4376187
09-01 01:06:28.519   670 12016 D BluetoothAdapter: onBluetoothServiceDown: android.bluetooth.IBluetooth$Stub$Proxy@70bb920
09-01 01:06:28.519   653   666 D BluetoothAdapter: onBluetoothServiceDown: android.bluetooth.IBluetooth$Stub$Proxy@a583754
09-01 01:06:28.519   567   590 D BluetoothAdapter: onBluetoothServiceDown: android.bluetooth.IBluetooth$Stub$Proxy@2fc44fb
09-01 01:06:28.838 14570 14570 I chatty  : uid=1002(bluetooth) com.android.bluetooth expire 36 lines
09-01 01:06:28.883 14570 14586 I chatty  : uid=1002(bluetooth) com.android.bluetooth expire 12 lines
09-01 01:06:28.883 14570 14587 I chatty  : uid=1002(bluetooth) com.android.bluetooth expire 39 lines
09-01 01:06:28.885 14570 14590 I chatty  : uid=1002(bluetooth) com.android.bluetooth expire 4 lines
09-01 01:06:28.885 14570 14591 I chatty  : uid=1002(bluetooth) com.android.bluetooth expire 1 line
09-01 01:06:28.887 14570 14592 I chatty  : uid=1002(bluetooth) com.android.bluetooth expire 3 lines
09-01 01:06:28.898 14570 14584 I chatty  : uid=1002(bluetooth) com.android.bluetooth expire 2 lines
09-01 01:06:28.901   670 12016 D BluetoothAdapter: onBluetoothServiceUp: android.bluetooth.IBluetooth$Stub$Proxy@125c2d9
09-01 01:06:28.901   442   462 D BluetoothAdapter: onBluetoothServiceUp: android.bluetooth.IBluetooth$Stub$Proxy@f8ff38
09-01 01:06:28.901   653   666 D BluetoothAdapter: onBluetoothServiceUp: android.bluetooth.IBluetooth$Stub$Proxy@76356fd
09-01 01:06:28.901   567   590 D BluetoothAdapter: onBluetoothServiceUp: android.bluetooth.IBluetooth$Stub$Proxy@7900918
09-01 01:06:28.902 14570 14583 I chatty  : uid=1002(bluetooth) com.android.bluetooth expire 1 line
09-01 01:06:28.911 14570 14593 I chatty  : uid=1002(bluetooth) com.android.bluetooth expire 1 line
09-01 01:06:28.927 14570 14596 I chatty  : uid=1002(bluetooth) com.android.bluetooth expire 7 lines
09-01 01:06:29.587 14570 14597 I chatty  : uid=1002(bluetooth) com.android.bluetooth expire 1 line
09-01 01:06:36.932 14570 14598 I chatty  : uid=1002(bluetooth) com.android.bluetooth expire 21 lines
09-01 01:06:36.942 14570 14599 I chatty  : uid=1002(bluetooth) com.android.bluetooth expire 2 lines
09-01 01:06:37.619   442   462 D BluetoothAdapter: onBluetoothServiceDown: android.bluetooth.IBluetooth$Stub$Proxy@f8ff38
09-01 01:06:37.619   670 12016 D BluetoothAdapter: onBluetoothServiceDown: android.bluetooth.IBluetooth$Stub$Proxy@125c2d9
09-01 01:06:37.619   653   666 D BluetoothAdapter: onBluetoothServiceDown: android.bluetooth.IBluetooth$Stub$Proxy@76356fd
09-01 01:06:37.624   567   590 D BluetoothAdapter: onBluetoothServiceDown: android.bluetooth.IBluetooth$Stub$Proxy@7900918
09-01 01:06:37.951 14600 14600 I chatty  : uid=1002(bluetooth) com.android.bluetooth expire 36 lines
09-01 01:06:37.997 14600 14616 I chatty  : uid=1002(bluetooth) com.android.bluetooth expire 12 lines
09-01 01:06:37.999 14600 14617 I chatty  : uid=1002(bluetooth) com.android.bluetooth expire 39 lines
09-01 01:06:38.002 14600 14620 I chatty  : uid=1002(bluetooth) com.android.bluetooth expire 2 lines
09-01 01:06:38.003 14600 14621 I chatty  : uid=1002(bluetooth) com.android.bluetooth expire 1 line
09-01 01:06:38.004 14600 14622 I chatty  : uid=1002(bluetooth) com.android.bluetooth expire 3 lines
09-01 01:06:38.016 14600 14612 I chatty  : uid=1002(bluetooth) com.android.bluetooth expire 2 lines
09-01 01:06:38.018   670 12016 D BluetoothAdapter: onBluetoothServiceUp: android.bluetooth.IBluetooth$Stub$Proxy@b48449e
09-01 01:06:38.018   442   462 D BluetoothAdapter: onBluetoothServiceUp: android.bluetooth.IBluetooth$Stub$Proxy@bb6f305
09-01 01:06:38.018   653   666 D BluetoothAdapter: onBluetoothServiceUp: android.bluetooth.IBluetooth$Stub$Proxy@e7b4ff2
09-01 01:06:38.018   567   590 D BluetoothAdapter: onBluetoothServiceUp: android.bluetooth.IBluetooth$Stub$Proxy@ba95f71
09-01 01:06:38.019 14600 14614 I chatty  : uid=1002(bluetooth) com.android.bluetooth expire 1 line
09-01 01:06:38.028 14600 14623 I chatty  : uid=1002(bluetooth) com.android.bluetooth expire 1 line
09-01 01:06:38.043 14600 14626 I chatty  : uid=1002(bluetooth) com.android.bluetooth expire 7 lines
09-01 01:06:38.703 14600 14627 I chatty  : uid=1002(bluetooth) com.android.bluetooth expire 1 line
09-01 01:06:46.050 14600 14628 I chatty  : uid=1002(bluetooth) com.android.bluetooth expire 21 lines
09-01 01:06:46.056 14600 14629 I chatty  : uid=1002(bluetooth) com.android.bluetooth expire 2 lines
09-01 01:06:46.706 14600 14620 I chatty  : uid=1002(bluetooth) com.android.bluetooth expire 2 lines
09-01 01:06:46.729   442  1582 I chatty  : uid=1000(system) Binder:442_13 expire 8 lines
09-01 01:06:46.732   442   462 D BluetoothAdapter: onBluetoothServiceDown: android.bluetooth.IBluetooth$Stub$Proxy@bb6f305
09-01 01:06:46.732   670 12016 D BluetoothAdapter: onBluetoothServiceDown: android.bluetooth.IBluetooth$Stub$Proxy@b48449e
09-01 01:06:46.733   653   666 D BluetoothAdapter: onBluetoothServiceDown: android.bluetooth.IBluetooth$Stub$Proxy@e7b4ff2
09-01 01:06:46.733   567   590 D BluetoothAdapter: onBluetoothServiceDown: android.bluetooth.IBluetooth$Stub$Proxy@ba95f71
09-01 01:06:47.064 14630 14630 I chatty  : uid=1002(bluetooth) com.android.bluetooth expire 36 lines
09-01 01:06:47.105 14630 14646 I chatty  : uid=1002(bluetooth) com.android.bluetooth expire 12 lines
09-01 01:06:47.105 14630 14647 I chatty  : uid=1002(bluetooth) com.android.bluetooth expire 39 lines
09-01 01:06:47.107 14630 14650 I chatty  : uid=1002(bluetooth) com.android.bluetooth expire 4 lines
09-01 01:06:47.107 14630 14651 I chatty  : uid=1002(bluetooth) com.android.bluetooth expire 1 line
09-01 01:06:47.108 14630 14652 I chatty  : uid=1002(bluetooth) com.android.bluetooth expire 3 lines
09-01 01:06:47.119 14630 14644 I chatty  : uid=1002(bluetooth) com.android.bluetooth expire 2 lines
09-01 01:06:47.121   670 12016 D BluetoothAdapter: onBluetoothServiceUp: android.bluetooth.IBluetooth$Stub$Proxy@2e18b7f
09-01 01:06:47.121   442   462 D BluetoothAdapter: onBluetoothServiceUp: android.bluetooth.IBluetooth$Stub$Proxy@e23b4fe
09-01 01:06:47.122   653   666 D BluetoothAdapter: onBluetoothServiceUp: android.bluetooth.IBluetooth$Stub$Proxy@408f643
09-01 01:06:47.122   567   590 D BluetoothAdapter: onBluetoothServiceUp: android.bluetooth.IBluetooth$Stub$Proxy@4984156
09-01 01:06:47.122 14630 14642 I chatty  : uid=1002(bluetooth) com.android.bluetooth expire 1 line
09-01 01:06:47.135 14630 14653 I chatty  : uid=1002(bluetooth) com.android.bluetooth expire 1 line
09-01 01:06:47.153 14630 14656 I chatty  : uid=1002(bluetooth) com.android.bluetooth expire 7 lines
09-01 01:06:47.813 14630 14657 I chatty  : uid=1002(bluetooth) com.android.bluetooth expire 1 line
09-01 01:06:55.159 14630 14658 I chatty  : uid=1002(bluetooth) com.android.bluetooth expire 21 lines
09-01 01:06:55.164 14630 14659 I chatty  : uid=1002(bluetooth) com.android.bluetooth expire 2 lines
09-01 01:06:55.841   442   462 D BluetoothAdapter: onBluetoothServiceDown: android.bluetooth.IBluetooth$Stub$Proxy@e23b4fe
09-01 01:06:55.841   670 12016 D BluetoothAdapter: onBluetoothServiceDown: android.bluetooth.IBluetooth$Stub$Proxy@2e18b7f
09-01 01:06:55.841   653   666 D BluetoothAdapter: onBluetoothServiceDown: android.bluetooth.IBluetooth$Stub$Proxy@408f643
09-01 01:06:55.841   567   590 D BluetoothAdapter: onBluetoothServiceDown: android.bluetooth.IBluetooth$Stub$Proxy@4984156
09-01 01:06:56.159 14660 14660 I chatty  : uid=1002(bluetooth) com.android.bluetooth expire 36 lines
09-01 01:06:56.209 14660 14675 I chatty  : uid=1002(bluetooth) com.android.bluetooth expire 12 lines
09-01 01:06:56.210 14660 14676 I chatty  : uid=1002(bluetooth) com.android.bluetooth expire 39 lines
09-01 01:06:56.212 14660 14679 I chatty  : uid=1002(bluetooth) com.android.bluetooth expire 2 lines
09-01 01:06:56.212 14660 14680 I chatty  : uid=1002(bluetooth) com.android.bluetooth expire 1 line
09-01 01:06:56.213 14660 14681 I chatty  : uid=1002(bluetooth) com.android.bluetooth expire 3 lines
09-01 01:06:56.222 14660 14673 I chatty  : uid=1002(bluetooth) com.android.bluetooth expire 3 lines
09-01 01:06:56.224   442   462 D BluetoothAdapter: onBluetoothServiceUp: android.bluetooth.IBluetooth$Stub$Proxy@6c80af3
09-01 01:06:56.224   670 12016 D BluetoothAdapter: onBluetoothServiceUp: android.bluetooth.IBluetooth$Stub$Proxy@5c3474c
09-01 01:06:56.225   653   666 D BluetoothAdapter: onBluetoothServiceUp: android.bluetooth.IBluetooth$Stub$Proxy@dab74c0
09-01 01:06:56.225   567   590 D BluetoothAdapter: onBluetoothServiceUp: android.bluetooth.IBluetooth$Stub$Proxy@74035d7
09-01 01:06:56.230 14660 14682 I chatty  : uid=1002(bluetooth) com.android.bluetooth expire 1 line
09-01 01:06:56.256 14660 14686 I chatty  : uid=1002(bluetooth) com.android.bluetooth expire 7 lines
09-01 01:06:56.917 14660 14687 I chatty  : uid=1002(bluetooth) com.android.bluetooth expire 1 line
09-01 01:07:04.261 14660 14688 I chatty  : uid=1002(bluetooth) com.android.bluetooth expire 21 lines
09-01 01:07:04.271 14660 14689 I chatty  : uid=1002(bluetooth) com.android.bluetooth expire 2 lines
09-01 01:07:04.918 14660 14679 I chatty  : uid=1002(bluetooth) com.android.bluetooth expire 2 lines
09-01 01:07:04.972   442   462 D BluetoothAdapter: onBluetoothServiceDown: android.bluetooth.IBluetooth$Stub$Proxy@6c80af3
09-01 01:07:04.972   670 12016 D BluetoothAdapter: onBluetoothServiceDown: android.bluetooth.IBluetooth$Stub$Proxy@5c3474c
09-01 01:07:04.972   567   590 D BluetoothAdapter: onBluetoothServiceDown: android.bluetooth.IBluetooth$Stub$Proxy@74035d7
09-01 01:07:04.972   653   666 D BluetoothAdapter: onBluetoothServiceDown: android.bluetooth.IBluetooth$Stub$Proxy@dab74c0
09-01 01:07:05.306 14690 14690 I chatty  : uid=1002(bluetooth) com.android.bluetooth expire 36 lines
09-01 01:07:05.349 14690 14706 I chatty  : uid=1002(bluetooth) com.android.bluetooth expire 12 lines
09-01 01:07:05.349 14690 14707 I chatty  : uid=1002(bluetooth) com.android.bluetooth expire 39 lines
09-01 01:07:05.351 14690 14710 I chatty  : uid=1002(bluetooth) com.android.bluetooth expire 4 lines
09-01 01:07:05.351 14690 14711 I chatty  : uid=1002(bluetooth) com.android.bluetooth expire 1 line
09-01 01:07:05.352 14690 14712 I chatty  : uid=1002(bluetooth) com.android.bluetooth expire 3 lines
09-01 01:07:05.362 14690 14704 I chatty  : uid=1002(bluetooth) com.android.bluetooth expire 2 lines
09-01 01:07:05.366   670 12016 D BluetoothAdapter: onBluetoothServiceUp: android.bluetooth.IBluetooth$Stub$Proxy@4a6b395
09-01 01:07:05.366   442   462 D BluetoothAdapter: onBluetoothServiceUp: android.bluetooth.IBluetooth$Stub$Proxy@7cd5974
09-01 01:07:05.366   653   666 D BluetoothAdapter: onBluetoothServiceUp: android.bluetooth.IBluetooth$Stub$Proxy@c1365f9
09-01 01:07:05.366   567   590 D BluetoothAdapter: onBluetoothServiceUp: android.bluetooth.IBluetooth$Stub$Proxy@2089ec4
09-01 01:07:05.367 14690 14703 I chatty  : uid=1002(bluetooth) com.android.bluetooth expire 1 line
09-01 01:07:05.372 14690 14713 I chatty  : uid=1002(bluetooth) com.android.bluetooth expire 1 line
09-01 01:07:05.391 14690 14716 I chatty  : uid=1002(bluetooth) com.android.bluetooth expire 7 lines
09-01 01:07:06.050 14690 14717 I chatty  : uid=1002(bluetooth) com.android.bluetooth expire 1 line
09-01 01:07:13.396 14690 14718 I chatty  : uid=1002(bluetooth) com.android.bluetooth expire 21 lines
09-01 01:07:13.402 14690 14719 I chatty  : uid=1002(bluetooth) com.android.bluetooth expire 2 lines
09-01 01:07:14.076   670 12016 D BluetoothAdapter: onBluetoothServiceDown: android.bluetooth.IBluetooth$Stub$Proxy@4a6b395
09-01 01:07:14.078   442   462 D BluetoothAdapter: onBluetoothServiceDown: android.bluetooth.IBluetooth$Stub$Proxy@7cd5974
09-01 01:07:14.079   653   666 D BluetoothAdapter: onBluetoothServiceDown: android.bluetooth.IBluetooth$Stub$Proxy@c1365f9
09-01 01:07:14.080   567   590 D BluetoothAdapter: onBluetoothServiceDown: android.bluetooth.IBluetooth$Stub$Proxy@2089ec4
09-01 01:07:14.406 14720 14720 I chatty  : uid=1002(bluetooth) com.android.bluetooth expire 36 lines
09-01 01:07:14.450 14720 14736 I chatty  : uid=1002(bluetooth) com.android.bluetooth expire 12 lines
09-01 01:07:14.451 14720 14737 I chatty  : uid=1002(bluetooth) com.android.bluetooth expire 38 lines
09-01 01:07:14.452 14720 14740 I chatty  : uid=1002(bluetooth) com.android.bluetooth expire 1 line
09-01 01:07:14.453 14720 14741 I chatty  : uid=1002(bluetooth) com.android.bluetooth expire 1 line
09-01 01:07:14.454 14720 14742 I chatty  : uid=1002(bluetooth) com.android.bluetooth expire 3 lines
09-01 01:07:14.469 14720 14734 I chatty  : uid=1002(bluetooth) com.android.bluetooth expire 2 lines
09-01 01:07:14.471   442   462 D BluetoothAdapter: onBluetoothServiceUp: android.bluetooth.IBluetooth$Stub$Proxy@3b790d1
09-01 01:07:14.471   670 12016 D BluetoothAdapter: onBluetoothServiceUp: android.bluetooth.IBluetooth$Stub$Proxy@ff00caa
09-01 01:07:14.471   653   666 D BluetoothAdapter: onBluetoothServiceUp: android.bluetooth.IBluetooth$Stub$Proxy@4ea793e
09-01 01:07:14.472   567   590 D BluetoothAdapter: onBluetoothServiceUp: android.bluetooth.IBluetooth$Stub$Proxy@da381ad
09-01 01:07:14.472 14720 14733 I chatty  : uid=1002(bluetooth) com.android.bluetooth expire 1 line
09-01 01:07:14.476 14720 14743 I chatty  : uid=1002(bluetooth) com.android.bluetooth expire 1 line
09-01 01:07:14.492 14720 14746 I chatty  : uid=1002(bluetooth) com.android.bluetooth expire 6 lines
09-01 01:07:15.152 14720 14747 I chatty  : uid=1002(bluetooth) com.android.bluetooth expire 1 line
09-01 01:07:15.153 14720 14746 I chatty  : uid=1002(bluetooth) com.android.bluetooth expire 1 line
09-01 01:07:22.496 14720 14740 I chatty  : uid=1002(bluetooth) com.android.bluetooth expire 3 lines
09-01 01:07:22.496 14720 14737 I chatty  : uid=1002(bluetooth) com.android.bluetooth expire 1 line
09-01 01:07:22.498 14720 14748 I chatty  : uid=1002(bluetooth) com.android.bluetooth expire 21 lines
09-01 01:07:22.505 14720 14749 I chatty  : uid=1002(bluetooth) com.android.bluetooth expire 2 lines
09-01 01:07:23.181   442   699 I chatty  : uid=1000(system) Binder:442_6 expire 4 lines
09-01 01:07:23.183   442   462 D BluetoothAdapter: onBluetoothServiceDown: android.bluetooth.IBluetooth$Stub$Proxy@3b790d1
09-01 01:07:23.183   670 12016 D BluetoothAdapter: onBluetoothServiceDown: android.bluetooth.IBluetooth$Stub$Proxy@ff00caa
09-01 01:07:23.184   653   666 D BluetoothAdapter: onBluetoothServiceDown: android.bluetooth.IBluetooth$Stub$Proxy@4ea793e
09-01 01:07:23.184   567   590 D BluetoothAdapter: onBluetoothServiceDown: android.bluetooth.IBluetooth$Stub$Proxy@da381ad
09-01 01:07:23.517 14750 14750 I chatty  : uid=1002(bluetooth) com.android.bluetooth expire 36 lines
09-01 01:07:23.562 14750 14767 I chatty  : uid=1002(bluetooth) com.android.bluetooth expire 12 lines
09-01 01:07:23.562 14750 14768 I chatty  : uid=1002(bluetooth) com.android.bluetooth expire 39 lines
09-01 01:07:23.564 14750 14771 I chatty  : uid=1002(bluetooth) com.android.bluetooth expire 4 lines
09-01 01:07:23.564 14750 14772 I chatty  : uid=1002(bluetooth) com.android.bluetooth expire 1 line
09-01 01:07:23.565 14750 14773 I chatty  : uid=1002(bluetooth) com.android.bluetooth expire 3 lines
09-01 01:07:23.575 14750 14765 I chatty  : uid=1002(bluetooth) com.android.bluetooth expire 2 lines
09-01 01:07:23.577   442   462 D BluetoothAdapter: onBluetoothServiceUp: android.bluetooth.IBluetooth$Stub$Proxy@f7c754b
09-01 01:07:23.577   670 12016 D BluetoothAdapter: onBluetoothServiceUp: android.bluetooth.IBluetooth$Stub$Proxy@28d609b
09-01 01:07:23.578   653   666 D BluetoothAdapter: onBluetoothServiceUp: android.bluetooth.IBluetooth$Stub$Proxy@cbab39f
09-01 01:07:23.578   567   590 D BluetoothAdapter: onBluetoothServiceUp: android.bluetooth.IBluetooth$Stub$Proxy@8ef1ce2
09-01 01:07:23.580 14750 14764 I chatty  : uid=1002(bluetooth) com.android.bluetooth expire 1 line
09-01 01:07:23.584 14750 14774 I chatty  : uid=1002(bluetooth) com.android.bluetooth expire 1 line
09-01 01:07:23.605 14750 14777 I chatty  : uid=1002(bluetooth) com.android.bluetooth expire 7 lines
09-01 01:07:24.264 14750 14778 I chatty  : uid=1002(bluetooth) com.android.bluetooth expire 1 line
09-01 01:07:31.613 14750 14779 I chatty  : uid=1002(bluetooth) com.android.bluetooth expire 21 lines
09-01 01:07:31.617 14750 14780 I chatty  : uid=1002(bluetooth) com.android.bluetooth expire 2 lines
09-01 01:07:32.292   442  1374 I chatty  : uid=1000(system) Binder:442_E expire 4 lines
09-01 01:07:32.292   442   462 D BluetoothAdapter: onBluetoothServiceDown: android.bluetooth.IBluetooth$Stub$Proxy@f7c754b
09-01 01:07:32.292   670 12016 D BluetoothAdapter: onBluetoothServiceDown: android.bluetooth.IBluetooth$Stub$Proxy@28d609b
09-01 01:07:32.293   653   666 D BluetoothAdapter: onBluetoothServiceDown: android.bluetooth.IBluetooth$Stub$Proxy@cbab39f
09-01 01:07:32.293   567   590 D BluetoothAdapter: onBluetoothServiceDown: android.bluetooth.IBluetooth$Stub$Proxy@8ef1ce2
09-01 01:07:32.631 14781 14781 I chatty  : uid=1002(bluetooth) com.android.bluetooth expire 36 lines
09-01 01:07:32.678 14781 14798 I chatty  : uid=1002(bluetooth) com.android.bluetooth expire 38 lines
09-01 01:07:32.678 14781 14797 I chatty  : uid=1002(bluetooth) com.android.bluetooth expire 12 lines
09-01 01:07:32.680 14781 14801 I chatty  : uid=1002(bluetooth) com.android.bluetooth expire 1 line
09-01 01:07:32.680 14781 14802 I chatty  : uid=1002(bluetooth) com.android.bluetooth expire 1 line
09-01 01:07:32.681 14781 14803 I chatty  : uid=1002(bluetooth) com.android.bluetooth expire 3 lines
09-01 01:07:32.692 14781 14795 I chatty  : uid=1002(bluetooth) com.android.bluetooth expire 2 lines
09-01 01:07:32.694   442   462 D BluetoothAdapter: onBluetoothServiceUp: android.bluetooth.IBluetooth$Stub$Proxy@be8576c
09-01 01:07:32.694   670 12016 D BluetoothAdapter: onBluetoothServiceUp: android.bluetooth.IBluetooth$Stub$Proxy@c838c38
09-01 01:07:32.694   653   666 D BluetoothAdapter: onBluetoothServiceUp: android.bluetooth.IBluetooth$Stub$Proxy@a331cec
09-01 01:07:32.694   567   590 D BluetoothAdapter: onBluetoothServiceUp: android.bluetooth.IBluetooth$Stub$Proxy@1685873
09-01 01:07:32.694 14781 14793 I chatty  : uid=1002(bluetooth) com.android.bluetooth expire 1 line
09-01 01:07:32.699 14781 14804 I chatty  : uid=1002(bluetooth) com.android.bluetooth expire 1 line
09-01 01:07:32.722 14781 14807 I chatty  : uid=1002(bluetooth) com.android.bluetooth expire 7 lines
09-01 01:07:33.382 14781 14808 I chatty  : uid=1002(bluetooth) com.android.bluetooth expire 1 line
09-01 01:07:40.727 14781 14801 I chatty  : uid=1002(bluetooth) com.android.bluetooth expire 3 lines
09-01 01:07:40.727 14781 14798 I chatty  : uid=1002(bluetooth) com.android.bluetooth expire 1 line
09-01 01:07:40.728 14781 14809 I chatty  : uid=1002(bluetooth) com.android.bluetooth expire 21 lines
09-01 01:07:40.734 14781 14810 I chatty  : uid=1002(bluetooth) com.android.bluetooth expire 2 lines
09-01 01:07:41.429   442  1452 I chatty  : uid=1000(system) Binder:442_10 expire 8 lines
09-01 01:07:41.435   442   462 D BluetoothAdapter: onBluetoothServiceDown: android.bluetooth.IBluetooth$Stub$Proxy@be8576c
09-01 01:07:41.435   670 12016 D BluetoothAdapter: onBluetoothServiceDown: android.bluetooth.IBluetooth$Stub$Proxy@c838c38
09-01 01:07:41.435   653   666 D BluetoothAdapter: onBluetoothServiceDown: android.bluetooth.IBluetooth$Stub$Proxy@a331cec
09-01 01:07:41.436   567   590 D BluetoothAdapter: onBluetoothServiceDown: android.bluetooth.IBluetooth$Stub$Proxy@1685873
09-01 01:07:41.759 14811 14811 I chatty  : uid=1002(bluetooth) com.android.bluetooth expire 36 lines
09-01 01:07:41.800 14811 14827 I chatty  : uid=1002(bluetooth) com.android.bluetooth expire 12 lines
09-01 01:07:41.801 14811 14828 I chatty  : uid=1002(bluetooth) com.android.bluetooth expire 39 lines
09-01 01:07:41.807 14811 14831 I chatty  : uid=1002(bluetooth) com.android.bluetooth expire 4 lines
09-01 01:07:41.808 14811 14832 I chatty  : uid=1002(bluetooth) com.android.bluetooth expire 1 line
09-01 01:07:41.809 14811 14833 I chatty  : uid=1002(bluetooth) com.android.bluetooth expire 3 lines
09-01 01:07:41.819 14811 14825 I chatty  : uid=1002(bluetooth) com.android.bluetooth expire 2 lines
09-01 01:07:41.821   670 12016 D BluetoothAdapter: onBluetoothServiceUp: android.bluetooth.IBluetooth$Stub$Proxy@40bf411
09-01 01:07:41.821   442   462 D BluetoothAdapter: onBluetoothServiceUp: android.bluetooth.IBluetooth$Stub$Proxy@91d3fe9
09-01 01:07:41.822   653   666 D BluetoothAdapter: onBluetoothServiceUp: android.bluetooth.IBluetooth$Stub$Proxy@51b68b5
09-01 01:07:41.822   567   590 D BluetoothAdapter: onBluetoothServiceUp: android.bluetooth.IBluetooth$Stub$Proxy@52e330
09-01 01:07:41.823 14811 14823 I chatty  : uid=1002(bluetooth) com.android.bluetooth expire 1 line
09-01 01:07:41.832 14811 14834 I chatty  : uid=1002(bluetooth) com.android.bluetooth expire 1 line
09-01 01:07:41.848 14811 14837 I chatty  : uid=1002(bluetooth) com.android.bluetooth expire 7 lines
09-01 01:07:42.507 14811 14838 I chatty  : uid=1002(bluetooth) com.android.bluetooth expire 1 line
09-01 01:07:49.856 14811 14839 I chatty  : uid=1002(bluetooth) com.android.bluetooth expire 21 lines
09-01 01:07:49.859 14811 14840 I chatty  : uid=1002(bluetooth) com.android.bluetooth expire 2 lines
09-01 01:07:50.535   442   462 D BluetoothAdapter: onBluetoothServiceDown: android.bluetooth.IBluetooth$Stub$Proxy@91d3fe9
09-01 01:07:50.535   670 12016 D BluetoothAdapter: onBluetoothServiceDown: android.bluetooth.IBluetooth$Stub$Proxy@40bf411
09-01 01:07:50.535   653   666 D BluetoothAdapter: onBluetoothServiceDown: android.bluetooth.IBluetooth$Stub$Proxy@51b68b5
09-01 01:07:50.535   567   590 D BluetoothAdapter: onBluetoothServiceDown: android.bluetooth.IBluetooth$Stub$Proxy@52e330
09-01 01:07:50.536   442   458 I chatty  : uid=1000(system) ActivityManager expire 1 line
09-01 01:07:50.855 14841 14841 I chatty  : uid=1002(bluetooth) com.android.bluetooth expire 36 lines
09-01 01:07:50.900 14841 14858 I chatty  : uid=1002(bluetooth) com.android.bluetooth expire 12 lines
09-01 01:07:50.900 14841 14859 I chatty  : uid=1002(bluetooth) com.android.bluetooth expire 34 lines
09-01 01:07:50.902 14841 14862 I chatty  : uid=1002(bluetooth) com.android.bluetooth expire 1 line
09-01 01:07:50.902 14841 14863 I chatty  : uid=1002(bluetooth) com.android.bluetooth expire 1 line
09-01 01:07:50.903 14841 14864 I chatty  : uid=1002(bluetooth) com.android.bluetooth expire 3 lines
09-01 01:07:50.914 14841 14855 I chatty  : uid=1002(bluetooth) com.android.bluetooth expire 2 lines
09-01 01:07:50.916   442   462 D BluetoothAdapter: onBluetoothServiceUp: android.bluetooth.IBluetooth$Stub$Proxy@7319dd2
09-01 01:07:50.916   670 12016 D BluetoothAdapter: onBluetoothServiceUp: android.bluetooth.IBluetooth$Stub$Proxy@39a4976
09-01 01:07:50.917   653   666 D BluetoothAdapter: onBluetoothServiceUp: android.bluetooth.IBluetooth$Stub$Proxy@790eb4a
