09-01 01:16:48.181 16660 16676 I chatty  : uid=1002(bluetooth) com.android.bluetooth expire 2 lines
09-01 01:16:48.183 16660 16677 I chatty  : uid=1002(bluetooth) com.android.bluetooth expire 19 lines
09-01 01:16:48.183 16660 16686 I chatty  : uid=1002(bluetooth) com.android.bluetooth expire 7 lines
09-01 01:16:48.844 16660 16687 I chatty  : uid=1002(bluetooth) com.android.bluetooth expire 1 line
09-01 01:16:56.188 16660 16680 I chatty  : uid=1002(bluetooth) com.android.bluetooth expire 3 lines
09-01 01:16:56.189 16660 16688 I chatty  : uid=1002(bluetooth) com.android.bluetooth expire 21 lines
09-01 01:16:56.196 16660 16689 I chatty  : uid=1002(bluetooth) com.android.bluetooth expire 2 lines
09-01 01:16:56.871   442   442 D BluetoothManagerService: BluetoothServiceConnection, disconnected: com.android.bluetooth.btservice.AdapterService
09-01 01:16:56.872   442  1339 I ActivityManager: Process com.android.bluetooth (pid 16660) has died
09-01 01:16:56.872   442  1339 D ActivityManager: cleanUpApplicationRecord -- 16660
09-01 01:16:56.872   442  1339 W ActivityManager: Scheduling restart of crashed service com.android.bluetooth/.gatt.GattService in 1000ms
09-01 01:16:56.872   442  1339 W ActivityManager: Scheduling restart of crashed service com.android.bluetooth/.btservice.AdapterService in 1000ms
09-01 01:16:56.872   442   462 E BluetoothManagerService: MESSAGE_BLUETOOTH_SERVICE_DISCONNECTED(1)
09-01 01:16:56.872   442   462 D BluetoothManagerService: Broadcasting onBluetoothServiceDown() to 4 receivers.
09-01 01:16:56.873   442   462 D BluetoothAdapter: onBluetoothServiceDown: android.bluetooth.IBluetooth$Stub$Proxy@1938fd0
09-01 01:16:56.873   670 12016 D BluetoothAdapter: onBluetoothServiceDown: android.bluetooth.IBluetooth$Stub$Proxy@b847d55
09-01 01:16:56.874   653   666 D BluetoothAdapter: onBluetoothServiceDown: android.bluetooth.IBluetooth$Stub$Proxy@1c33b9
09-01 01:16:56.874   567   590 D BluetoothAdapter: onBluetoothServiceDown: android.bluetooth.IBluetooth$Stub$Proxy@c5caf84
09-01 01:16:57.072   442   462 D BluetoothManagerService: MESSAGE_RESTART_BLUETOOTH_SERVICE
09-01 01:16:57.102   442   462 I ActivityManager: Start proc 16690:com.android.bluetooth/1002 for service com.android.bluetooth/.btservice.AdapterService
09-01 01:16:57.192 16690 16690 I chatty  : uid=1002(bluetooth) com.android.bluetooth expire 36 lines
09-01 01:16:57.233 16690 16707 I chatty  : uid=1002(bluetooth) com.android.bluetooth expire 12 lines
09-01 01:16:57.234 16690 16708 I chatty  : uid=1002(bluetooth) com.android.bluetooth expire 39 lines
09-01 01:16:57.237 16690 16711 I chatty  : uid=1002(bluetooth) com.android.bluetooth expire 4 lines
09-01 01:16:57.237 16690 16712 I chatty  : uid=1002(bluetooth) com.android.bluetooth expire 1 line
09-01 01:16:57.239 16690 16713 I chatty  : uid=1002(bluetooth) com.android.bluetooth expire 3 lines
09-01 01:16:57.244   442   442 D BluetoothManagerService: Bluetooth Adapter name changed to AOSP on navi_ref
09-01 01:16:57.245   442   442 D BluetoothManagerService: Stored Bluetooth name: AOSP on navi_ref
09-01 01:16:57.248   442   442 D BluetoothManagerService: BluetoothServiceConnection: com.android.bluetooth.btservice.AdapterService
09-01 01:16:57.248   442   462 D BluetoothManagerService: MESSAGE_BLUETOOTH_SERVICE_CONNECTED: 1
09-01 01:16:57.252 16690 16705 I chatty  : uid=1002(bluetooth) com.android.bluetooth expire 2 lines
09-01 01:16:57.255   442   462 D BluetoothManagerService: Broadcasting onBluetoothServiceUp() to 5 receivers.
09-01 01:16:57.255   670 12016 D BluetoothAdapter: onBluetoothServiceUp: android.bluetooth.IBluetooth$Stub$Proxy@a57736a
09-01 01:16:57.255   442   462 D BluetoothAdapter: onBluetoothServiceUp: android.bluetooth.IBluetooth$Stub$Proxy@689763d
09-01 01:16:57.255   653   666 D BluetoothAdapter: onBluetoothServiceUp: android.bluetooth.IBluetooth$Stub$Proxy@dda93fe
09-01 01:16:57.255   567   590 D BluetoothAdapter: onBluetoothServiceUp: android.bluetooth.IBluetooth$Stub$Proxy@509236d
09-01 01:16:57.256 16690 16704 I chatty  : uid=1002(bluetooth) com.android.bluetooth expire 1 line
09-01 01:16:57.264   442   462 D BluetoothManagerService: MESSAGE_BLUETOOTH_STATE_CHANGE: OFF > BLE_TURNING_ON
09-01 01:16:57.264   442   462 D BluetoothManagerService: Sending BLE State Change: OFF > BLE_TURNING_ON
09-01 01:16:57.267 16690 16714 I chatty  : uid=1002(bluetooth) com.android.bluetooth expire 1 line
09-01 01:16:57.291 16690 16717 I chatty  : uid=1002(bluetooth) com.android.bluetooth expire 7 lines
09-01 01:16:57.951 16690 16718 I chatty  : uid=1002(bluetooth) com.android.bluetooth expire 1 line
09-01 01:17:05.297 16690 16719 I chatty  : uid=1002(bluetooth) com.android.bluetooth expire 21 lines
09-01 01:17:05.304 16690 16720 I chatty  : uid=1002(bluetooth) com.android.bluetooth expire 2 lines
09-01 01:17:05.980   442  1408 I ActivityManager: Process com.android.bluetooth (pid 16690) has died
09-01 01:17:05.980   442  1408 D ActivityManager: cleanUpApplicationRecord -- 16690
09-01 01:17:05.980   442  1408 W ActivityManager: Scheduling restart of crashed service com.android.bluetooth/.gatt.GattService in 1000ms
09-01 01:17:05.980   442  1408 W ActivityManager: Scheduling restart of crashed service com.android.bluetooth/.btservice.AdapterService in 1000ms
09-01 01:17:05.981   442   442 D BluetoothManagerService: BluetoothServiceConnection, disconnected: com.android.bluetooth.btservice.AdapterService
09-01 01:17:05.981   442   462 E BluetoothManagerService: MESSAGE_BLUETOOTH_SERVICE_DISCONNECTED(1)
09-01 01:17:05.981   442   462 D BluetoothManagerService: Broadcasting onBluetoothServiceDown() to 4 receivers.
09-01 01:17:05.982   442   462 D BluetoothAdapter: onBluetoothServiceDown: android.bluetooth.IBluetooth$Stub$Proxy@689763d
09-01 01:17:05.982   670 12016 D BluetoothAdapter: onBluetoothServiceDown: android.bluetooth.IBluetooth$Stub$Proxy@a57736a
09-01 01:17:05.982   653   666 D BluetoothAdapter: onBluetoothServiceDown: android.bluetooth.IBluetooth$Stub$Proxy@dda93fe
09-01 01:17:05.982   567   590 D BluetoothAdapter: onBluetoothServiceDown: android.bluetooth.IBluetooth$Stub$Proxy@509236d
09-01 01:17:06.181   442   462 D BluetoothManagerService: MESSAGE_RESTART_BLUETOOTH_SERVICE
09-01 01:17:06.210   442   462 I ActivityManager: Start proc 16721:com.android.bluetooth/1002 for service com.android.bluetooth/.btservice.AdapterService
09-01 01:17:06.299 16721 16721 I chatty  : uid=1002(bluetooth) com.android.bluetooth expire 28 lines
09-01 01:17:06.340 16721 16737 I chatty  : uid=1002(bluetooth) com.android.bluetooth expire 10 lines
09-01 01:17:06.341 16721 16738 I chatty  : uid=1002(bluetooth) com.android.bluetooth expire 20 lines
09-01 01:17:06.343 16721 16741 I chatty  : uid=1002(bluetooth) com.android.bluetooth expire 1 line
09-01 01:17:06.344 16721 16742 I chatty  : uid=1002(bluetooth) com.android.bluetooth expire 1 line
09-01 01:17:06.346 16721 16743 I chatty  : uid=1002(bluetooth) com.android.bluetooth expire 3 lines
09-01 01:17:06.351   442   442 D BluetoothManagerService: Bluetooth Adapter name changed to AOSP on navi_ref
09-01 01:17:06.351   442   442 D BluetoothManagerService: Stored Bluetooth name: AOSP on navi_ref
09-01 01:17:06.355   442   442 D BluetoothManagerService: BluetoothServiceConnection: com.android.bluetooth.btservice.AdapterService
09-01 01:17:06.357   442   462 D BluetoothManagerService: MESSAGE_BLUETOOTH_SERVICE_CONNECTED: 1
09-01 01:17:06.358 16721 16735 I chatty  : uid=1002(bluetooth) com.android.bluetooth expire 2 lines
09-01 01:17:06.360   442   462 D BluetoothManagerService: Broadcasting onBluetoothServiceUp() to 5 receivers.
09-01 01:17:06.360   670 12016 D BluetoothAdapter: onBluetoothServiceUp: android.bluetooth.IBluetooth$Stub$Proxy@a62a05b
09-01 01:17:06.360   442   462 D BluetoothAdapter: onBluetoothServiceUp: android.bluetooth.IBluetooth$Stub$Proxy@14dec56
09-01 01:17:06.360   653   666 D BluetoothAdapter: onBluetoothServiceUp: android.bluetooth.IBluetooth$Stub$Proxy@39c975f
09-01 01:17:06.361   567   590 D BluetoothAdapter: onBluetoothServiceUp: android.bluetooth.IBluetooth$Stub$Proxy@fd7ba2
09-01 01:17:06.362 16721 16734 I chatty  : uid=1002(bluetooth) com.android.bluetooth expire 1 line
09-01 01:17:06.363   442   462 D BluetoothManagerService: MESSAGE_BLUETOOTH_STATE_CHANGE: OFF > BLE_TURNING_ON
09-01 01:17:06.363   442   462 D BluetoothManagerService: Sending BLE State Change: OFF > BLE_TURNING_ON
09-01 01:17:06.376 16721 16744 I chatty  : uid=1002(bluetooth) com.android.bluetooth expire 1 line
09-01 01:17:06.391 16721 16721 I chatty  : uid=1002(bluetooth) com.android.bluetooth expire 8 lines
09-01 01:17:06.392 16721 16737 I chatty  : uid=1002(bluetooth) com.android.bluetooth expire 2 lines
09-01 01:17:06.394 16721 16738 I chatty  : uid=1002(bluetooth) com.android.bluetooth expire 19 lines
09-01 01:17:06.395 16721 16747 I chatty  : uid=1002(bluetooth) com.android.bluetooth expire 7 lines
09-01 01:17:07.056 16721 16748 I chatty  : uid=1002(bluetooth) com.android.bluetooth expire 1 line
09-01 01:17:14.399 16721 16741 I chatty  : uid=1002(bluetooth) com.android.bluetooth expire 3 lines
09-01 01:17:14.401 16721 16749 I chatty  : uid=1002(bluetooth) com.android.bluetooth expire 21 lines
09-01 01:17:14.409 16721 16750 I chatty  : uid=1002(bluetooth) com.android.bluetooth expire 2 lines
09-01 01:17:15.083   442   442 D BluetoothManagerService: BluetoothServiceConnection, disconnected: com.android.bluetooth.btservice.AdapterService
09-01 01:17:15.084   442   454 I ActivityManager: Process com.android.bluetooth (pid 16721) has died
09-01 01:17:15.084   442   462 E BluetoothManagerService: MESSAGE_BLUETOOTH_SERVICE_DISCONNECTED(1)
09-01 01:17:15.084   442   454 D ActivityManager: cleanUpApplicationRecord -- 16721
09-01 01:17:15.084   442   462 D BluetoothManagerService: Broadcasting onBluetoothServiceDown() to 4 receivers.
09-01 01:17:15.085   442   454 W ActivityManager: Scheduling restart of crashed service com.android.bluetooth/.gatt.GattService in 1000ms
09-01 01:17:15.085   670 12016 D BluetoothAdapter: onBluetoothServiceDown: android.bluetooth.IBluetooth$Stub$Proxy@a62a05b
09-01 01:17:15.085   442   454 W ActivityManager: Scheduling restart of crashed service com.android.bluetooth/.btservice.AdapterService in 1000ms
09-01 01:17:15.085   442   462 D BluetoothAdapter: onBluetoothServiceDown: android.bluetooth.IBluetooth$Stub$Proxy@14dec56
09-01 01:17:15.085   653   666 D BluetoothAdapter: onBluetoothServiceDown: android.bluetooth.IBluetooth$Stub$Proxy@39c975f
09-01 01:17:15.086   567   590 D BluetoothAdapter: onBluetoothServiceDown: android.bluetooth.IBluetooth$Stub$Proxy@fd7ba2
09-01 01:17:15.284   442   462 D BluetoothManagerService: MESSAGE_RESTART_BLUETOOTH_SERVICE
09-01 01:17:15.313   442   462 I ActivityManager: Start proc 16751:com.android.bluetooth/1002 for service com.android.bluetooth/.btservice.AdapterService
09-01 01:17:15.403 16751 16751 I chatty  : uid=1002(bluetooth) com.android.bluetooth expire 36 lines
09-01 01:17:15.445 16751 16767 I chatty  : uid=1002(bluetooth) com.android.bluetooth expire 12 lines
09-01 01:17:15.446 16751 16768 I chatty  : uid=1002(bluetooth) com.android.bluetooth expire 39 lines
09-01 01:17:15.451 16751 16771 I chatty  : uid=1002(bluetooth) com.android.bluetooth expire 4 lines
09-01 01:17:15.451 16751 16772 I chatty  : uid=1002(bluetooth) com.android.bluetooth expire 1 line
09-01 01:17:15.453 16751 16773 I chatty  : uid=1002(bluetooth) com.android.bluetooth expire 3 lines
09-01 01:17:15.457   442   442 D BluetoothManagerService: Bluetooth Adapter name changed to AOSP on navi_ref
09-01 01:17:15.458   442   442 D BluetoothManagerService: Stored Bluetooth name: AOSP on navi_ref
09-01 01:17:15.465   442   442 D BluetoothManagerService: BluetoothServiceConnection: com.android.bluetooth.btservice.AdapterService
09-01 01:17:15.465   442   462 D BluetoothManagerService: MESSAGE_BLUETOOTH_SERVICE_CONNECTED: 1
09-01 01:17:15.466 16751 16765 I chatty  : uid=1002(bluetooth) com.android.bluetooth expire 3 lines
09-01 01:17:15.467   442   462 D BluetoothManagerService: Broadcasting onBluetoothServiceUp() to 5 receivers.
09-01 01:17:15.468   670 12016 D BluetoothAdapter: onBluetoothServiceUp: android.bluetooth.IBluetooth$Stub$Proxy@a3c30f8
09-01 01:17:15.468   442   462 D BluetoothAdapter: onBluetoothServiceUp: android.bluetooth.IBluetooth$Stub$Proxy@7df01eb
09-01 01:17:15.468   653   666 D BluetoothAdapter: onBluetoothServiceUp: android.bluetooth.IBluetooth$Stub$Proxy@24595ac
09-01 01:17:15.468   567   590 D BluetoothAdapter: onBluetoothServiceUp: android.bluetooth.IBluetooth$Stub$Proxy@8e53033
09-01 01:17:15.470   442   462 D BluetoothManagerService: MESSAGE_BLUETOOTH_STATE_CHANGE: OFF > BLE_TURNING_ON
09-01 01:17:15.470   442   462 D BluetoothManagerService: Sending BLE State Change: OFF > BLE_TURNING_ON
09-01 01:17:15.479 16751 16774 I chatty  : uid=1002(bluetooth) com.android.bluetooth expire 1 line
09-01 01:17:15.516 16751 16777 I chatty  : uid=1002(bluetooth) com.android.bluetooth expire 7 lines
09-01 01:17:16.176 16751 16778 I chatty  : uid=1002(bluetooth) com.android.bluetooth expire 1 line
09-01 01:17:23.524 16751 16779 I chatty  : uid=1002(bluetooth) com.android.bluetooth expire 21 lines
09-01 01:17:23.529 16751 16780 I chatty  : uid=1002(bluetooth) com.android.bluetooth expire 2 lines
09-01 01:17:24.205   442   454 I ActivityManager: Process com.android.bluetooth (pid 16751) has died
09-01 01:17:24.205   442   454 D ActivityManager: cleanUpApplicationRecord -- 16751
09-01 01:17:24.206   442   454 W ActivityManager: Scheduling restart of crashed service com.android.bluetooth/.gatt.GattService in 1000ms
09-01 01:17:24.206   442   442 D BluetoothManagerService: BluetoothServiceConnection, disconnected: com.android.bluetooth.btservice.AdapterService
09-01 01:17:24.206   442   462 E BluetoothManagerService: MESSAGE_BLUETOOTH_SERVICE_DISCONNECTED(1)
09-01 01:17:24.206   442   462 D BluetoothManagerService: Broadcasting onBluetoothServiceDown() to 4 receivers.
09-01 01:17:24.206   442   454 W ActivityManager: Scheduling restart of crashed service com.android.bluetooth/.btservice.AdapterService in 1000ms
09-01 01:17:24.207   442   462 D BluetoothAdapter: onBluetoothServiceDown: android.bluetooth.IBluetooth$Stub$Proxy@7df01eb
09-01 01:17:24.207   670 12016 D BluetoothAdapter: onBluetoothServiceDown: android.bluetooth.IBluetooth$Stub$Proxy@a3c30f8
09-01 01:17:24.208   653   666 D BluetoothAdapter: onBluetoothServiceDown: android.bluetooth.IBluetooth$Stub$Proxy@24595ac
09-01 01:17:24.208   567   590 D BluetoothAdapter: onBluetoothServiceDown: android.bluetooth.IBluetooth$Stub$Proxy@8e53033
09-01 01:17:24.406   442   462 D BluetoothManagerService: MESSAGE_RESTART_BLUETOOTH_SERVICE
09-01 01:17:24.438   442   462 I ActivityManager: Start proc 16781:com.android.bluetooth/1002 for service com.android.bluetooth/.btservice.AdapterService
09-01 01:17:24.525 16781 16781 I chatty  : uid=1002(bluetooth) com.android.bluetooth expire 23 lines
09-01 01:17:24.570 16781 16797 I chatty  : uid=1002(bluetooth) com.android.bluetooth expire 10 lines
09-01 01:17:24.570 16781 16798 I chatty  : uid=1002(bluetooth) com.android.bluetooth expire 20 lines
09-01 01:17:24.572 16781 16801 I chatty  : uid=1002(bluetooth) com.android.bluetooth expire 1 line
09-01 01:17:24.572 16781 16802 I chatty  : uid=1002(bluetooth) com.android.bluetooth expire 1 line
09-01 01:17:24.574 16781 16803 I chatty  : uid=1002(bluetooth) com.android.bluetooth expire 3 lines
09-01 01:17:24.584   442   442 D BluetoothManagerService: Bluetooth Adapter name changed to AOSP on navi_ref
09-01 01:17:24.585   442   442 D BluetoothManagerService: Stored Bluetooth name: AOSP on navi_ref
09-01 01:17:24.587   442   442 D BluetoothManagerService: BluetoothServiceConnection: com.android.bluetooth.btservice.AdapterService
09-01 01:17:24.587   442   462 D BluetoothManagerService: MESSAGE_BLUETOOTH_SERVICE_CONNECTED: 1
09-01 01:17:24.591 16781 16795 I chatty  : uid=1002(bluetooth) com.android.bluetooth expire 2 lines
09-01 01:17:24.593   442   462 D BluetoothManagerService: Broadcasting onBluetoothServiceUp() to 5 receivers.
09-01 01:17:24.593   442   462 D BluetoothAdapter: onBluetoothServiceUp: android.bluetooth.IBluetooth$Stub$Proxy@c86ccd5
09-01 01:17:24.594   670 12016 D BluetoothAdapter: onBluetoothServiceUp: android.bluetooth.IBluetooth$Stub$Proxy@a5c99d1
09-01 01:17:24.594   653   666 D BluetoothAdapter: onBluetoothServiceUp: android.bluetooth.IBluetooth$Stub$Proxy@a435275
09-01 01:17:24.594   567   590 D BluetoothAdapter: onBluetoothServiceUp: android.bluetooth.IBluetooth$Stub$Proxy@8b73ff0
09-01 01:17:24.594 16781 16793 I chatty  : uid=1002(bluetooth) com.android.bluetooth expire 1 line
09-01 01:17:24.596   442   462 D BluetoothManagerService: MESSAGE_BLUETOOTH_STATE_CHANGE: OFF > BLE_TURNING_ON
09-01 01:17:24.597   442   462 D BluetoothManagerService: Sending BLE State Change: OFF > BLE_TURNING_ON
09-01 01:17:24.599 16781 16804 I chatty  : uid=1002(bluetooth) com.android.bluetooth expire 1 line
09-01 01:17:24.614 16781 16781 I chatty  : uid=1002(bluetooth) com.android.bluetooth expire 13 lines
09-01 01:17:24.620 16781 16797 I chatty  : uid=1002(bluetooth) com.android.bluetooth expire 2 lines
09-01 01:17:24.621 16781 16798 I chatty  : uid=1002(bluetooth) com.android.bluetooth expire 19 lines
09-01 01:17:24.622 16781 16807 I chatty  : uid=1002(bluetooth) com.android.bluetooth expire 7 lines
09-01 01:17:25.284 16781 16808 I chatty  : uid=1002(bluetooth) com.android.bluetooth expire 1 line
09-01 01:17:32.626 16781 16801 I chatty  : uid=1002(bluetooth) com.android.bluetooth expire 3 lines
09-01 01:17:32.627 16781 16809 I chatty  : uid=1002(bluetooth) com.android.bluetooth expire 21 lines
09-01 01:17:32.636 16781 16810 I chatty  : uid=1002(bluetooth) com.android.bluetooth expire 2 lines
09-01 01:17:33.314   442   442 D BluetoothManagerService: BluetoothServiceConnection, disconnected: com.android.bluetooth.btservice.AdapterService
09-01 01:17:33.315   442   462 E BluetoothManagerService: MESSAGE_BLUETOOTH_SERVICE_DISCONNECTED(1)
09-01 01:17:33.315   442   454 I ActivityManager: Process com.android.bluetooth (pid 16781) has died
09-01 01:17:33.315   442   462 D BluetoothManagerService: Broadcasting onBluetoothServiceDown() to 4 receivers.
09-01 01:17:33.315   442   454 D ActivityManager: cleanUpApplicationRecord -- 16781
09-01 01:17:33.316   442   454 W ActivityManager: Scheduling restart of crashed service com.android.bluetooth/.gatt.GattService in 1000ms
09-01 01:17:33.316   670 12016 D BluetoothAdapter: onBluetoothServiceDown: android.bluetooth.IBluetooth$Stub$Proxy@a5c99d1
09-01 01:17:33.316   653   666 D BluetoothAdapter: onBluetoothServiceDown: android.bluetooth.IBluetooth$Stub$Proxy@a435275
09-01 01:17:33.316   442   454 W ActivityManager: Scheduling restart of crashed service com.android.bluetooth/.btservice.AdapterService in 1000ms
09-01 01:17:33.317   442   462 D BluetoothAdapter: onBluetoothServiceDown: android.bluetooth.IBluetooth$Stub$Proxy@c86ccd5
09-01 01:17:33.318   567   590 D BluetoothAdapter: onBluetoothServiceDown: android.bluetooth.IBluetooth$Stub$Proxy@8b73ff0
09-01 01:17:33.515   442   462 D BluetoothManagerService: MESSAGE_RESTART_BLUETOOTH_SERVICE
09-01 01:17:33.552   442   462 I ActivityManager: Start proc 16811:com.android.bluetooth/1002 for service com.android.bluetooth/.btservice.AdapterService
09-01 01:17:33.636 16811 16811 I chatty  : uid=1002(bluetooth) com.android.bluetooth expire 36 lines
09-01 01:17:33.681 16811 16828 I chatty  : uid=1002(bluetooth) com.android.bluetooth expire 12 lines
09-01 01:17:33.681 16811 16829 I chatty  : uid=1002(bluetooth) com.android.bluetooth expire 39 lines
09-01 01:17:33.683 16811 16832 I chatty  : uid=1002(bluetooth) com.android.bluetooth expire 4 lines
09-01 01:17:33.683 16811 16833 I chatty  : uid=1002(bluetooth) com.android.bluetooth expire 1 line
09-01 01:17:33.684 16811 16834 I chatty  : uid=1002(bluetooth) com.android.bluetooth expire 3 lines
09-01 01:17:33.693   442   442 D BluetoothManagerService: Bluetooth Adapter name changed to AOSP on navi_ref
09-01 01:17:33.694   442   442 D BluetoothManagerService: Stored Bluetooth name: AOSP on navi_ref
09-01 01:17:33.697   442   442 D BluetoothManagerService: BluetoothServiceConnection: com.android.bluetooth.btservice.AdapterService
09-01 01:17:33.698   442   462 D BluetoothManagerService: MESSAGE_BLUETOOTH_SERVICE_CONNECTED: 1
09-01 01:17:33.698 16811 16826 I chatty  : uid=1002(bluetooth) com.android.bluetooth expire 2 lines
09-01 01:17:33.701   442   462 D BluetoothManagerService: Broadcasting onBluetoothServiceUp() to 5 receivers.
09-01 01:17:33.701   670 12016 D BluetoothAdapter: onBluetoothServiceUp: android.bluetooth.IBluetooth$Stub$Proxy@8f15c36
09-01 01:17:33.701   442   462 D BluetoothAdapter: onBluetoothServiceUp: android.bluetooth.IBluetooth$Stub$Proxy@e915d8e
09-01 01:17:33.702   653   666 D BluetoothAdapter: onBluetoothServiceUp: android.bluetooth.IBluetooth$Stub$Proxy@d47f20a
09-01 01:17:33.702   567   590 D BluetoothAdapter: onBluetoothServiceUp: android.bluetooth.IBluetooth$Stub$Proxy@f218969
09-01 01:17:33.702 16811 16823 I chatty  : uid=1002(bluetooth) com.android.bluetooth expire 1 line
09-01 01:17:33.705   442   462 D BluetoothManagerService: MESSAGE_BLUETOOTH_STATE_CHANGE: OFF > BLE_TURNING_ON
09-01 01:17:33.705   442   462 D BluetoothManagerService: Sending BLE State Change: OFF > BLE_TURNING_ON
09-01 01:17:33.708 16811 16835 I chatty  : uid=1002(bluetooth) com.android.bluetooth expire 1 line
09-01 01:17:33.730 16811 16838 I chatty  : uid=1002(bluetooth) com.android.bluetooth expire 7 lines
09-01 01:17:34.389 16811 16839 I chatty  : uid=1002(bluetooth) com.android.bluetooth expire 1 line
09-01 01:17:41.736 16811 16840 I chatty  : uid=1002(bluetooth) com.android.bluetooth expire 21 lines
09-01 01:17:41.744 16811 16841 I chatty  : uid=1002(bluetooth) com.android.bluetooth expire 2 lines
09-01 01:17:42.419   442   442 D BluetoothManagerService: BluetoothServiceConnection, disconnected: com.android.bluetooth.btservice.AdapterService
09-01 01:17:42.419   442   462 E BluetoothManagerService: MESSAGE_BLUETOOTH_SERVICE_DISCONNECTED(1)
09-01 01:17:42.419   442   462 D BluetoothManagerService: Broadcasting onBluetoothServiceDown() to 4 receivers.
09-01 01:17:42.419   442   462 D BluetoothAdapter: onBluetoothServiceDown: android.bluetooth.IBluetooth$Stub$Proxy@e915d8e
09-01 01:17:42.419   670 12016 D BluetoothAdapter: onBluetoothServiceDown: android.bluetooth.IBluetooth$Stub$Proxy@8f15c36
09-01 01:17:42.419   653   666 D BluetoothAdapter: onBluetoothServiceDown: android.bluetooth.IBluetooth$Stub$Proxy@d47f20a
09-01 01:17:42.420   442  1273 I ActivityManager: Process com.android.bluetooth (pid 16811) has died
09-01 01:17:42.420   442  1273 D ActivityManager: cleanUpApplicationRecord -- 16811
09-01 01:17:42.420   567   590 D BluetoothAdapter: onBluetoothServiceDown: android.bluetooth.IBluetooth$Stub$Proxy@f218969
09-01 01:17:42.420   442  1273 W ActivityManager: Scheduling restart of crashed service com.android.bluetooth/.gatt.GattService in 1000ms
09-01 01:17:42.420   442  1273 W ActivityManager: Scheduling restart of crashed service com.android.bluetooth/.btservice.AdapterService in 1000ms
09-01 01:17:42.619   442   462 D BluetoothManagerService: MESSAGE_RESTART_BLUETOOTH_SERVICE
09-01 01:17:42.655   442   462 I ActivityManager: Start proc 16842:com.android.bluetooth/1002 for service com.android.bluetooth/.btservice.AdapterService
09-01 01:17:42.736 16842 16842 I chatty  : uid=1002(bluetooth) com.android.bluetooth expire 18 lines
09-01 01:17:42.781 16842 16858 I chatty  : uid=1002(bluetooth) com.android.bluetooth expire 10 lines
09-01 01:17:42.793 16842 16859 I chatty  : uid=1002(bluetooth) com.android.bluetooth expire 20 lines
09-01 01:17:42.795 16842 16862 I chatty  : uid=1002(bluetooth) com.android.bluetooth expire 1 line
09-01 01:17:42.796 16842 16863 I chatty  : uid=1002(bluetooth) com.android.bluetooth expire 1 line
09-01 01:17:42.798 16842 16864 I chatty  : uid=1002(bluetooth) com.android.bluetooth expire 3 lines
09-01 01:17:42.802   442   442 D BluetoothManagerService: Bluetooth Adapter name changed to AOSP on navi_ref
09-01 01:17:42.802   442   442 D BluetoothManagerService: Stored Bluetooth name: AOSP on navi_ref
09-01 01:17:42.806   442   442 D BluetoothManagerService: BluetoothServiceConnection: com.android.bluetooth.btservice.AdapterService
09-01 01:17:42.806   442   462 D BluetoothManagerService: MESSAGE_BLUETOOTH_SERVICE_CONNECTED: 1
09-01 01:17:42.807 16842 16856 I chatty  : uid=1002(bluetooth) com.android.bluetooth expire 2 lines
09-01 01:17:42.809   442   462 D BluetoothManagerService: Broadcasting onBluetoothServiceUp() to 5 receivers.
09-01 01:17:42.809   442   462 D BluetoothAdapter: onBluetoothServiceUp: android.bluetooth.IBluetooth$Stub$Proxy@82af43
09-01 01:17:42.809   670 12016 D BluetoothAdapter: onBluetoothServiceUp: android.bluetooth.IBluetooth$Stub$Proxy@a0e737
09-01 01:17:42.809   653   666 D BluetoothAdapter: onBluetoothServiceUp: android.bluetooth.IBluetooth$Stub$Proxy@11d4a7b
09-01 01:17:42.809   567   590 D BluetoothAdapter: onBluetoothServiceUp: android.bluetooth.IBluetooth$Stub$Proxy@95bafee
09-01 01:17:42.812 16842 16855 I chatty  : uid=1002(bluetooth) com.android.bluetooth expire 1 line
09-01 01:17:42.814   442   462 D BluetoothManagerService: MESSAGE_BLUETOOTH_STATE_CHANGE: OFF > BLE_TURNING_ON
09-01 01:17:42.815   442   462 D BluetoothManagerService: Sending BLE State Change: OFF > BLE_TURNING_ON
09-01 01:17:42.818 16842 16865 I chatty  : uid=1002(bluetooth) com.android.bluetooth expire 1 line
09-01 01:17:42.828 16842 16842 I chatty  : uid=1002(bluetooth) com.android.bluetooth expire 18 lines
09-01 01:17:42.839 16842 16858 I chatty  : uid=1002(bluetooth) com.android.bluetooth expire 2 lines
09-01 01:17:42.840 16842 16859 I chatty  : uid=1002(bluetooth) com.android.bluetooth expire 19 lines
09-01 01:17:42.840 16842 16868 I chatty  : uid=1002(bluetooth) com.android.bluetooth expire 7 lines
09-01 01:17:43.500 16842 16869 I chatty  : uid=1002(bluetooth) com.android.bluetooth expire 1 line
09-01 01:17:50.845 16842 16862 I chatty  : uid=1002(bluetooth) com.android.bluetooth expire 3 lines
09-01 01:17:50.847 16842 16870 I chatty  : uid=1002(bluetooth) com.android.bluetooth expire 21 lines
09-01 01:17:50.852 16842 16871 I chatty  : uid=1002(bluetooth) com.android.bluetooth expire 2 lines
09-01 01:17:51.528   442  1273 I ActivityManager: Process com.android.bluetooth (pid 16842) has died
09-01 01:17:51.528   442   442 D BluetoothManagerService: BluetoothServiceConnection, disconnected: com.android.bluetooth.btservice.AdapterService
09-01 01:17:51.528   442  1273 D ActivityManager: cleanUpApplicationRecord -- 16842
09-01 01:17:51.528   442  1273 W ActivityManager: Scheduling restart of crashed service com.android.bluetooth/.gatt.GattService in 1000ms
09-01 01:17:51.529   442  1273 W ActivityManager: Scheduling restart of crashed service com.android.bluetooth/.btservice.AdapterService in 1000ms
09-01 01:17:51.530   442   462 E BluetoothManagerService: MESSAGE_BLUETOOTH_SERVICE_DISCONNECTED(1)
09-01 01:17:51.530   442   462 D BluetoothManagerService: Broadcasting onBluetoothServiceDown() to 4 receivers.
09-01 01:17:51.530   442   462 D BluetoothAdapter: onBluetoothServiceDown: android.bluetooth.IBluetooth$Stub$Proxy@82af43
09-01 01:17:51.530   670 12016 D BluetoothAdapter: onBluetoothServiceDown: android.bluetooth.IBluetooth$Stub$Proxy@a0e737
09-01 01:17:51.530   653   666 D BluetoothAdapter: onBluetoothServiceDown: android.bluetooth.IBluetooth$Stub$Proxy@11d4a7b
09-01 01:17:51.531   567   590 D BluetoothAdapter: onBluetoothServiceDown: android.bluetooth.IBluetooth$Stub$Proxy@95bafee
09-01 01:17:51.731   442   462 D BluetoothManagerService: MESSAGE_RESTART_BLUETOOTH_SERVICE
09-01 01:17:51.766   442   462 I ActivityManager: Start proc 16872:com.android.bluetooth/1002 for service com.android.bluetooth/.btservice.AdapterService
09-01 01:17:51.843 16872 16872 I chatty  : uid=1002(bluetooth) com.android.bluetooth expire 36 lines
09-01 01:17:51.888 16872 16888 I chatty  : uid=1002(bluetooth) com.android.bluetooth expire 12 lines
09-01 01:17:51.888 16872 16889 I chatty  : uid=1002(bluetooth) com.android.bluetooth expire 39 lines
09-01 01:17:51.900 16872 16892 I chatty  : uid=1002(bluetooth) com.android.bluetooth expire 4 lines
09-01 01:17:51.901 16872 16893 I chatty  : uid=1002(bluetooth) com.android.bluetooth expire 1 line
09-01 01:17:51.902 16872 16894 I chatty  : uid=1002(bluetooth) com.android.bluetooth expire 3 lines
09-01 01:17:51.908   442   442 D BluetoothManagerService: Bluetooth Adapter name changed to AOSP on navi_ref
09-01 01:17:51.908   442   442 D BluetoothManagerService: Stored Bluetooth name: AOSP on navi_ref
09-01 01:17:51.919   442   442 D BluetoothManagerService: BluetoothServiceConnection: com.android.bluetooth.btservice.AdapterService
09-01 01:17:51.922   442   462 D BluetoothManagerService: MESSAGE_BLUETOOTH_SERVICE_CONNECTED: 1
09-01 01:17:51.925 16872 16884 I chatty  : uid=1002(bluetooth) com.android.bluetooth expire 2 lines
09-01 01:17:51.926   442   462 D BluetoothManagerService: Broadcasting onBluetoothServiceUp() to 5 receivers.
09-01 01:17:51.927   442   462 D BluetoothAdapter: onBluetoothServiceUp: android.bluetooth.IBluetooth$Stub$Proxy@918d284
09-01 01:17:51.927   670 12016 D BluetoothAdapter: onBluetoothServiceUp: android.bluetooth.IBluetooth$Stub$Proxy@67f64a4
09-01 01:17:51.927   653   666 D BluetoothAdapter: onBluetoothServiceUp: android.bluetooth.IBluetooth$Stub$Proxy@c4c6098
09-01 01:17:51.927   567   590 D BluetoothAdapter: onBluetoothServiceUp: android.bluetooth.IBluetooth$Stub$Proxy@bb89c8f
09-01 01:17:51.928 16872 16886 I chatty  : uid=1002(bluetooth) com.android.bluetooth expire 1 line
09-01 01:17:51.929   442   462 D BluetoothManagerService: MESSAGE_BLUETOOTH_STATE_CHANGE: OFF > BLE_TURNING_ON
09-01 01:17:51.929   442   462 D BluetoothManagerService: Sending BLE State Change: OFF > BLE_TURNING_ON
09-01 01:17:51.931 16872 16895 I chatty  : uid=1002(bluetooth) com.android.bluetooth expire 1 line
09-01 01:17:51.966 16872 16898 I chatty  : uid=1002(bluetooth) com.android.bluetooth expire 7 lines
09-01 01:17:52.629 16872 16899 I chatty  : uid=1002(bluetooth) com.android.bluetooth expire 1 line
09-01 01:17:59.971 16872 16900 I chatty  : uid=1002(bluetooth) com.android.bluetooth expire 21 lines
09-01 01:17:59.977 16872 16901 I chatty  : uid=1002(bluetooth) com.android.bluetooth expire 2 lines
09-01 01:18:00.658   442  1514 I ActivityManager: Process com.android.bluetooth (pid 16872) has died
09-01 01:18:00.658   442  1514 D ActivityManager: cleanUpApplicationRecord -- 16872
09-01 01:18:00.659   442   442 D BluetoothManagerService: BluetoothServiceConnection, disconnected: com.android.bluetooth.btservice.AdapterService
09-01 01:18:00.659   442  1514 W ActivityManager: Scheduling restart of crashed service com.android.bluetooth/.gatt.GattService in 1000ms
09-01 01:18:00.659   442   462 E BluetoothManagerService: MESSAGE_BLUETOOTH_SERVICE_DISCONNECTED(1)
09-01 01:18:00.659   442  1514 W ActivityManager: Scheduling restart of crashed service com.android.bluetooth/.btservice.AdapterService in 1000ms
09-01 01:18:00.659   442   462 D BluetoothManagerService: Broadcasting onBluetoothServiceDown() to 4 receivers.
09-01 01:18:00.660   442   462 D BluetoothAdapter: onBluetoothServiceDown: android.bluetooth.IBluetooth$Stub$Proxy@918d284
09-01 01:18:00.660   670 12016 D BluetoothAdapter: onBluetoothServiceDown: android.bluetooth.IBluetooth$Stub$Proxy@67f64a4
09-01 01:18:00.660   653   666 D BluetoothAdapter: onBluetoothServiceDown: android.bluetooth.IBluetooth$Stub$Proxy@c4c6098
09-01 01:18:00.661   567   590 D BluetoothAdapter: onBluetoothServiceDown: android.bluetooth.IBluetooth$Stub$Proxy@bb89c8f
09-01 01:18:00.860   442   462 D BluetoothManagerService: MESSAGE_RESTART_BLUETOOTH_SERVICE
09-01 01:18:00.891   442   462 I ActivityManager: Start proc 16902:com.android.bluetooth/1002 for service com.android.bluetooth/.btservice.AdapterService
09-01 01:18:00.988 16902 16902 I chatty  : uid=1002(bluetooth) com.android.bluetooth expire 18 lines
09-01 01:18:01.029 16902 16918 I chatty  : uid=1002(bluetooth) com.android.bluetooth expire 6 lines
09-01 01:18:01.030 16902 16919 I chatty  : uid=1002(bluetooth) com.android.bluetooth expire 20 lines
09-01 01:18:01.032 16902 16922 I chatty  : uid=1002(bluetooth) com.android.bluetooth expire 1 line
09-01 01:18:01.032 16902 16923 I chatty  : uid=1002(bluetooth) com.android.bluetooth expire 1 line
09-01 01:18:01.033 16902 16924 I chatty  : uid=1002(bluetooth) com.android.bluetooth expire 3 lines
09-01 01:18:01.037   442   442 D BluetoothManagerService: Bluetooth Adapter name changed to AOSP on navi_ref
09-01 01:18:01.037   442   442 D BluetoothManagerService: Stored Bluetooth name: AOSP on navi_ref
09-01 01:18:01.049   442   442 D BluetoothManagerService: BluetoothServiceConnection: com.android.bluetooth.btservice.AdapterService
09-01 01:18:01.049   442   462 D BluetoothManagerService: MESSAGE_BLUETOOTH_SERVICE_CONNECTED: 1
09-01 01:18:01.050 16902 16916 I chatty  : uid=1002(bluetooth) com.android.bluetooth expire 3 lines
09-01 01:18:01.051   442   462 D BluetoothManagerService: Broadcasting onBluetoothServiceUp() to 5 receivers.
09-01 01:18:01.052   670 12016 D BluetoothAdapter: onBluetoothServiceUp: android.bluetooth.IBluetooth$Stub$Proxy@fc0020d
09-01 01:18:01.052   442   462 D BluetoothAdapter: onBluetoothServiceUp: android.bluetooth.IBluetooth$Stub$Proxy@3c833a1
09-01 01:18:01.052   567   590 D BluetoothAdapter: onBluetoothServiceUp: android.bluetooth.IBluetooth$Stub$Proxy@2e86b1c
09-01 01:18:01.053   653   666 D BluetoothAdapter: onBluetoothServiceUp: android.bluetooth.IBluetooth$Stub$Proxy@f83a0f1
09-01 01:18:01.054   442   462 D BluetoothManagerService: MESSAGE_BLUETOOTH_STATE_CHANGE: OFF > BLE_TURNING_ON
09-01 01:18:01.054   442   462 D BluetoothManagerService: Sending BLE State Change: OFF > BLE_TURNING_ON
09-01 01:18:01.055 16902 16918 I chatty  : uid=1002(bluetooth) com.android.bluetooth expire 6 lines
09-01 01:18:01.056 16902 16925 I chatty  : uid=1002(bluetooth) com.android.bluetooth expire 1 line
09-01 01:18:01.062 16902 16902 I chatty  : uid=1002(bluetooth) com.android.bluetooth expire 18 lines
09-01 01:18:01.073 16902 16919 I chatty  : uid=1002(bluetooth) com.android.bluetooth expire 19 lines
09-01 01:18:01.074 16902 16928 I chatty  : uid=1002(bluetooth) com.android.bluetooth expire 7 lines
09-01 01:18:01.735 16902 16929 I chatty  : uid=1002(bluetooth) com.android.bluetooth expire 1 line
09-01 01:18:09.078 16902 16922 I chatty  : uid=1002(bluetooth) com.android.bluetooth expire 3 lines
09-01 01:18:09.081 16902 16930 I chatty  : uid=1002(bluetooth) com.android.bluetooth expire 21 lines
09-01 01:18:09.088 16902 16931 I chatty  : uid=1002(bluetooth) com.android.bluetooth expire 2 lines
09-01 01:18:09.763   442  1273 I ActivityManager: Process com.android.bluetooth (pid 16902) has died
09-01 01:18:09.763   442   442 D BluetoothManagerService: BluetoothServiceConnection, disconnected: com.android.bluetooth.btservice.AdapterService
09-01 01:18:09.763   442  1273 D ActivityManager: cleanUpApplicationRecord -- 16902
09-01 01:18:09.763   442  1273 W ActivityManager: Scheduling restart of crashed service com.android.bluetooth/.gatt.GattService in 1000ms
09-01 01:18:09.763   442  1273 W ActivityManager: Scheduling restart of crashed service com.android.bluetooth/.btservice.AdapterService in 1000ms
09-01 01:18:09.765   442   462 E BluetoothManagerService: MESSAGE_BLUETOOTH_SERVICE_DISCONNECTED(1)
09-01 01:18:09.765   442   462 D BluetoothManagerService: Broadcasting onBluetoothServiceDown() to 4 receivers.
09-01 01:18:09.765   442   462 D BluetoothAdapter: onBluetoothServiceDown: android.bluetooth.IBluetooth$Stub$Proxy@3c833a1
09-01 01:18:09.765   670 12016 D BluetoothAdapter: onBluetoothServiceDown: android.bluetooth.IBluetooth$Stub$Proxy@fc0020d
09-01 01:18:09.765   653   666 D BluetoothAdapter: onBluetoothServiceDown: android.bluetooth.IBluetooth$Stub$Proxy@f83a0f1
09-01 01:18:09.765   567   590 D BluetoothAdapter: onBluetoothServiceDown: android.bluetooth.IBluetooth$Stub$Proxy@2e86b1c
09-01 01:18:09.966   442   462 D BluetoothManagerService: MESSAGE_RESTART_BLUETOOTH_SERVICE
09-01 01:18:10.002   442   462 I ActivityManager: Start proc 16932:com.android.bluetooth/1002 for service com.android.bluetooth/.btservice.AdapterService
09-01 01:18:10.081 16932 16932 I chatty  : uid=1002(bluetooth) com.android.bluetooth expire 36 lines
09-01 01:18:10.136 16932 16948 I chatty  : uid=1002(bluetooth) com.android.bluetooth expire 12 lines
09-01 01:18:10.137 16932 16949 I chatty  : uid=1002(bluetooth) com.android.bluetooth expire 39 lines
09-01 01:18:10.139 16932 16952 I chatty  : uid=1002(bluetooth) com.android.bluetooth expire 4 lines
09-01 01:18:10.139 16932 16953 I chatty  : uid=1002(bluetooth) com.android.bluetooth expire 1 line
09-01 01:18:10.141 16932 16954 I chatty  : uid=1002(bluetooth) com.android.bluetooth expire 3 lines
09-01 01:18:10.144   442   442 D BluetoothManagerService: Bluetooth Adapter name changed to AOSP on navi_ref
09-01 01:18:10.145   442   442 D BluetoothManagerService: Stored Bluetooth name: AOSP on navi_ref
09-01 01:18:10.149   442   442 D BluetoothManagerService: BluetoothServiceConnection: com.android.bluetooth.btservice.AdapterService
09-01 01:18:10.149   442   462 D BluetoothManagerService: MESSAGE_BLUETOOTH_SERVICE_CONNECTED: 1
09-01 01:18:10.150 16932 16946 I chatty  : uid=1002(bluetooth) com.android.bluetooth expire 2 lines
09-01 01:18:10.152   442   462 D BluetoothManagerService: Broadcasting onBluetoothServiceUp() to 5 receivers.
09-01 01:18:10.152   670 12016 D BluetoothAdapter: onBluetoothServiceUp: android.bluetooth.IBluetooth$Stub$Proxy@86f05c2
09-01 01:18:10.152   442   462 D BluetoothAdapter: onBluetoothServiceUp: android.bluetooth.IBluetooth$Stub$Proxy@a4df3aa
09-01 01:18:10.153   567   590 D BluetoothAdapter: onBluetoothServiceUp: android.bluetooth.IBluetooth$Stub$Proxy@1405325
09-01 01:18:10.153   653   666 D BluetoothAdapter: onBluetoothServiceUp: android.bluetooth.IBluetooth$Stub$Proxy@17b24d6
09-01 01:18:10.153 16932 16945 I chatty  : uid=1002(bluetooth) com.android.bluetooth expire 1 line
09-01 01:18:10.154   442   462 D BluetoothManagerService: MESSAGE_BLUETOOTH_STATE_CHANGE: OFF > BLE_TURNING_ON
09-01 01:18:10.154   442   462 D BluetoothManagerService: Sending BLE State Change: OFF > BLE_TURNING_ON
09-01 01:18:10.165 16932 16955 I chatty  : uid=1002(bluetooth) com.android.bluetooth expire 1 line
09-01 01:18:10.182 16932 16958 I chatty  : uid=1002(bluetooth) com.android.bluetooth expire 7 lines
09-01 01:18:10.839 16932 16959 I chatty  : uid=1002(bluetooth) com.android.bluetooth expire 1 line
09-01 01:18:18.184 16932 16984 I chatty  : uid=1002(bluetooth) com.android.bluetooth expire 21 lines
09-01 01:18:18.188 16932 16985 I chatty  : uid=1002(bluetooth) com.android.bluetooth expire 2 lines
09-01 01:18:18.890   442  1163 I ActivityManager: Process com.android.bluetooth (pid 16932) has died
09-01 01:18:18.890   442  1163 D ActivityManager: cleanUpApplicationRecord -- 16932
09-01 01:18:18.890   442   442 D BluetoothManagerService: BluetoothServiceConnection, disconnected: com.android.bluetooth.btservice.AdapterService
09-01 01:18:18.890   442  1163 W ActivityManager: Scheduling restart of crashed service com.android.bluetooth/.gatt.GattService in 1000ms
09-01 01:18:18.891   442  1163 W ActivityManager: Scheduling restart of crashed service com.android.bluetooth/.btservice.AdapterService in 1000ms
09-01 01:18:18.891   442   462 E BluetoothManagerService: MESSAGE_BLUETOOTH_SERVICE_DISCONNECTED(1)
09-01 01:18:18.891   442   462 D BluetoothManagerService: Broadcasting onBluetoothServiceDown() to 4 receivers.
09-01 01:18:18.891   442   462 D BluetoothAdapter: onBluetoothServiceDown: android.bluetooth.IBluetooth$Stub$Proxy@a4df3aa
09-01 01:18:18.891   670 12016 D BluetoothAdapter: onBluetoothServiceDown: android.bluetooth.IBluetooth$Stub$Proxy@86f05c2
09-01 01:18:18.892   653   666 D BluetoothAdapter: onBluetoothServiceDown: android.bluetooth.IBluetooth$Stub$Proxy@17b24d6
09-01 01:18:18.893   567   590 D BluetoothAdapter: onBluetoothServiceDown: android.bluetooth.IBluetooth$Stub$Proxy@1405325
09-01 01:18:19.091   442   462 D BluetoothManagerService: MESSAGE_RESTART_BLUETOOTH_SERVICE
09-01 01:18:19.122   442   462 I ActivityManager: Start proc 16989:com.android.bluetooth/1002 for service com.android.bluetooth/.btservice.AdapterService
09-01 01:18:19.214 16989 16989 I chatty  : uid=1002(bluetooth) com.android.bluetooth expire 18 lines
09-01 01:18:19.259 16989 17005 I chatty  : uid=1002(bluetooth) com.android.bluetooth expire 1 line
09-01 01:18:19.260 16989 17006 I chatty  : uid=1002(bluetooth) com.android.bluetooth expire 20 lines
09-01 01:18:19.262 16989 17009 I chatty  : uid=1002(bluetooth) com.android.bluetooth expire 1 line
09-01 01:18:19.262 16989 17010 I chatty  : uid=1002(bluetooth) com.android.bluetooth expire 1 line
09-01 01:18:19.263 16989 17011 I chatty  : uid=1002(bluetooth) com.android.bluetooth expire 3 lines
09-01 01:18:19.267   442   442 D BluetoothManagerService: Bluetooth Adapter name changed to AOSP on navi_ref
09-01 01:18:19.267   442   442 D BluetoothManagerService: Stored Bluetooth name: AOSP on navi_ref
09-01 01:18:19.271   442   442 D BluetoothManagerService: BluetoothServiceConnection: com.android.bluetooth.btservice.AdapterService
09-01 01:18:19.272   442   462 D BluetoothManagerService: MESSAGE_BLUETOOTH_SERVICE_CONNECTED: 1
09-01 01:18:19.274 16989 17003 I chatty  : uid=1002(bluetooth) com.android.bluetooth expire 3 lines
09-01 01:18:19.276   442   462 D BluetoothManagerService: Broadcasting onBluetoothServiceUp() to 5 receivers.
09-01 01:18:19.277   442   462 D BluetoothAdapter: onBluetoothServiceUp: android.bluetooth.IBluetooth$Stub$Proxy@b6aaa7c
09-01 01:18:19.277   670 12016 D BluetoothAdapter: onBluetoothServiceUp: android.bluetooth.IBluetooth$Stub$Proxy@112bfd3
09-01 01:18:19.277   653   666 D BluetoothAdapter: onBluetoothServiceUp: android.bluetooth.IBluetooth$Stub$Proxy@a2c1357
09-01 01:18:19.278   567   590 D BluetoothAdapter: onBluetoothServiceUp: android.bluetooth.IBluetooth$Stub$Proxy@556dcfa
09-01 01:18:19.278 16989 17005 I chatty  : uid=1002(bluetooth) com.android.bluetooth expire 11 lines
09-01 01:18:19.279   442   462 D BluetoothManagerService: MESSAGE_BLUETOOTH_STATE_CHANGE: OFF > BLE_TURNING_ON
09-01 01:18:19.279   442   462 D BluetoothManagerService: Sending BLE State Change: OFF > BLE_TURNING_ON
09-01 01:18:19.283 16989 17012 I chatty  : uid=1002(bluetooth) com.android.bluetooth expire 1 line
09-01 01:18:19.291 16989 16989 I chatty  : uid=1002(bluetooth) com.android.bluetooth expire 18 lines
09-01 01:18:19.302 16989 17006 I chatty  : uid=1002(bluetooth) com.android.bluetooth expire 19 lines
09-01 01:18:19.303 16989 17015 I chatty  : uid=1002(bluetooth) com.android.bluetooth expire 7 lines
09-01 01:18:19.966 16989 17016 I chatty  : uid=1002(bluetooth) com.android.bluetooth expire 1 line
09-01 01:18:27.307 16989 17009 I chatty  : uid=1002(bluetooth) com.android.bluetooth expire 3 lines
09-01 01:18:27.309 16989 17017 I chatty  : uid=1002(bluetooth) com.android.bluetooth expire 21 lines
09-01 01:18:27.313 16989 17018 I chatty  : uid=1002(bluetooth) com.android.bluetooth expire 2 lines
09-01 01:18:57.997   442  1163 I ActivityManager: Process com.android.bluetooth (pid 16989) has died
09-01 01:18:57.997   442  1163 D ActivityManager: cleanUpApplicationRecord -- 16989
09-01 01:18:57.997   442   442 D BluetoothManagerService: BluetoothServiceConnection, disconnected: com.android.bluetooth.btservice.AdapterService
09-01 01:18:57.998   442  1163 W ActivityManager: Scheduling restart of crashed service com.android.bluetooth/.gatt.GattService in 1000ms
09-01 01:18:57.998   442   462 E BluetoothManagerService: MESSAGE_BLUETOOTH_SERVICE_DISCONNECTED(1)
09-01 01:18:57.998   442   462 D BluetoothManagerService: Broadcasting onBluetoothServiceDown() to 4 receivers.
09-01 01:18:57.998   442  1163 W ActivityManager: Scheduling restart of crashed service com.android.bluetooth/.btservice.AdapterService in 1000ms
09-01 01:18:57.999   442   462 D BluetoothAdapter: onBluetoothServiceDown: android.bluetooth.IBluetooth$Stub$Proxy@b6aaa7c
09-01 01:18:58.000   653   666 D BluetoothAdapter: onBluetoothServiceDown: android.bluetooth.IBluetooth$Stub$Proxy@a2c1357
09-01 01:18:58.000   670 12016 D BluetoothAdapter: onBluetoothServiceDown: android.bluetooth.IBluetooth$Stub$Proxy@112bfd3
09-01 01:18:58.000   567   590 D BluetoothAdapter: onBluetoothServiceDown: android.bluetooth.IBluetooth$Stub$Proxy@556dcfa
09-01 01:18:58.199   442   462 D BluetoothManagerService: MESSAGE_RESTART_BLUETOOTH_SERVICE
09-01 01:18:58.232   442   462 I ActivityManager: Start proc 17019:com.android.bluetooth/1002 for service com.android.bluetooth/.btservice.AdapterService
09-01 01:18:58.324 17019 17019 I chatty  : uid=1002(bluetooth) com.android.bluetooth expire 36 lines
09-01 01:18:58.369 17019 17035 I chatty  : uid=1002(bluetooth) com.android.bluetooth expire 12 lines
09-01 01:18:58.370 17019 17036 I chatty  : uid=1002(bluetooth) com.android.bluetooth expire 39 lines
09-01 01:18:58.371 17019 17039 I chatty  : uid=1002(bluetooth) com.android.bluetooth expire 4 lines
09-01 01:18:58.372 17019 17040 I chatty  : uid=1002(bluetooth) com.android.bluetooth expire 1 line
09-01 01:18:58.373 17019 17041 I chatty  : uid=1002(bluetooth) com.android.bluetooth expire 3 lines
09-01 01:18:58.377   442   442 D BluetoothManagerService: Bluetooth Adapter name changed to AOSP on navi_ref
09-01 01:18:58.377   442   442 D BluetoothManagerService: Stored Bluetooth name: AOSP on navi_ref
09-01 01:18:58.382   442   442 D BluetoothManagerService: BluetoothServiceConnection: com.android.bluetooth.btservice.AdapterService
09-01 01:18:58.382   442   462 D BluetoothManagerService: MESSAGE_BLUETOOTH_SERVICE_CONNECTED: 1
09-01 01:18:58.383 17019 17032 I chatty  : uid=1002(bluetooth) com.android.bluetooth expire 2 lines
09-01 01:18:58.385   442   462 D BluetoothManagerService: Broadcasting onBluetoothServiceUp() to 5 receivers.
09-01 01:18:58.385   442   462 D BluetoothAdapter: onBluetoothServiceUp: android.bluetooth.IBluetooth$Stub$Proxy@2397c57
09-01 01:18:58.385   670 12016 D BluetoothAdapter: onBluetoothServiceUp: android.bluetooth.IBluetooth$Stub$Proxy@ba02710
09-01 01:18:58.386   653   666 D BluetoothAdapter: onBluetoothServiceUp: android.bluetooth.IBluetooth$Stub$Proxy@ef2ee44
09-01 01:18:58.386   567   590 D BluetoothAdapter: onBluetoothServiceUp: android.bluetooth.IBluetooth$Stub$Proxy@ac72ab
09-01 01:18:58.386 17019 17033 I chatty  : uid=1002(bluetooth) com.android.bluetooth expire 1 line
09-01 01:18:58.389   442   462 D BluetoothManagerService: MESSAGE_BLUETOOTH_STATE_CHANGE: OFF > BLE_TURNING_ON
09-01 01:18:58.389   442   462 D BluetoothManagerService: Sending BLE State Change: OFF > BLE_TURNING_ON
09-01 01:18:58.397 17019 17042 I chatty  : uid=1002(bluetooth) com.android.bluetooth expire 1 line
09-01 01:18:58.413 17019 17045 I chatty  : uid=1002(bluetooth) com.android.bluetooth expire 7 lines
09-01 01:18:59.073 17019 17046 I chatty  : uid=1002(bluetooth) com.android.bluetooth expire 1 line
09-01 01:19:06.420 17019 17047 I chatty  : uid=1002(bluetooth) com.android.bluetooth expire 21 lines
09-01 01:19:06.429 17019 17048 I chatty  : uid=1002(bluetooth) com.android.bluetooth expire 2 lines
09-01 01:19:07.118   442  1163 I ActivityManager: Process com.android.bluetooth (pid 17019) has died
09-01 01:19:07.118   442  1163 D ActivityManager: cleanUpApplicationRecord -- 17019
09-01 01:19:07.119   442  1163 W ActivityManager: Scheduling restart of crashed service com.android.bluetooth/.gatt.GattService in 1000ms
09-01 01:19:07.119   442  1163 W ActivityManager: Scheduling restart of crashed service com.android.bluetooth/.btservice.AdapterService in 1000ms
09-01 01:19:07.120   442   442 D BluetoothManagerService: BluetoothServiceConnection, disconnected: com.android.bluetooth.btservice.AdapterService
09-01 01:19:07.122   442   462 E BluetoothManagerService: MESSAGE_BLUETOOTH_SERVICE_DISCONNECTED(1)
09-01 01:19:07.122   442   462 D BluetoothManagerService: Broadcasting onBluetoothServiceDown() to 4 receivers.
09-01 01:19:07.122   442   462 D BluetoothAdapter: onBluetoothServiceDown: android.bluetooth.IBluetooth$Stub$Proxy@2397c57
09-01 01:19:07.122   670 12016 D BluetoothAdapter: onBluetoothServiceDown: android.bluetooth.IBluetooth$Stub$Proxy@ba02710
09-01 01:19:07.122   653   666 D BluetoothAdapter: onBluetoothServiceDown: android.bluetooth.IBluetooth$Stub$Proxy@ef2ee44
09-01 01:19:07.123   567   590 D BluetoothAdapter: onBluetoothServiceDown: android.bluetooth.IBluetooth$Stub$Proxy@ac72ab
09-01 01:19:07.323   442   462 D BluetoothManagerService: MESSAGE_RESTART_BLUETOOTH_SERVICE
09-01 01:19:07.353   442   462 I ActivityManager: Start proc 17049:com.android.bluetooth/1002 for service com.android.bluetooth/.btservice.AdapterService
09-01 01:19:07.449 17049 17049 I chatty  : uid=1002(bluetooth) com.android.bluetooth expire 16 lines
09-01 01:19:07.491 17049 17065 I chatty  : uid=1002(bluetooth) com.android.bluetooth expire 1 line
09-01 01:19:07.492 17049 17066 I chatty  : uid=1002(bluetooth) com.android.bluetooth expire 20 lines
09-01 01:19:07.496 17049 17069 I chatty  : uid=1002(bluetooth) com.android.bluetooth expire 1 line
09-01 01:19:07.497 17049 17070 I chatty  : uid=1002(bluetooth) com.android.bluetooth expire 1 line
09-01 01:19:07.499 17049 17071 I chatty  : uid=1002(bluetooth) com.android.bluetooth expire 3 lines
09-01 01:19:07.503   442   442 D BluetoothManagerService: Bluetooth Adapter name changed to AOSP on navi_ref
