09-01 01:15:25.818   442   453 I chatty  : uid=1000(system) Binder:442_1 expire 4 lines
09-01 01:15:34.911   442  1273 I chatty  : uid=1000(system) Binder:442_B expire 24 lines
09-01 01:16:02.216   442   513 I chatty  : uid=1000(system) Binder:442_3 expire 4 lines
09-01 01:16:11.318   442  1514 I chatty  : uid=1000(system) Binder:442_12 expire 4 lines
09-01 01:16:47.772   442  1339 I chatty  : uid=1000(system) Binder:442_D expire 8 lines
09-01 01:16:57.102   442   462 I chatty  : uid=1000(system) android.io expire 117 lines
09-01 01:16:57.244   442   442 I chatty  : uid=1000 system_server expire 60 lines
09-01 01:17:05.980   442  1408 I chatty  : uid=1000(system) Binder:442_F expire 4 lines
09-01 01:17:15.084   442   454 I chatty  : uid=1000(system) Binder:442_2 expire 20 lines
09-01 01:17:42.420   442  1273 I chatty  : uid=1000(system) Binder:442_B expire 12 lines
09-01 01:18:00.658   442  1514 I chatty  : uid=1000(system) Binder:442_12 expire 4 lines
09-01 01:18:18.890   442  1163 I chatty  : uid=1000(system) Binder:442_8 expire 20 lines
09-01 01:19:43.556   442   462 I chatty  : uid=1000(system) android.io expire 116 lines
09-01 01:19:43.935   442   442 I chatty  : uid=1000 system_server expire 57 lines
09-01 01:20:22.666   442   453 I chatty  : uid=1000(system) Binder:442_1 expire 8 lines
09-01 01:20:33.636   442   455 I chatty  : uid=1000(system) android.bg expire 1 line
09-01 01:20:40.883   442  1483 I chatty  : uid=1000(system) Binder:442_11 expire 12 lines
09-01 01:21:08.188   442   699 I chatty  : uid=1000(system) Binder:442_6 expire 12 lines
09-01 01:21:35.494   442  1339 I chatty  : uid=1000(system) Binder:442_D expire 16 lines
09-01 01:21:44.627   442  1210 I chatty  : uid=1000(system) Binder:442_9 expire 4 lines
09-01 01:21:53.741   442   639 I chatty  : uid=1000(system) Binder:442_4 expire 8 lines
09-01 01:22:21.422   442   442 I chatty  : uid=1000 system_server expire 59 lines
09-01 01:22:21.427   442   462 I chatty  : uid=1000(system) android.io expire 118 lines
09-01 01:22:30.151   442  1514 I chatty  : uid=1000(system) Binder:442_12 expire 12 lines
09-01 01:23:06.553   442   454 I chatty  : uid=1000(system) Binder:442_2 expire 8 lines
09-01 01:23:24.774   442  1408 I chatty  : uid=1000(system) Binder:442_F expire 17 lines
09-01 01:24:01.176   442   669 I chatty  : uid=1000(system) Binder:442_5 expire 4 lines
09-01 01:24:10.294   442  1374 I chatty  : uid=1000(system) Binder:442_E expire 4 lines
09-01 01:24:19.397   442  1273 I chatty  : uid=1000(system) Binder:442_B expire 4 lines
09-01 01:24:28.498   442  1339 I chatty  : uid=1000(system) Binder:442_D expire 16 lines
09-01 01:24:37.597   442  1408 I chatty  : uid=1000(system) Binder:442_F expire 3 lines
09-01 01:24:37.798   442   462 I chatty  : uid=1000(system) android.io expire 116 lines
09-01 01:24:37.986   442   442 I chatty  : uid=1000 system_server expire 59 lines
09-01 01:24:46.716   442   454 I chatty  : uid=1000(system) Binder:442_2 expire 4 lines
09-01 01:24:55.823   442  1163 I chatty  : uid=1000(system) Binder:442_8 expire 4 lines
09-01 01:25:23.138   442  1514 I chatty  : uid=1000(system) Binder:442_12 expire 12 lines
09-01 01:25:41.403   442   639 I chatty  : uid=1000(system) Binder:442_4 expire 8 lines
09-01 01:25:59.639   442   453 I chatty  : uid=1000(system) Binder:442_1 expire 4 lines
09-01 01:26:17.896   442   669 I chatty  : uid=1000(system) Binder:442_5 expire 12 lines
09-01 01:26:45.639   442   462 I chatty  : uid=1000(system) android.io expire 123 lines
09-01 01:26:54.354   442  1514 I chatty  : uid=1000(system) Binder:442_12 expire 8 lines
09-01 01:26:54.354   442   442 I chatty  : uid=1000 system_server expire 57 lines
09-01 01:27:12.570   442   453 I chatty  : uid=1000(system) Binder:442_1 expire 8 lines
09-01 01:27:21.665   442   639 I chatty  : uid=1000(system) Binder:442_4 expire 16 lines
09-01 01:27:30.781   442  1210 I chatty  : uid=1000(system) Binder:442_9 expire 4 lines
09-01 01:28:16.329   442   699 I chatty  : uid=1000(system) Binder:442_6 expire 4 lines
09-01 01:28:25.431   442  1163 I chatty  : uid=1000(system) Binder:442_8 expire 28 lines
09-01 01:29:01.857   442   699 I chatty  : uid=1000(system) Binder:442_6 expire 4 lines
09-01 01:29:02.055   442   462 I chatty  : uid=1000(system) android.io expire 116 lines
09-01 01:29:02.220   442   442 I chatty  : uid=1000 system_server expire 57 lines
09-01 01:29:38.278   442  1452 I chatty  : uid=1000(system) Binder:442_10 expire 12 lines
09-01 01:29:59.141   442   459 I chatty  : uid=1000(system) batterystats-sy expire 6 lines
09-01 01:30:05.638   442   669 I chatty  : uid=1000(system) Binder:442_5 expire 4 lines
09-01 01:30:14.773   442 19192 I chatty  : uid=1000(system) Binder:442_15 expire 4 lines
09-01 01:30:23.900   442  1408 I chatty  : uid=1000(system) Binder:442_F expire 4 lines
09-01 01:30:23.903   442   456 I chatty  : uid=1000(system) ActivityManager expire 1 line
09-01 01:30:33.001   442  1241 I chatty  : uid=1000(system) Binder:442_A expire 12 lines
09-01 01:30:42.116   442  1582 I chatty  : uid=1000(system) Binder:442_13 expire 4 lines
09-01 01:31:00.349   442  1339 I chatty  : uid=1000(system) Binder:442_D expire 4 lines
09-01 01:31:09.824   442   442 I chatty  : uid=1000 system_server expire 59 lines
09-01 01:31:09.828   442   462 I chatty  : uid=1000(system) android.io expire 119 lines
09-01 01:31:18.552   442  1307 I chatty  : uid=1000(system) Binder:442_C expire 8 lines
09-01 01:31:27.663   442  1241 I chatty  : uid=1000(system) Binder:442_A expire 4 lines
09-01 01:32:06.793   442  1582 I chatty  : uid=1000(system) Binder:442_13 expire 4 lines
09-01 01:32:45.919   442  2090 I chatty  : uid=1000(system) Binder:442_14 expire 8 lines
09-01 01:33:25.027   442  1408 I chatty  : uid=1000(system) Binder:442_F expire 12 lines
09-01 01:33:43.286   442   699 I chatty  : uid=1000(system) Binder:442_6 expire 8 lines
09-01 01:34:10.629   442  1163 I chatty  : uid=1000(system) Binder:442_8 expire 16 lines
09-01 01:34:36.218   442   486 I chatty  : uid=1000(system) InputDispatcher expire 4 lines
09-01 01:34:56.455   442   462 I chatty  : uid=1000(system) android.io expire 122 lines
09-01 01:34:56.596   442   442 I chatty  : uid=1000 system_server expire 60 lines
09-01 01:35:05.323   442  1408 I chatty  : uid=1000(system) Binder:442_F expire 16 lines
09-01 01:35:23.551   442  2090 I chatty  : uid=1000(system) Binder:442_14 expire 4 lines
09-01 01:35:50.871   442  1514 I chatty  : uid=1000(system) Binder:442_12 expire 24 lines
09-01 01:37:15.587   442  1307 I chatty  : uid=1000(system) Binder:442_C expire 12 lines
09-01 01:38:03.835   442   699 I chatty  : uid=1000(system) Binder:442_6 expire 8 lines
09-01 01:38:13.345   442   442 I chatty  : uid=1000 system_server expire 61 lines
09-01 01:38:13.350   442   462 I chatty  : uid=1000(system) android.io expire 121 lines
09-01 01:38:22.080   442  1307 I chatty  : uid=1000(system) Binder:442_C expire 8 lines
09-01 01:38:40.323   442  1163 I chatty  : uid=1000(system) Binder:442_8 expire 4 lines
09-01 01:38:49.430   442  2090 I chatty  : uid=1000(system) Binder:442_14 expire 20 lines
09-01 01:38:58.545   442  1241 I chatty  : uid=1000(system) Binder:442_A expire 8 lines
09-01 01:39:16.758   442  1514 I chatty  : uid=1000(system) Binder:442_12 expire 4 lines
09-01 01:39:25.867   442  1582 I chatty  : uid=1000(system) Binder:442_13 expire 4 lines
09-01 01:39:34.970   442  1339 I chatty  : uid=1000(system) Binder:442_D expire 8 lines
09-01 01:40:30.068   442   442 I chatty  : uid=1000 system_server expire 18 lines
09-01 01:40:30.073   442   462 I chatty  : uid=1000(system) android.io expire 36 lines
09-01 01:40:38.799   442   669 I chatty  : uid=1000(system) Binder:442_5 expire 4 lines
09-01 01:40:41.149   442   455 I chatty  : uid=1000(system) android.bg expire 1 line
09-01 01:40:47.910   442  1514 I chatty  : uid=1000(system) Binder:442_12 expire 8 lines
09-01 01:41:03.419   442   546 I chatty  : uid=1000(system) Thread-3 expire 86 lines
09-01 01:41:03.424   442   460 I chatty  : uid=1000(system) FileObserver expire 85 lines
09-01 01:41:06.158   442  1273 I chatty  : uid=1000(system) Binder:442_B expire 4 lines
09-01 01:41:13.892   442   460 I chatty  : uid=1000(system) FileObserver expire 8 lines
09-01 01:41:13.992   442   546 I chatty  : uid=1000(system) Thread-3 expire 7 lines
09-01 01:41:15.337   442   442 I chatty  : uid=1000 system_server expire 56 lines
09-01 01:41:15.337   442  2090 I chatty  : uid=1000(system) Binder:442_14 expire 4 lines
09-01 01:41:15.340   442   462 I chatty  : uid=1000(system) android.io expire 112 lines
09-01 01:41:24.462   442  1514 I chatty  : uid=1000(system) Binder:442_12 expire 4 lines
09-01 01:41:33.572   442   699 I chatty  : uid=1000(system) Binder:442_6 expire 8 lines
09-01 01:41:42.683   442  1408 I chatty  : uid=1000(system) Binder:442_F expire 8 lines
09-01 01:41:51.783   442   669 I chatty  : uid=1000(system) Binder:442_5 expire 8 lines
09-01 01:42:28.207   442 19192 I chatty  : uid=1000(system) Binder:442_15 expire 16 lines
09-01 01:42:28.209   442   458 I chatty  : uid=1000(system) ActivityManager expire 1 line
09-01 01:42:55.535   442  1163 I chatty  : uid=1000(system) Binder:442_8 expire 4 lines
09-01 01:43:13.738   442  1339 I chatty  : uid=1000(system) Binder:442_D expire 4 lines
09-01 01:43:22.838   442   442 I chatty  : uid=1000 system_server expire 31 lines
09-01 01:43:22.838   442  1408 I chatty  : uid=1000(system) Binder:442_F expire 8 lines
09-01 01:43:22.839   442   462 I chatty  : uid=1000(system) android.io expire 60 lines
09-01 01:43:41.080   442  1483 I chatty  : uid=1000(system) Binder:442_11 expire 8 lines
09-01 01:43:59.297   442  1210 I chatty  : uid=1000(system) Binder:442_9 expire 16 lines
09-01 01:44:19.440   442   546 I chatty  : uid=1000(system) Thread-3 expire 58 lines
09-01 01:44:19.443   442   460 I chatty  : uid=1000(system) FileObserver expire 166 lines
09-01 01:44:27.145   442   442 I chatty  : uid=1000 system_server expire 5 lines
09-01 01:44:27.145   442   462 I chatty  : uid=1000(system) android.io expire 12 lines
09-01 01:44:27.265   442   546 I chatty  : uid=1000(system) Thread-3 expire 109 lines
--------- beginning of crash
09-01 01:44:29.525 23129 23129 F DEBUG   :     r8 4a9c7c7d  r9 10624dd3  sl b3f23000  fp b3f144c8
09-01 01:44:29.525 23129 23129 F DEBUG   :     ip 00000000  sp bee9b5c0  lr b4147447  pc b4149ca4  cpsr 200f0010
09-01 01:44:29.560 23129 23129 F DEBUG   : 
09-01 01:44:29.560 23129 23129 F DEBUG   : backtrace:
09-01 01:44:29.560 23129 23129 F DEBUG   :     #00 pc 00049ca4  /system/lib/libc.so (tgkill+12)
09-01 01:44:29.560 23129 23129 F DEBUG   :     #01 pc 00047443  /system/lib/libc.so (pthread_kill+34)
09-01 01:44:29.560 23129 23129 F DEBUG   :     #02 pc 0001d745  /system/lib/libc.so (raise+10)
09-01 01:44:29.560 23129 23129 F DEBUG   :     #03 pc 00019291  /system/lib/libc.so (__libc_android_abort+34)
09-01 01:44:29.560 23129 23129 F DEBUG   :     #04 pc 00017034  /system/lib/libc.so (abort+4)
09-01 01:44:29.560 23129 23129 F DEBUG   :     #05 pc 0001b73f  /system/lib/libc.so (__libc_fatal+22)
09-01 01:44:29.560 23129 23129 F DEBUG   :     #06 pc 0001b71f  /system/lib/libc.so (__fortify_chk_fail+26)
09-01 01:44:29.560 23129 23129 F DEBUG   :     #07 pc 0004fa31  /system/lib/libc.so (__strlen_chk+20)
09-01 01:44:29.560 23129 23129 F DEBUG   :     #08 pc 0018ad7b  /data/local/tmp/CtsBionicTestCases
09-01 01:44:29.560 23129 23129 F DEBUG   :     #09 pc 001b440b  /data/local/tmp/CtsBionicTestCases
09-01 01:44:29.560 23129 23129 F DEBUG   :     #10 pc 001b495f  /data/local/tmp/CtsBionicTestCases
09-01 01:44:29.560 23129 23129 F DEBUG   :     #11 pc 001b4cc9  /data/local/tmp/CtsBionicTestCases
09-01 01:44:29.560 23129 23129 F DEBUG   :     #12 pc 001b8f6f  /data/local/tmp/CtsBionicTestCases
09-01 01:44:29.561 23129 23129 F DEBUG   :     #13 pc 001b8ce3  /data/local/tmp/CtsBionicTestCases
09-01 01:44:29.561 23129 23129 F DEBUG   :     #14 pc 001aa773  /data/local/tmp/CtsBionicTestCases
09-01 01:44:29.561 23129 23129 F DEBUG   :     #15 pc 00016c4d  /system/lib/libc.so (__libc_init+48)
09-01 01:44:29.561 23129 23129 F DEBUG   :     #16 pc 00053a24  /data/local/tmp/CtsBionicTestCases
09-01 01:44:29.584 23131 23131 F libc    : FORTIFY: strlcpy: prevented write past end of buffer
09-01 01:44:29.584 23131 23131 F libc    : Fatal signal 6 (SIGABRT), code -6 in tid 23131 (CtsBionicTestCa)
09-01 01:44:29.629 23137 23137 F DEBUG   : *** *** *** *** *** *** *** *** *** *** *** *** *** *** *** ***
09-01 01:44:29.630 23137 23137 F DEBUG   : Build fingerprint: 'Android/aosp_navi_ref/navi_ref:7.1.2/N2G48H/45:userdebug/dev-keys'
09-01 01:44:29.630 23137 23137 F DEBUG   : Revision: '0'
09-01 01:44:29.630 23137 23137 F DEBUG   : ABI: 'arm'
09-01 01:44:29.630 23137 23137 F DEBUG   : pid: 23117, tid: 23117, name: CtsBionicTestCa  >>> /data/local/tmp/CtsBionicTestCases <<<
09-01 01:44:29.630 23137 23137 F DEBUG   : signal 6 (SIGABRT), code -6 (SI_TKILL), fault addr --------
09-01 01:44:29.630 23137 23137 F DEBUG   :     r0 00000000  r1 00005a4d  r2 00000006  r3 00000008
09-01 01:44:29.630 23137 23137 F DEBUG   :     r4 a79c558c  r5 00000006  r6 a79c5534  r7 0000010c
09-01 01:44:29.630 23137 23137 F DEBUG   :     r8 4a9c7c7d  r9 10624dd3  sl a76a3000  fp a76944c8
09-01 01:44:29.630 23137 23137 F DEBUG   :     ip 00000000  sp be8d45c0  lr a788f447  pc a7891ca4  cpsr 200f0010
09-01 01:44:29.672 23137 23137 F DEBUG   : 
09-01 01:44:29.672 23137 23137 F DEBUG   : backtrace:
09-01 01:44:29.673 23137 23137 F DEBUG   :     #00 pc 00049ca4  /system/lib/libc.so (tgkill+12)
09-01 01:44:29.673 23137 23137 F DEBUG   :     #01 pc 00047443  /system/lib/libc.so (pthread_kill+34)
09-01 01:44:29.673 23137 23137 F DEBUG   :     #02 pc 0001d745  /system/lib/libc.so (raise+10)
09-01 01:44:29.673 23137 23137 F DEBUG   :     #03 pc 00019291  /system/lib/libc.so (__libc_android_abort+34)
09-01 01:44:29.673 23137 23137 F DEBUG   :     #04 pc 00017034  /system/lib/libc.so (abort+4)
09-01 01:44:29.673 23137 23137 F DEBUG   :     #05 pc 0001b73f  /system/lib/libc.so (__libc_fatal+22)
09-01 01:44:29.673 23137 23137 F DEBUG   :     #06 pc 0001b71f  /system/lib/libc.so (__fortify_chk_fail+26)
09-01 01:44:29.673 23137 23137 F DEBUG   :     #07 pc 0004f9df  /system/lib/libc.so (__strchr_chk+30)
09-01 01:44:29.673 23137 23137 F DEBUG   :     #08 pc 0018aec1  /data/local/tmp/CtsBionicTestCases
09-01 01:44:29.673 23137 23137 F DEBUG   :     #09 pc 001b440b  /data/local/tmp/CtsBionicTestCases
09-01 01:44:29.673 23137 23137 F DEBUG   :     #10 pc 001b495f  /data/local/tmp/CtsBionicTestCases
09-01 01:44:29.673 23137 23137 F DEBUG   :     #11 pc 001b4cc9  /data/local/tmp/CtsBionicTestCases
09-01 01:44:29.673 23137 23137 F DEBUG   :     #12 pc 001b8f6f  /data/local/tmp/CtsBionicTestCases
09-01 01:44:29.673 23137 23137 F DEBUG   :     #13 pc 001b8ce3  /data/local/tmp/CtsBionicTestCases
09-01 01:44:29.673 23137 23137 F DEBUG   :     #14 pc 001aa773  /data/local/tmp/CtsBionicTestCases
09-01 01:44:29.673 23137 23137 F DEBUG   :     #15 pc 00016c4d  /system/lib/libc.so (__libc_init+48)
09-01 01:44:29.673 23137 23137 F DEBUG   :     #16 pc 00053a24  /data/local/tmp/CtsBionicTestCases
09-01 01:44:29.686 23138 23138 F libc    : FORTIFY: strlcat: prevented write past end of buffer
09-01 01:44:29.687 23138 23138 F libc    : Fatal signal 6 (SIGABRT), code -6 in tid 23138 (CtsBionicTestCa)
09-01 01:44:29.744 23143 23143 F DEBUG   : *** *** *** *** *** *** *** *** *** *** *** *** *** *** *** ***
09-01 01:44:29.744 23143 23143 F DEBUG   : Build fingerprint: 'Android/aosp_navi_ref/navi_ref:7.1.2/N2G48H/45:userdebug/dev-keys'
09-01 01:44:29.745 23143 23143 F DEBUG   : Revision: '0'
09-01 01:44:29.745 23143 23143 F DEBUG   : ABI: 'arm'
09-01 01:44:29.745 23143 23143 F DEBUG   : pid: 23124, tid: 23124, name: CtsBionicTestCa  >>> /data/local/tmp/CtsBionicTestCases <<<
09-01 01:44:29.745 23143 23143 F DEBUG   : signal 6 (SIGABRT), code -6 (SI_TKILL), fault addr --------
09-01 01:44:29.745 23143 23143 F DEBUG   :     r0 00000000  r1 00005a54  r2 00000006  r3 00000008
09-01 01:44:29.745 23143 23143 F DEBUG   :     r4 ad99958c  r5 00000006  r6 ad999534  r7 0000010c
09-01 01:44:29.745 23143 23143 F DEBUG   :     r8 4a9c7c7d  r9 10624dd3  sl ad6a3000  fp ad6944c8
09-01 01:44:29.745 23143 23143 F DEBUG   :     ip 00000000  sp bedf95c0  lr ad7d4447  pc ad7d6ca4  cpsr 200f0010
09-01 01:44:29.781 23143 23143 F DEBUG   : 
09-01 01:44:29.781 23143 23143 F DEBUG   : backtrace:
09-01 01:44:29.781 23143 23143 F DEBUG   :     #00 pc 00049ca4  /system/lib/libc.so (tgkill+12)
09-01 01:44:29.781 23143 23143 F DEBUG   :     #01 pc 00047443  /system/lib/libc.so (pthread_kill+34)
09-01 01:44:29.781 23143 23143 F DEBUG   :     #02 pc 0001d745  /system/lib/libc.so (raise+10)
09-01 01:44:29.781 23143 23143 F DEBUG   :     #03 pc 00019291  /system/lib/libc.so (__libc_android_abort+34)
09-01 01:44:29.781 23143 23143 F DEBUG   :     #04 pc 00017034  /system/lib/libc.so (abort+4)
09-01 01:44:29.781 23143 23143 F DEBUG   :     #05 pc 0001b73f  /system/lib/libc.so (__libc_fatal+22)
09-01 01:44:29.781 23143 23143 F DEBUG   :     #06 pc 0001b71f  /system/lib/libc.so (__fortify_chk_fail+26)
09-01 01:44:29.781 23143 23143 F DEBUG   :     #07 pc 0004fb33  /system/lib/libc.so (__strrchr_chk+34)
09-01 01:44:29.782 23143 23143 F DEBUG   :     #08 pc 0018b009  /data/local/tmp/CtsBionicTestCases
09-01 01:44:29.782 23143 23143 F DEBUG   :     #09 pc 001b440b  /data/local/tmp/CtsBionicTestCases
09-01 01:44:29.782 23143 23143 F DEBUG   :     #10 pc 001b495f  /data/local/tmp/CtsBionicTestCases
09-01 01:44:29.782 23143 23143 F DEBUG   :     #11 pc 001b4cc9  /data/local/tmp/CtsBionicTestCases
09-01 01:44:29.782 23143 23143 F DEBUG   :     #12 pc 001b8f6f  /data/local/tmp/CtsBionicTestCases
09-01 01:44:29.782 23143 23143 F DEBUG   :     #13 pc 001b8ce3  /data/local/tmp/CtsBionicTestCases
09-01 01:44:29.782 23143 23143 F DEBUG   :     #14 pc 001aa773  /data/local/tmp/CtsBionicTestCases
09-01 01:44:29.782 23143 23143 F DEBUG   :     #15 pc 00016c4d  /system/lib/libc.so (__libc_init+48)
09-01 01:44:29.782 23143 23143 F DEBUG   :     #16 pc 00053a24  /data/local/tmp/CtsBionicTestCases
09-01 01:44:29.810 23145 23145 F libc    : FORTIFY: vsprintf: prevented write past end of buffer
09-01 01:44:29.810 23145 23145 F libc    : Fatal signal 6 (SIGABRT), code -6 in tid 23145 (CtsBionicTestCa)
09-01 01:44:29.854 23150 23150 F DEBUG   : *** *** *** *** *** *** *** *** *** *** *** *** *** *** *** ***
09-01 01:44:29.855 23150 23150 F DEBUG   : Build fingerprint: 'Android/aosp_navi_ref/navi_ref:7.1.2/N2G48H/45:userdebug/dev-keys'
09-01 01:44:29.855 23150 23150 F DEBUG   : Revision: '0'
09-01 01:44:29.855 23150 23150 F DEBUG   : ABI: 'arm'
09-01 01:44:29.856 23150 23150 F DEBUG   : pid: 23131, tid: 23131, name: CtsBionicTestCa  >>> /data/local/tmp/CtsBionicTestCases <<<
09-01 01:44:29.856 23150 23150 F DEBUG   : signal 6 (SIGABRT), code -6 (SI_TKILL), fault addr --------
09-01 01:44:29.856 23150 23150 F DEBUG   :     r0 00000000  r1 00005a5b  r2 00000006  r3 00000008
09-01 01:44:29.856 23150 23150 F DEBUG   :     r4 aacdd58c  r5 00000006  r6 aacdd534  r7 0000010c
09-01 01:44:29.856 23150 23150 F DEBUG   :     r8 0000000e  r9 10624dd3  sl aa9a3000  fp aa9944c8
09-01 01:44:29.856 23150 23150 F DEBUG   :     ip 00000000  sp beb785b0  lr aab18447  pc aab1aca4  cpsr 200f0010
09-01 01:44:29.890 23150 23150 F DEBUG   : 
09-01 01:44:29.890 23150 23150 F DEBUG   : backtrace:
09-01 01:44:29.890 23150 23150 F DEBUG   :     #00 pc 00049ca4  /system/lib/libc.so (tgkill+12)
09-01 01:44:29.891 23150 23150 F DEBUG   :     #01 pc 00047443  /system/lib/libc.so (pthread_kill+34)
09-01 01:44:29.891 23150 23150 F DEBUG   :     #02 pc 0001d745  /system/lib/libc.so (raise+10)
09-01 01:44:29.891 23150 23150 F DEBUG   :     #03 pc 00019291  /system/lib/libc.so (__libc_android_abort+34)
09-01 01:44:29.892 23150 23150 F DEBUG   :     #04 pc 00017034  /system/lib/libc.so (abort+4)
09-01 01:44:29.892 23150 23150 F DEBUG   :     #05 pc 0001b73f  /system/lib/libc.so (__libc_fatal+22)
09-01 01:44:29.893 23150 23150 F DEBUG   :     #06 pc 0001b71f  /system/lib/libc.so (__fortify_chk_fail+26)
09-01 01:44:29.893 23150 23150 F DEBUG   :     #07 pc 0004fa15  /system/lib/libc.so (__strlcpy_chk+16)
09-01 01:44:29.893 23150 23150 F DEBUG   :     #08 pc 0018b159  /data/local/tmp/CtsBionicTestCases
09-01 01:44:29.893 23150 23150 F DEBUG   :     #09 pc 001b440b  /data/local/tmp/CtsBionicTestCases
09-01 01:44:29.893 23150 23150 F DEBUG   :     #10 pc 001b495f  /data/local/tmp/CtsBionicTestCases
09-01 01:44:29.894 23150 23150 F DEBUG   :     #11 pc 001b4cc9  /data/local/tmp/CtsBionicTestCases
09-01 01:44:29.894 23150 23150 F DEBUG   :     #12 pc 001b8f6f  /data/local/tmp/CtsBionicTestCases
09-01 01:44:29.894 23150 23150 F DEBUG   :     #13 pc 001b8ce3  /data/local/tmp/CtsBionicTestCases
09-01 01:44:29.894 23150 23150 F DEBUG   :     #14 pc 001aa773  /data/local/tmp/CtsBionicTestCases
09-01 01:44:29.894 23150 23150 F DEBUG   :     #15 pc 00016c4d  /system/lib/libc.so (__libc_init+48)
09-01 01:44:29.894 23150 23150 F DEBUG   :     #16 pc 00053a24  /data/local/tmp/CtsBionicTestCases
09-01 01:44:29.908 23152 23152 F libc    : FORTIFY: vsprintf: prevented write past end of buffer
09-01 01:44:29.908 23152 23152 F libc    : Fatal signal 6 (SIGABRT), code -6 in tid 23152 (CtsBionicTestCa)
09-01 01:44:29.970 23158 23158 F DEBUG   : *** *** *** *** *** *** *** *** *** *** *** *** *** *** *** ***
09-01 01:44:29.970 23158 23158 F DEBUG   : Build fingerprint: 'Android/aosp_navi_ref/navi_ref:7.1.2/N2G48H/45:userdebug/dev-keys'
09-01 01:44:29.970 23158 23158 F DEBUG   : Revision: '0'
09-01 01:44:29.970 23158 23158 F DEBUG   : ABI: 'arm'
09-01 01:44:29.970 23158 23158 F DEBUG   : pid: 23138, tid: 23138, name: CtsBionicTestCa  >>> /data/local/tmp/CtsBionicTestCases <<<
09-01 01:44:29.970 23158 23158 F DEBUG   : signal 6 (SIGABRT), code -6 (SI_TKILL), fault addr --------
09-01 01:44:29.970 23158 23158 F DEBUG   :     r0 00000000  r1 00005a62  r2 00000006  r3 00000008
09-01 01:44:29.971 23158 23158 F DEBUG   :     r4 b5cb158c  r5 00000006  r6 b5cb1534  r7 0000010c
09-01 01:44:29.971 23158 23158 F DEBUG   :     r8 0000000e  r9 10624dd3  sl b59a3000  fp b59944c8
09-01 01:44:29.971 23158 23158 F DEBUG   :     ip 00000000  sp bec535b0  lr b5b7b447  pc b5b7dca4  cpsr 200f0010
09-01 01:44:30.005 23158 23158 F DEBUG   : 
09-01 01:44:30.005 23158 23158 F DEBUG   : backtrace:
09-01 01:44:30.005 23158 23158 F DEBUG   :     #00 pc 00049ca4  /system/lib/libc.so (tgkill+12)
09-01 01:44:30.005 23158 23158 F DEBUG   :     #01 pc 00047443  /system/lib/libc.so (pthread_kill+34)
09-01 01:44:30.005 23158 23158 F DEBUG   :     #02 pc 0001d745  /system/lib/libc.so (raise+10)
09-01 01:44:30.005 23158 23158 F DEBUG   :     #03 pc 00019291  /system/lib/libc.so (__libc_android_abort+34)
09-01 01:44:30.005 23158 23158 F DEBUG   :     #04 pc 00017034  /system/lib/libc.so (abort+4)
09-01 01:44:30.005 23158 23158 F DEBUG   :     #05 pc 0001b73f  /system/lib/libc.so (__libc_fatal+22)
09-01 01:44:30.005 23158 23158 F DEBUG   :     #06 pc 0001b71f  /system/lib/libc.so (__fortify_chk_fail+26)
09-01 01:44:30.005 23158 23158 F DEBUG   :     #07 pc 0004f9fd  /system/lib/libc.so (__strlcat_chk+16)
09-01 01:44:30.005 23158 23158 F DEBUG   :     #08 pc 0018b29f  /data/local/tmp/CtsBionicTestCases
09-01 01:44:30.005 23158 23158 F DEBUG   :     #09 pc 001b440b  /data/local/tmp/CtsBionicTestCases
09-01 01:44:30.005 23158 23158 F DEBUG   :     #10 pc 001b495f  /data/local/tmp/CtsBionicTestCases
09-01 01:44:30.005 23158 23158 F DEBUG   :     #11 pc 001b4cc9  /data/local/tmp/CtsBionicTestCases
09-01 01:44:30.006 23158 23158 F DEBUG   :     #12 pc 001b8f6f  /data/local/tmp/CtsBionicTestCases
09-01 01:44:30.006 23158 23158 F DEBUG   :     #13 pc 001b8ce3  /data/local/tmp/CtsBionicTestCases
09-01 01:44:30.006 23158 23158 F DEBUG   :     #14 pc 001aa773  /data/local/tmp/CtsBionicTestCases
09-01 01:44:30.006 23158 23158 F DEBUG   :     #15 pc 00016c4d  /system/lib/libc.so (__libc_init+48)
09-01 01:44:30.006 23158 23158 F DEBUG   :     #16 pc 00053a24  /data/local/tmp/CtsBionicTestCases
09-01 01:44:30.015 23159 23159 F libc    : FORTIFY: vsprintf: prevented write past end of buffer
09-01 01:44:30.015 23159 23159 F libc    : Fatal signal 6 (SIGABRT), code -6 in tid 23159 (CtsBionicTestCa)
09-01 01:44:30.080 23164 23164 F DEBUG   : *** *** *** *** *** *** *** *** *** *** *** *** *** *** *** ***
09-01 01:44:30.080 23164 23164 F DEBUG   : Build fingerprint: 'Android/aosp_navi_ref/navi_ref:7.1.2/N2G48H/45:userdebug/dev-keys'
09-01 01:44:30.080 23164 23164 F DEBUG   : Revision: '0'
09-01 01:44:30.080 23164 23164 F DEBUG   : ABI: 'arm'
09-01 01:44:30.081 23164 23164 F DEBUG   : pid: 23145, tid: 23145, name: CtsBionicTestCa  >>> /data/local/tmp/CtsBionicTestCases <<<
09-01 01:44:30.081 23164 23164 F DEBUG   : signal 6 (SIGABRT), code -6 (SI_TKILL), fault addr --------
09-01 01:44:30.081 23164 23164 F DEBUG   :     r0 00000000  r1 00005a69  r2 00000006  r3 00000008
09-01 01:44:30.081 23164 23164 F DEBUG   :     r4 a806658c  r5 00000006  r6 a8066534  r7 0000010c
09-01 01:44:30.081 23164 23164 F DEBUG   :     r8 4a9c7c7d  r9 10624dd3  sl a7d23000  fp a7d144c8
09-01 01:44:30.081 23164 23164 F DEBUG   :     ip 00000000  sp becea5a8  lr a7ea1447  pc a7ea3ca4  cpsr 200f0010
09-01 01:44:30.116 23164 23164 F DEBUG   : 
09-01 01:44:30.116 23164 23164 F DEBUG   : backtrace:
09-01 01:44:30.116 23164 23164 F DEBUG   :     #00 pc 00049ca4  /system/lib/libc.so (tgkill+12)
09-01 01:44:30.116 23164 23164 F DEBUG   :     #01 pc 00047443  /system/lib/libc.so (pthread_kill+34)
09-01 01:44:30.117 23164 23164 F DEBUG   :     #02 pc 0001d745  /system/lib/libc.so (raise+10)
09-01 01:44:30.117 23164 23164 F DEBUG   :     #03 pc 00019291  /system/lib/libc.so (__libc_android_abort+34)
09-01 01:44:30.118 23164 23164 F DEBUG   :     #04 pc 00017034  /system/lib/libc.so (abort+4)
09-01 01:44:30.118 23164 23164 F DEBUG   :     #05 pc 0001b73f  /system/lib/libc.so (__libc_fatal+22)
09-01 01:44:30.118 23164 23164 F DEBUG   :     #06 pc 0001b71f  /system/lib/libc.so (__fortify_chk_fail+26)
09-01 01:44:30.118 23164 23164 F DEBUG   :     #07 pc 0004fc37  /system/lib/libc.so (__sprintf_chk+66)
09-01 01:44:30.118 23164 23164 F DEBUG   :     #08 pc 0018b3fb  /data/local/tmp/CtsBionicTestCases
09-01 01:44:30.118 23164 23164 F DEBUG   :     #09 pc 001b440b  /data/local/tmp/CtsBionicTestCases
09-01 01:44:30.118 23164 23164 F DEBUG   :     #10 pc 001b495f  /data/local/tmp/CtsBionicTestCases
09-01 01:44:30.118 23164 23164 F DEBUG   :     #11 pc 001b4cc9  /data/local/tmp/CtsBionicTestCases
09-01 01:44:30.118 23164 23164 F DEBUG   :     #12 pc 001b8f6f  /data/local/tmp/CtsBionicTestCases
09-01 01:44:30.118 23164 23164 F DEBUG   :     #13 pc 001b8ce3  /data/local/tmp/CtsBionicTestCases
09-01 01:44:30.118 23164 23164 F DEBUG   :     #14 pc 001aa773  /data/local/tmp/CtsBionicTestCases
09-01 01:44:30.118 23164 23164 F DEBUG   :     #15 pc 00016c4d  /system/lib/libc.so (__libc_init+48)
09-01 01:44:30.118 23164 23164 F DEBUG   :     #16 pc 00053a24  /data/local/tmp/CtsBionicTestCases
09-01 01:44:30.131 23166 23166 F libc    : FORTIFY: vsprintf: prevented write past end of buffer
09-01 01:44:30.132 23166 23166 F libc    : Fatal signal 6 (SIGABRT), code -6 in tid 23166 (CtsBionicTestCa)
09-01 01:44:30.200 23171 23171 F DEBUG   : *** *** *** *** *** *** *** *** *** *** *** *** *** *** *** ***
09-01 01:44:30.201 23171 23171 F DEBUG   : Build fingerprint: 'Android/aosp_navi_ref/navi_ref:7.1.2/N2G48H/45:userdebug/dev-keys'
09-01 01:44:30.201 23171 23171 F DEBUG   : Revision: '0'
09-01 01:44:30.201 23171 23171 F DEBUG   : ABI: 'arm'
09-01 01:44:30.201 23171 23171 F DEBUG   : pid: 23152, tid: 23152, name: CtsBionicTestCa  >>> /data/local/tmp/CtsBionicTestCases <<<
09-01 01:44:30.201 23171 23171 F DEBUG   : signal 6 (SIGABRT), code -6 (SI_TKILL), fault addr --------
09-01 01:44:30.201 23171 23171 F DEBUG   :     r0 00000000  r1 00005a70  r2 00000006  r3 00000008
09-01 01:44:30.201 23171 23171 F DEBUG   :     r4 aa5c558c  r5 00000006  r6 aa5c5534  r7 0000010c
09-01 01:44:30.201 23171 23171 F DEBUG   :     r8 4a9c7c7d  r9 10624dd3  sl aa2a3000  fp aa2944c8
09-01 01:44:30.201 23171 23171 F DEBUG   :     ip 00000000  sp be9365a8  lr aa48f447  pc aa491ca4  cpsr 200f0010
09-01 01:44:30.235 23171 23171 F DEBUG   : 
09-01 01:44:30.235 23171 23171 F DEBUG   : backtrace:
09-01 01:44:30.235 23171 23171 F DEBUG   :     #00 pc 00049ca4  /system/lib/libc.so (tgkill+12)
09-01 01:44:30.235 23171 23171 F DEBUG   :     #01 pc 00047443  /system/lib/libc.so (pthread_kill+34)
09-01 01:44:30.235 23171 23171 F DEBUG   :     #02 pc 0001d745  /system/lib/libc.so (raise+10)
09-01 01:44:30.235 23171 23171 F DEBUG   :     #03 pc 00019291  /system/lib/libc.so (__libc_android_abort+34)
09-01 01:44:30.235 23171 23171 F DEBUG   :     #04 pc 00017034  /system/lib/libc.so (abort+4)
09-01 01:44:30.235 23171 23171 F DEBUG   :     #05 pc 0001b73f  /system/lib/libc.so (__libc_fatal+22)
09-01 01:44:30.235 23171 23171 F DEBUG   :     #06 pc 0001b71f  /system/lib/libc.so (__fortify_chk_fail+26)
09-01 01:44:30.235 23171 23171 F DEBUG   :     #07 pc 0004fc37  /system/lib/libc.so (__sprintf_chk+66)
09-01 01:44:30.235 23171 23171 F DEBUG   :     #08 pc 0018b551  /data/local/tmp/CtsBionicTestCases
09-01 01:44:30.235 23171 23171 F DEBUG   :     #09 pc 001b440b  /data/local/tmp/CtsBionicTestCases
09-01 01:44:30.235 23171 23171 F DEBUG   :     #10 pc 001b495f  /data/local/tmp/CtsBionicTestCases
09-01 01:44:30.235 23171 23171 F DEBUG   :     #11 pc 001b4cc9  /data/local/tmp/CtsBionicTestCases
09-01 01:44:30.235 23171 23171 F DEBUG   :     #12 pc 001b8f6f  /data/local/tmp/CtsBionicTestCases
09-01 01:44:30.235 23171 23171 F DEBUG   :     #13 pc 001b8ce3  /data/local/tmp/CtsBionicTestCases
09-01 01:44:30.236 23171 23171 F DEBUG   :     #14 pc 001aa773  /data/local/tmp/CtsBionicTestCases
09-01 01:44:30.236 23171 23171 F DEBUG   :     #15 pc 00016c4d  /system/lib/libc.so (__libc_init+48)
09-01 01:44:30.236 23171 23171 F DEBUG   :     #16 pc 00053a24  /data/local/tmp/CtsBionicTestCases
09-01 01:44:30.244 23173 23173 F libc    : FORTIFY: vsprintf: prevented write past end of buffer
09-01 01:44:30.245 23173 23173 F libc    : Fatal signal 6 (SIGABRT), code -6 in tid 23173 (CtsBionicTestCa)
09-01 01:44:30.332 23178 23178 F DEBUG   : *** *** *** *** *** *** *** *** *** *** *** *** *** *** *** ***
09-01 01:44:30.332 23178 23178 F DEBUG   : Build fingerprint: 'Android/aosp_navi_ref/navi_ref:7.1.2/N2G48H/45:userdebug/dev-keys'
09-01 01:44:30.332 23178 23178 F DEBUG   : Revision: '0'
09-01 01:44:30.333 23178 23178 F DEBUG   : ABI: 'arm'
09-01 01:44:30.335 23178 23178 F DEBUG   : pid: 23159, tid: 23159, name: CtsBionicTestCa  >>> /data/local/tmp/CtsBionicTestCases <<<
09-01 01:44:30.336 23178 23178 F DEBUG   : signal 6 (SIGABRT), code -6 (SI_TKILL), fault addr --------
09-01 01:44:30.336 23178 23178 F DEBUG   :     r0 00000000  r1 00005a77  r2 00000006  r3 00000008
09-01 01:44:30.336 23178 23178 F DEBUG   :     r4 af4e358c  r5 00000006  r6 af4e3534  r7 0000010c
09-01 01:44:30.336 23178 23178 F DEBUG   :     r8 4a9c7c7e  r9 10624dd3  sl af1a3000  fp af1944c8
09-01 01:44:30.336 23178 23178 F DEBUG   :     ip 00000000  sp bedff5b0  lr af340447  pc af342ca4  cpsr 200f0010
09-01 01:44:30.370 23178 23178 F DEBUG   : 
09-01 01:44:30.370 23178 23178 F DEBUG   : backtrace:
09-01 01:44:30.370 23178 23178 F DEBUG   :     #00 pc 00049ca4  /system/lib/libc.so (tgkill+12)
09-01 01:44:30.370 23178 23178 F DEBUG   :     #01 pc 00047443  /system/lib/libc.so (pthread_kill+34)
09-01 01:44:30.370 23178 23178 F DEBUG   :     #02 pc 0001d745  /system/lib/libc.so (raise+10)
09-01 01:44:30.370 23178 23178 F DEBUG   :     #03 pc 00019291  /system/lib/libc.so (__libc_android_abort+34)
09-01 01:44:30.370 23178 23178 F DEBUG   :     #04 pc 00017034  /system/lib/libc.so (abort+4)
09-01 01:44:30.370 23178 23178 F DEBUG   :     #05 pc 0001b73f  /system/lib/libc.so (__libc_fatal+22)
09-01 01:44:30.370 23178 23178 F DEBUG   :     #06 pc 0001b71f  /system/lib/libc.so (__fortify_chk_fail+26)
09-01 01:44:30.370 23178 23178 F DEBUG   :     #07 pc 0004fc37  /system/lib/libc.so (__sprintf_chk+66)
09-01 01:44:30.370 23178 23178 F DEBUG   :     #08 pc 0018b689  /data/local/tmp/CtsBionicTestCases
09-01 01:44:30.370 23178 23178 F DEBUG   :     #09 pc 001b440b  /data/local/tmp/CtsBionicTestCases
09-01 01:44:30.370 23178 23178 F DEBUG   :     #10 pc 001b495f  /data/local/tmp/CtsBionicTestCases
09-01 01:44:30.370 23178 23178 F DEBUG   :     #11 pc 001b4cc9  /data/local/tmp/CtsBionicTestCases
09-01 01:44:30.370 23178 23178 F DEBUG   :     #12 pc 001b8f6f  /data/local/tmp/CtsBionicTestCases
09-01 01:44:30.370 23178 23178 F DEBUG   :     #13 pc 001b8ce3  /data/local/tmp/CtsBionicTestCases
09-01 01:44:30.370 23178 23178 F DEBUG   :     #14 pc 001aa773  /data/local/tmp/CtsBionicTestCases
09-01 01:44:30.370 23178 23178 F DEBUG   :     #15 pc 00016c4d  /system/lib/libc.so (__libc_init+48)
09-01 01:44:30.370 23178 23178 F DEBUG   :     #16 pc 00053a24  /data/local/tmp/CtsBionicTestCases
09-01 01:44:30.383 23180 23180 F libc    : FORTIFY: vsnprintf: prevented write past end of buffer
09-01 01:44:30.384 23180 23180 F libc    : Fatal signal 6 (SIGABRT), code -6 in tid 23180 (CtsBionicTestCa)
09-01 01:44:30.456 23185 23185 F DEBUG   : *** *** *** *** *** *** *** *** *** *** *** *** *** *** *** ***
09-01 01:44:30.456 23185 23185 F DEBUG   : Build fingerprint: 'Android/aosp_navi_ref/navi_ref:7.1.2/N2G48H/45:userdebug/dev-keys'
09-01 01:44:30.456 23185 23185 F DEBUG   : Revision: '0'
09-01 01:44:30.456 23185 23185 F DEBUG   : ABI: 'arm'
09-01 01:44:30.456 23185 23185 F DEBUG   : pid: 23166, tid: 23166, name: CtsBionicTestCa  >>> /data/local/tmp/CtsBionicTestCases <<<
09-01 01:44:30.456 23185 23185 F DEBUG   : signal 6 (SIGABRT), code -6 (SI_TKILL), fault addr --------
09-01 01:44:30.457 23185 23185 F DEBUG   :     r0 00000000  r1 00005a7e  r2 00000006  r3 00000008
09-01 01:44:30.457 23185 23185 F DEBUG   :     r4 b055c58c  r5 00000006  r6 b055c534  r7 0000010c
09-01 01:44:30.457 23185 23185 F DEBUG   :     r8 4a9c7c7e  r9 10624dd3  sl b0223000  fp b02144c8
09-01 01:44:30.457 23185 23185 F DEBUG   :     ip 00000000  sp be971588  lr b0448447  pc b044aca4  cpsr 200f0010
09-01 01:44:30.492 23185 23185 F DEBUG   : 
09-01 01:44:30.492 23185 23185 F DEBUG   : backtrace:
09-01 01:44:30.493 23185 23185 F DEBUG   :     #00 pc 00049ca4  /system/lib/libc.so (tgkill+12)
09-01 01:44:30.493 23185 23185 F DEBUG   :     #01 pc 00047443  /system/lib/libc.so (pthread_kill+34)
09-01 01:44:30.493 23185 23185 F DEBUG   :     #02 pc 0001d745  /system/lib/libc.so (raise+10)
09-01 01:44:30.493 23185 23185 F DEBUG   :     #03 pc 00019291  /system/lib/libc.so (__libc_android_abort+34)
09-01 01:44:30.493 23185 23185 F DEBUG   :     #04 pc 00017034  /system/lib/libc.so (abort+4)
09-01 01:44:30.493 23185 23185 F DEBUG   :     #05 pc 0001b73f  /system/lib/libc.so (__libc_fatal+22)
09-01 01:44:30.493 23185 23185 F DEBUG   :     #06 pc 0001b71f  /system/lib/libc.so (__fortify_chk_fail+26)
09-01 01:44:30.493 23185 23185 F DEBUG   :     #07 pc 0004fbeb  /system/lib/libc.so (__vsprintf_chk+30)
09-01 01:44:30.493 23185 23185 F DEBUG   :     #08 pc 0017e34d  /data/local/tmp/CtsBionicTestCases
09-01 01:44:30.493 23185 23185 F DEBUG   :     #09 pc 0018b7b3  /data/local/tmp/CtsBionicTestCases
09-01 01:44:30.493 23185 23185 F DEBUG   :     #10 pc 001b440b  /data/local/tmp/CtsBionicTestCases
09-01 01:44:30.493 23185 23185 F DEBUG   :     #11 pc 001b495f  /data/local/tmp/CtsBionicTestCases
09-01 01:44:30.493 23185 23185 F DEBUG   :     #12 pc 001b4cc9  /data/local/tmp/CtsBionicTestCases
09-01 01:44:30.493 23185 23185 F DEBUG   :     #13 pc 001b8f6f  /data/local/tmp/CtsBionicTestCases
09-01 01:44:30.493 23185 23185 F DEBUG   :     #14 pc 001b8ce3  /data/local/tmp/CtsBionicTestCases
09-01 01:44:30.493 23185 23185 F DEBUG   :     #15 pc 001aa773  /data/local/tmp/CtsBionicTestCases
09-01 01:44:30.493 23185 23185 F DEBUG   :     #16 pc 00016c4d  /system/lib/libc.so (__libc_init+48)
09-01 01:44:30.493 23185 23185 F DEBUG   :     #17 pc 00053a24  /data/local/tmp/CtsBionicTestCases
09-01 01:44:30.506 23187 23187 F libc    : FORTIFY: vsnprintf: prevented write past end of buffer
09-01 01:44:30.506 23187 23187 F libc    : Fatal signal 6 (SIGABRT), code -6 in tid 23187 (CtsBionicTestCa)
09-01 01:44:30.575 23192 23192 F DEBUG   : *** *** *** *** *** *** *** *** *** *** *** *** *** *** *** ***
09-01 01:44:30.575 23192 23192 F DEBUG   : Build fingerprint: 'Android/aosp_navi_ref/navi_ref:7.1.2/N2G48H/45:userdebug/dev-keys'
09-01 01:44:30.575 23192 23192 F DEBUG   : Revision: '0'
09-01 01:44:30.576 23192 23192 F DEBUG   : ABI: 'arm'
09-01 01:44:30.576 23192 23192 F DEBUG   : pid: 23173, tid: 23173, name: CtsBionicTestCa  >>> /data/local/tmp/CtsBionicTestCases <<<
09-01 01:44:30.576 23192 23192 F DEBUG   : signal 6 (SIGABRT), code -6 (SI_TKILL), fault addr --------
09-01 01:44:30.576 23192 23192 F DEBUG   :     r0 00000000  r1 00005a85  r2 00000006  r3 00000008
09-01 01:44:30.576 23192 23192 F DEBUG   :     r4 ace3458c  r5 00000006  r6 ace34534  r7 0000010c
09-01 01:44:30.576 23192 23192 F DEBUG   :     r8 4a9c7c7e  r9 10624dd3  sl acb23000  fp acb144c8
09-01 01:44:30.576 23192 23192 F DEBUG   :     ip 00000000  sp bef81588  lr acc6f447  pc acc71ca4  cpsr 200f0010
09-01 01:44:30.613 23192 23192 F DEBUG   : 
09-01 01:44:30.613 23192 23192 F DEBUG   : backtrace:
09-01 01:44:30.613 23192 23192 F DEBUG   :     #00 pc 00049ca4  /system/lib/libc.so (tgkill+12)
09-01 01:44:30.613 23192 23192 F DEBUG   :     #01 pc 00047443  /system/lib/libc.so (pthread_kill+34)
09-01 01:44:30.613 23192 23192 F DEBUG   :     #02 pc 0001d745  /system/lib/libc.so (raise+10)
09-01 01:44:30.613 23192 23192 F DEBUG   :     #03 pc 00019291  /system/lib/libc.so (__libc_android_abort+34)
09-01 01:44:30.613 23192 23192 F DEBUG   :     #04 pc 00017034  /system/lib/libc.so (abort+4)
09-01 01:44:30.613 23192 23192 F DEBUG   :     #05 pc 0001b73f  /system/lib/libc.so (__libc_fatal+22)
09-01 01:44:30.613 23192 23192 F DEBUG   :     #06 pc 0001b71f  /system/lib/libc.so (__fortify_chk_fail+26)
09-01 01:44:30.613 23192 23192 F DEBUG   :     #07 pc 0004fbeb  /system/lib/libc.so (__vsprintf_chk+30)
09-01 01:44:30.613 23192 23192 F DEBUG   :     #08 pc 0017e34d  /data/local/tmp/CtsBionicTestCases
09-01 01:44:30.613 23192 23192 F DEBUG   :     #09 pc 0018b8df  /data/local/tmp/CtsBionicTestCases
09-01 01:44:30.613 23192 23192 F DEBUG   :     #10 pc 001b440b  /data/local/tmp/CtsBionicTestCases
09-01 01:44:30.613 23192 23192 F DEBUG   :     #11 pc 001b495f  /data/local/tmp/CtsBionicTestCases
09-01 01:44:30.613 23192 23192 F DEBUG   :     #12 pc 001b4cc9  /data/local/tmp/CtsBionicTestCases
09-01 01:44:30.613 23192 23192 F DEBUG   :     #13 pc 001b8f6f  /data/local/tmp/CtsBionicTestCases
09-01 01:44:30.613 23192 23192 F DEBUG   :     #14 pc 001b8ce3  /data/local/tmp/CtsBionicTestCases
09-01 01:44:30.613 23192 23192 F DEBUG   :     #15 pc 001aa773  /data/local/tmp/CtsBionicTestCases
09-01 01:44:30.613 23192 23192 F DEBUG   :     #16 pc 00016c4d  /system/lib/libc.so (__libc_init+48)
09-01 01:44:30.613 23192 23192 F DEBUG   :     #17 pc 00053a24  /data/local/tmp/CtsBionicTestCases
09-01 01:44:30.647 23194 23194 F libc    : FORTIFY: strncat: prevented write past end of buffer
09-01 01:44:30.648 23194 23194 F libc    : Fatal signal 6 (SIGABRT), code -6 in tid 23194 (CtsBionicTestCa)
09-01 01:44:30.688 23199 23199 F DEBUG   : *** *** *** *** *** *** *** *** *** *** *** *** *** *** *** ***
09-01 01:44:30.689 23199 23199 F DEBUG   : Build fingerprint: 'Android/aosp_navi_ref/navi_ref:7.1.2/N2G48H/45:userdebug/dev-keys'
09-01 01:44:30.689 23199 23199 F DEBUG   : Revision: '0'
09-01 01:44:30.689 23199 23199 F DEBUG   : ABI: 'arm'
09-01 01:44:30.689 23199 23199 F DEBUG   : pid: 23180, tid: 23180, name: CtsBionicTestCa  >>> /data/local/tmp/CtsBionicTestCases <<<
09-01 01:44:30.689 23199 23199 F DEBUG   : signal 6 (SIGABRT), code -6 (SI_TKILL), fault addr --------
09-01 01:44:30.689 23199 23199 F DEBUG   :     r0 00000000  r1 00005a8c  r2 00000006  r3 00000008
09-01 01:44:30.689 23199 23199 F DEBUG   :     r4 ab29158c  r5 00000006  r6 ab291534  r7 0000010c
09-01 01:44:30.689 23199 23199 F DEBUG   :     r8 4a9c7c7e  r9 10624dd3  sl aafa3000  fp aaf944c8
09-01 01:44:30.689 23199 23199 F DEBUG   :     ip 00000000  sp beef6580  lr ab17d447  pc ab17fca4  cpsr 200f0010
09-01 01:44:30.728 23199 23199 F DEBUG   : 
09-01 01:44:30.728 23199 23199 F DEBUG   : backtrace:
09-01 01:44:30.728 23199 23199 F DEBUG   :     #00 pc 00049ca4  /system/lib/libc.so (tgkill+12)
09-01 01:44:30.728 23199 23199 F DEBUG   :     #01 pc 00047443  /system/lib/libc.so (pthread_kill+34)
09-01 01:44:30.728 23199 23199 F DEBUG   :     #02 pc 0001d745  /system/lib/libc.so (raise+10)
09-01 01:44:30.728 23199 23199 F DEBUG   :     #03 pc 00019291  /system/lib/libc.so (__libc_android_abort+34)
09-01 01:44:30.728 23199 23199 F DEBUG   :     #04 pc 00017034  /system/lib/libc.so (abort+4)
09-01 01:44:30.728 23199 23199 F DEBUG   :     #05 pc 0001b73f  /system/lib/libc.so (__libc_fatal+22)
09-01 01:44:30.728 23199 23199 F DEBUG   :     #06 pc 0001b71f  /system/lib/libc.so (__fortify_chk_fail+26)
09-01 01:44:30.728 23199 23199 F DEBUG   :     #07 pc 0004fb79  /system/lib/libc.so (__vsnprintf_chk+24)
09-01 01:44:30.728 23199 23199 F DEBUG   :     #08 pc 00186bf9  /data/local/tmp/CtsBionicTestCases
09-01 01:44:30.728 23199 23199 F DEBUG   :     #09 pc 0018ba0b  /data/local/tmp/CtsBionicTestCases
09-01 01:44:30.728 23199 23199 F DEBUG   :     #10 pc 001b440b  /data/local/tmp/CtsBionicTestCases
09-01 01:44:30.728 23199 23199 F DEBUG   :     #11 pc 001b495f  /data/local/tmp/CtsBionicTestCases
09-01 01:44:30.728 23199 23199 F DEBUG   :     #12 pc 001b4cc9  /data/local/tmp/CtsBionicTestCases
09-01 01:44:30.728 23199 23199 F DEBUG   :     #13 pc 001b8f6f  /data/local/tmp/CtsBionicTestCases
09-01 01:44:30.728 23199 23199 F DEBUG   :     #14 pc 001b8ce3  /data/local/tmp/CtsBionicTestCases
09-01 01:44:30.728 23199 23199 F DEBUG   :     #15 pc 001aa773  /data/local/tmp/CtsBionicTestCases
09-01 01:44:30.729 23199 23199 F DEBUG   :     #16 pc 00016c4d  /system/lib/libc.so (__libc_init+48)
09-01 01:44:30.729 23199 23199 F DEBUG   :     #17 pc 00053a24  /data/local/tmp/CtsBionicTestCases
09-01 01:44:30.747 23201 23201 F libc    : FORTIFY: strncat: prevented write past end of buffer
09-01 01:44:30.747 23201 23201 F libc    : Fatal signal 6 (SIGABRT), code -6 in tid 23201 (CtsBionicTestCa)
09-01 01:44:30.801 23206 23206 F DEBUG   : *** *** *** *** *** *** *** *** *** *** *** *** *** *** *** ***
09-01 01:44:30.801 23206 23206 F DEBUG   : Build fingerprint: 'Android/aosp_navi_ref/navi_ref:7.1.2/N2G48H/45:userdebug/dev-keys'
09-01 01:44:30.801 23206 23206 F DEBUG   : Revision: '0'
09-01 01:44:30.801 23206 23206 F DEBUG   : ABI: 'arm'
09-01 01:44:30.802 23206 23206 F DEBUG   : pid: 23187, tid: 23187, name: CtsBionicTestCa  >>> /data/local/tmp/CtsBionicTestCases <<<
09-01 01:44:30.802 23206 23206 F DEBUG   : signal 6 (SIGABRT), code -6 (SI_TKILL), fault addr --------
09-01 01:44:30.802 23206 23206 F DEBUG   :     r0 00000000  r1 00005a93  r2 00000006  r3 00000008
09-01 01:44:30.802 23206 23206 F DEBUG   :     r4 afcb458c  r5 00000006  r6 afcb4534  r7 0000010c
09-01 01:44:30.802 23206 23206 F DEBUG   :     r8 4a9c7c7e  r9 10624dd3  sl af9a3000  fp af9944c8
09-01 01:44:30.802 23206 23206 F DEBUG   :     ip 00000000  sp becd2580  lr afaef447  pc afaf1ca4  cpsr 200f0010
09-01 01:44:30.850 23206 23206 F DEBUG   : 
09-01 01:44:30.850 23206 23206 F DEBUG   : backtrace:
09-01 01:44:30.850 23206 23206 F DEBUG   :     #00 pc 00049ca4  /system/lib/libc.so (tgkill+12)
09-01 01:44:30.850 23206 23206 F DEBUG   :     #01 pc 00047443  /system/lib/libc.so (pthread_kill+34)
09-01 01:44:30.850 23206 23206 F DEBUG   :     #02 pc 0001d745  /system/lib/libc.so (raise+10)
09-01 01:44:30.850 23206 23206 F DEBUG   :     #03 pc 00019291  /system/lib/libc.so (__libc_android_abort+34)
09-01 01:44:30.850 23206 23206 F DEBUG   :     #04 pc 00017034  /system/lib/libc.so (abort+4)
09-01 01:44:30.850 23206 23206 F DEBUG   :     #05 pc 0001b73f  /system/lib/libc.so (__libc_fatal+22)
09-01 01:44:30.850 23206 23206 F DEBUG   :     #06 pc 0001b71f  /system/lib/libc.so (__fortify_chk_fail+26)
09-01 01:44:30.850 23206 23206 F DEBUG   :     #07 pc 0004fb79  /system/lib/libc.so (__vsnprintf_chk+24)
09-01 01:44:30.850 23206 23206 F DEBUG   :     #08 pc 00186bf9  /data/local/tmp/CtsBionicTestCases
09-01 01:44:30.850 23206 23206 F DEBUG   :     #09 pc 0018bb37  /data/local/tmp/CtsBionicTestCases
09-01 01:44:30.850 23206 23206 F DEBUG   :     #10 pc 001b440b  /data/local/tmp/CtsBionicTestCases
09-01 01:44:30.850 23206 23206 F DEBUG   :     #11 pc 001b495f  /data/local/tmp/CtsBionicTestCases
09-01 01:44:30.851 23206 23206 F DEBUG   :     #12 pc 001b4cc9  /data/local/tmp/CtsBionicTestCases
09-01 01:44:30.851 23206 23206 F DEBUG   :     #13 pc 001b8f6f  /data/local/tmp/CtsBionicTestCases
09-01 01:44:30.851 23206 23206 F DEBUG   :     #14 pc 001b8ce3  /data/local/tmp/CtsBionicTestCases
09-01 01:44:30.851 23206 23206 F DEBUG   :     #15 pc 001aa773  /data/local/tmp/CtsBionicTestCases
09-01 01:44:30.851 23206 23206 F DEBUG   :     #16 pc 00016c4d  /system/lib/libc.so (__libc_init+48)
09-01 01:44:30.851 23206 23206 F DEBUG   :     #17 pc 00053a24  /data/local/tmp/CtsBionicTestCases
09-01 01:44:30.878 23208 23208 F libc    : FORTIFY: strcat: prevented write past end of buffer
09-01 01:44:30.878 23208 23208 F libc    : Fatal signal 6 (SIGABRT), code -6 in tid 23208 (CtsBionicTestCa)
09-01 01:44:30.924 23213 23213 F DEBUG   : *** *** *** *** *** *** *** *** *** *** *** *** *** *** *** ***
09-01 01:44:30.924 23213 23213 F DEBUG   : Build fingerprint: 'Android/aosp_navi_ref/navi_ref:7.1.2/N2G48H/45:userdebug/dev-keys'
09-01 01:44:30.924 23213 23213 F DEBUG   : Revision: '0'
09-01 01:44:30.925 23213 23213 F DEBUG   : ABI: 'arm'
09-01 01:44:30.925 23213 23213 F DEBUG   : pid: 23194, tid: 23194, name: CtsBionicTestCa  >>> /data/local/tmp/CtsBionicTestCases <<<
09-01 01:44:30.925 23213 23213 F DEBUG   : signal 6 (SIGABRT), code -6 (SI_TKILL), fault addr --------
09-01 01:44:30.925 23213 23213 F DEBUG   :     r0 00000000  r1 00005a9a  r2 00000006  r3 00000008
09-01 01:44:30.925 23213 23213 F DEBUG   :     r4 b03ee58c  r5 00000006  r6 b03ee534  r7 0000010c
09-01 01:44:30.925 23213 23213 F DEBUG   :     r8 beb35680  r9 10624dd3  sl b00a3000  fp b00944c8
09-01 01:44:30.925 23213 23213 F DEBUG   :     ip 00000000  sp beb355b0  lr b0229447  pc b022bca4  cpsr 200f0010
09-01 01:44:30.965 23213 23213 F DEBUG   : 
09-01 01:44:30.965 23213 23213 F DEBUG   : backtrace:
09-01 01:44:30.965 23213 23213 F DEBUG   :     #00 pc 00049ca4  /system/lib/libc.so (tgkill+12)
09-01 01:44:30.965 23213 23213 F DEBUG   :     #01 pc 00047443  /system/lib/libc.so (pthread_kill+34)
09-01 01:44:30.965 23213 23213 F DEBUG   :     #02 pc 0001d745  /system/lib/libc.so (raise+10)
09-01 01:44:30.965 23213 23213 F DEBUG   :     #03 pc 00019291  /system/lib/libc.so (__libc_android_abort+34)
09-01 01:44:30.965 23213 23213 F DEBUG   :     #04 pc 00017034  /system/lib/libc.so (abort+4)
09-01 01:44:30.966 23213 23213 F DEBUG   :     #05 pc 0001b73f  /system/lib/libc.so (__libc_fatal+22)
09-01 01:44:30.966 23213 23213 F DEBUG   :     #06 pc 0001b71f  /system/lib/libc.so (__fortify_chk_fail+26)
09-01 01:44:30.966 23213 23213 F DEBUG   :     #07 pc 0004fa81  /system/lib/libc.so (__strncat_chk+72)
09-01 01:44:30.966 23213 23213 F DEBUG   :     #08 pc 0018bc81  /data/local/tmp/CtsBionicTestCases
09-01 01:44:30.966 23213 23213 F DEBUG   :     #09 pc 001b440b  /data/local/tmp/CtsBionicTestCases
09-01 01:44:30.966 23213 23213 F DEBUG   :     #10 pc 001b495f  /data/local/tmp/CtsBionicTestCases
09-01 01:44:30.966 23213 23213 F DEBUG   :     #11 pc 001b4cc9  /data/local/tmp/CtsBionicTestCases
09-01 01:44:30.966 23213 23213 F DEBUG   :     #12 pc 001b8f6f  /data/local/tmp/CtsBionicTestCases
09-01 01:44:30.966 23213 23213 F DEBUG   :     #13 pc 001b8ce3  /data/local/tmp/CtsBionicTestCases
09-01 01:44:30.966 23213 23213 F DEBUG   :     #14 pc 001aa773  /data/local/tmp/CtsBionicTestCases
09-01 01:44:30.966 23213 23213 F DEBUG   :     #15 pc 00016c4d  /system/lib/libc.so (__libc_init+48)
09-01 01:44:30.966 23213 23213 F DEBUG   :     #16 pc 00053a24  /data/local/tmp/CtsBionicTestCases
09-01 01:44:30.984 23215 23215 F libc    : FORTIFY: memmove: prevented write past end of buffer
09-01 01:44:30.985 23215 23215 F libc    : Fatal signal 6 (SIGABRT), code -6 in tid 23215 (CtsBionicTestCa)
09-01 01:44:31.037 23220 23220 F DEBUG   : *** *** *** *** *** *** *** *** *** *** *** *** *** *** *** ***
09-01 01:44:31.037 23220 23220 F DEBUG   : Build fingerprint: 'Android/aosp_navi_ref/navi_ref:7.1.2/N2G48H/45:userdebug/dev-keys'
09-01 01:44:31.037 23220 23220 F DEBUG   : Revision: '0'
09-01 01:44:31.037 23220 23220 F DEBUG   : ABI: 'arm'
09-01 01:44:31.037 23220 23220 F DEBUG   : pid: 23201, tid: 23201, name: CtsBionicTestCa  >>> /data/local/tmp/CtsBionicTestCases <<<
09-01 01:44:31.037 23220 23220 F DEBUG   : signal 6 (SIGABRT), code -6 (SI_TKILL), fault addr --------
09-01 01:44:31.038 23220 23220 F DEBUG   :     r0 00000000  r1 00005aa1  r2 00000006  r3 00000008
09-01 01:44:31.038 23220 23220 F DEBUG   :     r4 b5b8158c  r5 00000006  r6 b5b81534  r7 0000010c
09-01 01:44:31.038 23220 23220 F DEBUG   :     r8 4a9c7c7e  r9 10624dd3  sl b5823000  fp b58144c8
09-01 01:44:31.038 23220 23220 F DEBUG   :     ip 00000000  sp beea25a0  lr b59bc447  pc b59beca4  cpsr 200f0010
09-01 01:44:31.073 23220 23220 F DEBUG   : 
09-01 01:44:31.073 23220 23220 F DEBUG   : backtrace:
09-01 01:44:31.073 23220 23220 F DEBUG   :     #00 pc 00049ca4  /system/lib/libc.so (tgkill+12)
